00:00 +0: loading /Users/engammar/Apps/silni_app/test/unit/cache/offline_operation_test.dart                                                                                                           00:01 +0: loading /Users/engammar/Apps/silni_app/test/unit/cache/offline_operation_test.dart                                                                                                           00:01 +0: /Users/engammar/Apps/silni_app/test/unit/cache/offline_operation_test.dart: OfflineOperation should create operation with default values                                                     00:01 +1: /Users/engammar/Apps/silni_app/test/unit/cache/offline_operation_test.dart: OfflineOperation should create operation with default values                                                     00:01 +1: /Users/engammar/Apps/silni_app/test/unit/cache/offline_operation_test.dart: OfflineOperation copyWithRetry should increment retry count                                                      00:01 +2: /Users/engammar/Apps/silni_app/test/unit/cache/offline_operation_test.dart: OfflineOperation copyWithRetry should increment retry count                                                      00:01 +2: /Users/engammar/Apps/silni_app/test/unit/cache/offline_operation_test.dart: OfflineOperation copyWithRetry should accumulate retry count                                                     00:01 +3: /Users/engammar/Apps/silni_app/test/unit/cache/offline_operation_test.dart: OfflineOperation copyWithRetry should accumulate retry count                                                     00:01 +3: /Users/engammar/Apps/silni_app/test/unit/cache/offline_operation_test.dart: OfflineOperation copyAsDeadLetter should mark as dead letter                                                     00:01 +4: /Users/engammar/Apps/silni_app/test/unit/cache/offline_operation_test.dart: OfflineOperation copyAsDeadLetter should mark as dead letter                                                     00:01 +4: /Users/engammar/Apps/silni_app/test/unit/cache/offline_operation_test.dart: OfflineOperation toJson should return correct map                                                                00:01 +5: /Users/engammar/Apps/silni_app/test/unit/cache/offline_operation_test.dart: OfflineOperation toJson should return correct map                                                                00:01 +5: /Users/engammar/Apps/silni_app/test/unit/cache/offline_operation_test.dart: OfflineOperation copyWith should preserve unmodified fields                                                      00:01 +6: /Users/engammar/Apps/silni_app/test/unit/cache/offline_operation_test.dart: OfflineOperation copyWith should preserve unmodified fields                                                      00:01 +6: /Users/engammar/Apps/silni_app/test/unit/cache/offline_operation_test.dart: SyncMetadata should create metadata with default values                                                          00:01 +7: /Users/engammar/Apps/silni_app/test/unit/cache/offline_operation_test.dart: SyncMetadata should create metadata with default values                                                          00:01 +7: /Users/engammar/Apps/silni_app/test/unit/cache/offline_operation_test.dart: SyncMetadata isStale should return true when threshold exceeded                                                  00:01 +8: /Users/engammar/Apps/silni_app/test/unit/cache/offline_operation_test.dart: SyncMetadata isStale should return true when threshold exceeded                                                  00:01 +8: /Users/engammar/Apps/silni_app/test/unit/cache/offline_operation_test.dart: SyncMetadata isStale should return false for recent sync                                                         00:01 +9: /Users/engammar/Apps/silni_app/test/unit/cache/offline_operation_test.dart: SyncMetadata isStale should return false for recent sync                                                         00:01 +9: /Users/engammar/Apps/silni_app/test/unit/cache/offline_operation_test.dart: SyncMetadata copyWith should update fields correctly                                                             00:01 +10: /Users/engammar/Apps/silni_app/test/unit/cache/offline_operation_test.dart: SyncMetadata copyWith should update fields correctly                                                            00:01 +10: /Users/engammar/Apps/silni_app/test/unit/cache/offline_operation_test.dart: SyncMetadata toJson should return correct map                                                                   00:01 +11: /Users/engammar/Apps/silni_app/test/unit/cache/offline_operation_test.dart: SyncMetadata toJson should return correct map                                                                   00:01 +11: /Users/engammar/Apps/silni_app/test/unit/cache/offline_operation_test.dart: OperationType should have correct values                                                                        00:01 +12: /Users/engammar/Apps/silni_app/test/unit/cache/offline_operation_test.dart: OperationType should have correct values                                                                        00:01 +12: /Users/engammar/Apps/silni_app/test/unit/cache/offline_operation_test.dart: OperationType should have correct indices                                                                       00:01 +13: /Users/engammar/Apps/silni_app/test/unit/cache/offline_operation_test.dart: OperationType should have correct indices                                                                       00:01 +13: /Users/engammar/Apps/silni_app/test/unit/cache/offline_operation_test.dart: CacheConfig should have correct box names                                                                       00:01 +14: /Users/engammar/Apps/silni_app/test/unit/cache/offline_operation_test.dart: CacheConfig should have correct box names                                                                       00:01 +14: /Users/engammar/Apps/silni_app/test/unit/cache/offline_operation_test.dart: CacheConfig should have correct type IDs                                                                        00:01 +15: /Users/engammar/Apps/silni_app/test/unit/cache/offline_operation_test.dart: CacheConfig should have correct type IDs                                                                        00:01 +15: /Users/engammar/Apps/silni_app/test/unit/cache/offline_operation_test.dart: CacheConfig should have reasonable cache settings                                                               00:01 +16: /Users/engammar/Apps/silni_app/test/unit/cache/offline_operation_test.dart: CacheConfig should have reasonable cache settings                                                               00:01 +16: /Users/engammar/Apps/silni_app/test/unit/cache/offline_operation_test.dart: CacheConfig lastSyncInteractionsKey should format correctly                                                     00:01 +17: /Users/engammar/Apps/silni_app/test/unit/cache/offline_operation_test.dart: CacheConfig lastSyncInteractionsKey should format correctly                                                     00:02 +17: /Users/engammar/Apps/silni_app/test/unit/cache/offline_operation_test.dart: CacheConfig lastSyncInteractionsKey should format correctly                                                     00:02 +17: loading /Users/engammar/Apps/silni_app/test/unit/cache/adapters_test.dart                                                                                                                   00:02 +17: /Users/engammar/Apps/silni_app/test/unit/cache/adapters_test.dart: RelativeAdapter should have correct type ID                                                                              00:02 +18: /Users/engammar/Apps/silni_app/test/unit/cache/adapters_test.dart: RelativeAdapter should have correct type ID                                                                              00:02 +18: /Users/engammar/Apps/silni_app/test/unit/cache/adapters_test.dart: RelativeAdapter should serialize and deserialize relative correctly                                                      00:02 +19: /Users/engammar/Apps/silni_app/test/unit/cache/adapters_test.dart: RelativeAdapter should serialize and deserialize relative correctly                                                      00:02 +19: /Users/engammar/Apps/silni_app/test/unit/cache/adapters_test.dart: RelativeAdapter should handle nullable fields correctly                                                                  00:02 +20: /Users/engammar/Apps/silni_app/test/unit/cache/adapters_test.dart: RelativeAdapter should handle nullable fields correctly                                                                  00:02 +20: /Users/engammar/Apps/silni_app/test/unit/cache/adapters_test.dart: InteractionAdapter should have correct type ID                                                                           00:02 +21: /Users/engammar/Apps/silni_app/test/unit/cache/adapters_test.dart: InteractionAdapter should have correct type ID                                                                           00:02 +21: /Users/engammar/Apps/silni_app/test/unit/cache/adapters_test.dart: InteractionAdapter should serialize and deserialize interaction correctly                                                00:02 +22: /Users/engammar/Apps/silni_app/test/unit/cache/adapters_test.dart: InteractionAdapter should serialize and deserialize interaction correctly                                                00:02 +22: /Users/engammar/Apps/silni_app/test/unit/cache/adapters_test.dart: ReminderScheduleAdapter should have correct type ID                                                                      00:02 +23: /Users/engammar/Apps/silni_app/test/unit/cache/adapters_test.dart: ReminderScheduleAdapter should have correct type ID                                                                      00:02 +23: /Users/engammar/Apps/silni_app/test/unit/cache/adapters_test.dart: ReminderScheduleAdapter should serialize and deserialize schedule correctly                                              00:02 +24: /Users/engammar/Apps/silni_app/test/unit/cache/adapters_test.dart: ReminderScheduleAdapter should serialize and deserialize schedule correctly                                              00:02 +24: /Users/engammar/Apps/silni_app/test/unit/cache/adapters_test.dart: OfflineOperationAdapter should have correct type ID                                                                      00:02 +25: /Users/engammar/Apps/silni_app/test/unit/cache/adapters_test.dart: OfflineOperationAdapter should have correct type ID                                                                      00:02 +25: /Users/engammar/Apps/silni_app/test/unit/cache/adapters_test.dart: SyncMetadataAdapter should have correct type ID                                                                          00:02 +26: /Users/engammar/Apps/silni_app/test/unit/cache/adapters_test.dart: SyncMetadataAdapter should have correct type ID                                                                          00:02 +26: /Users/engammar/Apps/silni_app/test/unit/cache/adapters_test.dart: Enum Adapters RelationshipTypeAdapter should have correct type ID                                                        00:02 +27: /Users/engammar/Apps/silni_app/test/unit/cache/adapters_test.dart: Enum Adapters RelationshipTypeAdapter should have correct type ID                                                        00:02 +27: /Users/engammar/Apps/silni_app/test/unit/cache/adapters_test.dart: Enum Adapters GenderAdapter should have correct type ID                                                                  00:02 +28: /Users/engammar/Apps/silni_app/test/unit/cache/adapters_test.dart: Enum Adapters GenderAdapter should have correct type ID                                                                  00:02 +28: /Users/engammar/Apps/silni_app/test/unit/cache/adapters_test.dart: Enum Adapters AvatarTypeAdapter should have correct type ID                                                              00:02 +29: /Users/engammar/Apps/silni_app/test/unit/cache/adapters_test.dart: Enum Adapters AvatarTypeAdapter should have correct type ID                                                              00:02 +29: /Users/engammar/Apps/silni_app/test/unit/cache/adapters_test.dart: Enum Adapters InteractionTypeAdapter should have correct type ID                                                         00:02 +30: /Users/engammar/Apps/silni_app/test/unit/cache/adapters_test.dart: Enum Adapters InteractionTypeAdapter should have correct type ID                                                         00:02 +30: /Users/engammar/Apps/silni_app/test/unit/cache/adapters_test.dart: Enum Adapters ReminderFrequencyAdapter should have correct type ID                                                       00:02 +31: /Users/engammar/Apps/silni_app/test/unit/cache/adapters_test.dart: Enum Adapters ReminderFrequencyAdapter should have correct type ID                                                       00:02 +31: /Users/engammar/Apps/silni_app/test/unit/cache/adapters_test.dart: Enum Adapters OperationTypeAdapter should have correct type ID                                                           00:02 +32: /Users/engammar/Apps/silni_app/test/unit/cache/adapters_test.dart: Enum Adapters OperationTypeAdapter should have correct type ID                                                           00:02 +32: loading /Users/engammar/Apps/silni_app/test/unit/utils/retry_helper_test.dart                                                                                                               00:02 +32: /Users/engammar/Apps/silni_app/test/unit/utils/retry_helper_test.dart: RetryHelper - withExponentialBackoff succeeds on first attempt when operation succeeds                               00:02 +33: /Users/engammar/Apps/silni_app/test/unit/utils/retry_helper_test.dart: RetryHelper - withExponentialBackoff succeeds on first attempt when operation succeeds                               00:02 +33: /Users/engammar/Apps/silni_app/test/unit/utils/retry_helper_test.dart: RetryHelper - withExponentialBackoff retries on failure and succeeds on second attempt                               00:02 +33: /Users/engammar/Apps/silni_app/test/unit/utils/retry_helper_test.dart: RetryHelper - withExponentialBackoff retries on failure and succeeds on second attempt                               
[22:24:31.5] DEBUG    [network] Retry attempt 1/3 after 10ms
00:02 +34: /Users/engammar/Apps/silni_app/test/unit/utils/retry_helper_test.dart: RetryHelper - withExponentialBackoff retries on failure and succeeds on second attempt                               00:02 +34: /Users/engammar/Apps/silni_app/test/unit/utils/retry_helper_test.dart: RetryHelper - withExponentialBackoff retries until max attempts and throws last error                                00:02 +34: /Users/engammar/Apps/silni_app/test/unit/utils/retry_helper_test.dart: RetryHelper - withExponentialBackoff retries until max attempts and throws last error                                
[22:24:31.5] DEBUG    [network] Retry attempt 1/3 after 10ms
[22:24:31.5] DEBUG    [network] Retry attempt 2/3 after 23ms
[22:24:31.6] WARNING  [network] Retry exhausted after 3 attempts
00:02 +35: /Users/engammar/Apps/silni_app/test/unit/utils/retry_helper_test.dart: RetryHelper - withExponentialBackoff retries until max attempts and throws last error                                00:02 +35: /Users/engammar/Apps/silni_app/test/unit/utils/retry_helper_test.dart: RetryHelper - withExponentialBackoff uses shouldRetry callback to determine retryability                             00:02 +35: /Users/engammar/Apps/silni_app/test/unit/utils/retry_helper_test.dart: RetryHelper - withExponentialBackoff uses shouldRetry callback to determine retryability                             
[22:24:31.6] WARNING  [network] Retry exhausted after 1 attempts
00:02 +36: /Users/engammar/Apps/silni_app/test/unit/utils/retry_helper_test.dart: RetryHelper - withExponentialBackoff uses shouldRetry callback to determine retryability                             00:02 +36: /Users/engammar/Apps/silni_app/test/unit/utils/retry_helper_test.dart: RetryHelper - withExponentialBackoff retries SocketException when shouldRetry allows it                              00:02 +36: /Users/engammar/Apps/silni_app/test/unit/utils/retry_helper_test.dart: RetryHelper - withExponentialBackoff retries SocketException when shouldRetry allows it                              
[22:24:31.6] DEBUG    [network] Retry attempt 1/3 after 11ms
[22:24:31.6] DEBUG    [network] Retry attempt 2/3 after 23ms
[22:24:31.6] WARNING  [network] Retry exhausted after 3 attempts
00:02 +37: /Users/engammar/Apps/silni_app/test/unit/utils/retry_helper_test.dart: RetryHelper - withExponentialBackoff retries SocketException when shouldRetry allows it                              00:02 +37: /Users/engammar/Apps/silni_app/test/unit/utils/retry_helper_test.dart: RetryHelper - withExponentialBackoff calls onRetry callback before each retry                                        00:02 +37: /Users/engammar/Apps/silni_app/test/unit/utils/retry_helper_test.dart: RetryHelper - withExponentialBackoff calls onRetry callback before each retry                                        
[22:24:31.6] DEBUG    [network] Retry attempt 1/3 after 124ms
00:02 +38: /Users/engammar/Apps/silni_app/test/unit/utils/retry_helper_test.dart: RetryHelper - withExponentialBackoff calls onRetry callback before each retry                                        00:02 +39: /Users/engammar/Apps/silni_app/test/unit/utils/retry_helper_test.dart: RetryHelper - withExponentialBackoff calls onRetry callback before each retry                                        00:02 +40: /Users/engammar/Apps/silni_app/test/unit/utils/retry_helper_test.dart: RetryHelper - withExponentialBackoff calls onRetry callback before each retry                                        00:02 +41: /Users/engammar/Apps/silni_app/test/unit/utils/retry_helper_test.dart: RetryHelper - withExponentialBackoff calls onRetry callback before each retry                                        00:02 +42: /Users/engammar/Apps/silni_app/test/unit/utils/retry_helper_test.dart: RetryHelper - withExponentialBackoff calls onRetry callback before each retry                                        00:02 +43: /Users/engammar/Apps/silni_app/test/unit/utils/retry_helper_test.dart: RetryHelper - withExponentialBackoff calls onRetry callback before each retry                                        00:02 +44: /Users/engammar/Apps/silni_app/test/unit/utils/retry_helper_test.dart: RetryHelper - withExponentialBackoff calls onRetry callback before each retry                                        00:02 +45: /Users/engammar/Apps/silni_app/test/unit/utils/retry_helper_test.dart: RetryHelper - withExponentialBackoff calls onRetry callback before each retry                                        00:02 +46: /Users/engammar/Apps/silni_app/test/unit/utils/retry_helper_test.dart: RetryHelper - withExponentialBackoff calls onRetry callback before each retry                                        00:02 +47: /Users/engammar/Apps/silni_app/test/unit/utils/retry_helper_test.dart: RetryHelper - withExponentialBackoff calls onRetry callback before each retry                                        00:02 +48: /Users/engammar/Apps/silni_app/test/unit/utils/retry_helper_test.dart: RetryHelper - withExponentialBackoff calls onRetry callback before each retry                                        00:02 +49: /Users/engammar/Apps/silni_app/test/unit/utils/retry_helper_test.dart: RetryHelper - withExponentialBackoff calls onRetry callback before each retry                                        00:02 +50: /Users/engammar/Apps/silni_app/test/unit/utils/retry_helper_test.dart: RetryHelper - withExponentialBackoff calls onRetry callback before each retry                                        00:02 +51: /Users/engammar/Apps/silni_app/test/unit/utils/retry_helper_test.dart: RetryHelper - withExponentialBackoff calls onRetry callback before each retry                                        00:02 +52: /Users/engammar/Apps/silni_app/test/unit/utils/retry_helper_test.dart: RetryHelper - withExponentialBackoff calls onRetry callback before each retry                                        00:02 +53: /Users/engammar/Apps/silni_app/test/unit/utils/retry_helper_test.dart: RetryHelper - withExponentialBackoff calls onRetry callback before each retry                                        00:02 +54: /Users/engammar/Apps/silni_app/test/unit/utils/retry_helper_test.dart: RetryHelper - withExponentialBackoff calls onRetry callback before each retry                                        00:02 +55: /Users/engammar/Apps/silni_app/test/unit/utils/retry_helper_test.dart: RetryHelper - withExponentialBackoff calls onRetry callback before each retry                                        00:02 +56: /Users/engammar/Apps/silni_app/test/unit/utils/retry_helper_test.dart: RetryHelper - withExponentialBackoff calls onRetry callback before each retry                                        00:02 +57: /Users/engammar/Apps/silni_app/test/unit/utils/retry_helper_test.dart: RetryHelper - withExponentialBackoff calls onRetry callback before each retry                                        00:02 +58: /Users/engammar/Apps/silni_app/test/unit/utils/retry_helper_test.dart: RetryHelper - withExponentialBackoff calls onRetry callback before each retry                                        00:02 +59: /Users/engammar/Apps/silni_app/test/unit/utils/retry_helper_test.dart: RetryHelper - withExponentialBackoff calls onRetry callback before each retry                                        00:02 +60: /Users/engammar/Apps/silni_app/test/unit/utils/retry_helper_test.dart: RetryHelper - withExponentialBackoff calls onRetry callback before each retry                                        00:02 +61: /Users/engammar/Apps/silni_app/test/unit/utils/retry_helper_test.dart: RetryHelper - withExponentialBackoff calls onRetry callback before each retry                                        00:02 +62: /Users/engammar/Apps/silni_app/test/unit/utils/retry_helper_test.dart: RetryHelper - withExponentialBackoff calls onRetry callback before each retry                                        00:02 +63: /Users/engammar/Apps/silni_app/test/unit/utils/retry_helper_test.dart: RetryHelper - withExponentialBackoff calls onRetry callback before each retry                                        00:02 +64: /Users/engammar/Apps/silni_app/test/unit/utils/retry_helper_test.dart: RetryHelper - withExponentialBackoff calls onRetry callback before each retry                                        00:02 +65: /Users/engammar/Apps/silni_app/test/unit/utils/retry_helper_test.dart: RetryHelper - withExponentialBackoff calls onRetry callback before each retry                                        00:02 +66: /Users/engammar/Apps/silni_app/test/unit/utils/retry_helper_test.dart: RetryHelper - withExponentialBackoff calls onRetry callback before each retry                                        00:02 +67: /Users/engammar/Apps/silni_app/test/unit/utils/retry_helper_test.dart: RetryHelper - withExponentialBackoff calls onRetry callback before each retry                                        00:02 +68: /Users/engammar/Apps/silni_app/test/unit/utils/retry_helper_test.dart: RetryHelper - withExponentialBackoff calls onRetry callback before each retry                                        00:02 +69: /Users/engammar/Apps/silni_app/test/unit/utils/retry_helper_test.dart: RetryHelper - withExponentialBackoff calls onRetry callback before each retry                                        00:02 +69: /Users/engammar/Apps/silni_app/test/unit/utils/retry_helper_test.dart: RetryHelper - withExponentialBackoff calls onRetry callback before each retry                                        
[22:24:31.7] DEBUG    [network] Retry attempt 2/3 after 232ms
00:02 +70: /Users/engammar/Apps/silni_app/test/unit/utils/retry_helper_test.dart: RetryHelper - withExponentialBackoff calls onRetry callback before each retry                                        00:02 +71: /Users/engammar/Apps/silni_app/test/unit/utils/retry_helper_test.dart: RetryHelper - withExponentialBackoff calls onRetry callback before each retry                                        00:02 +72: /Users/engammar/Apps/silni_app/test/unit/utils/retry_helper_test.dart: RetryHelper - withExponentialBackoff calls onRetry callback before each retry                                        00:02 +73: /Users/engammar/Apps/silni_app/test/unit/utils/retry_helper_test.dart: RetryHelper - withExponentialBackoff calls onRetry callback before each retry                                        00:02 +74: /Users/engammar/Apps/silni_app/test/unit/utils/retry_helper_test.dart: RetryHelper - withExponentialBackoff calls onRetry callback before each retry                                        00:02 +75: /Users/engammar/Apps/silni_app/test/unit/utils/retry_helper_test.dart: RetryHelper - withExponentialBackoff calls onRetry callback before each retry                                        00:02 +76: /Users/engammar/Apps/silni_app/test/unit/utils/retry_helper_test.dart: RetryHelper - withExponentialBackoff calls onRetry callback before each retry                                        00:02 +77: /Users/engammar/Apps/silni_app/test/unit/utils/retry_helper_test.dart: RetryHelper - withExponentialBackoff calls onRetry callback before each retry                                        00:02 +78: /Users/engammar/Apps/silni_app/test/unit/utils/retry_helper_test.dart: RetryHelper - withExponentialBackoff calls onRetry callback before each retry                                        00:02 +79: /Users/engammar/Apps/silni_app/test/unit/utils/retry_helper_test.dart: RetryHelper - withExponentialBackoff calls onRetry callback before each retry                                        00:02 +80: /Users/engammar/Apps/silni_app/test/unit/utils/retry_helper_test.dart: RetryHelper - withExponentialBackoff calls onRetry callback before each retry                                        00:02 +81: /Users/engammar/Apps/silni_app/test/unit/utils/retry_helper_test.dart: RetryHelper - withExponentialBackoff calls onRetry callback before each retry                                        00:02 +82: /Users/engammar/Apps/silni_app/test/unit/utils/retry_helper_test.dart: RetryHelper - withExponentialBackoff calls onRetry callback before each retry                                        00:02 +83: /Users/engammar/Apps/silni_app/test/unit/utils/retry_helper_test.dart: RetryHelper - withExponentialBackoff calls onRetry callback before each retry                                        00:02 +84: /Users/engammar/Apps/silni_app/test/unit/utils/retry_helper_test.dart: RetryHelper - withExponentialBackoff calls onRetry callback before each retry                                        00:02 +85: /Users/engammar/Apps/silni_app/test/unit/utils/retry_helper_test.dart: RetryHelper - withExponentialBackoff calls onRetry callback before each retry                                        00:02 +86: /Users/engammar/Apps/silni_app/test/unit/utils/retry_helper_test.dart: RetryHelper - withExponentialBackoff calls onRetry callback before each retry                                        00:02 +87: /Users/engammar/Apps/silni_app/test/unit/utils/retry_helper_test.dart: RetryHelper - withExponentialBackoff calls onRetry callback before each retry                                        00:02 +88: /Users/engammar/Apps/silni_app/test/unit/utils/retry_helper_test.dart: RetryHelper - withExponentialBackoff calls onRetry callback before each retry                                        00:02 +89: /Users/engammar/Apps/silni_app/test/unit/utils/retry_helper_test.dart: RetryHelper - withExponentialBackoff calls onRetry callback before each retry                                        00:02 +90: /Users/engammar/Apps/silni_app/test/unit/utils/retry_helper_test.dart: RetryHelper - withExponentialBackoff calls onRetry callback before each retry                                        00:02 +91: /Users/engammar/Apps/silni_app/test/unit/utils/retry_helper_test.dart: RetryHelper - withExponentialBackoff calls onRetry callback before each retry                                        00:02 +92: /Users/engammar/Apps/silni_app/test/unit/utils/retry_helper_test.dart: RetryHelper - withExponentialBackoff calls onRetry callback before each retry                                        00:02 +93: /Users/engammar/Apps/silni_app/test/unit/utils/retry_helper_test.dart: RetryHelper - withExponentialBackoff calls onRetry callback before each retry                                        00:02 +94: /Users/engammar/Apps/silni_app/test/unit/utils/retry_helper_test.dart: RetryHelper - withExponentialBackoff calls onRetry callback before each retry                                        00:02 +95: /Users/engammar/Apps/silni_app/test/unit/utils/retry_helper_test.dart: RetryHelper - withExponentialBackoff calls onRetry callback before each retry                                        00:02 +96: /Users/engammar/Apps/silni_app/test/unit/utils/retry_helper_test.dart: RetryHelper - withExponentialBackoff calls onRetry callback before each retry                                        00:02 +97: /Users/engammar/Apps/silni_app/test/unit/utils/retry_helper_test.dart: RetryHelper - withExponentialBackoff calls onRetry callback before each retry                                        00:02 +98: /Users/engammar/Apps/silni_app/test/unit/utils/retry_helper_test.dart: RetryHelper - withExponentialBackoff calls onRetry callback before each retry                                        00:02 +99: /Users/engammar/Apps/silni_app/test/unit/utils/retry_helper_test.dart: RetryHelper - withExponentialBackoff calls onRetry callback before each retry                                        00:02 +100: /Users/engammar/Apps/silni_app/test/unit/utils/retry_helper_test.dart: RetryHelper - withExponentialBackoff calls onRetry callback before each retry                                       00:02 +101: /Users/engammar/Apps/silni_app/test/unit/utils/retry_helper_test.dart: RetryHelper - withExponentialBackoff calls onRetry callback before each retry                                       00:02 +102: /Users/engammar/Apps/silni_app/test/unit/utils/retry_helper_test.dart: RetryHelper - withExponentialBackoff calls onRetry callback before each retry                                       00:02 +103: /Users/engammar/Apps/silni_app/test/unit/utils/retry_helper_test.dart: RetryHelper - withExponentialBackoff calls onRetry callback before each retry                                       00:02 +104: /Users/engammar/Apps/silni_app/test/unit/utils/retry_helper_test.dart: RetryHelper - withExponentialBackoff calls onRetry callback before each retry                                       00:02 +105: /Users/engammar/Apps/silni_app/test/unit/utils/retry_helper_test.dart: RetryHelper - withExponentialBackoff calls onRetry callback before each retry                                       00:02 +106: /Users/engammar/Apps/silni_app/test/unit/utils/retry_helper_test.dart: RetryHelper - withExponentialBackoff calls onRetry callback before each retry                                       00:02 +107: /Users/engammar/Apps/silni_app/test/unit/utils/retry_helper_test.dart: RetryHelper - withExponentialBackoff calls onRetry callback before each retry                                       00:02 +108: /Users/engammar/Apps/silni_app/test/unit/utils/retry_helper_test.dart: RetryHelper - withExponentialBackoff calls onRetry callback before each retry                                       00:02 +109: /Users/engammar/Apps/silni_app/test/unit/utils/retry_helper_test.dart: RetryHelper - withExponentialBackoff calls onRetry callback before each retry                                       00:02 +110: /Users/engammar/Apps/silni_app/test/unit/utils/retry_helper_test.dart: RetryHelper - withExponentialBackoff calls onRetry callback before each retry                                       00:02 +111: /Users/engammar/Apps/silni_app/test/unit/utils/retry_helper_test.dart: RetryHelper - withExponentialBackoff calls onRetry callback before each retry                                       00:02 +112: /Users/engammar/Apps/silni_app/test/unit/utils/retry_helper_test.dart: RetryHelper - withExponentialBackoff calls onRetry callback before each retry                                       00:02 +113: /Users/engammar/Apps/silni_app/test/unit/utils/retry_helper_test.dart: RetryHelper - withExponentialBackoff calls onRetry callback before each retry                                       00:02 +114: /Users/engammar/Apps/silni_app/test/unit/utils/retry_helper_test.dart: RetryHelper - withExponentialBackoff calls onRetry callback before each retry                                       00:02 +115: /Users/engammar/Apps/silni_app/test/unit/utils/retry_helper_test.dart: RetryHelper - withExponentialBackoff calls onRetry callback before each retry                                       00:02 +116: /Users/engammar/Apps/silni_app/test/unit/utils/retry_helper_test.dart: RetryHelper - withExponentialBackoff calls onRetry callback before each retry                                       00:02 +117: /Users/engammar/Apps/silni_app/test/unit/utils/retry_helper_test.dart: RetryHelper - withExponentialBackoff calls onRetry callback before each retry                                       00:02 +118: /Users/engammar/Apps/silni_app/test/unit/utils/retry_helper_test.dart: RetryHelper - withExponentialBackoff calls onRetry callback before each retry                                       00:02 +119: /Users/engammar/Apps/silni_app/test/unit/utils/retry_helper_test.dart: RetryHelper - withExponentialBackoff calls onRetry callback before each retry                                       00:02 +120: /Users/engammar/Apps/silni_app/test/unit/utils/retry_helper_test.dart: RetryHelper - withExponentialBackoff calls onRetry callback before each retry                                       00:02 +121: /Users/engammar/Apps/silni_app/test/unit/utils/retry_helper_test.dart: RetryHelper - withExponentialBackoff calls onRetry callback before each retry                                       00:02 +122: /Users/engammar/Apps/silni_app/test/unit/utils/retry_helper_test.dart: RetryHelper - withExponentialBackoff calls onRetry callback before each retry                                       00:02 +123: /Users/engammar/Apps/silni_app/test/unit/utils/retry_helper_test.dart: RetryHelper - withExponentialBackoff calls onRetry callback before each retry                                       00:02 +123: /Users/engammar/Apps/silni_app/test/unit/utils/retry_helper_test.dart: RetryHelper - withExponentialBackoff calls onRetry callback before each retry                                       
[22:24:32.0] WARNING  [network] Retry exhausted after 3 attempts
00:02 +124: /Users/engammar/Apps/silni_app/test/unit/models/hadith_model_test.dart: Hadith Model Edge Cases should handle empty strings                                                                00:02 +125: /Users/engammar/Apps/silni_app/test/unit/models/hadith_model_test.dart: Hadith Model Edge Cases should handle empty strings                                                                00:02 +125: /Users/engammar/Apps/silni_app/test/unit/utils/retry_helper_test.dart: RetryHelper - withExponentialBackoff exponential backoff increases delay                                            00:02 +126: /Users/engammar/Apps/silni_app/test/unit/utils/retry_helper_test.dart: RetryHelper - withExponentialBackoff exponential backoff increases delay                                            00:02 +126: /Users/engammar/Apps/silni_app/test/unit/utils/retry_helper_test.dart: RetryHelper - withExponentialBackoff exponential backoff increases delay                                            
[22:24:32.0] DEBUG    [network] Retry attempt 1/4 after 107ms
00:02 +127: /Users/engammar/Apps/silni_app/test/unit/utils/retry_helper_test.dart: RetryHelper - withExponentialBackoff exponential backoff increases delay                                            00:02 +128: /Users/engammar/Apps/silni_app/test/unit/utils/retry_helper_test.dart: RetryHelper - withExponentialBackoff exponential backoff increases delay                                            00:02 +129: /Users/engammar/Apps/silni_app/test/unit/utils/retry_helper_test.dart: RetryHelper - withExponentialBackoff exponential backoff increases delay                                            00:02 +130: /Users/engammar/Apps/silni_app/test/unit/utils/retry_helper_test.dart: RetryHelper - withExponentialBackoff exponential backoff increases delay                                            00:02 +130: /Users/engammar/Apps/silni_app/test/unit/utils/retry_helper_test.dart: RetryHelper - withExponentialBackoff exponential backoff increases delay                                            
[22:24:32.1] DEBUG    [network] Retry attempt 2/4 after 214ms
00:02 +131: /Users/engammar/Apps/silni_app/test/unit/utils/retry_helper_test.dart: RetryHelper - withExponentialBackoff exponential backoff increases delay                                            00:02 +132: /Users/engammar/Apps/silni_app/test/unit/utils/retry_helper_test.dart: RetryHelper - withExponentialBackoff exponential backoff increases delay                                            00:02 +133: /Users/engammar/Apps/silni_app/test/unit/utils/retry_helper_test.dart: RetryHelper - withExponentialBackoff exponential backoff increases delay                                            00:02 +134: /Users/engammar/Apps/silni_app/test/unit/utils/retry_helper_test.dart: RetryHelper - withExponentialBackoff exponential backoff increases delay                                            00:02 +135: /Users/engammar/Apps/silni_app/test/unit/utils/retry_helper_test.dart: RetryHelper - withExponentialBackoff exponential backoff increases delay                                            00:02 +136: /Users/engammar/Apps/silni_app/test/unit/utils/retry_helper_test.dart: RetryHelper - withExponentialBackoff exponential backoff increases delay                                            00:02 +137: /Users/engammar/Apps/silni_app/test/unit/utils/retry_helper_test.dart: RetryHelper - withExponentialBackoff exponential backoff increases delay                                            00:02 +138: /Users/engammar/Apps/silni_app/test/unit/utils/retry_helper_test.dart: RetryHelper - withExponentialBackoff exponential backoff increases delay                                            00:02 +139: /Users/engammar/Apps/silni_app/test/unit/utils/retry_helper_test.dart: RetryHelper - withExponentialBackoff exponential backoff increases delay                                            00:02 +140: /Users/engammar/Apps/silni_app/test/unit/utils/retry_helper_test.dart: RetryHelper - withExponentialBackoff exponential backoff increases delay                                            00:02 +141: /Users/engammar/Apps/silni_app/test/unit/utils/retry_helper_test.dart: RetryHelper - withExponentialBackoff exponential backoff increases delay                                            00:02 +142: /Users/engammar/Apps/silni_app/test/unit/utils/retry_helper_test.dart: RetryHelper - withExponentialBackoff exponential backoff increases delay                                            00:02 +143: /Users/engammar/Apps/silni_app/test/unit/utils/retry_helper_test.dart: RetryHelper - withExponentialBackoff exponential backoff increases delay                                            00:02 +144: /Users/engammar/Apps/silni_app/test/unit/utils/retry_helper_test.dart: RetryHelper - withExponentialBackoff exponential backoff increases delay                                            00:02 +145: /Users/engammar/Apps/silni_app/test/unit/utils/retry_helper_test.dart: RetryHelper - withExponentialBackoff exponential backoff increases delay                                            00:02 +146: /Users/engammar/Apps/silni_app/test/unit/utils/retry_helper_test.dart: RetryHelper - withExponentialBackoff exponential backoff increases delay                                            00:02 +147: /Users/engammar/Apps/silni_app/test/unit/utils/retry_helper_test.dart: RetryHelper - withExponentialBackoff exponential backoff increases delay                                            00:02 +148: /Users/engammar/Apps/silni_app/test/unit/utils/retry_helper_test.dart: RetryHelper - withExponentialBackoff exponential backoff increases delay                                            00:02 +149: /Users/engammar/Apps/silni_app/test/unit/utils/retry_helper_test.dart: RetryHelper - withExponentialBackoff exponential backoff increases delay                                            00:02 +150: /Users/engammar/Apps/silni_app/test/unit/utils/retry_helper_test.dart: RetryHelper - withExponentialBackoff exponential backoff increases delay                                            00:02 +151: /Users/engammar/Apps/silni_app/test/unit/utils/retry_helper_test.dart: RetryHelper - withExponentialBackoff exponential backoff increases delay                                            00:02 +152: /Users/engammar/Apps/silni_app/test/unit/utils/retry_helper_test.dart: RetryHelper - withExponentialBackoff exponential backoff increases delay                                            00:02 +153: /Users/engammar/Apps/silni_app/test/unit/utils/retry_helper_test.dart: RetryHelper - withExponentialBackoff exponential backoff increases delay                                            00:02 +154: /Users/engammar/Apps/silni_app/test/unit/utils/retry_helper_test.dart: RetryHelper - withExponentialBackoff exponential backoff increases delay                                            00:02 +155: /Users/engammar/Apps/silni_app/test/unit/utils/retry_helper_test.dart: RetryHelper - withExponentialBackoff exponential backoff increases delay                                            00:02 +156: /Users/engammar/Apps/silni_app/test/unit/utils/retry_helper_test.dart: RetryHelper - withExponentialBackoff exponential backoff increases delay                                            00:02 +157: /Users/engammar/Apps/silni_app/test/unit/utils/retry_helper_test.dart: RetryHelper - withExponentialBackoff exponential backoff increases delay                                            00:02 +158: /Users/engammar/Apps/silni_app/test/unit/utils/retry_helper_test.dart: RetryHelper - withExponentialBackoff exponential backoff increases delay                                            00:02 +159: /Users/engammar/Apps/silni_app/test/unit/utils/retry_helper_test.dart: RetryHelper - withExponentialBackoff exponential backoff increases delay                                            00:02 +160: /Users/engammar/Apps/silni_app/test/unit/utils/retry_helper_test.dart: RetryHelper - withExponentialBackoff exponential backoff increases delay                                            00:02 +161: /Users/engammar/Apps/silni_app/test/unit/utils/retry_helper_test.dart: RetryHelper - withExponentialBackoff exponential backoff increases delay                                            00:02 +162: /Users/engammar/Apps/silni_app/test/unit/utils/retry_helper_test.dart: RetryHelper - withExponentialBackoff exponential backoff increases delay                                            00:02 +163: /Users/engammar/Apps/silni_app/test/unit/utils/retry_helper_test.dart: RetryHelper - withExponentialBackoff exponential backoff increases delay                                            00:02 +164: /Users/engammar/Apps/silni_app/test/unit/utils/retry_helper_test.dart: RetryHelper - withExponentialBackoff exponential backoff increases delay                                            00:02 +165: /Users/engammar/Apps/silni_app/test/unit/utils/retry_helper_test.dart: RetryHelper - withExponentialBackoff exponential backoff increases delay                                            00:02 +166: /Users/engammar/Apps/silni_app/test/unit/utils/retry_helper_test.dart: RetryHelper - withExponentialBackoff exponential backoff increases delay                                            00:02 +167: /Users/engammar/Apps/silni_app/test/unit/utils/retry_helper_test.dart: RetryHelper - withExponentialBackoff exponential backoff increases delay                                            00:02 +168: /Users/engammar/Apps/silni_app/test/unit/utils/retry_helper_test.dart: RetryHelper - withExponentialBackoff exponential backoff increases delay                                            00:02 +169: /Users/engammar/Apps/silni_app/test/unit/utils/retry_helper_test.dart: RetryHelper - withExponentialBackoff exponential backoff increases delay                                            00:02 +170: /Users/engammar/Apps/silni_app/test/unit/utils/retry_helper_test.dart: RetryHelper - withExponentialBackoff exponential backoff increases delay                                            00:02 +171: /Users/engammar/Apps/silni_app/test/unit/utils/retry_helper_test.dart: RetryHelper - withExponentialBackoff exponential backoff increases delay                                            00:02 +172: /Users/engammar/Apps/silni_app/test/unit/utils/retry_helper_test.dart: RetryHelper - withExponentialBackoff exponential backoff increases delay                                            00:02 +173: /Users/engammar/Apps/silni_app/test/unit/utils/retry_helper_test.dart: RetryHelper - withExponentialBackoff exponential backoff increases delay                                            00:02 +174: /Users/engammar/Apps/silni_app/test/unit/utils/retry_helper_test.dart: RetryHelper - withExponentialBackoff exponential backoff increases delay                                            00:02 +175: /Users/engammar/Apps/silni_app/test/unit/utils/retry_helper_test.dart: RetryHelper - withExponentialBackoff exponential backoff increases delay                                            00:03 +176: /Users/engammar/Apps/silni_app/test/unit/utils/retry_helper_test.dart: RetryHelper - withExponentialBackoff exponential backoff increases delay                                            00:03 +177: /Users/engammar/Apps/silni_app/test/unit/utils/retry_helper_test.dart: RetryHelper - withExponentialBackoff exponential backoff increases delay                                            00:03 +178: /Users/engammar/Apps/silni_app/test/unit/utils/retry_helper_test.dart: RetryHelper - withExponentialBackoff exponential backoff increases delay                                            00:03 +179: /Users/engammar/Apps/silni_app/test/unit/utils/retry_helper_test.dart: RetryHelper - withExponentialBackoff exponential backoff increases delay                                            00:03 +180: /Users/engammar/Apps/silni_app/test/unit/utils/retry_helper_test.dart: RetryHelper - withExponentialBackoff exponential backoff increases delay                                            00:03 +180: /Users/engammar/Apps/silni_app/test/unit/utils/retry_helper_test.dart: RetryHelper - withExponentialBackoff exponential backoff increases delay                                            
[22:24:32.3] DEBUG    [network] Retry attempt 3/4 after 486ms
00:03 +181: /Users/engammar/Apps/silni_app/test/unit/utils/retry_helper_test.dart: RetryHelper - withExponentialBackoff exponential backoff increases delay                                            00:03 +182: /Users/engammar/Apps/silni_app/test/unit/utils/retry_helper_test.dart: RetryHelper - withExponentialBackoff exponential backoff increases delay                                            00:03 +183: /Users/engammar/Apps/silni_app/test/unit/utils/retry_helper_test.dart: RetryHelper - withExponentialBackoff exponential backoff increases delay                                            00:03 +184: /Users/engammar/Apps/silni_app/test/unit/utils/retry_helper_test.dart: RetryHelper - withExponentialBackoff exponential backoff increases delay                                            00:03 +185: /Users/engammar/Apps/silni_app/test/unit/utils/retry_helper_test.dart: RetryHelper - withExponentialBackoff exponential backoff increases delay                                            00:03 +186: /Users/engammar/Apps/silni_app/test/unit/utils/retry_helper_test.dart: RetryHelper - withExponentialBackoff exponential backoff increases delay                                            00:03 +187: /Users/engammar/Apps/silni_app/test/unit/utils/retry_helper_test.dart: RetryHelper - withExponentialBackoff exponential backoff increases delay                                            00:03 +188: /Users/engammar/Apps/silni_app/test/unit/utils/retry_helper_test.dart: RetryHelper - withExponentialBackoff exponential backoff increases delay                                            00:03 +189: /Users/engammar/Apps/silni_app/test/unit/utils/retry_helper_test.dart: RetryHelper - withExponentialBackoff exponential backoff increases delay                                            00:03 +190: /Users/engammar/Apps/silni_app/test/unit/utils/retry_helper_test.dart: RetryHelper - withExponentialBackoff exponential backoff increases delay                                            00:03 +191: /Users/engammar/Apps/silni_app/test/unit/utils/retry_helper_test.dart: RetryHelper - withExponentialBackoff exponential backoff increases delay                                            00:03 +192: /Users/engammar/Apps/silni_app/test/unit/utils/retry_helper_test.dart: RetryHelper - withExponentialBackoff exponential backoff increases delay                                            00:03 +193: /Users/engammar/Apps/silni_app/test/unit/utils/retry_helper_test.dart: RetryHelper - withExponentialBackoff exponential backoff increases delay                                            00:03 +194: /Users/engammar/Apps/silni_app/test/unit/utils/retry_helper_test.dart: RetryHelper - withExponentialBackoff exponential backoff increases delay                                            00:03 +195: /Users/engammar/Apps/silni_app/test/unit/utils/retry_helper_test.dart: RetryHelper - withExponentialBackoff exponential backoff increases delay                                            00:03 +196: /Users/engammar/Apps/silni_app/test/unit/utils/retry_helper_test.dart: RetryHelper - withExponentialBackoff exponential backoff increases delay                                            00:03 +197: /Users/engammar/Apps/silni_app/test/unit/utils/retry_helper_test.dart: RetryHelper - withExponentialBackoff exponential backoff increases delay                                            00:03 +198: /Users/engammar/Apps/silni_app/test/unit/utils/retry_helper_test.dart: RetryHelper - withExponentialBackoff exponential backoff increases delay                                            00:03 +199: /Users/engammar/Apps/silni_app/test/unit/utils/retry_helper_test.dart: RetryHelper - withExponentialBackoff exponential backoff increases delay                                            00:03 +200: /Users/engammar/Apps/silni_app/test/unit/utils/retry_helper_test.dart: RetryHelper - withExponentialBackoff exponential backoff increases delay                                            00:03 +201: /Users/engammar/Apps/silni_app/test/unit/utils/retry_helper_test.dart: RetryHelper - withExponentialBackoff exponential backoff increases delay                                            00:03 +202: /Users/engammar/Apps/silni_app/test/unit/utils/retry_helper_test.dart: RetryHelper - withExponentialBackoff exponential backoff increases delay                                            00:03 +203: /Users/engammar/Apps/silni_app/test/unit/utils/retry_helper_test.dart: RetryHelper - withExponentialBackoff exponential backoff increases delay                                            00:03 +204: /Users/engammar/Apps/silni_app/test/unit/utils/retry_helper_test.dart: RetryHelper - withExponentialBackoff exponential backoff increases delay                                            00:03 +205: /Users/engammar/Apps/silni_app/test/unit/utils/retry_helper_test.dart: RetryHelper - withExponentialBackoff exponential backoff increases delay                                            00:03 +206: /Users/engammar/Apps/silni_app/test/unit/utils/retry_helper_test.dart: RetryHelper - withExponentialBackoff exponential backoff increases delay                                            00:03 +207: /Users/engammar/Apps/silni_app/test/unit/utils/retry_helper_test.dart: RetryHelper - withExponentialBackoff exponential backoff increases delay                                            00:03 +208: /Users/engammar/Apps/silni_app/test/unit/utils/retry_helper_test.dart: RetryHelper - withExponentialBackoff exponential backoff increases delay                                            00:03 +209: /Users/engammar/Apps/silni_app/test/unit/utils/retry_helper_test.dart: RetryHelper - withExponentialBackoff exponential backoff increases delay                                            00:03 +210: /Users/engammar/Apps/silni_app/test/unit/utils/retry_helper_test.dart: RetryHelper - withExponentialBackoff exponential backoff increases delay                                            00:03 +211: /Users/engammar/Apps/silni_app/test/unit/utils/retry_helper_test.dart: RetryHelper - withExponentialBackoff exponential backoff increases delay                                            00:03 +212: /Users/engammar/Apps/silni_app/test/unit/utils/retry_helper_test.dart: RetryHelper - withExponentialBackoff exponential backoff increases delay                                            00:03 +213: /Users/engammar/Apps/silni_app/test/unit/utils/retry_helper_test.dart: RetryHelper - withExponentialBackoff exponential backoff increases delay                                            00:03 +214: /Users/engammar/Apps/silni_app/test/unit/utils/retry_helper_test.dart: RetryHelper - withExponentialBackoff exponential backoff increases delay                                            00:03 +215: /Users/engammar/Apps/silni_app/test/unit/utils/retry_helper_test.dart: RetryHelper - withExponentialBackoff exponential backoff increases delay                                            00:03 +216: /Users/engammar/Apps/silni_app/test/unit/utils/retry_helper_test.dart: RetryHelper - withExponentialBackoff exponential backoff increases delay                                            00:03 +217: /Users/engammar/Apps/silni_app/test/unit/utils/retry_helper_test.dart: RetryHelper - withExponentialBackoff exponential backoff increases delay                                            00:03 +218: /Users/engammar/Apps/silni_app/test/unit/utils/retry_helper_test.dart: RetryHelper - withExponentialBackoff exponential backoff increases delay                                            00:03 +219: /Users/engammar/Apps/silni_app/test/unit/utils/retry_helper_test.dart: RetryHelper - withExponentialBackoff exponential backoff increases delay                                            00:03 +220: /Users/engammar/Apps/silni_app/test/unit/utils/retry_helper_test.dart: RetryHelper - withExponentialBackoff exponential backoff increases delay                                            00:03 +221: /Users/engammar/Apps/silni_app/test/unit/utils/retry_helper_test.dart: RetryHelper - withExponentialBackoff exponential backoff increases delay                                            00:03 +222: /Users/engammar/Apps/silni_app/test/unit/utils/retry_helper_test.dart: RetryHelper - withExponentialBackoff exponential backoff increases delay                                            00:03 +223: /Users/engammar/Apps/silni_app/test/unit/utils/retry_helper_test.dart: RetryHelper - withExponentialBackoff exponential backoff increases delay                                            00:03 +224: /Users/engammar/Apps/silni_app/test/unit/utils/retry_helper_test.dart: RetryHelper - withExponentialBackoff exponential backoff increases delay                                            00:03 +225: /Users/engammar/Apps/silni_app/test/unit/utils/retry_helper_test.dart: RetryHelper - withExponentialBackoff exponential backoff increases delay                                            00:03 +226: /Users/engammar/Apps/silni_app/test/unit/utils/retry_helper_test.dart: RetryHelper - withExponentialBackoff exponential backoff increases delay                                            00:03 +227: /Users/engammar/Apps/silni_app/test/unit/utils/retry_helper_test.dart: RetryHelper - withExponentialBackoff exponential backoff increases delay                                            00:03 +228: /Users/engammar/Apps/silni_app/test/unit/utils/retry_helper_test.dart: RetryHelper - withExponentialBackoff exponential backoff increases delay                                            00:03 +229: /Users/engammar/Apps/silni_app/test/unit/utils/retry_helper_test.dart: RetryHelper - withExponentialBackoff exponential backoff increases delay                                            00:03 +230: /Users/engammar/Apps/silni_app/test/unit/utils/retry_helper_test.dart: RetryHelper - withExponentialBackoff exponential backoff increases delay                                            00:03 +231: /Users/engammar/Apps/silni_app/test/unit/utils/retry_helper_test.dart: RetryHelper - withExponentialBackoff exponential backoff increases delay                                            00:03 +232: /Users/engammar/Apps/silni_app/test/unit/utils/retry_helper_test.dart: RetryHelper - withExponentialBackoff exponential backoff increases delay                                            00:03 +233: /Users/engammar/Apps/silni_app/test/unit/utils/retry_helper_test.dart: RetryHelper - withExponentialBackoff exponential backoff increases delay                                            00:03 +234: /Users/engammar/Apps/silni_app/test/unit/utils/retry_helper_test.dart: RetryHelper - withExponentialBackoff exponential backoff increases delay                                            00:03 +235: /Users/engammar/Apps/silni_app/test/unit/utils/retry_helper_test.dart: RetryHelper - withExponentialBackoff exponential backoff increases delay                                            00:03 +236: /Users/engammar/Apps/silni_app/test/unit/utils/retry_helper_test.dart: RetryHelper - withExponentialBackoff exponential backoff increases delay                                            00:03 +237: /Users/engammar/Apps/silni_app/test/unit/utils/retry_helper_test.dart: RetryHelper - withExponentialBackoff exponential backoff increases delay                                            00:03 +238: /Users/engammar/Apps/silni_app/test/unit/utils/retry_helper_test.dart: RetryHelper - withExponentialBackoff exponential backoff increases delay                                            00:03 +239: /Users/engammar/Apps/silni_app/test/unit/utils/retry_helper_test.dart: RetryHelper - withExponentialBackoff exponential backoff increases delay                                            00:03 +240: /Users/engammar/Apps/silni_app/test/unit/utils/retry_helper_test.dart: RetryHelper - withExponentialBackoff exponential backoff increases delay                                            00:03 +241: /Users/engammar/Apps/silni_app/test/unit/utils/retry_helper_test.dart: RetryHelper - withExponentialBackoff exponential backoff increases delay                                            00:03 +242: /Users/engammar/Apps/silni_app/test/unit/utils/retry_helper_test.dart: RetryHelper - withExponentialBackoff exponential backoff increases delay                                            00:03 +243: /Users/engammar/Apps/silni_app/test/unit/utils/retry_helper_test.dart: RetryHelper - withExponentialBackoff exponential backoff increases delay                                            00:03 +244: /Users/engammar/Apps/silni_app/test/unit/utils/retry_helper_test.dart: RetryHelper - withExponentialBackoff exponential backoff increases delay                                            00:03 +245: /Users/engammar/Apps/silni_app/test/unit/utils/retry_helper_test.dart: RetryHelper - withExponentialBackoff exponential backoff increases delay                                            00:03 +246: /Users/engammar/Apps/silni_app/test/unit/utils/retry_helper_test.dart: RetryHelper - withExponentialBackoff exponential backoff increases delay                                            00:03 +247: /Users/engammar/Apps/silni_app/test/unit/utils/retry_helper_test.dart: RetryHelper - withExponentialBackoff exponential backoff increases delay                                            00:03 +248: /Users/engammar/Apps/silni_app/test/unit/utils/retry_helper_test.dart: RetryHelper - withExponentialBackoff exponential backoff increases delay                                            00:03 +249: /Users/engammar/Apps/silni_app/test/unit/utils/retry_helper_test.dart: RetryHelper - withExponentialBackoff exponential backoff increases delay                                            00:03 +250: /Users/engammar/Apps/silni_app/test/unit/utils/retry_helper_test.dart: RetryHelper - withExponentialBackoff exponential backoff increases delay                                            00:03 +251: /Users/engammar/Apps/silni_app/test/unit/utils/retry_helper_test.dart: RetryHelper - withExponentialBackoff exponential backoff increases delay                                            00:03 +252: /Users/engammar/Apps/silni_app/test/unit/utils/retry_helper_test.dart: RetryHelper - withExponentialBackoff exponential backoff increases delay                                            00:03 +253: /Users/engammar/Apps/silni_app/test/unit/utils/retry_helper_test.dart: RetryHelper - withExponentialBackoff exponential backoff increases delay                                            00:03 +254: /Users/engammar/Apps/silni_app/test/unit/utils/retry_helper_test.dart: RetryHelper - withExponentialBackoff exponential backoff increases delay                                            00:03 +255: /Users/engammar/Apps/silni_app/test/unit/utils/retry_helper_test.dart: RetryHelper - withExponentialBackoff exponential backoff increases delay                                            00:03 +256: /Users/engammar/Apps/silni_app/test/unit/utils/retry_helper_test.dart: RetryHelper - withExponentialBackoff exponential backoff increases delay                                            00:03 +257: /Users/engammar/Apps/silni_app/test/unit/utils/retry_helper_test.dart: RetryHelper - withExponentialBackoff exponential backoff increases delay                                            00:03 +258: /Users/engammar/Apps/silni_app/test/unit/utils/retry_helper_test.dart: RetryHelper - withExponentialBackoff exponential backoff increases delay                                            00:03 +259: /Users/engammar/Apps/silni_app/test/unit/utils/retry_helper_test.dart: RetryHelper - withExponentialBackoff exponential backoff increases delay                                            00:03 +260: /Users/engammar/Apps/silni_app/test/unit/utils/retry_helper_test.dart: RetryHelper - withExponentialBackoff exponential backoff increases delay                                            00:03 +261: /Users/engammar/Apps/silni_app/test/unit/utils/retry_helper_test.dart: RetryHelper - withExponentialBackoff exponential backoff increases delay                                            00:03 +262: /Users/engammar/Apps/silni_app/test/unit/utils/retry_helper_test.dart: RetryHelper - withExponentialBackoff exponential backoff increases delay                                            00:03 +263: /Users/engammar/Apps/silni_app/test/unit/utils/retry_helper_test.dart: RetryHelper - withExponentialBackoff exponential backoff increases delay                                            00:03 +264: /Users/engammar/Apps/silni_app/test/unit/utils/retry_helper_test.dart: RetryHelper - withExponentialBackoff exponential backoff increases delay                                            00:03 +265: /Users/engammar/Apps/silni_app/test/unit/utils/retry_helper_test.dart: RetryHelper - withExponentialBackoff exponential backoff increases delay                                            00:03 +266: /Users/engammar/Apps/silni_app/test/unit/utils/retry_helper_test.dart: RetryHelper - withExponentialBackoff exponential backoff increases delay                                            00:03 +267: /Users/engammar/Apps/silni_app/test/unit/utils/retry_helper_test.dart: RetryHelper - withExponentialBackoff exponential backoff increases delay                                            00:03 +268: /Users/engammar/Apps/silni_app/test/unit/utils/retry_helper_test.dart: RetryHelper - withExponentialBackoff exponential backoff increases delay                                            00:03 +269: /Users/engammar/Apps/silni_app/test/unit/utils/retry_helper_test.dart: RetryHelper - withExponentialBackoff exponential backoff increases delay                                            00:03 +270: /Users/engammar/Apps/silni_app/test/unit/utils/retry_helper_test.dart: RetryHelper - withExponentialBackoff exponential backoff increases delay                                            00:03 +271: /Users/engammar/Apps/silni_app/test/unit/utils/retry_helper_test.dart: RetryHelper - withExponentialBackoff exponential backoff increases delay                                            00:03 +272: /Users/engammar/Apps/silni_app/test/unit/utils/retry_helper_test.dart: RetryHelper - withExponentialBackoff exponential backoff increases delay                                            00:03 +273: /Users/engammar/Apps/silni_app/test/unit/utils/retry_helper_test.dart: RetryHelper - withExponentialBackoff exponential backoff increases delay                                            00:03 +274: /Users/engammar/Apps/silni_app/test/unit/utils/retry_helper_test.dart: RetryHelper - withExponentialBackoff exponential backoff increases delay                                            00:03 +275: /Users/engammar/Apps/silni_app/test/unit/utils/retry_helper_test.dart: RetryHelper - withExponentialBackoff exponential backoff increases delay                                            00:03 +276: /Users/engammar/Apps/silni_app/test/unit/utils/retry_helper_test.dart: RetryHelper - withExponentialBackoff exponential backoff increases delay                                            00:03 +277: /Users/engammar/Apps/silni_app/test/unit/utils/retry_helper_test.dart: RetryHelper - withExponentialBackoff exponential backoff increases delay                                            00:03 +277: /Users/engammar/Apps/silni_app/test/unit/utils/retry_helper_test.dart: RetryHelper - withExponentialBackoff exponential backoff increases delay                                            
[22:24:32.8] WARNING  [network] Retry exhausted after 4 attempts
00:03 +278: /Users/engammar/Apps/silni_app/test/unit/utils/retry_helper_test.dart: RetryHelper - withExponentialBackoff exponential backoff increases delay                                            00:03 +278: /Users/engammar/Apps/silni_app/test/unit/utils/retry_helper_test.dart: RetryHelper - withExponentialBackoff handles TimeoutException as retryable by default                               00:03 +278: /Users/engammar/Apps/silni_app/test/unit/utils/retry_helper_test.dart: RetryHelper - withExponentialBackoff handles TimeoutException as retryable by default                               
[22:24:32.8] DEBUG    [network] Retry attempt 1/2 after 10ms
[22:24:32.8] WARNING  [network] Retry exhausted after 2 attempts
00:03 +279: /Users/engammar/Apps/silni_app/test/unit/utils/retry_helper_test.dart: RetryHelper - withExponentialBackoff handles TimeoutException as retryable by default                               00:03 +279: /Users/engammar/Apps/silni_app/test/unit/utils/retry_helper_test.dart: RetryHelper - withExponentialBackoff stops retrying when operation succeeds after failures                          00:03 +279: /Users/engammar/Apps/silni_app/test/unit/utils/retry_helper_test.dart: RetryHelper - withExponentialBackoff stops retrying when operation succeeds after failures                          
[22:24:32.8] DEBUG    [network] Retry attempt 1/5 after 10ms
[22:24:32.8] DEBUG    [network] Retry attempt 2/5 after 20ms
00:03 +280: /Users/engammar/Apps/silni_app/test/unit/utils/retry_helper_test.dart: RetryHelper - withExponentialBackoff stops retrying when operation succeeds after failures                          00:03 +280: /Users/engammar/Apps/silni_app/test/unit/utils/retry_helper_test.dart: RetryHelper - withExponentialBackoff does not retry non-Exception errors                                            00:03 +280: /Users/engammar/Apps/silni_app/test/unit/utils/retry_helper_test.dart: RetryHelper - withExponentialBackoff does not retry non-Exception errors                                            
[22:24:32.8] WARNING  [network] Retry exhausted after 1 attempts
00:03 +281: /Users/engammar/Apps/silni_app/test/unit/utils/retry_helper_test.dart: RetryHelper - withExponentialBackoff does not retry non-Exception errors                                            00:03 +281: /Users/engammar/Apps/silni_app/test/unit/utils/retry_helper_test.dart: RetryHelper - Edge Cases handles maxAttempts of 1 (no retries)                                                      00:03 +281: /Users/engammar/Apps/silni_app/test/unit/utils/retry_helper_test.dart: RetryHelper - Edge Cases handles maxAttempts of 1 (no retries)                                                      
[22:24:32.8] WARNING  [network] Retry exhausted after 1 attempts
00:03 +282: /Users/engammar/Apps/silni_app/test/unit/utils/retry_helper_test.dart: RetryHelper - Edge Cases handles maxAttempts of 1 (no retries)                                                      00:03 +282: /Users/engammar/Apps/silni_app/test/unit/utils/retry_helper_test.dart: RetryHelper - Edge Cases works with zero initial delay                                                              00:03 +282: /Users/engammar/Apps/silni_app/test/unit/utils/retry_helper_test.dart: RetryHelper - Edge Cases works with zero initial delay                                                              
[22:24:32.9] DEBUG    [network] Retry attempt 1/3 after 0ms
00:03 +283: /Users/engammar/Apps/silni_app/test/unit/utils/retry_helper_test.dart: RetryHelper - Edge Cases works with zero initial delay                                                              00:03 +283: /Users/engammar/Apps/silni_app/test/unit/utils/retry_helper_test.dart: RetryHelper - Edge Cases returns correct type                                                                       00:03 +284: /Users/engammar/Apps/silni_app/test/unit/utils/retry_helper_test.dart: RetryHelper - Edge Cases returns correct type                                                                       00:04 +284: /Users/engammar/Apps/silni_app/test/unit/utils/retry_helper_test.dart: RetryHelper - Edge Cases returns correct type                                                                       00:04 +284: loading /Users/engammar/Apps/silni_app/test/unit/services/cache_service_test.dart                                                                                                          00:04 +284: /Users/engammar/Apps/silni_app/test/unit/services/cache_service_test.dart: CacheService singleton pattern should return same instance via instance getter                                  00:04 +285: /Users/engammar/Apps/silni_app/test/unit/services/cache_service_test.dart: CacheService singleton pattern should return same instance via instance getter                                  00:04 +285: /Users/engammar/Apps/silni_app/test/unit/services/cache_service_test.dart: CacheService relatives cache API should have getRelatives method                                                00:04 +286: /Users/engammar/Apps/silni_app/test/unit/services/cache_service_test.dart: CacheService relatives cache API should have getRelatives method                                                00:04 +286: /Users/engammar/Apps/silni_app/test/unit/services/cache_service_test.dart: CacheService relatives cache API should have getRelative method                                                 00:04 +287: /Users/engammar/Apps/silni_app/test/unit/services/cache_service_test.dart: CacheService relatives cache API should have getRelative method                                                 00:04 +287: /Users/engammar/Apps/silni_app/test/unit/services/cache_service_test.dart: CacheService relatives cache API should have putRelative method                                                 00:04 +288: /Users/engammar/Apps/silni_app/test/unit/services/cache_service_test.dart: CacheService relatives cache API should have putRelative method                                                 00:04 +288: /Users/engammar/Apps/silni_app/test/unit/services/cache_service_test.dart: CacheService relatives cache API should have putRelatives method                                                00:04 +289: /Users/engammar/Apps/silni_app/test/unit/services/cache_service_test.dart: CacheService relatives cache API should have putRelatives method                                                00:04 +289: /Users/engammar/Apps/silni_app/test/unit/services/cache_service_test.dart: CacheService relatives cache API should have deleteRelative method                                              00:04 +290: /Users/engammar/Apps/silni_app/test/unit/services/cache_service_test.dart: CacheService relatives cache API should have deleteRelative method                                              00:04 +290: /Users/engammar/Apps/silni_app/test/unit/services/cache_service_test.dart: CacheService relatives cache API should have clearRelatives method                                              00:04 +291: /Users/engammar/Apps/silni_app/test/unit/services/cache_service_test.dart: CacheService relatives cache API should have clearRelatives method                                              00:04 +291: /Users/engammar/Apps/silni_app/test/unit/services/cache_service_test.dart: CacheService interactions cache API should have getInteractions method                                          00:04 +292: /Users/engammar/Apps/silni_app/test/unit/services/cache_service_test.dart: CacheService interactions cache API should have getInteractions method                                          00:04 +292: /Users/engammar/Apps/silni_app/test/unit/services/cache_service_test.dart: CacheService interactions cache API should have getAllInteractions method                                       00:04 +293: /Users/engammar/Apps/silni_app/test/unit/services/cache_service_test.dart: CacheService interactions cache API should have getAllInteractions method                                       00:04 +293: /Users/engammar/Apps/silni_app/test/unit/services/cache_service_test.dart: CacheService interactions cache API should have getTodayInteractions method                                     00:04 +294: /Users/engammar/Apps/silni_app/test/unit/services/cache_service_test.dart: CacheService interactions cache API should have getTodayInteractions method                                     00:04 +294: /Users/engammar/Apps/silni_app/test/unit/services/cache_service_test.dart: CacheService interactions cache API should have getInteraction method                                           00:04 +295: /Users/engammar/Apps/silni_app/test/unit/services/cache_service_test.dart: CacheService interactions cache API should have getInteraction method                                           00:04 +295: /Users/engammar/Apps/silni_app/test/unit/services/cache_service_test.dart: CacheService interactions cache API should have putInteraction method                                           00:04 +296: /Users/engammar/Apps/silni_app/test/unit/services/cache_service_test.dart: CacheService interactions cache API should have putInteraction method                                           00:04 +296: /Users/engammar/Apps/silni_app/test/unit/services/cache_service_test.dart: CacheService interactions cache API should have putInteractions method                                          00:04 +297: /Users/engammar/Apps/silni_app/test/unit/services/cache_service_test.dart: CacheService interactions cache API should have putInteractions method                                          00:04 +297: /Users/engammar/Apps/silni_app/test/unit/services/cache_service_test.dart: CacheService interactions cache API should have deleteInteraction method                                        00:04 +298: /Users/engammar/Apps/silni_app/test/unit/services/cache_service_test.dart: CacheService interactions cache API should have deleteInteraction method                                        00:04 +298: /Users/engammar/Apps/silni_app/test/unit/services/cache_service_test.dart: CacheService interactions cache API should have clearInteractions method                                        00:04 +299: /Users/engammar/Apps/silni_app/test/unit/services/cache_service_test.dart: CacheService interactions cache API should have clearInteractions method                                        00:04 +299: /Users/engammar/Apps/silni_app/test/unit/services/cache_service_test.dart: CacheService reminder schedules cache API should have getReminderSchedules method                               00:04 +300: /Users/engammar/Apps/silni_app/test/unit/services/cache_service_test.dart: CacheService reminder schedules cache API should have getReminderSchedules method                               00:04 +300: /Users/engammar/Apps/silni_app/test/unit/services/cache_service_test.dart: CacheService reminder schedules cache API should have getActiveReminderSchedules method                         00:04 +301: /Users/engammar/Apps/silni_app/test/unit/services/cache_service_test.dart: CacheService reminder schedules cache API should have getActiveReminderSchedules method                         00:04 +301: /Users/engammar/Apps/silni_app/test/unit/services/cache_service_test.dart: CacheService reminder schedules cache API should have getReminderSchedule method                                00:04 +302: /Users/engammar/Apps/silni_app/test/unit/services/cache_service_test.dart: CacheService reminder schedules cache API should have getReminderSchedule method                                00:04 +302: /Users/engammar/Apps/silni_app/test/unit/services/cache_service_test.dart: CacheService reminder schedules cache API should have putReminderSchedule method                                00:04 +303: /Users/engammar/Apps/silni_app/test/unit/services/cache_service_test.dart: CacheService reminder schedules cache API should have putReminderSchedule method                                00:04 +303: /Users/engammar/Apps/silni_app/test/unit/services/cache_service_test.dart: CacheService reminder schedules cache API should have putReminderSchedules method                               00:04 +304: /Users/engammar/Apps/silni_app/test/unit/services/cache_service_test.dart: CacheService reminder schedules cache API should have putReminderSchedules method                               00:04 +304: /Users/engammar/Apps/silni_app/test/unit/services/cache_service_test.dart: CacheService reminder schedules cache API should have deleteReminderSchedule method                             00:04 +305: /Users/engammar/Apps/silni_app/test/unit/services/cache_service_test.dart: CacheService reminder schedules cache API should have deleteReminderSchedule method                             00:04 +305: /Users/engammar/Apps/silni_app/test/unit/services/cache_service_test.dart: CacheService reminder schedules cache API should have clearReminderSchedules method                             00:04 +306: /Users/engammar/Apps/silni_app/test/unit/services/cache_service_test.dart: CacheService reminder schedules cache API should have clearReminderSchedules method                             00:04 +306: /Users/engammar/Apps/silni_app/test/unit/services/cache_service_test.dart: CacheService sync metadata API should have getSyncMetadata method                                               00:04 +307: /Users/engammar/Apps/silni_app/test/unit/services/cache_service_test.dart: CacheService sync metadata API should have getSyncMetadata method                                               00:04 +307: /Users/engammar/Apps/silni_app/test/unit/services/cache_service_test.dart: CacheService sync metadata API should have putSyncMetadata method                                               00:04 +308: /Users/engammar/Apps/silni_app/test/unit/services/cache_service_test.dart: CacheService sync metadata API should have putSyncMetadata method                                               00:04 +308: /Users/engammar/Apps/silni_app/test/unit/services/cache_service_test.dart: CacheService sync metadata API should have isCacheStale method                                                  00:04 +309: /Users/engammar/Apps/silni_app/test/unit/services/cache_service_test.dart: CacheService sync metadata API should have isCacheStale method                                                  00:04 +309: /Users/engammar/Apps/silni_app/test/unit/services/cache_service_test.dart: CacheService sync metadata API should have getLastSyncTime method                                               00:04 +310: /Users/engammar/Apps/silni_app/test/unit/services/cache_service_test.dart: CacheService sync metadata API should have getLastSyncTime method                                               00:04 +310: /Users/engammar/Apps/silni_app/test/unit/services/cache_service_test.dart: CacheService sync metadata API should have updateLastSyncTime method                                            00:04 +311: /Users/engammar/Apps/silni_app/test/unit/services/cache_service_test.dart: CacheService sync metadata API should have updateLastSyncTime method                                            00:04 +311: /Users/engammar/Apps/silni_app/test/unit/services/cache_service_test.dart: CacheService utility API should have clearAll method                                                            00:04 +312: /Users/engammar/Apps/silni_app/test/unit/services/cache_service_test.dart: CacheService utility API should have clearAll method                                                            00:04 +312: /Users/engammar/Apps/silni_app/test/unit/services/cache_service_test.dart: CacheService utility API should have getCacheStats method                                                       00:04 +313: /Users/engammar/Apps/silni_app/test/unit/services/cache_service_test.dart: CacheService utility API should have getCacheStats method                                                       00:04 +313: /Users/engammar/Apps/silni_app/test/unit/services/cache_service_test.dart: SyncMetadata model should create metadata with required fields                                                  00:04 +314: /Users/engammar/Apps/silni_app/test/unit/services/cache_service_test.dart: SyncMetadata model should create metadata with required fields                                                  00:04 +314: /Users/engammar/Apps/silni_app/test/unit/services/cache_service_test.dart: SyncMetadata model should create metadata with all fields                                                       00:04 +315: /Users/engammar/Apps/silni_app/test/unit/services/cache_service_test.dart: SyncMetadata model should create metadata with all fields                                                       00:04 +315: /Users/engammar/Apps/silni_app/test/unit/services/cache_service_test.dart: SyncMetadata model isStale should return true when older than threshold                                         00:04 +316: /Users/engammar/Apps/silni_app/test/unit/services/cache_service_test.dart: SyncMetadata model isStale should return true when older than threshold                                         00:04 +316: /Users/engammar/Apps/silni_app/test/unit/services/cache_service_test.dart: SyncMetadata model isStale should return false when within threshold                                            00:04 +317: /Users/engammar/Apps/silni_app/test/unit/services/cache_service_test.dart: SyncMetadata model isStale should return false when within threshold                                            00:04 +317: /Users/engammar/Apps/silni_app/test/unit/services/cache_service_test.dart: SyncMetadata model isStale should return false when at threshold boundary                                       00:04 +318: /Users/engammar/Apps/silni_app/test/unit/services/cache_service_test.dart: SyncMetadata model isStale should return false when at threshold boundary                                       00:04 +318: /Users/engammar/Apps/silni_app/test/unit/services/cache_service_test.dart: SyncMetadata model isStale should return true for very old sync                                                 00:04 +319: /Users/engammar/Apps/silni_app/test/unit/services/cache_service_test.dart: SyncMetadata model isStale should return true for very old sync                                                 00:04 +319: /Users/engammar/Apps/silni_app/test/unit/services/cache_service_test.dart: SyncMetadata model isStale should return false for just synced                                                  00:04 +320: /Users/engammar/Apps/silni_app/test/unit/services/cache_service_test.dart: SyncMetadata model isStale should return false for just synced                                                  00:04 +320: /Users/engammar/Apps/silni_app/test/unit/services/cache_service_test.dart: SyncMetadata model copyWith should copy with changed key                                                        00:04 +321: /Users/engammar/Apps/silni_app/test/unit/services/cache_service_test.dart: SyncMetadata model copyWith should copy with changed key                                                        00:04 +321: /Users/engammar/Apps/silni_app/test/unit/services/cache_service_test.dart: SyncMetadata model copyWith should copy with changed lastSync                                                   00:04 +322: /Users/engammar/Apps/silni_app/test/unit/services/cache_service_test.dart: SyncMetadata model copyWith should copy with changed lastSync                                                   00:04 +322: /Users/engammar/Apps/silni_app/test/unit/services/cache_service_test.dart: SyncMetadata model copyWith should copy with changed itemCount                                                  00:04 +323: /Users/engammar/Apps/silni_app/test/unit/services/cache_service_test.dart: SyncMetadata model copyWith should copy with changed itemCount                                                  00:04 +323: /Users/engammar/Apps/silni_app/test/unit/services/cache_service_test.dart: SyncMetadata model copyWith should copy with changed lastError                                                  00:04 +324: /Users/engammar/Apps/silni_app/test/unit/services/cache_service_test.dart: SyncMetadata model copyWith should copy with changed lastError                                                  00:04 +324: /Users/engammar/Apps/silni_app/test/unit/services/cache_service_test.dart: SyncMetadata model copyWith should preserve unchanged fields                                                    00:04 +325: /Users/engammar/Apps/silni_app/test/unit/services/cache_service_test.dart: SyncMetadata model copyWith should preserve unchanged fields                                                    00:04 +325: /Users/engammar/Apps/silni_app/test/unit/services/cache_service_test.dart: SyncMetadata model toJson should convert to JSON correctly                                                      00:04 +326: /Users/engammar/Apps/silni_app/test/unit/services/cache_service_test.dart: SyncMetadata model toJson should convert to JSON correctly                                                      00:04 +326: /Users/engammar/Apps/silni_app/test/unit/services/cache_service_test.dart: SyncMetadata model toJson should handle null lastError in JSON                                                  00:04 +327: /Users/engammar/Apps/silni_app/test/unit/services/cache_service_test.dart: SyncMetadata model toJson should handle null lastError in JSON                                                  00:04 +327: /Users/engammar/Apps/silni_app/test/unit/services/cache_service_test.dart: SyncMetadata model toString should produce readable string                                                      00:04 +328: /Users/engammar/Apps/silni_app/test/unit/services/cache_service_test.dart: SyncMetadata model toString should produce readable string                                                      00:04 +328: /Users/engammar/Apps/silni_app/test/unit/services/cache_service_test.dart: cache configuration box names relatives box name should be correct                                              00:04 +329: /Users/engammar/Apps/silni_app/test/unit/services/cache_service_test.dart: cache configuration box names relatives box name should be correct                                              00:04 +329: /Users/engammar/Apps/silni_app/test/unit/services/cache_service_test.dart: cache configuration box names interactions box name should be correct                                           00:04 +330: /Users/engammar/Apps/silni_app/test/unit/services/cache_service_test.dart: cache configuration box names interactions box name should be correct                                           00:04 +330: /Users/engammar/Apps/silni_app/test/unit/services/cache_service_test.dart: cache configuration box names reminder schedules box name should be correct                                     00:04 +331: /Users/engammar/Apps/silni_app/test/unit/services/cache_service_test.dart: cache configuration box names reminder schedules box name should be correct                                     00:04 +331: /Users/engammar/Apps/silni_app/test/unit/services/cache_service_test.dart: cache configuration box names sync metadata box name should be correct                                          00:04 +332: /Users/engammar/Apps/silni_app/test/unit/services/cache_service_test.dart: cache configuration box names sync metadata box name should be correct                                          00:04 +332: /Users/engammar/Apps/silni_app/test/unit/services/cache_service_test.dart: cache configuration type IDs relative type ID should be 0                                                       00:04 +333: /Users/engammar/Apps/silni_app/test/unit/services/cache_service_test.dart: cache configuration type IDs relative type ID should be 0                                                       00:04 +333: /Users/engammar/Apps/silni_app/test/unit/services/cache_service_test.dart: cache configuration type IDs interaction type ID should be 1                                                    00:04 +334: /Users/engammar/Apps/silni_app/test/unit/services/cache_service_test.dart: cache configuration type IDs interaction type ID should be 1                                                    00:04 +334: /Users/engammar/Apps/silni_app/test/unit/services/cache_service_test.dart: cache configuration type IDs reminder schedule type ID should be 2                                              00:04 +335: /Users/engammar/Apps/silni_app/test/unit/services/cache_service_test.dart: cache configuration type IDs reminder schedule type ID should be 2                                              00:04 +335: /Users/engammar/Apps/silni_app/test/unit/services/cache_service_test.dart: cache configuration type IDs sync metadata type ID should be 21                                                 00:04 +336: /Users/engammar/Apps/silni_app/test/unit/services/cache_service_test.dart: cache configuration type IDs sync metadata type ID should be 21                                                 00:04 +336: /Users/engammar/Apps/silni_app/test/unit/services/cache_service_test.dart: cache configuration type IDs type IDs should be unique                                                          00:04 +337: /Users/engammar/Apps/silni_app/test/unit/services/cache_service_test.dart: cache configuration type IDs type IDs should be unique                                                          00:04 +337: /Users/engammar/Apps/silni_app/test/unit/services/cache_service_test.dart: cache configuration cache limits max interactions per relative should be 100                                    00:04 +338: /Users/engammar/Apps/silni_app/test/unit/services/cache_service_test.dart: cache configuration cache limits max interactions per relative should be 100                                    00:04 +338: /Users/engammar/Apps/silni_app/test/unit/services/cache_service_test.dart: cache configuration sync settings stale cache threshold should be 5 minutes                                     00:04 +339: /Users/engammar/Apps/silni_app/test/unit/services/cache_service_test.dart: cache configuration sync settings stale cache threshold should be 5 minutes                                     00:04 +339: /Users/engammar/Apps/silni_app/test/unit/services/cache_service_test.dart: cache configuration sync settings background sync interval should be 5 minutes                                  00:04 +340: /Users/engammar/Apps/silni_app/test/unit/services/cache_service_test.dart: cache configuration sync settings background sync interval should be 5 minutes                                  00:04 +340: /Users/engammar/Apps/silni_app/test/unit/services/cache_service_test.dart: cache configuration sync metadata keys lastSyncRelativesKey should be correct                                   00:04 +341: /Users/engammar/Apps/silni_app/test/unit/services/cache_service_test.dart: cache configuration sync metadata keys lastSyncRelativesKey should be correct                                   00:04 +341: /Users/engammar/Apps/silni_app/test/unit/services/cache_service_test.dart: cache configuration sync metadata keys lastSyncRemindersKey should be correct                                   00:04 +342: /Users/engammar/Apps/silni_app/test/unit/services/cache_service_test.dart: cache configuration sync metadata keys lastSyncRemindersKey should be correct                                   00:04 +342: /Users/engammar/Apps/silni_app/test/unit/services/cache_service_test.dart: cache configuration sync metadata keys lastSyncInteractionsKey should generate correct key                      00:04 +343: /Users/engammar/Apps/silni_app/test/unit/services/cache_service_test.dart: cache configuration sync metadata keys lastSyncInteractionsKey should generate correct key                      00:04 +343: /Users/engammar/Apps/silni_app/test/unit/services/cache_service_test.dart: cache staleness logic should consider cache stale when no metadata exists                                       00:04 +344: /Users/engammar/Apps/silni_app/test/unit/services/cache_service_test.dart: cache staleness logic should consider cache stale when no metadata exists                                       00:04 +344: /Users/engammar/Apps/silni_app/test/unit/services/cache_service_test.dart: cache staleness logic should consider cache fresh when recently synced                                          00:04 +345: /Users/engammar/Apps/silni_app/test/unit/services/cache_service_test.dart: cache staleness logic should consider cache fresh when recently synced                                          00:04 +345: /Users/engammar/Apps/silni_app/test/unit/services/cache_service_test.dart: cache staleness logic should consider cache stale after threshold                                               00:04 +346: /Users/engammar/Apps/silni_app/test/unit/services/cache_service_test.dart: cache staleness logic should consider cache stale after threshold                                               00:04 +346: /Users/engammar/Apps/silni_app/test/unit/services/cache_service_test.dart: interaction limit enforcement logic should keep only most recent interactions                                   00:04 +347: /Users/engammar/Apps/silni_app/test/unit/services/cache_service_test.dart: interaction limit enforcement logic should keep only most recent interactions                                   00:04 +347: /Users/engammar/Apps/silni_app/test/unit/services/cache_service_test.dart: interaction limit enforcement logic should not limit when under threshold                                       00:04 +348: /Users/engammar/Apps/silni_app/test/unit/services/cache_service_test.dart: interaction limit enforcement logic should not limit when under threshold                                       00:04 +348: /Users/engammar/Apps/silni_app/test/unit/services/cache_service_test.dart: interaction limit enforcement logic should limit when over threshold                                            00:04 +349: /Users/engammar/Apps/silni_app/test/unit/services/cache_service_test.dart: interaction limit enforcement logic should limit when over threshold                                            00:04 +349: /Users/engammar/Apps/silni_app/test/unit/services/cache_service_test.dart: interaction limit enforcement logic should identify interactions to remove                                      00:04 +350: /Users/engammar/Apps/silni_app/test/unit/services/cache_service_test.dart: interaction limit enforcement logic should identify interactions to remove                                      00:04 +350: /Users/engammar/Apps/silni_app/test/unit/services/cache_service_test.dart: today interactions logic should identify interactions from today                                                00:04 +351: /Users/engammar/Apps/silni_app/test/unit/services/cache_service_test.dart: today interactions logic should identify interactions from today                                                00:04 +351: /Users/engammar/Apps/silni_app/test/unit/services/cache_service_test.dart: today interactions logic should filter interactions by user ID                                                  00:04 +352: /Users/engammar/Apps/silni_app/test/unit/services/cache_service_test.dart: today interactions logic should filter interactions by user ID                                                  00:04 +352: /Users/engammar/Apps/silni_app/test/unit/services/cache_service_test.dart: cache stats expected keys should include all expected stat keys                                                 00:04 +353: /Users/engammar/Apps/silni_app/test/unit/services/cache_service_test.dart: cache stats expected keys should include all expected stat keys                                                 00:04 +353: /Users/engammar/Apps/silni_app/test/unit/services/cache_service_test.dart: active schedules filter logic should filter only active schedules                                               00:04 +354: /Users/engammar/Apps/silni_app/test/unit/services/cache_service_test.dart: active schedules filter logic should filter only active schedules                                               00:04 +354: /Users/engammar/Apps/silni_app/test/unit/services/cache_service_test.dart: active schedules filter logic should filter by user ID and active status                                        00:04 +355: /Users/engammar/Apps/silni_app/test/unit/services/cache_service_test.dart: active schedules filter logic should filter by user ID and active status                                        00:04 +355: /Users/engammar/Apps/silni_app/test/unit/services/cache_service_test.dart: relatives filter logic should filter out archived relatives                                                     00:04 +356: /Users/engammar/Apps/silni_app/test/unit/services/cache_service_test.dart: relatives filter logic should filter out archived relatives                                                     00:04 +356: /Users/engammar/Apps/silni_app/test/unit/services/cache_service_test.dart: relatives filter logic should filter by user ID                                                                 00:04 +357: /Users/engammar/Apps/silni_app/test/unit/services/cache_service_test.dart: relatives filter logic should filter by user ID                                                                 00:04 +357: /Users/engammar/Apps/silni_app/test/unit/services/cache_service_test.dart: relatives filter logic should combine filters correctly                                                         00:04 +358: /Users/engammar/Apps/silni_app/test/unit/services/cache_service_test.dart: relatives filter logic should combine filters correctly                                                         00:04 +358: loading /Users/engammar/Apps/silni_app/test/unit/services/hadith_service_test.dart                                                                                                         00:04 +358: /Users/engammar/Apps/silni_app/test/unit/services/hadith_service_test.dart: HadithService defaultHadith should have 8 default hadith entries                                               00:04 +359: /Users/engammar/Apps/silni_app/test/unit/services/hadith_service_test.dart: HadithService defaultHadith should have 8 default hadith entries                                               00:04 +359: /Users/engammar/Apps/silni_app/test/unit/services/hadith_service_test.dart: HadithService defaultHadith should have valid structure for all entries                                        00:04 +360: /Users/engammar/Apps/silni_app/test/unit/services/hadith_service_test.dart: HadithService defaultHadith should have valid structure for all entries                                        00:04 +360: /Users/engammar/Apps/silni_app/test/unit/services/hadith_service_test.dart: HadithService defaultHadith should have arabicText for all entries                                             00:04 +361: /Users/engammar/Apps/silni_app/test/unit/services/hadith_service_test.dart: HadithService defaultHadith should have arabicText for all entries                                             00:04 +361: /Users/engammar/Apps/silni_app/test/unit/services/hadith_service_test.dart: HadithService defaultHadith should have englishTranslation for all entries                                     00:04 +362: /Users/engammar/Apps/silni_app/test/unit/services/hadith_service_test.dart: HadithService defaultHadith should have englishTranslation for all entries                                     00:04 +362: /Users/engammar/Apps/silni_app/test/unit/services/hadith_service_test.dart: HadithService defaultHadith should have topic set to silat_rahim for all entries                               00:04 +363: /Users/engammar/Apps/silni_app/test/unit/services/hadith_service_test.dart: HadithService defaultHadith should have topic set to silat_rahim for all entries                               00:04 +363: /Users/engammar/Apps/silni_app/test/unit/services/hadith_service_test.dart: HadithService defaultHadith should all be marked as authentic                                                  00:04 +364: /Users/engammar/Apps/silni_app/test/unit/services/hadith_service_test.dart: HadithService defaultHadith should all be marked as authentic                                                  00:04 +364: /Users/engammar/Apps/silni_app/test/unit/services/hadith_service_test.dart: HadithService defaultHadith should have unique display orders                                                  00:04 +365: /Users/engammar/Apps/silni_app/test/unit/services/hadith_service_test.dart: HadithService defaultHadith should have unique display orders                                                  00:04 +365: /Users/engammar/Apps/silni_app/test/unit/services/hadith_service_test.dart: HadithService defaultHadith should have display orders from 1 to 8                                             00:04 +366: /Users/engammar/Apps/silni_app/test/unit/services/hadith_service_test.dart: HadithService defaultHadith should have display orders from 1 to 8                                             00:04 +366: /Users/engammar/Apps/silni_app/test/unit/services/hadith_service_test.dart: HadithService defaultHadith should contain both hadith and quote types                                         00:04 +367: /Users/engammar/Apps/silni_app/test/unit/services/hadith_service_test.dart: HadithService defaultHadith should contain both hadith and quote types                                         00:04 +367: /Users/engammar/Apps/silni_app/test/unit/services/hadith_service_test.dart: HadithService defaultHadith should have 4 hadith entries                                                       00:04 +368: /Users/engammar/Apps/silni_app/test/unit/services/hadith_service_test.dart: HadithService defaultHadith should have 4 hadith entries                                                       00:04 +368: /Users/engammar/Apps/silni_app/test/unit/services/hadith_service_test.dart: HadithService defaultHadith should have 4 quote entries                                                        00:04 +369: /Users/engammar/Apps/silni_app/test/unit/services/hadith_service_test.dart: HadithService defaultHadith should have 4 quote entries                                                        00:04 +369: /Users/engammar/Apps/silni_app/test/unit/services/hadith_service_test.dart: HadithService defaultHadith hadith entries should have narrator                                                00:04 +370: /Users/engammar/Apps/silni_app/test/unit/services/hadith_service_test.dart: HadithService defaultHadith hadith entries should have narrator                                                00:04 +370: /Users/engammar/Apps/silni_app/test/unit/services/hadith_service_test.dart: HadithService defaultHadith quote entries should have scholar                                                  00:04 +371: /Users/engammar/Apps/silni_app/test/unit/services/hadith_service_test.dart: HadithService defaultHadith quote entries should have scholar                                                  00:04 +371: /Users/engammar/Apps/silni_app/test/unit/services/hadith_service_test.dart: HadithService defaultHadith should contain صحيح البخاري as source                                              00:04 +372: /Users/engammar/Apps/silni_app/test/unit/services/hadith_service_test.dart: HadithService defaultHadith should contain صحيح البخاري as source                                              00:04 +372: /Users/engammar/Apps/silni_app/test/unit/services/hadith_service_test.dart: HadithService defaultHadith should have references for all Bukhari hadith                                      00:04 +373: /Users/engammar/Apps/silni_app/test/unit/services/hadith_service_test.dart: HadithService defaultHadith should have references for all Bukhari hadith                                      00:04 +373: /Users/engammar/Apps/silni_app/test/unit/services/hadith_service_test.dart: HadithService fallback rotation logic should calculate correct index for January 1st                           00:04 +374: /Users/engammar/Apps/silni_app/test/unit/services/hadith_service_test.dart: HadithService fallback rotation logic should calculate correct index for January 1st                           00:04 +374: /Users/engammar/Apps/silni_app/test/unit/services/hadith_service_test.dart: HadithService fallback rotation logic should calculate correct index for January 2nd                           00:04 +375: /Users/engammar/Apps/silni_app/test/unit/services/hadith_service_test.dart: HadithService fallback rotation logic should calculate correct index for January 2nd                           00:04 +375: /Users/engammar/Apps/silni_app/test/unit/services/hadith_service_test.dart: HadithService fallback rotation logic should wrap around after 8 days                                          00:04 +376: /Users/engammar/Apps/silni_app/test/unit/services/hadith_service_test.dart: HadithService fallback rotation logic should wrap around after 8 days                                          00:04 +376: /Users/engammar/Apps/silni_app/test/unit/services/hadith_service_test.dart: HadithService fallback rotation logic should cycle through all 8 hadith in a week+1                            00:04 +377: /Users/engammar/Apps/silni_app/test/unit/services/hadith_service_test.dart: HadithService fallback rotation logic should cycle through all 8 hadith in a week+1                            00:04 +377: /Users/engammar/Apps/silni_app/test/unit/services/hadith_service_test.dart: HadithService fallback rotation logic should return same index for same day                                    00:04 +378: /Users/engammar/Apps/silni_app/test/unit/services/hadith_service_test.dart: HadithService fallback rotation logic should return same index for same day                                    00:04 +378: /Users/engammar/Apps/silni_app/test/unit/services/hadith_service_test.dart: HadithService fallback rotation logic should return different index for different days                         00:04 +379: /Users/engammar/Apps/silni_app/test/unit/services/hadith_service_test.dart: HadithService fallback rotation logic should return different index for different days                         00:04 +379: /Users/engammar/Apps/silni_app/test/unit/services/hadith_service_test.dart: HadithService fallback rotation logic should handle leap year                                                  00:04 +380: /Users/engammar/Apps/silni_app/test/unit/services/hadith_service_test.dart: HadithService fallback rotation logic should handle leap year                                                  00:04 +380: /Users/engammar/Apps/silni_app/test/unit/services/hadith_service_test.dart: HadithService fallback rotation logic should produce valid indices throughout the year                         00:04 +381: /Users/engammar/Apps/silni_app/test/unit/services/hadith_service_test.dart: HadithService fallback rotation logic should produce valid indices throughout the year                         00:04 +381: /Users/engammar/Apps/silni_app/test/unit/services/hadith_service_test.dart: HadithService Hadith.fromMap with default data should create Hadith from first default entry                   00:04 +382: /Users/engammar/Apps/silni_app/test/unit/services/hadith_service_test.dart: HadithService Hadith.fromMap with default data should create Hadith from first default entry                   00:04 +382: /Users/engammar/Apps/silni_app/test/unit/services/hadith_service_test.dart: HadithService Hadith.fromMap with default data should create Hadith from quote entry                           00:04 +383: /Users/engammar/Apps/silni_app/test/unit/services/hadith_service_test.dart: HadithService Hadith.fromMap with default data should create Hadith from quote entry                           00:04 +383: /Users/engammar/Apps/silni_app/test/unit/services/hadith_service_test.dart: HadithService Hadith.fromMap with default data should create all 8 default hadith successfully                 00:04 +384: /Users/engammar/Apps/silni_app/test/unit/services/hadith_service_test.dart: HadithService Hadith.fromMap with default data should create all 8 default hadith successfully                 00:04 +384: /Users/engammar/Apps/silni_app/test/unit/services/hadith_service_test.dart: HadithService content validation all default hadith should contain Prophet reference ﷺ or Imam                 00:04 +385: /Users/engammar/Apps/silni_app/test/unit/services/hadith_service_test.dart: HadithService content validation all default hadith should contain Prophet reference ﷺ or Imam                 00:04 +385: /Users/engammar/Apps/silni_app/test/unit/services/hadith_service_test.dart: HadithService content validation all hadith entries should reference Prophet ﷺ                                 00:04 +386: /Users/engammar/Apps/silni_app/test/unit/services/hadith_service_test.dart: HadithService content validation all hadith entries should reference Prophet ﷺ                                 00:04 +386: /Users/engammar/Apps/silni_app/test/unit/services/hadith_service_test.dart: HadithService content validation all quote entries should reference Imam                                       00:04 +387: /Users/engammar/Apps/silni_app/test/unit/services/hadith_service_test.dart: HadithService content validation all quote entries should reference Imam                                       00:04 +387: /Users/engammar/Apps/silni_app/test/unit/services/hadith_service_test.dart: HadithService content validation all entries should have family ties theme                                     00:04 +388: /Users/engammar/Apps/silni_app/test/unit/services/hadith_service_test.dart: HadithService content validation all entries should have family ties theme                                     00:04 +388: /Users/engammar/Apps/silni_app/test/unit/services/hadith_service_test.dart: HadithService content validation English translations should not be empty                                      00:04 +389: /Users/engammar/Apps/silni_app/test/unit/services/hadith_service_test.dart: HadithService content validation English translations should not be empty                                      00:04 +389: /Users/engammar/Apps/silni_app/test/unit/services/hadith_service_test.dart: HadithService content validation Arabic text should be longer than English translation                         00:04 +390: /Users/engammar/Apps/silni_app/test/unit/services/hadith_service_test.dart: HadithService content validation Arabic text should be longer than English translation                         00:04 +390: /Users/engammar/Apps/silni_app/test/unit/services/hadith_service_test.dart: HadithService scholar and narrator validation hadith entries should have recognized narrators                  00:04 +391: /Users/engammar/Apps/silni_app/test/unit/services/hadith_service_test.dart: HadithService scholar and narrator validation hadith entries should have recognized narrators                  00:04 +391: /Users/engammar/Apps/silni_app/test/unit/services/hadith_service_test.dart: HadithService scholar and narrator validation quote entries should have recognized scholars                    00:04 +392: /Users/engammar/Apps/silni_app/test/unit/services/hadith_service_test.dart: HadithService scholar and narrator validation quote entries should have recognized scholars                    00:04 +392: /Users/engammar/Apps/silni_app/test/unit/services/hadith_service_test.dart: HadithService source validation should have authentic sources                                                  00:04 +393: /Users/engammar/Apps/silni_app/test/unit/services/hadith_service_test.dart: HadithService source validation should have authentic sources                                                  00:04 +393: /Users/engammar/Apps/silni_app/test/unit/services/hadith_service_test.dart: HadithService source validation Bukhari hadith should have numeric references                                  00:04 +394: /Users/engammar/Apps/silni_app/test/unit/services/hadith_service_test.dart: HadithService source validation Bukhari hadith should have numeric references                                  00:04 +394: /Users/engammar/Apps/silni_app/test/unit/services/hadith_service_test.dart: HadithService edge cases should handle empty default hadith list gracefully                                    00:04 +395: /Users/engammar/Apps/silni_app/test/unit/services/hadith_service_test.dart: HadithService edge cases should handle empty default hadith list gracefully                                    00:04 +395: /Users/engammar/Apps/silni_app/test/unit/services/hadith_service_test.dart: HadithService edge cases should handle single item in list                                                     00:04 +396: /Users/engammar/Apps/silni_app/test/unit/services/notification_history_service_test.dart: ... Logic Tests NotificationHistoryItem model should create from JSON correctly                  00:04 +397: /Users/engammar/Apps/silni_app/test/unit/services/notification_history_service_test.dart: ... Logic Tests NotificationHistoryItem model should create from JSON correctly                  00:04 +398: /Users/engammar/Apps/silni_app/test/unit/services/reminder_schedules_service_test.dart: ReminderSchedulesService Logic Tests schedule filtering should filter schedules by user ID         00:04 +399: /Users/engammar/Apps/silni_app/test/unit/services/reminder_schedules_service_test.dart: ReminderSchedulesService Logic Tests schedule filtering should filter schedules by user ID         00:04 +400: /Users/engammar/Apps/silni_app/test/unit/services/reminder_schedules_service_test.dart: ReminderSchedulesService Logic Tests schedule filtering should filter schedules by user ID         00:04 +401: /Users/engammar/Apps/silni_app/test/unit/services/notification_history_service_test.dart: NotificationHistoryService Logic Tests NotificationHistoryItem model should copyWith correctly   00:04 +402: /Users/engammar/Apps/silni_app/test/unit/services/notification_history_service_test.dart: NotificationHistoryService Logic Tests NotificationHistoryItem model should copyWith correctly   00:04 +402: /Users/engammar/Apps/silni_app/test/unit/services/reminder_schedules_service_test.dart: ... Logic Tests schedule filtering should return empty list when no matching user                  00:04 +403: /Users/engammar/Apps/silni_app/test/unit/services/notification_history_service_test.dart: NotificationHistoryService Logic Tests NotificationHistoryItem model should have correct equality00:04 +404: /Users/engammar/Apps/silni_app/test/unit/services/reminder_schedules_service_test.dart: ReminderSchedulesService Logic Tests schedule filtering should filter only active schedules        00:04 +405: /Users/engammar/Apps/silni_app/test/unit/services/notification_history_service_test.dart: ... Logic Tests NotificationHistoryItem model should have correct inequality                     00:04 +406: /Users/engammar/Apps/silni_app/test/unit/services/notification_history_service_test.dart: ... Logic Tests NotificationHistoryItem model should have correct inequality                     00:04 +406: /Users/engammar/Apps/silni_app/test/unit/services/notification_history_service_test.dart: ... Logic Tests notification type labels reminder type should return Arabic label                00:04 +407: /Users/engammar/Apps/silni_app/test/unit/services/reminder_schedules_service_test.dart: ReminderSchedulesService Logic Tests schedule filtering should filter schedules by frequency       00:04 +408: /Users/engammar/Apps/silni_app/test/unit/services/notification_history_service_test.dart: ... Logic Tests notification type labels achievement type should return Arabic label             00:04 +409: /Users/engammar/Apps/silni_app/test/unit/services/reminder_schedules_service_test.dart: ... Logic Tests schedule sorting should sort schedules by created_at descending                    00:04 +410: /Users/engammar/Apps/silni_app/test/unit/services/reminder_schedules_service_test.dart: ... Logic Tests schedule sorting should sort schedules by created_at descending                    00:04 +411: /Users/engammar/Apps/silni_app/test/unit/services/reminder_schedules_service_test.dart: ... Logic Tests schedule sorting should sort schedules by created_at descending                    00:04 +411: /Users/engammar/Apps/silni_app/test/unit/services/notification_history_service_test.dart: ... Logic Tests notification type labels streak type should return Arabic label                  00:04 +412: /Users/engammar/Apps/silni_app/test/unit/services/reminder_schedules_service_test.dart: ReminderSchedulesService Logic Tests schedule sorting should handle same creation date             00:04 +413: /Users/engammar/Apps/silni_app/test/unit/services/reminder_schedules_service_test.dart: ReminderSchedulesService Logic Tests schedule sorting should handle same creation date             00:04 +413: /Users/engammar/Apps/silni_app/test/unit/services/notification_history_service_test.dart: ... Logic Tests notification type labels unknown type should return default Arabic label         00:04 +414: /Users/engammar/Apps/silni_app/test/unit/services/notification_history_service_test.dart: ... Logic Tests notification type labels unknown type should return default Arabic label         00:04 +415: /Users/engammar/Apps/silni_app/test/unit/services/reminder_schedules_service_test.dart: ... Logic Tests relative IDs management should append new relatives to existing                    00:04 +416: /Users/engammar/Apps/silni_app/test/unit/services/notification_history_service_test.dart: ... Logic Tests notification type icons reminder type should return bell icon                    00:04 +417: /Users/engammar/Apps/silni_app/test/unit/services/reminder_schedules_service_test.dart: ReminderSchedulesService Logic Tests relative IDs management should remove relative from list      00:04 +418: /Users/engammar/Apps/silni_app/test/unit/services/reminder_schedules_service_test.dart: ReminderSchedulesService Logic Tests relative IDs management should remove relative from list      00:04 +419: /Users/engammar/Apps/silni_app/test/unit/services/reminder_schedules_service_test.dart: ReminderSchedulesService Logic Tests relative IDs management should remove relative from list      00:04 +419: /Users/engammar/Apps/silni_app/test/unit/services/reminder_schedules_service_test.dart: ... Logic Tests relative IDs management should handle removing non-existent relative               00:04 +420: /Users/engammar/Apps/silni_app/test/unit/services/notification_history_service_test.dart: ... Logic Tests notification type icons announcement type should return megaphone icon           00:04 +421: /Users/engammar/Apps/silni_app/test/unit/services/notification_history_service_test.dart: ... Logic Tests notification type icons announcement type should return megaphone icon           00:04 +421: /Users/engammar/Apps/silni_app/test/unit/services/notification_history_service_test.dart: ... Logic Tests notification type icons streak type should return fire icon                      00:04 +422: /Users/engammar/Apps/silni_app/test/unit/services/reminder_schedules_service_test.dart: ReminderSchedulesService Logic Tests relative IDs management should handle removing from empty list00:04 +423: /Users/engammar/Apps/silni_app/test/unit/services/reminder_schedules_service_test.dart: ReminderSchedulesService Logic Tests relative IDs management should handle removing from empty list00:04 +423: /Users/engammar/Apps/silni_app/test/unit/services/notification_history_service_test.dart: ... Logic Tests notification type icons unknown type should return mailbox icon                  00:04 +424: /Users/engammar/Apps/silni_app/test/unit/services/notification_history_service_test.dart: ... Logic Tests notification type icons unknown type should return mailbox icon                  00:04 +425: /Users/engammar/Apps/silni_app/test/unit/services/reminder_schedules_service_test.dart: ReminderSchedulesService Logic Tests shouldFireToday logic daily schedule should always fire       00:04 +426: /Users/engammar/Apps/silni_app/test/unit/services/notification_history_service_test.dart: NotificationHistoryService Logic Tests unread count logic should return 0 for empty list         00:04 +427: /Users/engammar/Apps/silni_app/test/unit/services/reminder_schedules_service_test.dart: ... Logic Tests shouldFireToday logic weekly schedule without custom days should fire              00:04 +428: /Users/engammar/Apps/silni_app/test/unit/services/notification_history_service_test.dart: NotificationHistoryService Logic Tests unread count logic should return 0 when all are read      00:04 +429: /Users/engammar/Apps/silni_app/test/unit/services/notification_history_service_test.dart: NotificationHistoryService Logic Tests unread count logic should return 0 when all are read      00:04 +430: /Users/engammar/Apps/silni_app/test/unit/services/notification_history_service_test.dart: NotificationHistoryService Logic Tests unread count logic should return 0 when all are read      00:04 +430: /Users/engammar/Apps/silni_app/test/unit/services/notification_history_service_test.dart: NotificationHistoryService Logic Tests unread count logic should count unread correctly          00:04 +431: /Users/engammar/Apps/silni_app/test/unit/services/notification_history_service_test.dart: NotificationHistoryService Logic Tests unread count logic should count unread correctly          00:04 +432: /Users/engammar/Apps/silni_app/test/unit/services/notification_history_service_test.dart: NotificationHistoryService Logic Tests unread count logic should count unread correctly          00:04 +432: /Users/engammar/Apps/silni_app/test/unit/services/notification_history_service_test.dart: NotificationHistoryService Logic Tests unread count logic should return total when none are read 00:04 +433: /Users/engammar/Apps/silni_app/test/unit/services/reminder_schedules_service_test.dart: ... Logic Tests shouldFireToday logic monthly schedule on matching day should fire                 00:04 +434: /Users/engammar/Apps/silni_app/test/unit/services/reminder_schedules_service_test.dart: ... Logic Tests shouldFireToday logic monthly schedule on matching day should fire                 00:04 +434: /Users/engammar/Apps/silni_app/test/unit/services/notification_history_service_test.dart: NotificationHistoryService Logic Tests notification filtering should filter by user ID           00:04 +435: /Users/engammar/Apps/silni_app/test/unit/services/notification_history_service_test.dart: NotificationHistoryService Logic Tests notification filtering should filter by user ID           00:04 +436: /Users/engammar/Apps/silni_app/test/unit/services/notification_history_service_test.dart: NotificationHistoryService Logic Tests notification filtering should filter by user ID           00:04 +436: /Users/engammar/Apps/silni_app/test/unit/services/notification_history_service_test.dart: NotificationHistoryService Logic Tests notification filtering should filter by notification type 00:04 +437: /Users/engammar/Apps/silni_app/test/unit/services/reminder_schedules_service_test.dart: ... Logic Tests shouldFireToday logic monthly schedule without day should not fire                 00:04 +438: /Users/engammar/Apps/silni_app/test/unit/services/reminder_schedules_service_test.dart: ... Logic Tests shouldFireToday logic monthly schedule without day should not fire                 00:04 +438: /Users/engammar/Apps/silni_app/test/unit/services/notification_history_service_test.dart: NotificationHistoryService Logic Tests notification filtering should filter by read status       00:04 +439: /Users/engammar/Apps/silni_app/test/unit/services/reminder_schedules_service_test.dart: ... Logic Tests shouldFireToday logic friday schedule should fire only on friday                   00:04 +440: /Users/engammar/Apps/silni_app/test/unit/services/reminder_schedules_service_test.dart: ... Logic Tests shouldFireToday logic friday schedule should fire only on friday                   00:04 +440: /Users/engammar/Apps/silni_app/test/unit/services/notification_history_service_test.dart: NotificationHistoryService Logic Tests notification sorting should sort by sent_at descending    00:04 +441: /Users/engammar/Apps/silni_app/test/unit/services/notification_history_service_test.dart: NotificationHistoryService Logic Tests notification sorting should sort by sent_at descending    00:04 +442: /Users/engammar/Apps/silni_app/test/unit/services/reminder_schedules_service_test.dart: ReminderSchedulesService Logic Tests ReminderFrequency enum should parse frequency from string     00:04 +443: /Users/engammar/Apps/silni_app/test/unit/services/notification_history_service_test.dart: NotificationHistoryService Logic Tests notification sorting should handle same timestamp         00:04 +444: /Users/engammar/Apps/silni_app/test/unit/services/reminder_schedules_service_test.dart: ... Logic Tests ReminderFrequency enum should default to custom for unknown string                 00:04 +445: /Users/engammar/Apps/silni_app/test/unit/services/notification_history_service_test.dart: NotificationHistoryService Logic Tests notification status should recognize sent status          00:04 +446: /Users/engammar/Apps/silni_app/test/unit/services/notification_history_service_test.dart: NotificationHistoryService Logic Tests notification status should recognize sent status          00:04 +446: /Users/engammar/Apps/silni_app/test/unit/services/reminder_schedules_service_test.dart: ReminderSchedulesService Logic Tests ReminderFrequency enum should have correct values             00:04 +447: /Users/engammar/Apps/silni_app/test/unit/services/notification_history_service_test.dart: NotificationHistoryService Logic Tests notification status should recognize delivered status     00:04 +448: /Users/engammar/Apps/silni_app/test/unit/services/notification_history_service_test.dart: NotificationHistoryService Logic Tests notification status should recognize delivered status     00:04 +448: /Users/engammar/Apps/silni_app/test/unit/services/notification_history_service_test.dart: NotificationHistoryService Logic Tests notification status should recognize failed status        00:04 +449: /Users/engammar/Apps/silni_app/test/unit/services/reminder_schedules_service_test.dart: ReminderSchedulesService Logic Tests ReminderFrequency enum should have Arabic names               00:04 +450: /Users/engammar/Apps/silni_app/test/unit/services/notification_history_service_test.dart: NotificationHistoryService Logic Tests notification status should have valid statuses            00:04 +451: /Users/engammar/Apps/silni_app/test/unit/services/reminder_schedules_service_test.dart: ReminderSchedulesService Logic Tests ReminderFrequency enum should have emojis                     00:04 +452: /Users/engammar/Apps/silni_app/test/unit/services/notification_history_service_test.dart: NotificationHistoryService Logic Tests notification data payload should store relative_id in data00:04 +453: /Users/engammar/Apps/silni_app/test/unit/services/reminder_schedules_service_test.dart: ReminderSchedulesService Logic Tests schedule description daily description should include time    00:04 +454: /Users/engammar/Apps/silni_app/test/unit/services/notification_history_service_test.dart: NotificationHistoryService Logic Tests notification data payload should store schedule_id in data00:04 +455: /Users/engammar/Apps/silni_app/test/unit/services/reminder_schedules_service_test.dart: ... Logic Tests schedule description weekly description with custom days should list days          00:04 +456: /Users/engammar/Apps/silni_app/test/unit/services/notification_history_service_test.dart: ... Logic Tests notification data payload should store multiple data fields                      00:04 +457: /Users/engammar/Apps/silni_app/test/unit/services/notification_history_service_test.dart: ... Logic Tests notification data payload should store multiple data fields                      00:04 +457: /Users/engammar/Apps/silni_app/test/unit/services/notification_history_service_test.dart: NotificationHistoryService Logic Tests notification data payload should handle null data         00:04 +458: /Users/engammar/Apps/silni_app/test/unit/services/reminder_schedules_service_test.dart: ReminderSchedulesService Logic Tests schedule description weekly description without custom days   00:04 +459: /Users/engammar/Apps/silni_app/test/unit/services/reminder_schedules_service_test.dart: ReminderSchedulesService Logic Tests schedule description weekly description without custom days   00:04 +459: /Users/engammar/Apps/silni_app/test/unit/services/notification_history_service_test.dart: ... Logic Tests mark as read logic marking as read should change isRead to true                  00:04 +460: /Users/engammar/Apps/silni_app/test/unit/services/reminder_schedules_service_test.dart: ... Logic Tests schedule description monthly description should include day of month               00:04 +461: /Users/engammar/Apps/silni_app/test/unit/services/reminder_schedules_service_test.dart: ... Logic Tests schedule description monthly description should include day of month               00:04 +461: /Users/engammar/Apps/silni_app/test/unit/services/notification_history_service_test.dart: ... Logic Tests mark as read logic mark all as read should update all unread                     00:04 +462: /Users/engammar/Apps/silni_app/test/unit/services/notification_history_service_test.dart: ... Logic Tests mark as read logic mark all as read should update all unread                     00:04 +463: /Users/engammar/Apps/silni_app/test/unit/services/reminder_schedules_service_test.dart: ReminderSchedulesService Logic Tests schedule description custom description                       00:04 +464: /Users/engammar/Apps/silni_app/test/unit/services/notification_history_service_test.dart: NotificationHistoryService Logic Tests date formatting should parse ISO date string              00:04 +465: /Users/engammar/Apps/silni_app/test/unit/services/notification_history_service_test.dart: NotificationHistoryService Logic Tests date formatting should parse ISO date string              00:04 +466: /Users/engammar/Apps/silni_app/test/unit/services/reminder_schedules_service_test.dart: ReminderSchedulesService Logic Tests JSON conversion should convert schedule to JSON correctly     00:04 +467: /Users/engammar/Apps/silni_app/test/unit/services/notification_history_service_test.dart: NotificationHistoryService Logic Tests date formatting should convert date to ISO string         00:04 +468: /Users/engammar/Apps/silni_app/test/unit/services/reminder_schedules_service_test.dart: ReminderSchedulesService Logic Tests JSON conversion should parse schedule from JSON correctly     00:04 +469: /Users/engammar/Apps/silni_app/test/unit/services/reminder_schedules_service_test.dart: ReminderSchedulesService Logic Tests JSON conversion should parse schedule from JSON correctly     00:04 +470: /Users/engammar/Apps/silni_app/test/unit/services/notification_history_service_test.dart: NotificationHistoryService Logic Tests UI helpers badge count display                            00:04 +471: /Users/engammar/Apps/silni_app/test/unit/services/reminder_schedules_service_test.dart: ReminderSchedulesService Logic Tests JSON conversion should handle null relative_ids in JSON       00:04 +472: /Users/engammar/Apps/silni_app/test/unit/services/notification_history_service_test.dart: NotificationHistoryService Logic Tests edge cases should handle empty title and body             00:04 +473: /Users/engammar/Apps/silni_app/test/unit/services/reminder_schedules_service_test.dart: ReminderSchedulesService Logic Tests copyWith should copy with single field change                 00:04 +474: /Users/engammar/Apps/silni_app/test/unit/services/notification_history_service_test.dart: NotificationHistoryService Logic Tests edge cases should handle very long title                  00:04 +475: /Users/engammar/Apps/silni_app/test/unit/services/notification_history_service_test.dart: NotificationHistoryService Logic Tests edge cases should handle very long title                  00:04 +475: /Users/engammar/Apps/silni_app/test/unit/services/reminder_schedules_service_test.dart: ReminderSchedulesService Logic Tests copyWith should copy with multiple field changes              00:04 +476: /Users/engammar/Apps/silni_app/test/unit/services/notification_history_service_test.dart: NotificationHistoryService Logic Tests edge cases should handle special characters in body       00:04 +477: /Users/engammar/Apps/silni_app/test/unit/services/reminder_schedules_service_test.dart: ReminderSchedulesService Logic Tests copyWith should not modify original when copying              00:04 +478: /Users/engammar/Apps/silni_app/test/unit/services/notification_history_service_test.dart: NotificationHistoryService Logic Tests edge cases should handle future dates                     00:04 +479: /Users/engammar/Apps/silni_app/test/unit/services/reminder_schedules_service_test.dart: ReminderSchedulesService Logic Tests ReminderTemplate should have 4 predefined templates           00:04 +480: /Users/engammar/Apps/silni_app/test/unit/services/notification_history_service_test.dart: NotificationHistoryService Logic Tests edge cases should handle very old dates                   00:04 +481: /Users/engammar/Apps/silni_app/test/unit/services/notification_history_service_test.dart: NotificationHistoryService Logic Tests edge cases should handle very old dates                   00:04 +482: /Users/engammar/Apps/silni_app/test/unit/services/reminder_schedules_service_test.dart: ReminderSchedulesService Logic Tests ReminderTemplate should have weekly template                  00:04 +483: /Users/engammar/Apps/silni_app/test/unit/services/notification_history_service_test.dart: NotificationHistoryService Logic Tests batch operations should handle marking multiple as read   00:04 +484: /Users/engammar/Apps/silni_app/test/unit/services/reminder_schedules_service_test.dart: ReminderSchedulesService Logic Tests ReminderTemplate should have monthly template                 00:04 +485: /Users/engammar/Apps/silni_app/test/unit/services/notification_history_service_test.dart: NotificationHistoryService Logic Tests batch operations should handle deleting from list         00:04 +486: /Users/engammar/Apps/silni_app/test/unit/services/reminder_schedules_service_test.dart: ReminderSchedulesService Logic Tests ReminderTemplate should have friday template                  00:04 +487: /Users/engammar/Apps/silni_app/test/unit/services/reminder_schedules_service_test.dart: ReminderSchedulesService Logic Tests ReminderTemplate should have friday template                  00:04 +487: /Users/engammar/Apps/silni_app/test/unit/services/reminder_schedules_service_test.dart: ReminderSchedulesService Logic Tests ReminderTemplate all templates should have descriptions       00:04 +488: /Users/engammar/Apps/silni_app/test/unit/services/reminder_schedules_service_test.dart: ReminderSchedulesService Logic Tests ReminderTemplate all templates should have descriptions       00:04 +488: /Users/engammar/Apps/silni_app/test/unit/services/reminder_schedules_service_test.dart: ReminderSchedulesService Logic Tests DueRelativeWithFrequencies should detect Friday reminder      00:04 +489: /Users/engammar/Apps/silni_app/test/unit/services/reminder_schedules_service_test.dart: ReminderSchedulesService Logic Tests DueRelativeWithFrequencies should detect Friday reminder      00:04 +489: /Users/engammar/Apps/silni_app/test/unit/services/reminder_schedules_service_test.dart: ... Logic Tests DueRelativeWithFrequencies should not detect Friday when not included              00:04 +490: /Users/engammar/Apps/silni_app/test/unit/services/reminder_schedules_service_test.dart: ... Logic Tests DueRelativeWithFrequencies should not detect Friday when not included              00:04 +490: /Users/engammar/Apps/silni_app/test/unit/services/reminder_schedules_service_test.dart: ... Logic Tests DueRelativeWithFrequencies should sort frequencies with Friday first               00:04 +491: /Users/engammar/Apps/silni_app/test/unit/services/reminder_schedules_service_test.dart: ... Logic Tests DueRelativeWithFrequencies should sort frequencies with Friday first               00:04 +491: /Users/engammar/Apps/silni_app/test/unit/services/reminder_schedules_service_test.dart: ReminderSchedulesService Logic Tests time format should accept valid time formats                  00:04 +492: /Users/engammar/Apps/silni_app/test/unit/services/reminder_schedules_service_test.dart: ReminderSchedulesService Logic Tests time format should accept valid time formats                  00:04 +492: /Users/engammar/Apps/silni_app/test/unit/services/reminder_schedules_service_test.dart: ReminderSchedulesService Logic Tests time format should validate time format pattern               00:04 +493: /Users/engammar/Apps/silni_app/test/unit/services/reminder_schedules_service_test.dart: ReminderSchedulesService Logic Tests time format should validate time format pattern               00:04 +493: /Users/engammar/Apps/silni_app/test/unit/services/reminder_schedules_service_test.dart: ReminderSchedulesService Logic Tests edge cases should handle empty relative IDs list              00:04 +494: /Users/engammar/Apps/silni_app/test/unit/services/reminder_schedules_service_test.dart: ReminderSchedulesService Logic Tests edge cases should handle empty relative IDs list              00:04 +494: /Users/engammar/Apps/silni_app/test/unit/services/reminder_schedules_service_test.dart: ReminderSchedulesService Logic Tests edge cases should handle many relative IDs                    00:04 +495: /Users/engammar/Apps/silni_app/test/unit/services/reminder_schedules_service_test.dart: ReminderSchedulesService Logic Tests edge cases should handle many relative IDs                    00:04 +495: /Users/engammar/Apps/silni_app/test/unit/services/reminder_schedules_service_test.dart: ReminderSchedulesService Logic Tests edge cases should handle empty custom days                    00:04 +496: /Users/engammar/Apps/silni_app/test/unit/services/reminder_schedules_service_test.dart: ReminderSchedulesService Logic Tests edge cases should handle empty custom days                    00:04 +496: /Users/engammar/Apps/silni_app/test/unit/services/reminder_schedules_service_test.dart: ReminderSchedulesService Logic Tests edge cases should handle all days selected                    00:04 +497: /Users/engammar/Apps/silni_app/test/unit/services/reminder_schedules_service_test.dart: ReminderSchedulesService Logic Tests edge cases should handle all days selected                    00:04 +497: /Users/engammar/Apps/silni_app/test/unit/services/reminder_schedules_service_test.dart: ReminderSchedulesService Logic Tests edge cases should handle last day of month                    00:04 +498: /Users/engammar/Apps/silni_app/test/unit/services/reminder_schedules_service_test.dart: ReminderSchedulesService Logic Tests edge cases should handle last day of month                    00:05 +498: /Users/engammar/Apps/silni_app/test/unit/services/reminder_schedules_service_test.dart: ReminderSchedulesService Logic Tests edge cases should handle last day of month                    00:05 +498: loading /Users/engammar/Apps/silni_app/test/unit/services/offline_queue_service_test.dart                                                                                                  00:05 +498: /Users/engammar/Apps/silni_app/test/unit/services/offline_queue_service_test.dart: OfflineQueueService singleton pattern should return same instance via instance getter                   00:05 +499: /Users/engammar/Apps/silni_app/test/unit/services/offline_queue_service_test.dart: OfflineQueueService singleton pattern should return same instance via instance getter                   00:05 +499: /Users/engammar/Apps/silni_app/test/unit/services/offline_queue_service_test.dart: OfflineQueueService initial state should have pendingCountStream                                        00:05 +500: /Users/engammar/Apps/silni_app/test/unit/services/offline_queue_service_test.dart: OfflineQueueService initial state should have pendingCountStream                                        00:05 +500: /Users/engammar/Apps/silni_app/test/unit/services/offline_queue_service_test.dart: OfflineQueueService initial state should have deadLetterCountStream                                     00:05 +501: /Users/engammar/Apps/silni_app/test/unit/services/offline_queue_service_test.dart: OfflineQueueService initial state should have deadLetterCountStream                                     00:05 +501: /Users/engammar/Apps/silni_app/test/unit/services/offline_queue_service_test.dart: OfflineQueueService service lifecycle should have initialize method                                     00:05 +502: /Users/engammar/Apps/silni_app/test/unit/services/offline_queue_service_test.dart: OfflineQueueService service lifecycle should have initialize method                                     00:05 +502: /Users/engammar/Apps/silni_app/test/unit/services/offline_queue_service_test.dart: OfflineQueueService service lifecycle should have enqueue method                                        00:05 +503: /Users/engammar/Apps/silni_app/test/unit/services/offline_queue_service_test.dart: OfflineQueueService service lifecycle should have enqueue method                                        00:05 +503: /Users/engammar/Apps/silni_app/test/unit/services/offline_queue_service_test.dart: OfflineQueueService service lifecycle should have peek method                                           00:05 +504: /Users/engammar/Apps/silni_app/test/unit/services/offline_queue_service_test.dart: OfflineQueueService service lifecycle should have peek method                                           00:05 +504: /Users/engammar/Apps/silni_app/test/unit/services/offline_queue_service_test.dart: OfflineQueueService service lifecycle should have dequeue method                                        00:05 +505: /Users/engammar/Apps/silni_app/test/unit/services/offline_queue_service_test.dart: OfflineQueueService service lifecycle should have dequeue method                                        00:05 +505: /Users/engammar/Apps/silni_app/test/unit/services/offline_queue_service_test.dart: OfflineQueueService service lifecycle should have processQueue method                                   00:05 +506: /Users/engammar/Apps/silni_app/test/unit/services/offline_queue_service_test.dart: OfflineQueueService service lifecycle should have processQueue method                                   00:05 +506: /Users/engammar/Apps/silni_app/test/unit/services/offline_queue_service_test.dart: OfflineQueueService service lifecycle should have getPendingOperations method                           00:05 +507: /Users/engammar/Apps/silni_app/test/unit/services/offline_queue_service_test.dart: OfflineQueueService service lifecycle should have getPendingOperations method                           00:05 +507: /Users/engammar/Apps/silni_app/test/unit/services/offline_queue_service_test.dart: OfflineQueueService service lifecycle should have getDeadLetterOperations method                        00:05 +508: /Users/engammar/Apps/silni_app/test/unit/services/offline_queue_service_test.dart: OfflineQueueService service lifecycle should have getDeadLetterOperations method                        00:05 +508: /Users/engammar/Apps/silni_app/test/unit/services/offline_queue_service_test.dart: OfflineQueueService service lifecycle should have getPendingCount method                                00:05 +509: /Users/engammar/Apps/silni_app/test/unit/services/offline_queue_service_test.dart: OfflineQueueService service lifecycle should have getPendingCount method                                00:05 +509: /Users/engammar/Apps/silni_app/test/unit/services/offline_queue_service_test.dart: OfflineQueueService service lifecycle should have getDeadLetterCount method                             00:05 +510: /Users/engammar/Apps/silni_app/test/unit/services/offline_queue_service_test.dart: OfflineQueueService service lifecycle should have getDeadLetterCount method                             00:05 +510: /Users/engammar/Apps/silni_app/test/unit/services/offline_queue_service_test.dart: OfflineQueueService service lifecycle should have retryDeadLetter method                                00:05 +511: /Users/engammar/Apps/silni_app/test/unit/services/offline_queue_service_test.dart: OfflineQueueService service lifecycle should have retryDeadLetter method                                00:05 +511: /Users/engammar/Apps/silni_app/test/unit/services/offline_queue_service_test.dart: OfflineQueueService service lifecycle should have clearDeadLetter method                                00:05 +512: /Users/engammar/Apps/silni_app/test/unit/services/offline_queue_service_test.dart: OfflineQueueService service lifecycle should have clearDeadLetter method                                00:05 +512: /Users/engammar/Apps/silni_app/test/unit/services/offline_queue_service_test.dart: OfflineQueueService service lifecycle should have clearAllDeadLetters method                            00:05 +513: /Users/engammar/Apps/silni_app/test/unit/services/offline_queue_service_test.dart: OfflineQueueService service lifecycle should have clearAllDeadLetters method                            00:05 +513: /Users/engammar/Apps/silni_app/test/unit/services/offline_queue_service_test.dart: OfflineQueueService service lifecycle should have clearAll method                                       00:05 +514: /Users/engammar/Apps/silni_app/test/unit/services/offline_queue_service_test.dart: OfflineQueueService service lifecycle should have clearAll method                                       00:05 +514: /Users/engammar/Apps/silni_app/test/unit/services/offline_queue_service_test.dart: OfflineQueueService service lifecycle should have dispose method                                        00:05 +515: /Users/engammar/Apps/silni_app/test/unit/services/offline_queue_service_test.dart: OfflineQueueService service lifecycle should have dispose method                                        00:05 +515: /Users/engammar/Apps/silni_app/test/unit/services/offline_queue_service_test.dart: OperationType enum should have 3 operation types                                                        00:05 +516: /Users/engammar/Apps/silni_app/test/unit/services/offline_queue_service_test.dart: OperationType enum should have 3 operation types                                                        00:05 +516: /Users/engammar/Apps/silni_app/test/unit/services/offline_queue_service_test.dart: OperationType enum should include all expected types                                                    00:05 +517: /Users/engammar/Apps/silni_app/test/unit/services/offline_queue_service_test.dart: OperationType enum should include all expected types                                                    00:05 +517: /Users/engammar/Apps/silni_app/test/unit/services/offline_queue_service_test.dart: OperationType enum create should have correct name                                                      00:05 +518: /Users/engammar/Apps/silni_app/test/unit/services/offline_queue_service_test.dart: OperationType enum create should have correct name                                                      00:05 +518: /Users/engammar/Apps/silni_app/test/unit/services/offline_queue_service_test.dart: OperationType enum update should have correct name                                                      00:05 +519: /Users/engammar/Apps/silni_app/test/unit/services/offline_queue_service_test.dart: OperationType enum update should have correct name                                                      00:05 +519: /Users/engammar/Apps/silni_app/test/unit/services/offline_queue_service_test.dart: OperationType enum delete should have correct name                                                      00:05 +520: /Users/engammar/Apps/silni_app/test/unit/services/offline_queue_service_test.dart: OperationType enum delete should have correct name                                                      00:05 +520: /Users/engammar/Apps/silni_app/test/unit/services/offline_queue_service_test.dart: OfflineOperation model should create operation with required fields                                     00:05 +521: /Users/engammar/Apps/silni_app/test/unit/services/offline_queue_service_test.dart: OfflineOperation model should create operation with required fields                                     00:05 +521: /Users/engammar/Apps/silni_app/test/unit/services/offline_queue_service_test.dart: OfflineOperation model should create operation with optional fields                                     00:05 +522: /Users/engammar/Apps/silni_app/test/unit/services/offline_queue_service_test.dart: OfflineOperation model should create operation with optional fields                                     00:05 +522: /Users/engammar/Apps/silni_app/test/unit/services/offline_queue_service_test.dart: OfflineOperation model copyWithRetry should increment retry count                                       00:05 +523: /Users/engammar/Apps/silni_app/test/unit/services/offline_queue_service_test.dart: OfflineOperation model copyWithRetry should increment retry count                                       00:05 +523: /Users/engammar/Apps/silni_app/test/unit/services/offline_queue_service_test.dart: OfflineOperation model copyWithRetry should accumulate retry count on multiple failures                 00:05 +524: /Users/engammar/Apps/silni_app/test/unit/services/offline_queue_service_test.dart: OfflineOperation model copyWithRetry should accumulate retry count on multiple failures                 00:05 +524: /Users/engammar/Apps/silni_app/test/unit/services/offline_queue_service_test.dart: OfflineOperation model copyWithRetry should preserve isDeadLetter status                                00:05 +525: /Users/engammar/Apps/silni_app/test/unit/services/offline_queue_service_test.dart: OfflineOperation model copyWithRetry should preserve isDeadLetter status                                00:05 +525: /Users/engammar/Apps/silni_app/test/unit/services/offline_queue_service_test.dart: OfflineOperation model copyAsDeadLetter should mark operation as dead letter                            00:05 +526: /Users/engammar/Apps/silni_app/test/unit/services/offline_queue_service_test.dart: OfflineOperation model copyAsDeadLetter should mark operation as dead letter                            00:05 +526: /Users/engammar/Apps/silni_app/test/unit/services/offline_queue_service_test.dart: OfflineOperation model copyAsDeadLetter should preserve all other fields                                00:05 +527: /Users/engammar/Apps/silni_app/test/unit/services/offline_queue_service_test.dart: OfflineOperation model copyAsDeadLetter should preserve all other fields                                00:05 +527: /Users/engammar/Apps/silni_app/test/unit/services/offline_queue_service_test.dart: OfflineOperation model copyWith should allow changing any field                                         00:05 +528: /Users/engammar/Apps/silni_app/test/unit/services/offline_queue_service_test.dart: OfflineOperation model copyWith should allow changing any field                                         00:05 +528: /Users/engammar/Apps/silni_app/test/unit/services/offline_queue_service_test.dart: OfflineOperation model copyWith should preserve unchanged fields                                        00:05 +529: /Users/engammar/Apps/silni_app/test/unit/services/offline_queue_service_test.dart: OfflineOperation model copyWith should preserve unchanged fields                                        00:05 +529: /Users/engammar/Apps/silni_app/test/unit/services/offline_queue_service_test.dart: OfflineOperation model toJson should convert operation to JSON                                          00:05 +530: /Users/engammar/Apps/silni_app/test/unit/services/offline_queue_service_test.dart: OfflineOperation model toJson should convert operation to JSON                                          00:05 +530: /Users/engammar/Apps/silni_app/test/unit/services/offline_queue_service_test.dart: OfflineOperation model toJson should handle null lastError in JSON                                      00:05 +531: /Users/engammar/Apps/silni_app/test/unit/services/offline_queue_service_test.dart: OfflineOperation model toJson should handle null lastError in JSON                                      00:05 +531: /Users/engammar/Apps/silni_app/test/unit/services/offline_queue_service_test.dart: OfflineOperation model toString should produce readable string representation                           00:05 +532: /Users/engammar/Apps/silni_app/test/unit/services/offline_queue_service_test.dart: OfflineOperation model toString should produce readable string representation                           00:05 +532: /Users/engammar/Apps/silni_app/test/unit/services/offline_queue_service_test.dart: retry configuration max retry attempts should be 5                                                      00:05 +533: /Users/engammar/Apps/silni_app/test/unit/services/offline_queue_service_test.dart: retry configuration max retry attempts should be 5                                                      00:05 +533: /Users/engammar/Apps/silni_app/test/unit/services/offline_queue_service_test.dart: retry configuration initial retry delay should be 1 second                                              00:05 +534: /Users/engammar/Apps/silni_app/test/unit/services/offline_queue_service_test.dart: retry configuration initial retry delay should be 1 second                                              00:05 +534: /Users/engammar/Apps/silni_app/test/unit/services/offline_queue_service_test.dart: retry configuration retry backoff multiplier should be 2.0                                              00:05 +535: /Users/engammar/Apps/silni_app/test/unit/services/offline_queue_service_test.dart: retry configuration retry backoff multiplier should be 2.0                                              00:05 +535: /Users/engammar/Apps/silni_app/test/unit/services/offline_queue_service_test.dart: backoff calculation logic first retry should have base delay                                            00:05 +536: /Users/engammar/Apps/silni_app/test/unit/services/offline_queue_service_test.dart: backoff calculation logic first retry should have base delay                                            00:05 +536: /Users/engammar/Apps/silni_app/test/unit/services/offline_queue_service_test.dart: backoff calculation logic second retry should have doubled delay                                        00:05 +537: /Users/engammar/Apps/silni_app/test/unit/services/offline_queue_service_test.dart: backoff calculation logic second retry should have doubled delay                                        00:05 +537: /Users/engammar/Apps/silni_app/test/unit/services/offline_queue_service_test.dart: backoff calculation logic third retry should have quadrupled delay                                      00:05 +538: /Users/engammar/Apps/silni_app/test/unit/services/offline_queue_service_test.dart: backoff calculation logic third retry should have quadrupled delay                                      00:05 +538: /Users/engammar/Apps/silni_app/test/unit/services/offline_queue_service_test.dart: backoff calculation logic fourth retry should have 16x delay                                            00:05 +539: /Users/engammar/Apps/silni_app/test/unit/services/offline_queue_service_test.dart: backoff calculation logic fourth retry should have 16x delay                                            00:05 +539: /Users/engammar/Apps/silni_app/test/unit/services/offline_queue_service_test.dart: backoff calculation logic fifth retry should be capped at 30 seconds                                    00:05 +540: /Users/engammar/Apps/silni_app/test/unit/services/offline_queue_service_test.dart: backoff calculation logic fifth retry should be capped at 30 seconds                                    00:05 +540: /Users/engammar/Apps/silni_app/test/unit/services/offline_queue_service_test.dart: backoff calculation logic higher retries should still be capped at 30 seconds                           00:05 +541: /Users/engammar/Apps/silni_app/test/unit/services/offline_queue_service_test.dart: backoff calculation logic higher retries should still be capped at 30 seconds                           00:05 +541: /Users/engammar/Apps/silni_app/test/unit/services/offline_queue_service_test.dart: queue processing logic should process operations in FIFO order                                          00:05 +542: /Users/engammar/Apps/silni_app/test/unit/services/offline_queue_service_test.dart: queue processing logic should process operations in FIFO order                                          00:05 +542: /Users/engammar/Apps/silni_app/test/unit/services/offline_queue_service_test.dart: queue processing logic should skip processing when offline                                              00:05 +543: /Users/engammar/Apps/silni_app/test/unit/services/offline_queue_service_test.dart: queue processing logic should skip processing when offline                                              00:05 +543: /Users/engammar/Apps/silni_app/test/unit/services/offline_queue_service_test.dart: queue processing logic should move to dead letter after max retries                                     00:05 +544: /Users/engammar/Apps/silni_app/test/unit/services/offline_queue_service_test.dart: queue processing logic should move to dead letter after max retries                                     00:05 +544: /Users/engammar/Apps/silni_app/test/unit/services/offline_queue_service_test.dart: dead letter handling should filter pending operations correctly                                         00:05 +545: /Users/engammar/Apps/silni_app/test/unit/services/offline_queue_service_test.dart: dead letter handling should filter pending operations correctly                                         00:05 +545: /Users/engammar/Apps/silni_app/test/unit/services/offline_queue_service_test.dart: dead letter handling should sort operations by ID                                                       00:05 +546: /Users/engammar/Apps/silni_app/test/unit/services/offline_queue_service_test.dart: dead letter handling should sort operations by ID                                                       00:05 +546: /Users/engammar/Apps/silni_app/test/unit/services/offline_queue_service_test.dart: entity types should support relative entity type                                                        00:05 +547: /Users/engammar/Apps/silni_app/test/unit/services/offline_queue_service_test.dart: entity types should support relative entity type                                                        00:05 +547: /Users/engammar/Apps/silni_app/test/unit/services/offline_queue_service_test.dart: entity types should support interaction entity type                                                     00:05 +548: /Users/engammar/Apps/silni_app/test/unit/services/offline_queue_service_test.dart: entity types should support interaction entity type                                                     00:05 +548: /Users/engammar/Apps/silni_app/test/unit/services/offline_queue_service_test.dart: entity types should support schedule entity type                                                        00:05 +549: /Users/engammar/Apps/silni_app/test/unit/services/offline_queue_service_test.dart: entity types should support schedule entity type                                                        00:05 +549: /Users/engammar/Apps/silni_app/test/unit/services/offline_queue_service_test.dart: queue box configuration offline queue box name should be correct                                        00:05 +550: /Users/engammar/Apps/silni_app/test/unit/services/offline_queue_service_test.dart: queue box configuration offline queue box name should be correct                                        00:05 +550: /Users/engammar/Apps/silni_app/test/unit/services/offline_queue_service_test.dart: queue box configuration offline operation type ID should be 20                                          00:05 +551: /Users/engammar/Apps/silni_app/test/unit/services/offline_queue_service_test.dart: queue box configuration offline operation type ID should be 20                                          00:05 +551: /Users/engammar/Apps/silni_app/test/unit/services/offline_queue_service_test.dart: queue box configuration operation type enum type ID should be 15                                        00:05 +552: /Users/engammar/Apps/silni_app/test/unit/services/offline_queue_service_test.dart: queue box configuration operation type enum type ID should be 15                                        00:05 +552: loading /Users/engammar/Apps/silni_app/test/unit/services/sync_service_test.dart                                                                                                           00:05 +552: /Users/engammar/Apps/silni_app/test/unit/services/sync_service_test.dart: SyncService SyncStatus enum should have 3 status values                                                          00:05 +553: /Users/engammar/Apps/silni_app/test/unit/services/sync_service_test.dart: SyncService SyncStatus enum should have 3 status values                                                          00:05 +553: /Users/engammar/Apps/silni_app/test/unit/services/sync_service_test.dart: SyncService SyncStatus enum should include all expected statuses                                                 00:05 +554: /Users/engammar/Apps/silni_app/test/unit/services/sync_service_test.dart: SyncService SyncStatus enum should include all expected statuses                                                 00:05 +554: /Users/engammar/Apps/silni_app/test/unit/services/sync_service_test.dart: SyncService SyncStatus enum idle should have correct name                                                        00:05 +555: /Users/engammar/Apps/silni_app/test/unit/services/sync_service_test.dart: SyncService SyncStatus enum idle should have correct name                                                        00:05 +555: /Users/engammar/Apps/silni_app/test/unit/services/sync_service_test.dart: SyncService SyncStatus enum syncing should have correct name                                                     00:05 +556: /Users/engammar/Apps/silni_app/test/unit/services/sync_service_test.dart: SyncService SyncStatus enum syncing should have correct name                                                     00:05 +556: /Users/engammar/Apps/silni_app/test/unit/services/sync_service_test.dart: SyncService SyncStatus enum error should have correct name                                                       00:05 +557: /Users/engammar/Apps/silni_app/test/unit/services/sync_service_test.dart: SyncService SyncStatus enum error should have correct name                                                       00:05 +557: /Users/engammar/Apps/silni_app/test/unit/services/sync_service_test.dart: SyncService singleton pattern should return same instance via instance getter                                    00:05 +558: /Users/engammar/Apps/silni_app/test/unit/services/sync_service_test.dart: SyncService singleton pattern should return same instance via instance getter                                    00:05 +558: /Users/engammar/Apps/silni_app/test/unit/services/sync_service_test.dart: SyncService initial state should have currentStatus property                                                     00:05 +559: /Users/engammar/Apps/silni_app/test/unit/services/sync_service_test.dart: SyncService initial state should have currentStatus property                                                     00:05 +559: /Users/engammar/Apps/silni_app/test/unit/services/sync_service_test.dart: SyncService initial state should have statusStream                                                               00:05 +560: /Users/engammar/Apps/silni_app/test/unit/services/sync_service_test.dart: SyncService initial state should have statusStream                                                               00:05 +560: /Users/engammar/Apps/silni_app/test/unit/services/sync_service_test.dart: SyncService initial state should have lastError property                                                         00:05 +561: /Users/engammar/Apps/silni_app/test/unit/services/sync_service_test.dart: SyncService initial state should have lastError property                                                         00:05 +561: /Users/engammar/Apps/silni_app/test/unit/services/sync_service_test.dart: SyncService sync status logic should determine if sync is needed based on cache staleness                        00:05 +562: /Users/engammar/Apps/silni_app/test/unit/services/sync_service_test.dart: SyncService sync status logic should determine if sync is needed based on cache staleness                        00:05 +562: /Users/engammar/Apps/silni_app/test/unit/services/sync_service_test.dart: SyncService sync status logic should handle concurrent sync attempts correctly                                   00:05 +563: /Users/engammar/Apps/silni_app/test/unit/services/sync_service_test.dart: SyncService sync status logic should handle concurrent sync attempts correctly                                   00:05 +563: /Users/engammar/Apps/silni_app/test/unit/services/sync_service_test.dart: SyncService stale operations logic should identify operations older than 24 hours as stale                       00:05 +564: /Users/engammar/Apps/silni_app/test/unit/services/sync_service_test.dart: SyncService stale operations logic should identify operations older than 24 hours as stale                       00:05 +564: /Users/engammar/Apps/silni_app/test/unit/services/sync_service_test.dart: SyncService stale operations logic should clear operations that are too old                                      00:05 +565: /Users/engammar/Apps/silni_app/test/unit/services/sync_service_test.dart: SyncService stale operations logic should clear operations that are too old                                      00:05 +565: /Users/engammar/Apps/silni_app/test/unit/services/sync_service_test.dart: SyncService entity type handling should recognize supported entity types                                         00:05 +566: /Users/engammar/Apps/silni_app/test/unit/services/sync_service_test.dart: SyncService entity type handling should recognize supported entity types                                         00:05 +566: /Users/engammar/Apps/silni_app/test/unit/services/sync_service_test.dart: SyncService entity type handling should map entity types to correct operations                                   00:05 +567: /Users/engammar/Apps/silni_app/test/unit/services/sync_service_test.dart: SyncService entity type handling should map entity types to correct operations                                   00:05 +567: /Users/engammar/Apps/silni_app/test/unit/services/sync_service_test.dart: SyncService cache key generation should generate correct sync keys                                               00:05 +568: /Users/engammar/Apps/silni_app/test/unit/services/sync_service_test.dart: SyncService cache key generation should generate correct sync keys                                               00:05 +568: /Users/engammar/Apps/silni_app/test/unit/services/sync_service_test.dart: SyncService cache key generation should generate per-relative interaction keys                                   00:05 +569: /Users/engammar/Apps/silni_app/test/unit/services/sync_service_test.dart: SyncService cache key generation should generate per-relative interaction keys                                   00:05 +569: /Users/engammar/Apps/silni_app/test/unit/services/sync_service_test.dart: SyncService cache key generation should produce unique keys for different relatives                              00:05 +570: /Users/engammar/Apps/silni_app/test/unit/services/sync_service_test.dart: SyncService cache key generation should produce unique keys for different relatives                              00:05 +570: /Users/engammar/Apps/silni_app/test/unit/services/sync_service_test.dart: SyncService sync interval configuration background sync interval should be 5 minutes                             00:05 +571: /Users/engammar/Apps/silni_app/test/unit/services/sync_service_test.dart: SyncService sync interval configuration background sync interval should be 5 minutes                             00:05 +571: /Users/engammar/Apps/silni_app/test/unit/services/sync_service_test.dart: SyncService sync interval configuration stale cache threshold should be 5 minutes                                00:05 +572: /Users/engammar/Apps/silni_app/test/unit/services/sync_service_test.dart: SyncService sync interval configuration stale cache threshold should be 5 minutes                                00:05 +572: /Users/engammar/Apps/silni_app/test/unit/services/sync_service_test.dart: SyncService sync interval configuration intervals should align for consistent behavior                           00:05 +573: /Users/engammar/Apps/silni_app/test/unit/services/sync_service_test.dart: SyncService sync interval configuration intervals should align for consistent behavior                           00:05 +573: /Users/engammar/Apps/silni_app/test/unit/services/sync_service_test.dart: SyncService status transition logic sync should follow idle -> syncing -> idle flow on success                   00:05 +574: /Users/engammar/Apps/silni_app/test/unit/services/sync_service_test.dart: SyncService status transition logic sync should follow idle -> syncing -> idle flow on success                   00:05 +574: /Users/engammar/Apps/silni_app/test/unit/services/sync_service_test.dart: SyncService status transition logic sync should follow idle -> syncing -> error flow on failure                  00:05 +575: /Users/engammar/Apps/silni_app/test/unit/services/sync_service_test.dart: SyncService status transition logic sync should follow idle -> syncing -> error flow on failure                  00:05 +575: /Users/engammar/Apps/silni_app/test/unit/services/sync_service_test.dart: SyncService interaction limit configuration max interactions per relative should be 100                          00:05 +576: /Users/engammar/Apps/silni_app/test/unit/services/sync_service_test.dart: SyncService interaction limit configuration max interactions per relative should be 100                          00:05 +576: /Users/engammar/Apps/silni_app/test/unit/services/sync_service_test.dart: SyncService interaction limit configuration should limit interactions to most recent                             00:05 +577: /Users/engammar/Apps/silni_app/test/unit/services/sync_service_test.dart: SyncService interaction limit configuration should limit interactions to most recent                             00:05 +577: /Users/engammar/Apps/silni_app/test/unit/services/sync_service_test.dart: SyncService timeout configuration sync operations should timeout after 15 seconds                                00:05 +578: /Users/engammar/Apps/silni_app/test/unit/services/sync_service_test.dart: SyncService timeout configuration sync operations should timeout after 15 seconds                                00:05 +578: /Users/engammar/Apps/silni_app/test/unit/services/sync_service_test.dart: SyncService timeout configuration timeout should return empty list on failure                                    00:05 +579: /Users/engammar/Apps/silni_app/test/unit/services/sync_service_test.dart: SyncService timeout configuration timeout should return empty list on failure                                    00:05 +579: /Users/engammar/Apps/silni_app/test/unit/services/sync_service_test.dart: SyncService service lifecycle should have initialize method                                                      00:05 +580: /Users/engammar/Apps/silni_app/test/unit/services/sync_service_test.dart: SyncService service lifecycle should have initialize method                                                      00:05 +580: /Users/engammar/Apps/silni_app/test/unit/services/sync_service_test.dart: SyncService service lifecycle should have fullSync method                                                        00:05 +581: /Users/engammar/Apps/silni_app/test/unit/services/sync_service_test.dart: SyncService service lifecycle should have fullSync method                                                        00:05 +581: /Users/engammar/Apps/silni_app/test/unit/services/sync_service_test.dart: SyncService service lifecycle should have syncRelatives method                                                   00:05 +582: /Users/engammar/Apps/silni_app/test/unit/services/sync_service_test.dart: SyncService service lifecycle should have syncRelatives method                                                   00:05 +582: /Users/engammar/Apps/silni_app/test/unit/services/sync_service_test.dart: SyncService service lifecycle should have syncInteractionsForRelative method                                     00:05 +583: /Users/engammar/Apps/silni_app/test/unit/services/sync_service_test.dart: SyncService service lifecycle should have syncInteractionsForRelative method                                     00:05 +583: /Users/engammar/Apps/silni_app/test/unit/services/sync_service_test.dart: SyncService service lifecycle should have syncReminderSchedules method                                           00:05 +584: /Users/engammar/Apps/silni_app/test/unit/services/sync_service_test.dart: SyncService service lifecycle should have syncReminderSchedules method                                           00:05 +584: /Users/engammar/Apps/silni_app/test/unit/services/sync_service_test.dart: SyncService service lifecycle should have processOfflineQueue method                                             00:05 +585: /Users/engammar/Apps/silni_app/test/unit/services/sync_service_test.dart: SyncService service lifecycle should have processOfflineQueue method                                             00:05 +585: /Users/engammar/Apps/silni_app/test/unit/services/sync_service_test.dart: SyncService service lifecycle should have setEventsController method                                             00:05 +586: /Users/engammar/Apps/silni_app/test/unit/services/sync_service_test.dart: SyncService service lifecycle should have setEventsController method                                             00:05 +586: /Users/engammar/Apps/silni_app/test/unit/services/sync_service_test.dart: SyncService service lifecycle should have dispose method                                                         00:05 +587: /Users/engammar/Apps/silni_app/test/unit/services/sync_service_test.dart: SyncService service lifecycle should have dispose method                                                         00:05 +587: /Users/engammar/Apps/silni_app/test/unit/services/sync_service_test.dart: SyncService offline sync order full sync should process queue before pulling data                                00:05 +588: /Users/engammar/Apps/silni_app/test/unit/services/sync_service_test.dart: SyncService offline sync order full sync should process queue before pulling data                                00:05 +588: /Users/engammar/Apps/silni_app/test/unit/services/sync_service_test.dart: SyncService offline sync order queue should be processed in FIFO order                                           00:05 +589: /Users/engammar/Apps/silni_app/test/unit/services/sync_service_test.dart: SyncService offline sync order queue should be processed in FIFO order                                           00:06 +589: /Users/engammar/Apps/silni_app/test/unit/services/sync_service_test.dart: SyncService offline sync order queue should be processed in FIFO order                                           00:06 +589: loading /Users/engammar/Apps/silni_app/test/unit/services/all_services_torture_test.dart                                                                                                   00:06 +589: /Users/engammar/Apps/silni_app/test/unit/services/all_services_torture_test.dart: AuthService Logic Torture Tests Email Validation Happy Path should validate standard email formats       00:06 +590: /Users/engammar/Apps/silni_app/test/unit/services/all_services_torture_test.dart: AuthService Logic Torture Tests Email Validation Happy Path should validate standard email formats       00:06 +590: /Users/engammar/Apps/silni_app/test/unit/services/all_services_torture_test.dart: AuthService Logic Torture Tests Email Validation Edge Cases should reject empty email                    00:06 +591: /Users/engammar/Apps/silni_app/test/unit/services/all_services_torture_test.dart: AuthService Logic Torture Tests Email Validation Edge Cases should reject empty email                    00:06 +591: /Users/engammar/Apps/silni_app/test/unit/services/all_services_torture_test.dart: AuthService Logic Torture Tests Email Validation Edge Cases should reject whitespace-only email          00:06 +592: /Users/engammar/Apps/silni_app/test/unit/services/all_services_torture_test.dart: AuthService Logic Torture Tests Email Validation Edge Cases should reject whitespace-only email          00:06 +592: /Users/engammar/Apps/silni_app/test/unit/services/all_services_torture_test.dart: AuthService Logic Torture Tests Email Validation Edge Cases should reject email without @                00:06 +593: /Users/engammar/Apps/silni_app/test/unit/services/all_services_torture_test.dart: AuthService Logic Torture Tests Email Validation Edge Cases should reject email without @                00:06 +593: /Users/engammar/Apps/silni_app/test/unit/services/all_services_torture_test.dart: AuthService Logic Torture Tests Email Validation Edge Cases should reject email without domain           00:06 +594: /Users/engammar/Apps/silni_app/test/unit/services/all_services_torture_test.dart: AuthService Logic Torture Tests Email Validation Edge Cases should reject email without domain           00:06 +594: /Users/engammar/Apps/silni_app/test/unit/services/all_services_torture_test.dart: AuthService Logic Torture Tests Email Validation Edge Cases should reject email without local part       00:06 +595: /Users/engammar/Apps/silni_app/test/unit/services/all_services_torture_test.dart: AuthService Logic Torture Tests Email Validation Edge Cases should reject email without local part       00:06 +595: /Users/engammar/Apps/silni_app/test/unit/services/all_services_torture_test.dart: AuthService Logic Torture Tests Email Validation Edge Cases should reject email with multiple @          00:06 +596: /Users/engammar/Apps/silni_app/test/unit/services/all_services_torture_test.dart: AuthService Logic Torture Tests Email Validation Edge Cases should reject email with multiple @          00:06 +596: /Users/engammar/Apps/silni_app/test/unit/services/all_services_torture_test.dart: AuthService Logic Torture Tests Email Validation Edge Cases should reject email with spaces              00:06 +597: /Users/engammar/Apps/silni_app/test/unit/services/all_services_torture_test.dart: AuthService Logic Torture Tests Email Validation Edge Cases should reject email with spaces              00:06 +597: /Users/engammar/Apps/silni_app/test/unit/services/all_services_torture_test.dart: AuthService Logic Torture Tests Email Validation Edge Cases should reject extremely long email           00:06 +598: /Users/engammar/Apps/silni_app/test/unit/services/all_services_torture_test.dart: AuthService Logic Torture Tests Email Validation Edge Cases should reject extremely long email           00:06 +598: /Users/engammar/Apps/silni_app/test/unit/services/all_services_torture_test.dart: ... Email Validation Security - SQL Injection Payloads should reject SQL injection attempts in email     00:06 +599: /Users/engammar/Apps/silni_app/test/unit/services/all_services_torture_test.dart: ... Email Validation Security - SQL Injection Payloads should reject SQL injection attempts in email     00:06 +599: /Users/engammar/Apps/silni_app/test/unit/services/all_services_torture_test.dart: ... Logic Torture Tests Email Validation Security - XSS Payloads should reject XSS attempts in email     00:06 +600: /Users/engammar/Apps/silni_app/test/unit/services/all_services_torture_test.dart: ... Logic Torture Tests Email Validation Security - XSS Payloads should reject XSS attempts in email     00:06 +600: /Users/engammar/Apps/silni_app/test/unit/services/all_services_torture_test.dart: AuthService Logic Torture Tests Password Validation Happy Path should accept passwords of 6+ characters  00:06 +601: /Users/engammar/Apps/silni_app/test/unit/services/all_services_torture_test.dart: AuthService Logic Torture Tests Password Validation Happy Path should accept passwords of 6+ characters  00:06 +601: /Users/engammar/Apps/silni_app/test/unit/services/all_services_torture_test.dart: ... Logic Torture Tests Password Validation Edge Cases should reject passwords less than 6 characters    00:06 +602: /Users/engammar/Apps/silni_app/test/unit/services/all_services_torture_test.dart: ... Logic Torture Tests Password Validation Edge Cases should reject passwords less than 6 characters    00:06 +602: /Users/engammar/Apps/silni_app/test/unit/services/all_services_torture_test.dart: AuthService Logic Torture Tests Password Validation Edge Cases should accept exactly 6 characters        00:06 +603: /Users/engammar/Apps/silni_app/test/unit/services/all_services_torture_test.dart: AuthService Logic Torture Tests Password Validation Edge Cases should accept exactly 6 characters        00:06 +603: /Users/engammar/Apps/silni_app/test/unit/services/all_services_torture_test.dart: AuthService Logic Torture Tests Password Validation Edge Cases should accept very long passwords         00:06 +604: /Users/engammar/Apps/silni_app/test/unit/services/all_services_torture_test.dart: AuthService Logic Torture Tests Password Validation Edge Cases should accept very long passwords         00:06 +604: /Users/engammar/Apps/silni_app/test/unit/services/all_services_torture_test.dart: ... Logic Torture Tests Password Validation Edge Cases should accept passwords with special characters   00:06 +605: /Users/engammar/Apps/silni_app/test/unit/services/all_services_torture_test.dart: ... Logic Torture Tests Password Validation Edge Cases should accept passwords with special characters   00:06 +605: /Users/engammar/Apps/silni_app/test/unit/services/all_services_torture_test.dart: AuthService Logic Torture Tests Password Validation Edge Cases should accept passwords with unicode      00:06 +606: /Users/engammar/Apps/silni_app/test/unit/services/all_services_torture_test.dart: AuthService Logic Torture Tests Password Validation Edge Cases should accept passwords with unicode      00:06 +606: /Users/engammar/Apps/silni_app/test/unit/services/all_services_torture_test.dart: ... Security - Common Weak Passwords should technically accept weak passwords (validation is length-only)00:06 +607: /Users/engammar/Apps/silni_app/test/unit/services/all_services_torture_test.dart: ... Security - Common Weak Passwords should technically accept weak passwords (validation is length-only)00:06 +607: /Users/engammar/Apps/silni_app/test/unit/services/all_services_torture_test.dart: AuthService Logic Torture Tests User Session State should handle null user correctly                     00:06 +608: /Users/engammar/Apps/silni_app/test/unit/services/all_services_torture_test.dart: AuthService Logic Torture Tests User Session State should handle null user correctly                     00:06 +608: /Users/engammar/Apps/silni_app/test/unit/services/all_services_torture_test.dart: AuthService Logic Torture Tests User Session State should handle empty user ID correctly                 00:06 +609: /Users/engammar/Apps/silni_app/test/unit/services/all_services_torture_test.dart: AuthService Logic Torture Tests User Session State should handle empty user ID correctly                 00:06 +609: /Users/engammar/Apps/silni_app/test/unit/services/all_services_torture_test.dart: AuthService Logic Torture Tests User Session State should handle valid user ID correctly                 00:06 +610: /Users/engammar/Apps/silni_app/test/unit/services/all_services_torture_test.dart: AuthService Logic Torture Tests User Session State should handle valid user ID correctly                 00:06 +610: /Users/engammar/Apps/silni_app/test/unit/services/all_services_torture_test.dart: ... Torture Tests Relative Model Creation Happy Path should create relative with minimal required fields 00:06 +611: /Users/engammar/Apps/silni_app/test/unit/services/all_services_torture_test.dart: ... Torture Tests Relative Model Creation Happy Path should create relative with minimal required fields 00:06 +611: /Users/engammar/Apps/silni_app/test/unit/services/all_services_torture_test.dart: ... Logic Torture Tests Relative Model Creation Happy Path should create relative with all fields        00:06 +612: /Users/engammar/Apps/silni_app/test/unit/services/all_services_torture_test.dart: ... Logic Torture Tests Relative Model Creation Happy Path should create relative with all fields        00:06 +612: /Users/engammar/Apps/silni_app/test/unit/services/all_services_torture_test.dart: ... Torture Tests Relative Model Creation Edge Cases - Empty Data should handle empty list of relatives  00:06 +613: /Users/engammar/Apps/silni_app/test/unit/services/all_services_torture_test.dart: ... Torture Tests Relative Model Creation Edge Cases - Empty Data should handle empty list of relatives  00:06 +613: /Users/engammar/Apps/silni_app/test/unit/services/all_services_torture_test.dart: ... Logic Torture Tests Relative Model Creation Edge Cases - Empty Data should handle single relative    00:06 +614: /Users/engammar/Apps/silni_app/test/unit/services/all_services_torture_test.dart: ... Logic Torture Tests Relative Model Creation Edge Cases - Empty Data should handle single relative    00:06 +614: /Users/engammar/Apps/silni_app/test/unit/services/all_services_torture_test.dart: ... Logic Torture Tests Relative Model Creation Edge Cases - Large Data Sets should handle 100 relatives 00:06 +615: /Users/engammar/Apps/silni_app/test/unit/services/all_services_torture_test.dart: ... Logic Torture Tests Relative Model Creation Edge Cases - Large Data Sets should handle 100 relatives 00:06 +615: /Users/engammar/Apps/silni_app/test/unit/services/all_services_torture_test.dart: ... Logic Torture Tests Relative Model Creation Edge Cases - Large Data Sets should handle 1000 relatives00:06 +616: /Users/engammar/Apps/silni_app/test/unit/services/all_services_torture_test.dart: ... Logic Torture Tests Relative Model Creation Edge Cases - Large Data Sets should handle 1000 relatives00:06 +616: /Users/engammar/Apps/silni_app/test/unit/services/all_services_torture_test.dart: ... Torture Tests Relative Model Creation Edge Cases - Large Data Sets should handle 10000 relatives     00:06 +617: /Users/engammar/Apps/silni_app/test/unit/services/all_services_torture_test.dart: ... Torture Tests Relative Model Creation Edge Cases - Large Data Sets should handle 10000 relatives     00:06 +617: /Users/engammar/Apps/silni_app/test/unit/services/all_services_torture_test.dart: ... Tests Relative Model Creation Edge Cases - Relationship Types should handle all relationship types   00:06 +618: /Users/engammar/Apps/silni_app/test/unit/services/all_services_torture_test.dart: ... Tests Relative Model Creation Edge Cases - Relationship Types should handle all relationship types   00:06 +618: /Users/engammar/Apps/silni_app/test/unit/services/all_services_torture_test.dart: ... Creation Security - XSS in Name Fields should store XSS payloads as-is (sanitization at display)     00:06 +619: /Users/engammar/Apps/silni_app/test/unit/services/all_services_torture_test.dart: ... Creation Security - XSS in Name Fields should store XSS payloads as-is (sanitization at display)     00:06 +619: /Users/engammar/Apps/silni_app/test/unit/services/all_services_torture_test.dart: ... Security - SQL Injection in Fields should store SQL injection payloads as-is (parameterized queries) 00:06 +620: /Users/engammar/Apps/silni_app/test/unit/services/all_services_torture_test.dart: ... Security - SQL Injection in Fields should store SQL injection payloads as-is (parameterized queries) 00:06 +620: /Users/engammar/Apps/silni_app/test/unit/services/all_services_torture_test.dart: RelativesService Logic Torture Tests Filtering Logic should filter archived relatives                    00:06 +621: /Users/engammar/Apps/silni_app/test/unit/services/all_services_torture_test.dart: RelativesService Logic Torture Tests Filtering Logic should filter archived relatives                    00:06 +621: /Users/engammar/Apps/silni_app/test/unit/services/all_services_torture_test.dart: RelativesService Logic Torture Tests Filtering Logic should filter by user ID                            00:06 +622: /Users/engammar/Apps/silni_app/test/unit/services/all_services_torture_test.dart: RelativesService Logic Torture Tests Filtering Logic should filter by user ID                            00:06 +622: /Users/engammar/Apps/silni_app/test/unit/services/all_services_torture_test.dart: RelativesService Logic Torture Tests Filtering Logic should filter favorites                             00:06 +623: /Users/engammar/Apps/silni_app/test/unit/services/all_services_torture_test.dart: RelativesService Logic Torture Tests Filtering Logic should filter favorites                             00:06 +623: /Users/engammar/Apps/silni_app/test/unit/services/all_services_torture_test.dart: RelativesService Logic Torture Tests Filtering Logic should sort by priority                             00:06 +624: /Users/engammar/Apps/silni_app/test/unit/services/all_services_torture_test.dart: RelativesService Logic Torture Tests Filtering Logic should sort by priority                             00:06 +624: /Users/engammar/Apps/silni_app/test/unit/services/all_services_torture_test.dart: ... Torture Tests Interaction Model Creation Happy Path should create interaction with minimal fields    00:06 +625: /Users/engammar/Apps/silni_app/test/unit/services/all_services_torture_test.dart: ... Torture Tests Interaction Model Creation Happy Path should create interaction with minimal fields    00:06 +625: /Users/engammar/Apps/silni_app/test/unit/services/all_services_torture_test.dart: ... Logic Torture Tests Interaction Model Creation Happy Path should create interaction with all fields  00:06 +626: /Users/engammar/Apps/silni_app/test/unit/services/all_services_torture_test.dart: ... Logic Torture Tests Interaction Model Creation Happy Path should create interaction with all fields  00:06 +626: /Users/engammar/Apps/silni_app/test/unit/services/all_services_torture_test.dart: ... Tests Interaction Model Creation Edge Cases - Interaction Types should handle all interaction types  00:06 +627: /Users/engammar/Apps/silni_app/test/unit/services/all_services_torture_test.dart: ... Tests Interaction Model Creation Edge Cases - Interaction Types should handle all interaction types  00:06 +627: /Users/engammar/Apps/silni_app/test/unit/services/all_services_torture_test.dart: ... Torture Tests Interaction Model Creation Edge Cases - Large Data Sets should handle 100 interactions 00:06 +628: /Users/engammar/Apps/silni_app/test/unit/services/all_services_torture_test.dart: ... Torture Tests Interaction Model Creation Edge Cases - Large Data Sets should handle 100 interactions 00:06 +628: /Users/engammar/Apps/silni_app/test/unit/services/all_services_torture_test.dart: ... Torture Tests Interaction Model Creation Edge Cases - Large Data Sets should handle 1000 interactions00:06 +629: /Users/engammar/Apps/silni_app/test/unit/services/all_services_torture_test.dart: ... Torture Tests Interaction Model Creation Edge Cases - Large Data Sets should handle 1000 interactions00:06 +629: /Users/engammar/Apps/silni_app/test/unit/services/all_services_torture_test.dart: ... Tests Interaction Model Creation Edge Cases - Large Data Sets should handle 10000 interactions       00:06 +630: /Users/engammar/Apps/silni_app/test/unit/services/all_services_torture_test.dart: ... Tests Interaction Model Creation Edge Cases - Large Data Sets should handle 10000 interactions       00:06 +630: /Users/engammar/Apps/silni_app/test/unit/services/all_services_torture_test.dart: ... Logic Torture Tests Interaction Model Creation Edge Cases - Photo URLs should handle empty photo URLs00:06 +631: /Users/engammar/Apps/silni_app/test/unit/services/all_services_torture_test.dart: ... Logic Torture Tests Interaction Model Creation Edge Cases - Photo URLs should handle empty photo URLs00:06 +631: /Users/engammar/Apps/silni_app/test/unit/services/all_services_torture_test.dart: ... Logic Torture Tests Interaction Model Creation Edge Cases - Photo URLs should handle single photo URL00:06 +632: /Users/engammar/Apps/silni_app/test/unit/services/all_services_torture_test.dart: ... Logic Torture Tests Interaction Model Creation Edge Cases - Photo URLs should handle single photo URL00:06 +632: /Users/engammar/Apps/silni_app/test/unit/services/all_services_torture_test.dart: ... Logic Torture Tests Interaction Model Creation Edge Cases - Photo URLs should handle many photo URLs 00:06 +633: /Users/engammar/Apps/silni_app/test/unit/services/all_services_torture_test.dart: ... Logic Torture Tests Interaction Model Creation Edge Cases - Photo URLs should handle many photo URLs 00:06 +633: /Users/engammar/Apps/silni_app/test/unit/services/all_services_torture_test.dart: ... Logic Torture Tests Interaction Model Creation Edge Cases - Rating should handle null rating         00:06 +634: /Users/engammar/Apps/silni_app/test/unit/services/all_services_torture_test.dart: ... Logic Torture Tests Interaction Model Creation Edge Cases - Rating should handle null rating         00:06 +634: /Users/engammar/Apps/silni_app/test/unit/services/all_services_torture_test.dart: ... Logic Torture Tests Interaction Model Creation Edge Cases - Rating should handle rating 1-5          00:06 +635: /Users/engammar/Apps/silni_app/test/unit/services/all_services_torture_test.dart: ... Logic Torture Tests Interaction Model Creation Edge Cases - Rating should handle rating 1-5          00:06 +635: /Users/engammar/Apps/silni_app/test/unit/services/all_services_torture_test.dart: InteractionsService Logic Torture Tests Date Filtering Logic should filter today interactions            00:06 +636: /Users/engammar/Apps/silni_app/test/unit/services/all_services_torture_test.dart: InteractionsService Logic Torture Tests Date Filtering Logic should filter today interactions            00:06 +636: /Users/engammar/Apps/silni_app/test/unit/services/all_services_torture_test.dart: InteractionsService Logic Torture Tests Date Filtering Logic should filter by date range                 00:06 +637: /Users/engammar/Apps/silni_app/test/unit/services/all_services_torture_test.dart: InteractionsService Logic Torture Tests Date Filtering Logic should filter by date range                 00:06 +637: /Users/engammar/Apps/silni_app/test/unit/services/all_services_torture_test.dart: InteractionsService Logic Torture Tests Date Filtering Logic should sort by date descending              00:06 +638: /Users/engammar/Apps/silni_app/test/unit/services/all_services_torture_test.dart: InteractionsService Logic Torture Tests Date Filtering Logic should sort by date descending              00:06 +638: /Users/engammar/Apps/silni_app/test/unit/services/all_services_torture_test.dart: ... Points Calculation Happy Path - Base Points should calculate correct points for all interaction types00:06 +639: /Users/engammar/Apps/silni_app/test/unit/services/all_services_torture_test.dart: ... Points Calculation Happy Path - Base Points should calculate correct points for all interaction types00:06 +639: /Users/engammar/Apps/silni_app/test/unit/services/all_services_torture_test.dart: ... Logic Torture Tests Points Calculation Happy Path - Bonus Points should add notes bonus              00:06 +640: /Users/engammar/Apps/silni_app/test/unit/services/all_services_torture_test.dart: ... Logic Torture Tests Points Calculation Happy Path - Bonus Points should add notes bonus              00:06 +640: /Users/engammar/Apps/silni_app/test/unit/services/all_services_torture_test.dart: ... Logic Torture Tests Points Calculation Happy Path - Bonus Points should add photo bonus              00:06 +641: /Users/engammar/Apps/silni_app/test/unit/services/all_services_torture_test.dart: ... Logic Torture Tests Points Calculation Happy Path - Bonus Points should add photo bonus              00:06 +641: /Users/engammar/Apps/silni_app/test/unit/services/all_services_torture_test.dart: ... Logic Torture Tests Points Calculation Happy Path - Bonus Points should add rating bonus             00:06 +642: /Users/engammar/Apps/silni_app/test/unit/services/all_services_torture_test.dart: ... Logic Torture Tests Points Calculation Happy Path - Bonus Points should add rating bonus             00:06 +642: /Users/engammar/Apps/silni_app/test/unit/services/all_services_torture_test.dart: ... Logic Torture Tests Points Calculation Happy Path - Bonus Points should stack all bonuses            00:06 +643: /Users/engammar/Apps/silni_app/test/unit/services/all_services_torture_test.dart: ... Logic Torture Tests Points Calculation Happy Path - Bonus Points should stack all bonuses            00:06 +643: /Users/engammar/Apps/silni_app/test/unit/services/all_services_torture_test.dart: GamificationService Logic Torture Tests Points Calculation Edge Cases should handle empty notes string   00:06 +644: /Users/engammar/Apps/silni_app/test/unit/services/all_services_torture_test.dart: GamificationService Logic Torture Tests Points Calculation Edge Cases should handle empty notes string   00:06 +644: /Users/engammar/Apps/silni_app/test/unit/services/all_services_torture_test.dart: ... Logic Torture Tests Points Calculation Edge Cases should handle multiple photos as single bonus      00:06 +645: /Users/engammar/Apps/silni_app/test/unit/services/all_services_torture_test.dart: ... Logic Torture Tests Points Calculation Edge Cases should handle multiple photos as single bonus      00:06 +645: /Users/engammar/Apps/silni_app/test/unit/services/all_services_torture_test.dart: GamificationService Logic Torture Tests Points Calculation Edge Cases should handle rating values 1-5    00:06 +646: /Users/engammar/Apps/silni_app/test/unit/services/all_services_torture_test.dart: GamificationService Logic Torture Tests Points Calculation Edge Cases should handle rating values 1-5    00:06 +646: /Users/engammar/Apps/silni_app/test/unit/services/all_services_torture_test.dart: ... Points Calculation Stress Test - Many Calculations should calculate points for 10000 interactions    00:06 +647: /Users/engammar/Apps/silni_app/test/unit/services/all_services_torture_test.dart: ... Points Calculation Stress Test - Many Calculations should calculate points for 10000 interactions    00:06 +647: /Users/engammar/Apps/silni_app/test/unit/services/all_services_torture_test.dart: GamificationService Logic Torture Tests Level Calculation Happy Path should return level 1 for 0 points  00:06 +648: /Users/engammar/Apps/silni_app/test/unit/services/all_services_torture_test.dart: GamificationService Logic Torture Tests Level Calculation Happy Path should return level 1 for 0 points  00:06 +648: /Users/engammar/Apps/silni_app/test/unit/services/all_services_torture_test.dart: ... Logic Torture Tests Level Calculation Happy Path should return correct level at boundaries           00:06 +649: /Users/engammar/Apps/silni_app/test/unit/services/all_services_torture_test.dart: ... Logic Torture Tests Level Calculation Happy Path should return correct level at boundaries           00:06 +649: /Users/engammar/Apps/silni_app/test/unit/services/all_services_torture_test.dart: ... Logic Torture Tests Level Calculation Edge Cases should handle points just below boundary            00:06 +650: /Users/engammar/Apps/silni_app/test/unit/services/all_services_torture_test.dart: ... Logic Torture Tests Level Calculation Edge Cases should handle points just below boundary            00:06 +650: /Users/engammar/Apps/silni_app/test/unit/services/all_services_torture_test.dart: ... Logic Torture Tests Level Calculation Edge Cases should return level 10 for very high points         00:06 +651: /Users/engammar/Apps/silni_app/test/unit/services/all_services_torture_test.dart: ... Logic Torture Tests Level Calculation Edge Cases should return level 10 for very high points         00:06 +651: /Users/engammar/Apps/silni_app/test/unit/services/all_services_torture_test.dart: ... Logic Torture Tests Level Calculation Edge Cases should handle negative points gracefully            00:06 +652: /Users/engammar/Apps/silni_app/test/unit/services/all_services_torture_test.dart: ... Logic Torture Tests Level Calculation Edge Cases should handle negative points gracefully            00:06 +652: /Users/engammar/Apps/silni_app/test/unit/services/all_services_torture_test.dart: ... Torture Tests Level Calculation Stress Test should calculate level for 100000 different point values 00:06 +653: /Users/engammar/Apps/silni_app/test/unit/services/all_services_torture_test.dart: ... Torture Tests Level Calculation Stress Test should calculate level for 100000 different point values 00:06 +653: /Users/engammar/Apps/silni_app/test/unit/services/all_services_torture_test.dart: GamificationService Logic Torture Tests Daily Cap Logic should cap daily points at 200                   00:06 +654: /Users/engammar/Apps/silni_app/test/unit/services/all_services_torture_test.dart: GamificationService Logic Torture Tests Daily Cap Logic should cap daily points at 200                   00:06 +654: /Users/engammar/Apps/silni_app/test/unit/services/all_services_torture_test.dart: GamificationService Logic Torture Tests Daily Cap Logic should calculate interactions needed to hit cap  00:06 +655: /Users/engammar/Apps/silni_app/test/unit/services/all_services_torture_test.dart: GamificationService Logic Torture Tests Daily Cap Logic should calculate interactions needed to hit cap  00:06 +655: /Users/engammar/Apps/silni_app/test/unit/services/all_services_torture_test.dart: GamificationService Logic Torture Tests Streak Milestones should identify milestone days                 00:06 +656: /Users/engammar/Apps/silni_app/test/unit/services/all_services_torture_test.dart: GamificationService Logic Torture Tests Streak Milestones should identify milestone days                 00:06 +656: /Users/engammar/Apps/silni_app/test/unit/services/all_services_torture_test.dart: GamificationService Logic Torture Tests Streak Milestones should not identify non-milestone days         00:06 +657: /Users/engammar/Apps/silni_app/test/unit/services/all_services_torture_test.dart: GamificationService Logic Torture Tests Streak Milestones should not identify non-milestone days         00:06 +657: /Users/engammar/Apps/silni_app/test/unit/services/all_services_torture_test.dart: GamificationService Logic Torture Tests Badge Logic first_interaction requires 1+ total interactions     00:06 +658: /Users/engammar/Apps/silni_app/test/unit/services/all_services_torture_test.dart: GamificationService Logic Torture Tests Badge Logic first_interaction requires 1+ total interactions     00:06 +658: /Users/engammar/Apps/silni_app/test/unit/services/all_services_torture_test.dart: GamificationService Logic Torture Tests Badge Logic streak badges require specific day counts            00:06 +659: /Users/engammar/Apps/silni_app/test/unit/services/all_services_torture_test.dart: GamificationService Logic Torture Tests Badge Logic streak badges require specific day counts            00:06 +659: /Users/engammar/Apps/silni_app/test/unit/services/all_services_torture_test.dart: GamificationService Logic Torture Tests Badge Logic volume badges require interaction counts             00:06 +660: /Users/engammar/Apps/silni_app/test/unit/services/all_services_torture_test.dart: GamificationService Logic Torture Tests Badge Logic volume badges require interaction counts             00:06 +660: /Users/engammar/Apps/silni_app/test/unit/services/all_services_torture_test.dart: CacheService Logic Torture Tests Singleton Pattern should return same instance                           00:06 +661: /Users/engammar/Apps/silni_app/test/unit/services/all_services_torture_test.dart: CacheService Logic Torture Tests Singleton Pattern should return same instance                           00:06 +661: /Users/engammar/Apps/silni_app/test/unit/services/all_services_torture_test.dart: ... Tests Sync Metadata Logic Staleness Check should consider cache stale when older than threshold      00:06 +662: /Users/engammar/Apps/silni_app/test/unit/services/all_services_torture_test.dart: ... Tests Sync Metadata Logic Staleness Check should consider cache stale when older than threshold      00:06 +662: /Users/engammar/Apps/silni_app/test/unit/services/all_services_torture_test.dart: ... Torture Tests Sync Metadata Logic Staleness Check should consider cache fresh when within threshold  00:06 +663: /Users/engammar/Apps/silni_app/test/unit/services/all_services_torture_test.dart: ... Torture Tests Sync Metadata Logic Staleness Check should consider cache fresh when within threshold  00:06 +663: /Users/engammar/Apps/silni_app/test/unit/services/all_services_torture_test.dart: CacheService Logic Torture Tests Sync Metadata Logic Staleness Check should handle null metadata as stale00:06 +664: /Users/engammar/Apps/silni_app/test/unit/services/all_services_torture_test.dart: CacheService Logic Torture Tests Sync Metadata Logic Staleness Check should handle null metadata as stale00:06 +664: /Users/engammar/Apps/silni_app/test/unit/services/all_services_torture_test.dart: CacheService Logic Torture Tests Sync Metadata Logic CopyWith should copy with new values                00:06 +665: /Users/engammar/Apps/silni_app/test/unit/services/all_services_torture_test.dart: CacheService Logic Torture Tests Sync Metadata Logic CopyWith should copy with new values                00:06 +665: /Users/engammar/Apps/silni_app/test/unit/services/all_services_torture_test.dart: CacheService Logic Torture Tests Cache Config should have correct box names                              00:06 +666: /Users/engammar/Apps/silni_app/test/unit/services/all_services_torture_test.dart: CacheService Logic Torture Tests Cache Config should have correct box names                              00:06 +666: /Users/engammar/Apps/silni_app/test/unit/services/all_services_torture_test.dart: CacheService Logic Torture Tests Cache Config should have correct limits                                 00:06 +667: /Users/engammar/Apps/silni_app/test/unit/services/all_services_torture_test.dart: CacheService Logic Torture Tests Cache Config should have correct limits                                 00:06 +667: /Users/engammar/Apps/silni_app/test/unit/services/all_services_torture_test.dart: CacheService Logic Torture Tests Cache Config should have correct sync intervals                         00:06 +668: /Users/engammar/Apps/silni_app/test/unit/services/all_services_torture_test.dart: CacheService Logic Torture Tests Cache Config should have correct sync intervals                         00:06 +668: /Users/engammar/Apps/silni_app/test/unit/services/all_services_torture_test.dart: CacheService Logic Torture Tests Cache Config should generate correct sync keys                          00:06 +669: /Users/engammar/Apps/silni_app/test/unit/services/all_services_torture_test.dart: CacheService Logic Torture Tests Cache Config should generate correct sync keys                          00:06 +669: /Users/engammar/Apps/silni_app/test/unit/services/all_services_torture_test.dart: CacheService Logic Torture Tests Cache Config should have unique type IDs                                00:06 +670: /Users/engammar/Apps/silni_app/test/unit/services/all_services_torture_test.dart: CacheService Logic Torture Tests Cache Config should have unique type IDs                                00:06 +670: /Users/engammar/Apps/silni_app/test/unit/services/all_services_torture_test.dart: ... Tests Interaction Limit Enforcement Logic should keep only most recent interactions when over limit  00:06 +671: /Users/engammar/Apps/silni_app/test/unit/services/all_services_torture_test.dart: ... Tests Interaction Limit Enforcement Logic should keep only most recent interactions when over limit  00:06 +671: /Users/engammar/Apps/silni_app/test/unit/services/all_services_torture_test.dart: ... Logic Torture Tests Interaction Limit Enforcement Logic should not limit when under threshold        00:06 +672: /Users/engammar/Apps/silni_app/test/unit/services/all_services_torture_test.dart: ... Logic Torture Tests Interaction Limit Enforcement Logic should not limit when under threshold        00:06 +672: /Users/engammar/Apps/silni_app/test/unit/services/all_services_torture_test.dart: ... Logic Torture Tests Interaction Limit Enforcement Logic should identify interactions to remove       00:06 +673: /Users/engammar/Apps/silni_app/test/unit/services/all_services_torture_test.dart: ... Logic Torture Tests Interaction Limit Enforcement Logic should identify interactions to remove       00:06 +673: /Users/engammar/Apps/silni_app/test/unit/services/all_services_torture_test.dart: ... Logic Torture Tests OfflineOperation Model Happy Path should create operation with required fields   00:06 +674: /Users/engammar/Apps/silni_app/test/unit/services/all_services_torture_test.dart: ... Logic Torture Tests OfflineOperation Model Happy Path should create operation with required fields   00:06 +674: /Users/engammar/Apps/silni_app/test/unit/services/all_services_torture_test.dart: ... Logic Torture Tests OfflineOperation Model Copy Methods copyWithRetry should increment retry count   00:06 +675: /Users/engammar/Apps/silni_app/test/unit/services/all_services_torture_test.dart: ... Logic Torture Tests OfflineOperation Model Copy Methods copyWithRetry should increment retry count   00:06 +675: /Users/engammar/Apps/silni_app/test/unit/services/all_services_torture_test.dart: ... Logic Torture Tests OfflineOperation Model Copy Methods copyAsDeadLetter should mark as dead letter  00:06 +676: /Users/engammar/Apps/silni_app/test/unit/services/all_services_torture_test.dart: ... Logic Torture Tests OfflineOperation Model Copy Methods copyAsDeadLetter should mark as dead letter  00:06 +676: /Users/engammar/Apps/silni_app/test/unit/services/all_services_torture_test.dart: ... Logic Torture Tests OfflineOperation Model Copy Methods copyWith should allow selective field updates00:06 +677: /Users/engammar/Apps/silni_app/test/unit/services/all_services_torture_test.dart: ... Logic Torture Tests OfflineOperation Model Copy Methods copyWith should allow selective field updates00:06 +677: /Users/engammar/Apps/silni_app/test/unit/services/all_services_torture_test.dart: ... Torture Tests OfflineOperation Model Edge Cases - Operation Types should handle all operation types  00:06 +678: /Users/engammar/Apps/silni_app/test/unit/services/all_services_torture_test.dart: ... Torture Tests OfflineOperation Model Edge Cases - Operation Types should handle all operation types  00:06 +678: /Users/engammar/Apps/silni_app/test/unit/services/all_services_torture_test.dart: ... Logic Torture Tests OfflineOperation Model Edge Cases - Entity Types should handle all entity types  00:06 +679: /Users/engammar/Apps/silni_app/test/unit/services/all_services_torture_test.dart: ... Logic Torture Tests OfflineOperation Model Edge Cases - Entity Types should handle all entity types  00:06 +679: /Users/engammar/Apps/silni_app/test/unit/services/all_services_torture_test.dart: ... Logic Torture Tests OfflineOperation Model Edge Cases - Large Data should handle large data payloads 00:06 +680: /Users/engammar/Apps/silni_app/test/unit/services/all_services_torture_test.dart: ... Logic Torture Tests OfflineOperation Model Edge Cases - Large Data should handle large data payloads 00:06 +680: /Users/engammar/Apps/silni_app/test/unit/services/all_services_torture_test.dart: ... Logic Torture Tests OfflineOperation Model Serialization toJson should serialize correctly           00:06 +681: /Users/engammar/Apps/silni_app/test/unit/services/all_services_torture_test.dart: ... Logic Torture Tests OfflineOperation Model Serialization toJson should serialize correctly           00:06 +681: /Users/engammar/Apps/silni_app/test/unit/services/all_services_torture_test.dart: OfflineQueueService Logic Torture Tests Queue Logic should process in FIFO order                         00:06 +682: /Users/engammar/Apps/silni_app/test/unit/services/all_services_torture_test.dart: OfflineQueueService Logic Torture Tests Queue Logic should process in FIFO order                         00:06 +682: /Users/engammar/Apps/silni_app/test/unit/services/all_services_torture_test.dart: OfflineQueueService Logic Torture Tests Queue Logic should separate pending and dead letter operations   00:06 +683: /Users/engammar/Apps/silni_app/test/unit/services/all_services_torture_test.dart: OfflineQueueService Logic Torture Tests Queue Logic should separate pending and dead letter operations   00:06 +683: /Users/engammar/Apps/silni_app/test/unit/services/all_services_torture_test.dart: OfflineQueueService Logic Torture Tests Backoff Logic should increase delay with retry count             00:06 +684: /Users/engammar/Apps/silni_app/test/unit/services/all_services_torture_test.dart: OfflineQueueService Logic Torture Tests Backoff Logic should increase delay with retry count             00:06 +684: /Users/engammar/Apps/silni_app/test/unit/services/all_services_torture_test.dart: OfflineQueueService Logic Torture Tests Backoff Logic should cap delay at 30 seconds                     00:06 +685: /Users/engammar/Apps/silni_app/test/unit/services/all_services_torture_test.dart: OfflineQueueService Logic Torture Tests Backoff Logic should cap delay at 30 seconds                     00:06 +685: /Users/engammar/Apps/silni_app/test/unit/services/all_services_torture_test.dart: SyncService Logic Torture Tests Sync Status should have all expected status values                       00:06 +686: /Users/engammar/Apps/silni_app/test/unit/services/all_services_torture_test.dart: SyncService Logic Torture Tests Sync Status should have all expected status values                       00:06 +686: /Users/engammar/Apps/silni_app/test/unit/services/all_services_torture_test.dart: SyncService Logic Torture Tests Stale Operations Logic should identify stale operations (older than 24h) 00:06 +687: /Users/engammar/Apps/silni_app/test/unit/services/all_services_torture_test.dart: SyncService Logic Torture Tests Stale Operations Logic should identify stale operations (older than 24h) 00:06 +687: /Users/engammar/Apps/silni_app/test/unit/services/all_services_torture_test.dart: ... Logic Torture Tests ReminderSchedule Model Happy Path should create schedule with minimal fields     00:06 +688: /Users/engammar/Apps/silni_app/test/unit/services/all_services_torture_test.dart: ... Logic Torture Tests ReminderSchedule Model Happy Path should create schedule with minimal fields     00:06 +688: /Users/engammar/Apps/silni_app/test/unit/services/all_services_torture_test.dart: ... Logic Torture Tests ReminderSchedule Model Happy Path should create schedule with all frequencies    00:06 +689: /Users/engammar/Apps/silni_app/test/unit/services/all_services_torture_test.dart: ... Logic Torture Tests ReminderSchedule Model Happy Path should create schedule with all frequencies    00:06 +689: /Users/engammar/Apps/silni_app/test/unit/services/all_services_torture_test.dart: ... Logic Torture Tests ReminderSchedule Model Edge Cases - Relative IDs should handle empty relative IDs00:06 +690: /Users/engammar/Apps/silni_app/test/unit/services/all_services_torture_test.dart: ... Logic Torture Tests ReminderSchedule Model Edge Cases - Relative IDs should handle empty relative IDs00:06 +690: /Users/engammar/Apps/silni_app/test/unit/services/all_services_torture_test.dart: ... Logic Torture Tests ReminderSchedule Model Edge Cases - Relative IDs should handle many relative IDs 00:06 +691: /Users/engammar/Apps/silni_app/test/unit/services/all_services_torture_test.dart: ... Logic Torture Tests ReminderSchedule Model Edge Cases - Relative IDs should handle many relative IDs 00:06 +691: /Users/engammar/Apps/silni_app/test/unit/services/all_services_torture_test.dart: ... Torture Tests ReminderSchedule Model Edge Cases - Time Formats should handle various time formats    00:06 +692: /Users/engammar/Apps/silni_app/test/unit/services/all_services_torture_test.dart: ... Torture Tests ReminderSchedule Model Edge Cases - Time Formats should handle various time formats    00:06 +692: /Users/engammar/Apps/silni_app/test/unit/services/all_services_torture_test.dart: ... Tests ReminderSchedule Model Edge Cases - Custom Days should handle custom days for weekly frequency 00:06 +693: /Users/engammar/Apps/silni_app/test/unit/services/all_services_torture_test.dart: ... Tests ReminderSchedule Model Edge Cases - Custom Days should handle custom days for weekly frequency 00:06 +693: /Users/engammar/Apps/silni_app/test/unit/services/all_services_torture_test.dart: ... Logic Torture Tests ReminderSchedule Model Edge Cases - Custom Days should handle all days of week   00:06 +694: /Users/engammar/Apps/silni_app/test/unit/services/all_services_torture_test.dart: ... Logic Torture Tests ReminderSchedule Model Edge Cases - Custom Days should handle all days of week   00:06 +694: /Users/engammar/Apps/silni_app/test/unit/services/all_services_torture_test.dart: ... Torture Tests ReminderSchedule Model Edge Cases - Day of Month should handle valid days of month     00:06 +695: /Users/engammar/Apps/silni_app/test/unit/services/all_services_torture_test.dart: ... Torture Tests ReminderSchedule Model Edge Cases - Day of Month should handle valid days of month     00:06 +695: /Users/engammar/Apps/silni_app/test/unit/services/all_services_torture_test.dart: ... Logic Torture Tests Filtering Active Schedules should filter only active schedules                   00:06 +696: /Users/engammar/Apps/silni_app/test/unit/services/all_services_torture_test.dart: ... Logic Torture Tests Filtering Active Schedules should filter only active schedules                   00:06 +696: /Users/engammar/Apps/silni_app/test/unit/services/all_services_torture_test.dart: ReminderSchedulesService Logic Torture Tests Filtering Active Schedules should filter by user ID         00:06 +697: /Users/engammar/Apps/silni_app/test/unit/services/all_services_torture_test.dart: ReminderSchedulesService Logic Torture Tests Filtering Active Schedules should filter by user ID         00:06 +697: /Users/engammar/Apps/silni_app/test/unit/services/all_services_torture_test.dart: Concurrency Tests should handle rapid point calculations                                                 00:06 +698: /Users/engammar/Apps/silni_app/test/unit/services/all_services_torture_test.dart: Concurrency Tests should handle rapid point calculations                                                 00:06 +698: /Users/engammar/Apps/silni_app/test/unit/services/all_services_torture_test.dart: Concurrency Tests should handle rapid model creations                                                    00:06 +699: /Users/engammar/Apps/silni_app/test/unit/services/all_services_torture_test.dart: Concurrency Tests should handle rapid model creations                                                    00:06 +699: /Users/engammar/Apps/silni_app/test/unit/services/all_services_torture_test.dart: Boundary Value Tests Integer Boundaries should handle max int values                                     00:06 +700: /Users/engammar/Apps/silni_app/test/unit/services/all_services_torture_test.dart: Boundary Value Tests Integer Boundaries should handle max int values                                     00:06 +700: /Users/engammar/Apps/silni_app/test/unit/services/all_services_torture_test.dart: Boundary Value Tests Integer Boundaries should handle zero values                                        00:06 +701: /Users/engammar/Apps/silni_app/test/unit/services/all_services_torture_test.dart: Boundary Value Tests Integer Boundaries should handle zero values                                        00:06 +701: /Users/engammar/Apps/silni_app/test/unit/services/all_services_torture_test.dart: Boundary Value Tests String Boundaries should handle empty strings                                       00:06 +702: /Users/engammar/Apps/silni_app/test/unit/services/all_services_torture_test.dart: Boundary Value Tests String Boundaries should handle empty strings                                       00:06 +702: /Users/engammar/Apps/silni_app/test/unit/services/all_services_torture_test.dart: Boundary Value Tests String Boundaries should handle very long strings                                   00:06 +703: /Users/engammar/Apps/silni_app/test/unit/services/all_services_torture_test.dart: Boundary Value Tests String Boundaries should handle very long strings                                   00:06 +703: /Users/engammar/Apps/silni_app/test/unit/services/all_services_torture_test.dart: Boundary Value Tests String Boundaries should handle unicode strings                                     00:06 +704: /Users/engammar/Apps/silni_app/test/unit/services/all_services_torture_test.dart: Boundary Value Tests String Boundaries should handle unicode strings                                     00:06 +704: /Users/engammar/Apps/silni_app/test/unit/services/all_services_torture_test.dart: Boundary Value Tests Date Boundaries should handle epoch date                                            00:06 +705: /Users/engammar/Apps/silni_app/test/unit/services/all_services_torture_test.dart: Boundary Value Tests Date Boundaries should handle epoch date                                            00:06 +705: /Users/engammar/Apps/silni_app/test/unit/services/all_services_torture_test.dart: Boundary Value Tests Date Boundaries should handle far future dates                                      00:06 +706: /Users/engammar/Apps/silni_app/test/unit/services/all_services_torture_test.dart: Boundary Value Tests Date Boundaries should handle far future dates                                      00:06 +706: /Users/engammar/Apps/silni_app/test/unit/services/all_services_torture_test.dart: Boundary Value Tests Date Boundaries should handle dates with milliseconds                               00:06 +707: /Users/engammar/Apps/silni_app/test/unit/services/all_services_torture_test.dart: Boundary Value Tests Date Boundaries should handle dates with milliseconds                               00:06 +707: /Users/engammar/Apps/silni_app/test/unit/services/all_services_torture_test.dart: Data Integrity Tests should maintain data consistency across operations                                  00:06 +708: /Users/engammar/Apps/silni_app/test/unit/services/all_services_torture_test.dart: Data Integrity Tests should maintain data consistency across operations                                  00:06 +708: /Users/engammar/Apps/silni_app/test/unit/services/all_services_torture_test.dart: Data Integrity Tests should preserve timestamps                                                          00:06 +709: /Users/engammar/Apps/silni_app/test/unit/services/all_services_torture_test.dart: Data Integrity Tests should preserve timestamps                                                          00:06 +709: loading /Users/engammar/Apps/silni_app/test/unit/services/gamification_service_test.dart                                                                                                   00:06 +709: /Users/engammar/Apps/silni_app/test/unit/services/gamification_service_test.dart: GamificationService Logic Point Calculation Base Points should return 10 points for call interaction     00:06 +710: /Users/engammar/Apps/silni_app/test/unit/services/gamification_service_test.dart: GamificationService Logic Point Calculation Base Points should return 10 points for call interaction     00:06 +710: /Users/engammar/Apps/silni_app/test/unit/services/gamification_service_test.dart: GamificationService Logic Point Calculation Base Points should return 20 points for visit interaction    00:06 +711: /Users/engammar/Apps/silni_app/test/unit/services/gamification_service_test.dart: GamificationService Logic Point Calculation Base Points should return 20 points for visit interaction    00:06 +711: /Users/engammar/Apps/silni_app/test/unit/services/gamification_service_test.dart: GamificationService Logic Point Calculation Base Points should return 5 points for message interaction   00:06 +712: /Users/engammar/Apps/silni_app/test/unit/services/gamification_service_test.dart: GamificationService Logic Point Calculation Base Points should return 5 points for message interaction   00:06 +712: /Users/engammar/Apps/silni_app/test/unit/services/gamification_service_test.dart: GamificationService Logic Point Calculation Base Points should return 15 points for gift interaction     00:06 +713: /Users/engammar/Apps/silni_app/test/unit/services/gamification_service_test.dart: GamificationService Logic Point Calculation Base Points should return 15 points for gift interaction     00:06 +713: /Users/engammar/Apps/silni_app/test/unit/services/gamification_service_test.dart: GamificationService Logic Point Calculation Base Points should return 25 points for event interaction    00:06 +714: /Users/engammar/Apps/silni_app/test/unit/services/gamification_service_test.dart: GamificationService Logic Point Calculation Base Points should return 25 points for event interaction    00:06 +714: /Users/engammar/Apps/silni_app/test/unit/services/gamification_service_test.dart: GamificationService Logic Point Calculation Base Points should return 5 points for other interaction     00:06 +715: /Users/engammar/Apps/silni_app/test/unit/services/gamification_service_test.dart: GamificationService Logic Point Calculation Base Points should return 5 points for other interaction     00:06 +715: /Users/engammar/Apps/silni_app/test/unit/services/gamification_service_test.dart: ... Logic Point Calculation Bonus Points should add 5 bonus points when notes are provided               00:06 +716: /Users/engammar/Apps/silni_app/test/unit/services/gamification_service_test.dart: ... Logic Point Calculation Bonus Points should add 5 bonus points when notes are provided               00:06 +716: /Users/engammar/Apps/silni_app/test/unit/services/gamification_service_test.dart: GamificationService Logic Point Calculation Bonus Points should not add bonus for empty notes            00:06 +717: /Users/engammar/Apps/silni_app/test/unit/services/gamification_service_test.dart: GamificationService Logic Point Calculation Bonus Points should not add bonus for empty notes            00:06 +717: /Users/engammar/Apps/silni_app/test/unit/services/gamification_service_test.dart: ... Logic Point Calculation Bonus Points should add 5 bonus points when photos are provided              00:06 +718: /Users/engammar/Apps/silni_app/test/unit/services/gamification_service_test.dart: ... Logic Point Calculation Bonus Points should add 5 bonus points when photos are provided              00:06 +718: /Users/engammar/Apps/silni_app/test/unit/services/gamification_service_test.dart: ... Logic Point Calculation Bonus Points should add 5 bonus points for multiple photos (same as single)  00:06 +719: /Users/engammar/Apps/silni_app/test/unit/services/gamification_service_test.dart: ... Logic Point Calculation Bonus Points should add 5 bonus points for multiple photos (same as single)  00:06 +719: /Users/engammar/Apps/silni_app/test/unit/services/gamification_service_test.dart: ... Logic Point Calculation Bonus Points should add 3 bonus points when rating is provided               00:06 +720: /Users/engammar/Apps/silni_app/test/unit/services/gamification_service_test.dart: ... Logic Point Calculation Bonus Points should add 3 bonus points when rating is provided               00:06 +720: /Users/engammar/Apps/silni_app/test/unit/services/gamification_service_test.dart: ... Logic Point Calculation Bonus Points should stack all bonuses correctly (notes + photo + rating)     00:06 +721: /Users/engammar/Apps/silni_app/test/unit/services/gamification_service_test.dart: ... Logic Point Calculation Bonus Points should stack all bonuses correctly (notes + photo + rating)     00:06 +721: /Users/engammar/Apps/silni_app/test/unit/services/gamification_service_test.dart: ... Logic Point Calculation Bonus Points should return base points when no bonuses provided              00:06 +722: /Users/engammar/Apps/silni_app/test/unit/services/gamification_service_test.dart: ... Logic Point Calculation Bonus Points should return base points when no bonuses provided              00:06 +722: /Users/engammar/Apps/silni_app/test/unit/services/gamification_service_test.dart: ... Calculation All Interaction Types with Maximum Bonuses call with all bonuses should return 23 points 00:06 +723: /Users/engammar/Apps/silni_app/test/unit/services/gamification_service_test.dart: ... Calculation All Interaction Types with Maximum Bonuses call with all bonuses should return 23 points 00:06 +723: /Users/engammar/Apps/silni_app/test/unit/services/gamification_service_test.dart: ... Calculation All Interaction Types with Maximum Bonuses visit with all bonuses should return 33 points00:06 +724: /Users/engammar/Apps/silni_app/test/unit/services/gamification_service_test.dart: ... Calculation All Interaction Types with Maximum Bonuses visit with all bonuses should return 33 points00:06 +724: /Users/engammar/Apps/silni_app/test/unit/services/gamification_service_test.dart: ... All Interaction Types with Maximum Bonuses message with all bonuses should return 18 points          00:06 +725: /Users/engammar/Apps/silni_app/test/unit/services/gamification_service_test.dart: ... All Interaction Types with Maximum Bonuses message with all bonuses should return 18 points          00:06 +725: /Users/engammar/Apps/silni_app/test/unit/services/gamification_service_test.dart: ... Calculation All Interaction Types with Maximum Bonuses gift with all bonuses should return 28 points 00:06 +726: /Users/engammar/Apps/silni_app/test/unit/services/gamification_service_test.dart: ... Calculation All Interaction Types with Maximum Bonuses gift with all bonuses should return 28 points 00:06 +726: /Users/engammar/Apps/silni_app/test/unit/services/gamification_service_test.dart: ... Calculation All Interaction Types with Maximum Bonuses event with all bonuses should return 38 points00:06 +727: /Users/engammar/Apps/silni_app/test/unit/services/gamification_service_test.dart: ... Calculation All Interaction Types with Maximum Bonuses event with all bonuses should return 38 points00:06 +727: /Users/engammar/Apps/silni_app/test/unit/services/gamification_service_test.dart: ... Calculation All Interaction Types with Maximum Bonuses other with all bonuses should return 18 points00:06 +728: /Users/engammar/Apps/silni_app/test/unit/services/gamification_service_test.dart: ... Calculation All Interaction Types with Maximum Bonuses other with all bonuses should return 18 points00:06 +728: /Users/engammar/Apps/silni_app/test/unit/services/gamification_service_test.dart: GamificationService Logic Level Calculation should return level 1 for 0 points                           00:06 +729: /Users/engammar/Apps/silni_app/test/unit/services/gamification_service_test.dart: GamificationService Logic Level Calculation should return level 1 for 0 points                           00:06 +729: /Users/engammar/Apps/silni_app/test/unit/services/gamification_service_test.dart: GamificationService Logic Level Calculation should return level 1 for 99 points                          00:06 +730: /Users/engammar/Apps/silni_app/test/unit/services/gamification_service_test.dart: GamificationService Logic Level Calculation should return level 1 for 99 points                          00:06 +730: /Users/engammar/Apps/silni_app/test/unit/services/gamification_service_test.dart: GamificationService Logic Level Calculation should return level 2 for 100 points                         00:06 +731: /Users/engammar/Apps/silni_app/test/unit/services/gamification_service_test.dart: GamificationService Logic Level Calculation should return level 2 for 100 points                         00:06 +731: /Users/engammar/Apps/silni_app/test/unit/services/gamification_service_test.dart: GamificationService Logic Level Calculation should return level 2 for 249 points                         00:06 +732: /Users/engammar/Apps/silni_app/test/unit/services/gamification_service_test.dart: GamificationService Logic Level Calculation should return level 2 for 249 points                         00:06 +732: /Users/engammar/Apps/silni_app/test/unit/services/gamification_service_test.dart: GamificationService Logic Level Calculation should return level 3 for 250 points                         00:06 +733: /Users/engammar/Apps/silni_app/test/unit/services/gamification_service_test.dart: GamificationService Logic Level Calculation should return level 3 for 250 points                         00:06 +733: /Users/engammar/Apps/silni_app/test/unit/services/gamification_service_test.dart: GamificationService Logic Level Calculation should return level 3 for 499 points                         00:06 +734: /Users/engammar/Apps/silni_app/test/unit/services/gamification_service_test.dart: GamificationService Logic Level Calculation should return level 3 for 499 points                         00:06 +734: /Users/engammar/Apps/silni_app/test/unit/services/gamification_service_test.dart: GamificationService Logic Level Calculation should return level 4 for 500 points                         00:06 +735: /Users/engammar/Apps/silni_app/test/unit/services/gamification_service_test.dart: GamificationService Logic Level Calculation should return level 4 for 500 points                         00:06 +735: /Users/engammar/Apps/silni_app/test/unit/services/gamification_service_test.dart: GamificationService Logic Level Calculation should return level 5 for 1000 points                        00:06 +736: /Users/engammar/Apps/silni_app/test/unit/services/gamification_service_test.dart: GamificationService Logic Level Calculation should return level 5 for 1000 points                        00:06 +736: /Users/engammar/Apps/silni_app/test/unit/services/gamification_service_test.dart: GamificationService Logic Level Calculation should return level 6 for 2000 points                        00:06 +737: /Users/engammar/Apps/silni_app/test/unit/services/gamification_service_test.dart: GamificationService Logic Level Calculation should return level 6 for 2000 points                        00:06 +737: /Users/engammar/Apps/silni_app/test/unit/services/gamification_service_test.dart: GamificationService Logic Level Calculation should return level 7 for 3500 points                        00:06 +738: /Users/engammar/Apps/silni_app/test/unit/services/gamification_service_test.dart: GamificationService Logic Level Calculation should return level 7 for 3500 points                        00:06 +738: /Users/engammar/Apps/silni_app/test/unit/services/gamification_service_test.dart: GamificationService Logic Level Calculation should return level 8 for 5500 points                        00:06 +739: /Users/engammar/Apps/silni_app/test/unit/services/gamification_service_test.dart: GamificationService Logic Level Calculation should return level 8 for 5500 points                        00:06 +739: /Users/engammar/Apps/silni_app/test/unit/services/gamification_service_test.dart: GamificationService Logic Level Calculation should return level 9 for 8000 points                        00:06 +740: /Users/engammar/Apps/silni_app/test/unit/services/gamification_service_test.dart: GamificationService Logic Level Calculation should return level 9 for 8000 points                        00:06 +740: /Users/engammar/Apps/silni_app/test/unit/services/gamification_service_test.dart: GamificationService Logic Level Calculation should return level 10 for 12000 points                      00:06 +741: /Users/engammar/Apps/silni_app/test/unit/services/gamification_service_test.dart: GamificationService Logic Level Calculation should return level 10 for 12000 points                      00:06 +741: /Users/engammar/Apps/silni_app/test/unit/services/gamification_service_test.dart: GamificationService Logic Level Calculation should return level 10 for points exceeding max level        00:06 +742: /Users/engammar/Apps/silni_app/test/unit/services/gamification_service_test.dart: GamificationService Logic Level Calculation should return level 10 for points exceeding max level        00:06 +742: /Users/engammar/Apps/silni_app/test/unit/services/gamification_service_test.dart: ... Logic Level Calculation Level Boundaries should return level 1 for 0 points (lower bound)            00:06 +743: /Users/engammar/Apps/silni_app/test/unit/services/gamification_service_test.dart: ... Logic Level Calculation Level Boundaries should return level 1 for 0 points (lower bound)            00:06 +743: /Users/engammar/Apps/silni_app/test/unit/services/gamification_service_test.dart: ... Logic Level Calculation Level Boundaries should return level 1 for 99 points (upper bound)           00:06 +744: /Users/engammar/Apps/silni_app/test/unit/services/gamification_service_test.dart: ... Logic Level Calculation Level Boundaries should return level 1 for 99 points (upper bound)           00:06 +744: /Users/engammar/Apps/silni_app/test/unit/services/gamification_service_test.dart: ... Logic Level Calculation Level Boundaries should return level 2 for 100 points (lower bound)          00:06 +745: /Users/engammar/Apps/silni_app/test/unit/services/gamification_service_test.dart: ... Logic Level Calculation Level Boundaries should return level 2 for 100 points (lower bound)          00:06 +745: /Users/engammar/Apps/silni_app/test/unit/services/gamification_service_test.dart: ... Logic Level Calculation Level Boundaries should return level 2 for 249 points (upper bound)          00:06 +746: /Users/engammar/Apps/silni_app/test/unit/services/gamification_service_test.dart: ... Logic Level Calculation Level Boundaries should return level 2 for 249 points (upper bound)          00:06 +746: /Users/engammar/Apps/silni_app/test/unit/services/gamification_service_test.dart: ... Logic Level Calculation Level Boundaries should return level 3 for 250 points (lower bound)          00:06 +747: /Users/engammar/Apps/silni_app/test/unit/services/gamification_service_test.dart: ... Logic Level Calculation Level Boundaries should return level 3 for 250 points (lower bound)          00:06 +747: /Users/engammar/Apps/silni_app/test/unit/services/gamification_service_test.dart: ... Logic Level Calculation Level Boundaries should return level 3 for 499 points (upper bound)          00:06 +748: /Users/engammar/Apps/silni_app/test/unit/services/auth_service_test.dart: AuthService getErrorMessage should return Arabic message for invalid credentials                                 00:06 +749: /Users/engammar/Apps/silni_app/test/unit/services/auth_service_test.dart: AuthService getErrorMessage should return Arabic message for invalid credentials                                 00:06 +750: /Users/engammar/Apps/silni_app/test/unit/services/auth_service_test.dart: AuthService getErrorMessage should return Arabic message for invalid credentials                                 00:06 +751: /Users/engammar/Apps/silni_app/test/unit/services/auth_service_test.dart: AuthService getErrorMessage should return Arabic message for invalid credentials                                 00:06 +752: /Users/engammar/Apps/silni_app/test/unit/services/auth_service_test.dart: AuthService getErrorMessage should return Arabic message for invalid credentials                                 00:06 +753: /Users/engammar/Apps/silni_app/test/unit/services/auth_service_test.dart: AuthService getErrorMessage should return Arabic message for invalid credentials                                 00:06 +754: /Users/engammar/Apps/silni_app/test/unit/services/auth_service_test.dart: AuthService getErrorMessage should return Arabic message for invalid credentials                                 00:06 +755: /Users/engammar/Apps/silni_app/test/unit/services/auth_service_test.dart: AuthService getErrorMessage should return Arabic message for invalid credentials                                 00:06 +756: /Users/engammar/Apps/silni_app/test/unit/services/auth_service_test.dart: AuthService getErrorMessage should return Arabic message for invalid credentials                                 00:06 +757: /Users/engammar/Apps/silni_app/test/unit/services/auth_service_test.dart: AuthService getErrorMessage should return Arabic message for invalid credentials                                 00:06 +758: /Users/engammar/Apps/silni_app/test/unit/services/gamification_service_test.dart: ... Logic Level Calculation Level Boundaries should return level 8 for 7999 points (upper bound)         00:06 +759: /Users/engammar/Apps/silni_app/test/unit/services/auth_service_test.dart: AuthService getErrorMessage should return Arabic message for invalid email or password variant                   00:06 +760: /Users/engammar/Apps/silni_app/test/unit/services/gamification_service_test.dart: ... Logic Level Calculation Level Boundaries should return level 9 for 8000 points (lower bound)         00:06 +761: /Users/engammar/Apps/silni_app/test/unit/services/auth_service_test.dart: AuthService getErrorMessage should return Arabic message for email not confirmed                                 00:06 +762: /Users/engammar/Apps/silni_app/test/unit/services/gamification_service_test.dart: ... Logic Level Calculation Level Boundaries should return level 9 for 11999 points (upper bound)        00:06 +763: /Users/engammar/Apps/silni_app/test/unit/services/auth_service_test.dart: AuthService getErrorMessage should return Arabic message for user already registered                             00:06 +764: /Users/engammar/Apps/silni_app/test/unit/services/gamification_service_test.dart: ... Logic Level Calculation Level Boundaries should return level 10 for 12000 points (lower bound)       00:06 +765: /Users/engammar/Apps/silni_app/test/unit/services/auth_service_test.dart: AuthService getErrorMessage should return Arabic message for invalid email                                       00:06 +766: /Users/engammar/Apps/silni_app/test/unit/services/gamification_service_test.dart: GamificationService Logic Streak Milestones should return true for 3-day milestone                       00:06 +767: /Users/engammar/Apps/silni_app/test/unit/services/gamification_service_test.dart: GamificationService Logic Streak Milestones should return true for 3-day milestone                       00:06 +767: /Users/engammar/Apps/silni_app/test/unit/services/auth_service_test.dart: AuthService getErrorMessage should return Arabic message for weak password                                       00:06 +768: /Users/engammar/Apps/silni_app/test/unit/services/gamification_service_test.dart: GamificationService Logic Streak Milestones should return true for 7-day milestone                       00:06 +769: /Users/engammar/Apps/silni_app/test/unit/services/gamification_service_test.dart: GamificationService Logic Streak Milestones should return true for 7-day milestone                       00:06 +769: /Users/engammar/Apps/silni_app/test/unit/services/auth_service_test.dart: AuthService getErrorMessage should return Arabic message for user not found                                      00:06 +770: /Users/engammar/Apps/silni_app/test/unit/services/gamification_service_test.dart: GamificationService Logic Streak Milestones should return true for 10-day milestone                      00:06 +771: /Users/engammar/Apps/silni_app/test/unit/services/gamification_service_test.dart: GamificationService Logic Streak Milestones should return true for 10-day milestone                      00:06 +771: /Users/engammar/Apps/silni_app/test/unit/services/gamification_service_test.dart: GamificationService Logic Streak Milestones should return true for 14-day milestone                      00:06 +772: /Users/engammar/Apps/silni_app/test/unit/services/auth_service_test.dart: AuthService getErrorMessage should return Arabic message for rate limit exceeded                                 00:06 +773: /Users/engammar/Apps/silni_app/test/unit/services/gamification_service_test.dart: GamificationService Logic Streak Milestones should return true for 21-day milestone                      00:06 +774: /Users/engammar/Apps/silni_app/test/unit/services/auth_service_test.dart: AuthService getErrorMessage should return Arabic message for network errors                                      00:06 +775: /Users/engammar/Apps/silni_app/test/unit/services/gamification_service_test.dart: GamificationService Logic Streak Milestones should return true for 30-day milestone                      00:06 +776: /Users/engammar/Apps/silni_app/test/unit/services/auth_service_test.dart: AuthService getErrorMessage should return generic Arabic message for unknown errors                              00:06 +777: /Users/engammar/Apps/silni_app/test/unit/services/gamification_service_test.dart: GamificationService Logic Streak Milestones should return true for 50-day milestone                      00:06 +778: /Users/engammar/Apps/silni_app/test/unit/services/auth_service_test.dart: AuthService getErrorMessage should handle case-insensitive error messages                                        00:06 +779: /Users/engammar/Apps/silni_app/test/unit/services/gamification_service_test.dart: GamificationService Logic Streak Milestones should return true for 100-day milestone                     00:06 +780: /Users/engammar/Apps/silni_app/test/unit/services/gamification_service_test.dart: GamificationService Logic Streak Milestones should return true for 100-day milestone                     00:06 +780: /Users/engammar/Apps/silni_app/test/unit/services/auth_service_test.dart: AuthService getErrorMessage should handle multiple keywords in error message                                     00:06 +781: /Users/engammar/Apps/silni_app/test/unit/services/gamification_service_test.dart: GamificationService Logic Streak Milestones should return true for 200-day milestone                     00:06 +782: /Users/engammar/Apps/silni_app/test/unit/services/gamification_service_test.dart: GamificationService Logic Streak Milestones should return true for 200-day milestone                     00:06 +782: /Users/engammar/Apps/silni_app/test/unit/services/gamification_service_test.dart: GamificationService Logic Streak Milestones should return true for 365-day milestone                     00:06 +783: /Users/engammar/Apps/silni_app/test/unit/services/gamification_service_test.dart: GamificationService Logic Streak Milestones should return true for 365-day milestone                     00:06 +784: /Users/engammar/Apps/silni_app/test/unit/services/auth_service_test.dart: ... Mock-based tests (demonstration) signUpWithEmail (structure demo) demonstrates testing successful sign up    00:06 +785: /Users/engammar/Apps/silni_app/test/unit/services/auth_service_test.dart: ... Mock-based tests (demonstration) signUpWithEmail (structure demo) demonstrates testing successful sign up    00:06 +786: /Users/engammar/Apps/silni_app/test/unit/services/auth_service_test.dart: ... Mock-based tests (demonstration) signUpWithEmail (structure demo) demonstrates testing successful sign up    00:06 +787: /Users/engammar/Apps/silni_app/test/unit/services/auth_service_test.dart: ... Mock-based tests (demonstration) signUpWithEmail (structure demo) demonstrates testing successful sign up    00:06 +788: /Users/engammar/Apps/silni_app/test/unit/services/auth_service_test.dart: ... Mock-based tests (demonstration) signUpWithEmail (structure demo) demonstrates testing successful sign up    00:06 +789: /Users/engammar/Apps/silni_app/test/unit/services/auth_service_test.dart: ... Mock-based tests (demonstration) signUpWithEmail (structure demo) demonstrates testing successful sign up    00:06 +790: /Users/engammar/Apps/silni_app/test/unit/services/auth_service_test.dart: ... Mock-based tests (demonstration) signUpWithEmail (structure demo) demonstrates testing successful sign up    00:06 +791: /Users/engammar/Apps/silni_app/test/unit/services/auth_service_test.dart: ... Mock-based tests (demonstration) signUpWithEmail (structure demo) demonstrates testing successful sign up    00:06 +792: /Users/engammar/Apps/silni_app/test/unit/services/auth_service_test.dart: ... Mock-based tests (demonstration) signUpWithEmail (structure demo) demonstrates testing successful sign up    00:06 +793: /Users/engammar/Apps/silni_app/test/unit/services/gamification_service_test.dart: GamificationService Logic Badge Requirements Consistency Badges streak_30 requires 30+ day streak        00:06 +794: /Users/engammar/Apps/silni_app/test/unit/services/auth_service_test.dart: ... tests (demonstration) signUpWithEmail (structure demo) demonstrates testing email already exists error       00:06 +795: /Users/engammar/Apps/silni_app/test/unit/services/auth_service_test.dart: ... tests (demonstration) signUpWithEmail (structure demo) demonstrates testing email already exists error       00:06 +796: /Users/engammar/Apps/silni_app/test/unit/services/auth_service_test.dart: ... tests (demonstration) signUpWithEmail (structure demo) demonstrates testing email already exists error       00:06 +797: /Users/engammar/Apps/silni_app/test/unit/services/gamification_service_test.dart: ... Logic Badge Requirements Volume Badges interactions_10 requires 10+ total interactions               00:06 +798: /Users/engammar/Apps/silni_app/test/unit/services/auth_service_test.dart: ... Mock-based tests (demonstration) signUpWithEmail (structure demo) demonstrates testing null user response    00:06 +799: /Users/engammar/Apps/silni_app/test/unit/services/auth_service_test.dart: ... Mock-based tests (demonstration) signUpWithEmail (structure demo) demonstrates testing null user response    00:06 +800: /Users/engammar/Apps/silni_app/test/unit/services/auth_service_test.dart: ... Mock-based tests (demonstration) signUpWithEmail (structure demo) demonstrates testing null user response    00:06 +800: /Users/engammar/Apps/silni_app/test/unit/services/gamification_service_test.dart: ... Logic Badge Requirements Volume Badges interactions_100 requires 100+ total interactions             00:06 +801: /Users/engammar/Apps/silni_app/test/unit/services/auth_service_test.dart: ... Mock-based tests (demonstration) signInWithEmail (structure demo) demonstrates testing successful sign in    00:06 +802: /Users/engammar/Apps/silni_app/test/unit/services/auth_service_test.dart: ... Mock-based tests (demonstration) signInWithEmail (structure demo) demonstrates testing successful sign in    00:06 +803: /Users/engammar/Apps/silni_app/test/unit/services/auth_service_test.dart: ... Mock-based tests (demonstration) signInWithEmail (structure demo) demonstrates testing successful sign in    00:06 +803: /Users/engammar/Apps/silni_app/test/unit/services/gamification_service_test.dart: ... Logic Badge Requirements Volume Badges interactions_1000 requires 1000+ total interactions           00:06 +804: /Users/engammar/Apps/silni_app/test/unit/services/auth_service_test.dart: ... tests (demonstration) signInWithEmail (structure demo) demonstrates testing invalid credentials error        00:06 +805: /Users/engammar/Apps/silni_app/test/unit/services/auth_service_test.dart: ... tests (demonstration) signInWithEmail (structure demo) demonstrates testing invalid credentials error        00:06 +805: /Users/engammar/Apps/silni_app/test/unit/services/gamification_service_test.dart: GamificationService Logic Badge Requirements Variety Badges all_interaction_types requires 6 unique types00:06 +806: /Users/engammar/Apps/silni_app/test/unit/services/auth_service_test.dart: AuthService Mock-based tests (demonstration) signOut (structure demo) demonstrates testing successful sign out   00:06 +807: /Users/engammar/Apps/silni_app/test/unit/services/gamification_service_test.dart: ... Logic Badge Requirements Variety Badges social_butterfly requires 10+ unique relatives               00:06 +808: /Users/engammar/Apps/silni_app/test/unit/services/auth_service_test.dart: AuthService Mock-based tests (demonstration) signOut (structure demo) demonstrates testing sign out error        00:06 +809: /Users/engammar/Apps/silni_app/test/unit/services/auth_service_test.dart: AuthService Mock-based tests (demonstration) signOut (structure demo) demonstrates testing sign out error        00:06 +810: /Users/engammar/Apps/silni_app/test/unit/services/auth_service_test.dart: AuthService Mock-based tests (demonstration) signOut (structure demo) demonstrates testing sign out error        00:06 +810: /Users/engammar/Apps/silni_app/test/unit/services/gamification_service_test.dart: ... Logic Badge Requirements Special Badges family_gatherer requires 10+ event interactions              00:06 +811: /Users/engammar/Apps/silni_app/test/unit/services/auth_service_test.dart: ... tests (demonstration) resetPassword (structure demo) demonstrates testing successful password reset          00:06 +812: /Users/engammar/Apps/silni_app/test/unit/services/gamification_service_test.dart: ... Logic Badge Requirements Special Badges frequent_caller requires 50+ call interactions               00:06 +813: /Users/engammar/Apps/silni_app/test/unit/services/auth_service_test.dart: ... Mock-based tests (demonstration) resetPassword (structure demo) demonstrates testing invalid email error     00:06 +814: /Users/engammar/Apps/silni_app/test/unit/services/gamification_service_test.dart: ... Logic Badge Requirements Special Badges devoted_visitor requires 25+ visit interactions              00:06 +815: /Users/engammar/Apps/silni_app/test/unit/services/gamification_service_test.dart: ... Logic Badge Requirements Special Badges devoted_visitor requires 25+ visit interactions              00:06 +815: /Users/engammar/Apps/silni_app/test/unit/services/gamification_service_test.dart: GamificationService Logic Points Summary should have correct point values for all interaction types      00:06 +816: /Users/engammar/Apps/silni_app/test/unit/services/gamification_service_test.dart: GamificationService Logic Points Summary should have correct point values for all interaction types      00:06 +816: /Users/engammar/Apps/silni_app/test/unit/services/gamification_service_test.dart: GamificationService Logic Points Summary should have correct bonus values                                00:06 +817: /Users/engammar/Apps/silni_app/test/unit/services/gamification_service_test.dart: GamificationService Logic Points Summary should have correct bonus values                                00:06 +817: /Users/engammar/Apps/silni_app/test/unit/services/gamification_service_test.dart: GamificationService Logic XP Thresholds XP thresholds should be monotonically increasing                 00:06 +818: /Users/engammar/Apps/silni_app/test/unit/services/gamification_service_test.dart: GamificationService Logic XP Thresholds XP thresholds should be monotonically increasing                 00:06 +818: /Users/engammar/Apps/silni_app/test/unit/services/gamification_service_test.dart: GamificationService Logic XP Thresholds XP thresholds should match expected values                       00:06 +819: /Users/engammar/Apps/silni_app/test/unit/services/gamification_service_test.dart: GamificationService Logic XP Thresholds XP thresholds should match expected values                       00:06 +819: /Users/engammar/Apps/silni_app/test/unit/services/gamification_service_test.dart: GamificationService Logic XP Thresholds should have 10 levels                                            00:06 +820: /Users/engammar/Apps/silni_app/test/unit/services/gamification_service_test.dart: GamificationService Logic XP Thresholds should have 10 levels                                            00:07 +820: /Users/engammar/Apps/silni_app/test/unit/services/gamification_service_test.dart: GamificationService Logic XP Thresholds should have 10 levels                                            00:07 +820: loading /Users/engammar/Apps/silni_app/test/unit/services/interactions_service_test.dart                                                                                                   00:07 +820: /Users/engammar/Apps/silni_app/test/unit/services/interactions_service_test.dart: ... Logic Tests Data transformation tests should correctly transform JSON to Interaction model           00:07 +821: /Users/engammar/Apps/silni_app/test/unit/services/interactions_service_test.dart: ... Logic Tests Data transformation tests should correctly transform JSON to Interaction model           00:07 +821: /Users/engammar/Apps/silni_app/test/unit/services/interactions_service_test.dart: ... Logic Tests Data transformation tests should correctly transform Interaction model to JSON           00:07 +822: /Users/engammar/Apps/silni_app/test/unit/services/interactions_service_test.dart: ... Logic Tests Data transformation tests should correctly transform Interaction model to JSON           00:07 +822: /Users/engammar/Apps/silni_app/test/unit/services/interactions_service_test.dart: ... Logic Tests Data transformation tests should handle different interaction types correctly            00:07 +823: /Users/engammar/Apps/silni_app/test/unit/services/interactions_service_test.dart: ... Logic Tests Data transformation tests should handle different interaction types correctly            00:07 +823: /Users/engammar/Apps/silni_app/test/unit/services/interactions_service_test.dart: InteractionsService Logic Tests Data transformation tests should handle null optional fields correctly   00:07 +824: /Users/engammar/Apps/silni_app/test/unit/services/interactions_service_test.dart: InteractionsService Logic Tests Data transformation tests should handle null optional fields correctly   00:07 +824: /Users/engammar/Apps/silni_app/test/unit/services/interactions_service_test.dart: InteractionsService Logic Tests Client-side filtering logic tests should filter interactions by user ID  00:07 +825: /Users/engammar/Apps/silni_app/test/unit/services/interactions_service_test.dart: InteractionsService Logic Tests Client-side filtering logic tests should filter interactions by user ID  00:07 +825: /Users/engammar/Apps/silni_app/test/unit/services/interactions_service_test.dart: ... Logic Tests Client-side filtering logic tests should filter interactions by relative ID              00:07 +826: /Users/engammar/Apps/silni_app/test/unit/services/interactions_service_test.dart: ... Logic Tests Client-side filtering logic tests should filter interactions by relative ID              00:07 +826: /Users/engammar/Apps/silni_app/test/unit/services/interactions_service_test.dart: ... Logic Tests Client-side filtering logic tests should filter interactions by date range (today)       00:07 +827: /Users/engammar/Apps/silni_app/test/unit/services/interactions_service_test.dart: ... Logic Tests Client-side filtering logic tests should filter interactions by date range (today)       00:07 +827: /Users/engammar/Apps/silni_app/test/unit/services/interactions_service_test.dart: ... Logic Tests Client-side filtering logic tests should filter interactions by user AND date range      00:07 +828: /Users/engammar/Apps/silni_app/test/unit/services/interactions_service_test.dart: ... Logic Tests Client-side filtering logic tests should filter interactions by user AND date range      00:07 +828: /Users/engammar/Apps/silni_app/test/unit/services/interactions_service_test.dart: InteractionsService Logic Tests Client-side filtering logic tests should filter interactions by type     00:07 +829: /Users/engammar/Apps/silni_app/test/unit/services/interactions_service_test.dart: InteractionsService Logic Tests Client-side filtering logic tests should filter interactions by type     00:07 +829: /Users/engammar/Apps/silni_app/test/unit/services/interactions_service_test.dart: ... Logic Tests Sorting logic tests should sort interactions by date descending (most recent first)      00:07 +830: /Users/engammar/Apps/silni_app/test/unit/services/interactions_service_test.dart: ... Logic Tests Sorting logic tests should sort interactions by date descending (most recent first)      00:07 +830: /Users/engammar/Apps/silni_app/test/unit/services/interactions_service_test.dart: InteractionsService Logic Tests Sorting logic tests should handle empty list gracefully                  00:07 +831: /Users/engammar/Apps/silni_app/test/unit/services/interactions_service_test.dart: InteractionsService Logic Tests Sorting logic tests should handle empty list gracefully                  00:07 +831: /Users/engammar/Apps/silni_app/test/unit/services/interactions_service_test.dart: InteractionsService Logic Tests Sorting logic tests should handle single item list                       00:07 +832: /Users/engammar/Apps/silni_app/test/unit/services/interactions_service_test.dart: InteractionsService Logic Tests Sorting logic tests should handle single item list                       00:07 +832: /Users/engammar/Apps/silni_app/test/unit/services/interactions_service_test.dart: ... Logic Tests Interaction counting logic tests should count interactions by type correctly             00:07 +833: /Users/engammar/Apps/silni_app/test/unit/services/interactions_service_test.dart: ... Logic Tests Interaction counting logic tests should count interactions by type correctly             00:07 +833: /Users/engammar/Apps/silni_app/test/unit/services/interactions_service_test.dart: ... Logic Tests Interaction counting logic tests should count interactions in date range correctly       00:07 +834: /Users/engammar/Apps/silni_app/test/unit/services/interactions_service_test.dart: ... Logic Tests Interaction counting logic tests should count interactions in date range correctly       00:07 +834: /Users/engammar/Apps/silni_app/test/unit/services/interactions_service_test.dart: ... Logic Tests Interaction counting logic tests should identify if user has interacted today            00:07 +835: /Users/engammar/Apps/silni_app/test/unit/services/interactions_service_test.dart: ... Logic Tests Interaction counting logic tests should identify if user has interacted today            00:07 +835: /Users/engammar/Apps/silni_app/test/unit/services/interactions_service_test.dart: ... Logic Tests Combined operations tests should filter by user, sort by date, and limit results         00:07 +836: /Users/engammar/Apps/silni_app/test/unit/services/interactions_service_test.dart: ... Logic Tests Combined operations tests should filter by user, sort by date, and limit results         00:07 +836: /Users/engammar/Apps/silni_app/test/unit/services/interactions_service_test.dart: ... Logic Tests Combined operations tests should correctly identify recurring interactions               00:07 +837: /Users/engammar/Apps/silni_app/test/unit/services/interactions_service_test.dart: ... Logic Tests Combined operations tests should correctly identify recurring interactions               00:07 +837: /Users/engammar/Apps/silni_app/test/unit/services/interactions_service_test.dart: InteractionsService Logic Tests Combined operations tests should filter interactions by mood             00:07 +838: /Users/engammar/Apps/silni_app/test/unit/services/interactions_service_test.dart: InteractionsService Logic Tests Combined operations tests should filter interactions by mood             00:07 +838: /Users/engammar/Apps/silni_app/test/unit/services/interactions_service_test.dart: InteractionsService Logic Tests Combined operations tests should filter interactions by rating threshold 00:07 +839: /Users/engammar/Apps/silni_app/test/unit/services/interactions_service_test.dart: InteractionsService Logic Tests Combined operations tests should filter interactions by rating threshold 00:07 +839: /Users/engammar/Apps/silni_app/test/unit/services/interactions_service_test.dart: InteractionsService Logic Tests Date and time logic tests should correctly identify start and end of day 00:07 +840: /Users/engammar/Apps/silni_app/test/unit/services/interactions_service_test.dart: InteractionsService Logic Tests Date and time logic tests should correctly identify start and end of day 00:07 +840: /Users/engammar/Apps/silni_app/test/unit/services/interactions_service_test.dart: InteractionsService Logic Tests Date and time logic tests should correctly check if date is within range 00:07 +841: /Users/engammar/Apps/silni_app/test/unit/services/interactions_service_test.dart: InteractionsService Logic Tests Date and time logic tests should correctly check if date is within range 00:07 +841: /Users/engammar/Apps/silni_app/test/unit/services/interactions_service_test.dart: ... Logic Tests Date and time logic tests should correctly identify date boundaries (inclusive)          00:07 +842: /Users/engammar/Apps/silni_app/test/unit/services/interactions_service_test.dart: ... Logic Tests Date and time logic tests should correctly identify date boundaries (inclusive)          00:07 +842: loading /Users/engammar/Apps/silni_app/test/unit/services/error_handler_service_test.dart                                                                                                  00:07 +842: /Users/engammar/Apps/silni_app/test/unit/services/error_handler_service_test.dart: ErrorHandlerService - Error Categorization categorizes SocketException as NetworkError                  00:07 +843: /Users/engammar/Apps/silni_app/test/unit/services/connectivity_service_test.dart: ConnectivityService ConnectivityStatus should have 3 status values                                       00:07 +844: /Users/engammar/Apps/silni_app/test/unit/services/connectivity_service_test.dart: ConnectivityService ConnectivityStatus should have 3 status values                                       00:07 +845: /Users/engammar/Apps/silni_app/test/unit/services/connectivity_service_test.dart: ConnectivityService ConnectivityStatus should have 3 status values                                       00:07 +846: /Users/engammar/Apps/silni_app/test/unit/services/connectivity_service_test.dart: ConnectivityService ConnectivityStatus should have 3 status values                                       00:07 +847: /Users/engammar/Apps/silni_app/test/unit/services/connectivity_service_test.dart: ConnectivityService ConnectivityStatus should have 3 status values                                       00:07 +848: /Users/engammar/Apps/silni_app/test/unit/services/connectivity_service_test.dart: ConnectivityService ConnectivityStatus should have 3 status values                                       00:07 +849: /Users/engammar/Apps/silni_app/test/unit/services/connectivity_service_test.dart: ConnectivityService ConnectivityStatus should have 3 status values                                       00:07 +850: /Users/engammar/Apps/silni_app/test/unit/services/connectivity_service_test.dart: ConnectivityService ConnectivityStatus should have 3 status values                                       00:07 +851: /Users/engammar/Apps/silni_app/test/unit/services/connectivity_service_test.dart: ConnectivityService ConnectivityStatus should have 3 status values                                       00:07 +852: /Users/engammar/Apps/silni_app/test/unit/services/connectivity_service_test.dart: ConnectivityService ConnectivityStatus should have 3 status values                                       00:07 +853: /Users/engammar/Apps/silni_app/test/unit/services/connectivity_service_test.dart: ConnectivityService ConnectivityStatus should have 3 status values                                       00:07 +853: /Users/engammar/Apps/silni_app/test/unit/services/error_handler_service_test.dart: ErrorHandlerService - Arabic Messages returns Arabic message for TimeoutError                           00:07 +854: /Users/engammar/Apps/silni_app/test/unit/services/connectivity_service_test.dart: ConnectivityService ConnectivityStatus should include all expected statuses                              00:07 +855: /Users/engammar/Apps/silni_app/test/unit/services/error_handler_service_test.dart: ErrorHandlerService - Arabic Messages returns Arabic message for OfflineError                           00:07 +856: /Users/engammar/Apps/silni_app/test/unit/services/connectivity_service_test.dart: ConnectivityService ConnectivityStatus online should have correct name                                   00:07 +857: /Users/engammar/Apps/silni_app/test/unit/services/error_handler_service_test.dart: ErrorHandlerService - Arabic Messages returns Arabic message for DatabaseError                          00:07 +858: /Users/engammar/Apps/silni_app/test/unit/services/connectivity_service_test.dart: ConnectivityService ConnectivityStatus offline should have correct name                                  00:07 +859: /Users/engammar/Apps/silni_app/test/unit/services/error_handler_service_test.dart: ErrorHandlerService - Arabic Messages returns Arabic message for ServerError                            00:07 +860: /Users/engammar/Apps/silni_app/test/unit/services/error_handler_service_test.dart: ErrorHandlerService - Arabic Messages returns Arabic message for ServerError                            00:07 +860: /Users/engammar/Apps/silni_app/test/unit/services/connectivity_service_test.dart: ConnectivityService ConnectivityStatus checking should have correct name                                 00:07 +861: /Users/engammar/Apps/silni_app/test/unit/services/connectivity_service_test.dart: ConnectivityService ConnectivityStatus checking should have correct name                                 00:07 +862: /Users/engammar/Apps/silni_app/test/unit/services/connectivity_service_test.dart: ConnectivityService ConnectivityStatus checking should have correct name                                 00:07 +862: /Users/engammar/Apps/silni_app/test/unit/services/error_handler_service_test.dart: ErrorHandlerService - Arabic Messages returns Arabic message for UnknownError                           00:07 +863: /Users/engammar/Apps/silni_app/test/unit/services/connectivity_service_test.dart: ConnectivityService singleton pattern should return same instance                                        00:07 +864: /Users/engammar/Apps/silni_app/test/unit/services/error_handler_service_test.dart: ErrorHandlerService - Arabic Messages returns Arabic message for ClientException wrapper                00:07 +865: /Users/engammar/Apps/silni_app/test/unit/services/connectivity_service_test.dart: ConnectivityService singleton pattern global instance should be same as factory                          00:07 +866: /Users/engammar/Apps/silni_app/test/unit/services/error_handler_service_test.dart: ErrorHandlerService - Retryable Check NetworkError is retryable                                         00:07 +867: /Users/engammar/Apps/silni_app/test/unit/services/error_handler_service_test.dart: ErrorHandlerService - Retryable Check NetworkError is retryable                                         00:07 +867: /Users/engammar/Apps/silni_app/test/unit/services/connectivity_service_test.dart: ConnectivityService initial state initial status should be checking                                      00:07 +868: /Users/engammar/Apps/silni_app/test/unit/services/connectivity_service_test.dart: ConnectivityService initial state initial status should be checking                                      00:07 +869: /Users/engammar/Apps/silni_app/test/unit/services/connectivity_service_test.dart: ConnectivityService initial state initial status should be checking                                      00:07 +869: /Users/engammar/Apps/silni_app/test/unit/services/error_handler_service_test.dart: ErrorHandlerService - Retryable Check OfflineError is retryable                                         00:07 +870: /Users/engammar/Apps/silni_app/test/unit/services/connectivity_service_test.dart: ConnectivityService initial state should have onStatusChange stream                                      00:07 +871: /Users/engammar/Apps/silni_app/test/unit/services/error_handler_service_test.dart: ErrorHandlerService - Retryable Check DatabaseError is retryable                                        00:07 +872: /Users/engammar/Apps/silni_app/test/unit/services/error_handler_service_test.dart: ErrorHandlerService - Retryable Check DatabaseError is retryable                                        00:07 +873: /Users/engammar/Apps/silni_app/test/unit/services/error_handler_service_test.dart: ErrorHandlerService - Retryable Check DatabaseError is retryable                                        00:07 +873: /Users/engammar/Apps/silni_app/test/unit/services/connectivity_service_test.dart: ConnectivityService throttling logic should not throttle when lastCheck is null                          00:07 +874: /Users/engammar/Apps/silni_app/test/unit/services/connectivity_service_test.dart: ConnectivityService throttling logic should not throttle when lastCheck is null                          00:07 +875: /Users/engammar/Apps/silni_app/test/unit/services/error_handler_service_test.dart: ErrorHandlerService - Retryable Check ValidationError is NOT retryable                                  00:07 +876: /Users/engammar/Apps/silni_app/test/unit/services/connectivity_service_test.dart: ConnectivityService throttling logic should throttle when check was 1 second ago                         00:07 +877: /Users/engammar/Apps/silni_app/test/unit/services/connectivity_service_test.dart: ConnectivityService throttling logic should throttle when check was 1 second ago                         00:07 +878: /Users/engammar/Apps/silni_app/test/unit/services/connectivity_service_test.dart: ConnectivityService throttling logic should throttle when check was 1 second ago                         00:07 +878: /Users/engammar/Apps/silni_app/test/unit/services/error_handler_service_test.dart: AuthError - Arabic Messages invalid credentials returns correct Arabic message                          00:07 +879: /Users/engammar/Apps/silni_app/test/unit/services/error_handler_service_test.dart: AuthError - Arabic Messages invalid credentials returns correct Arabic message                          00:07 +880: /Users/engammar/Apps/silni_app/test/unit/services/error_handler_service_test.dart: AuthError - Arabic Messages invalid credentials returns correct Arabic message                          00:07 +880: /Users/engammar/Apps/silni_app/test/unit/services/connectivity_service_test.dart: ConnectivityService throttling logic should not throttle when check was 6 seconds ago                    00:07 +881: /Users/engammar/Apps/silni_app/test/unit/services/connectivity_service_test.dart: ConnectivityService throttling logic should not throttle when check was 6 seconds ago                    00:07 +882: /Users/engammar/Apps/silni_app/test/unit/services/connectivity_service_test.dart: ConnectivityService throttling logic should not throttle when check was 6 seconds ago                    00:07 +882: /Users/engammar/Apps/silni_app/test/unit/services/error_handler_service_test.dart: AuthError - Arabic Messages user not found returns correct Arabic message                               00:07 +883: /Users/engammar/Apps/silni_app/test/unit/services/connectivity_service_test.dart: ConnectivityService throttling logic should not throttle when check was 1 minute ago                     00:07 +884: /Users/engammar/Apps/silni_app/test/unit/services/connectivity_service_test.dart: ConnectivityService throttling logic should not throttle when check was 1 minute ago                     00:07 +884: /Users/engammar/Apps/silni_app/test/unit/services/error_handler_service_test.dart: AuthError - Arabic Messages email already exists returns correct Arabic message                         00:07 +885: /Users/engammar/Apps/silni_app/test/unit/services/connectivity_service_test.dart: ConnectivityService throttling logic throttle interval should be 5 seconds                               00:07 +886: /Users/engammar/Apps/silni_app/test/unit/services/error_handler_service_test.dart: AuthError - Arabic Messages weak password returns correct Arabic message                                00:07 +887: /Users/engammar/Apps/silni_app/test/unit/services/connectivity_service_test.dart: ConnectivityService periodic check logic periodic check interval should be 30 seconds                    00:07 +888: /Users/engammar/Apps/silni_app/test/unit/services/error_handler_service_test.dart: AuthError - Arabic Messages session expired returns correct Arabic message                              00:07 +889: /Users/engammar/Apps/silni_app/test/unit/services/connectivity_service_test.dart: ConnectivityService periodic check logic periodic check should run multiple times in 2 minutes           00:07 +890: /Users/engammar/Apps/silni_app/test/unit/services/error_handler_service_test.dart: AuthError - Arabic Messages rate limited returns correct Arabic message                                 00:07 +891: /Users/engammar/Apps/silni_app/test/unit/services/connectivity_service_test.dart: ConnectivityService periodic check logic periodic check should run 120 times in an hour                  00:07 +892: /Users/engammar/Apps/silni_app/test/unit/services/error_handler_service_test.dart: AuthError - Arabic Messages session expired is retryable                                                00:07 +893: /Users/engammar/Apps/silni_app/test/unit/services/connectivity_service_test.dart: ConnectivityService status change logic should emit when changing from checking to online                00:07 +894: /Users/engammar/Apps/silni_app/test/unit/services/error_handler_service_test.dart: AuthError - Arabic Messages invalid credentials is NOT retryable                                        00:07 +895: /Users/engammar/Apps/silni_app/test/unit/services/connectivity_service_test.dart: ConnectivityService status change logic should emit when changing from checking to offline               00:07 +896: /Users/engammar/Apps/silni_app/test/unit/services/error_handler_service_test.dart: AppError Extensions NetworkError is network related                                                     00:07 +897: /Users/engammar/Apps/silni_app/test/unit/services/connectivity_service_test.dart: ConnectivityService status change logic should emit when changing from online to offline                 00:07 +898: /Users/engammar/Apps/silni_app/test/unit/services/error_handler_service_test.dart: AppError Extensions OfflineError is network related                                                     00:07 +899: /Users/engammar/Apps/silni_app/test/unit/services/connectivity_service_test.dart: ConnectivityService status change logic should emit when changing from offline to online                 00:07 +900: /Users/engammar/Apps/silni_app/test/unit/services/error_handler_service_test.dart: AppError Extensions TimeoutError is network related                                                     00:07 +901: /Users/engammar/Apps/silni_app/test/unit/services/connectivity_service_test.dart: ConnectivityService status change logic should not emit when staying online                              00:07 +902: /Users/engammar/Apps/silni_app/test/unit/services/error_handler_service_test.dart: AppError Extensions AuthError is auth related                                                           00:07 +903: /Users/engammar/Apps/silni_app/test/unit/services/connectivity_service_test.dart: ConnectivityService status change logic should not emit when staying offline                             00:07 +904: /Users/engammar/Apps/silni_app/test/unit/services/error_handler_service_test.dart: AppError Extensions session expired requires reauth                                                     00:07 +905: /Users/engammar/Apps/silni_app/test/unit/services/connectivity_service_test.dart: ConnectivityService DNS lookup hosts should have 3 fallback hosts                                        00:07 +906: /Users/engammar/Apps/silni_app/test/unit/services/error_handler_service_test.dart: AppError Extensions invalid credentials does NOT require reauth                                         00:07 +907: /Users/engammar/Apps/silni_app/test/unit/services/connectivity_service_test.dart: ConnectivityService DNS lookup hosts should include google.com                                           00:07 +908: /Users/engammar/Apps/silni_app/test/unit/services/connectivity_service_test.dart: ConnectivityService DNS lookup hosts should include google.com                                           00:07 +908: /Users/engammar/Apps/silni_app/test/unit/services/connectivity_service_test.dart: ConnectivityService DNS lookup hosts should include cloudflare.com                                       00:07 +909: /Users/engammar/Apps/silni_app/test/unit/services/connectivity_service_test.dart: ConnectivityService DNS lookup hosts should include cloudflare.com                                       00:07 +909: /Users/engammar/Apps/silni_app/test/unit/services/connectivity_service_test.dart: ConnectivityService DNS lookup hosts should include apple.com                                            00:07 +910: /Users/engammar/Apps/silni_app/test/unit/services/connectivity_service_test.dart: ConnectivityService DNS lookup hosts should include apple.com                                            00:07 +910: /Users/engammar/Apps/silni_app/test/unit/services/connectivity_service_test.dart: ConnectivityService DNS lookup hosts hosts should be reliable providers                                  00:07 +911: /Users/engammar/Apps/silni_app/test/unit/services/connectivity_service_test.dart: ConnectivityService DNS lookup hosts hosts should be reliable providers                                  00:07 +911: /Users/engammar/Apps/silni_app/test/unit/services/connectivity_service_test.dart: ConnectivityService timeout configuration DNS lookup timeout should be 5 seconds                         00:07 +912: /Users/engammar/Apps/silni_app/test/unit/services/connectivity_service_test.dart: ConnectivityService timeout configuration DNS lookup timeout should be 5 seconds                         00:07 +912: /Users/engammar/Apps/silni_app/test/unit/services/connectivity_service_test.dart: ConnectivityService timeout configuration DNS timeout should be reasonable for mobile networks           00:07 +913: /Users/engammar/Apps/silni_app/test/unit/services/connectivity_service_test.dart: ConnectivityService timeout configuration DNS timeout should be reasonable for mobile networks           00:07 +913: /Users/engammar/Apps/silni_app/test/unit/services/connectivity_service_test.dart: ConnectivityService timeout configuration default wait for connection timeout should be 30 seconds       00:07 +914: /Users/engammar/Apps/silni_app/test/unit/services/connectivity_service_test.dart: ConnectivityService timeout configuration default wait for connection timeout should be 30 seconds       00:07 +914: /Users/engammar/Apps/silni_app/test/unit/services/connectivity_service_test.dart: ConnectivityService timeout configuration wait timeout should allow for network recovery                 00:07 +915: /Users/engammar/Apps/silni_app/test/unit/services/connectivity_service_test.dart: ConnectivityService timeout configuration wait timeout should allow for network recovery                 00:07 +915: /Users/engammar/Apps/silni_app/test/unit/services/connectivity_service_test.dart: ConnectivityService isOnline getter logic should return true when status is online                       00:07 +916: /Users/engammar/Apps/silni_app/test/unit/services/connectivity_service_test.dart: ConnectivityService isOnline getter logic should return true when status is online                       00:07 +916: /Users/engammar/Apps/silni_app/test/unit/services/connectivity_service_test.dart: ConnectivityService isOnline getter logic should return false when status is offline                     00:07 +917: /Users/engammar/Apps/silni_app/test/unit/services/connectivity_service_test.dart: ConnectivityService isOnline getter logic should return false when status is offline                     00:07 +917: /Users/engammar/Apps/silni_app/test/unit/services/connectivity_service_test.dart: ConnectivityService isOnline getter logic should return false when status is checking                    00:07 +918: /Users/engammar/Apps/silni_app/test/unit/services/connectivity_service_test.dart: ConnectivityService isOnline getter logic should return false when status is checking                    00:07 +918: /Users/engammar/Apps/silni_app/test/unit/services/connectivity_service_test.dart: ConnectivityService retry logic should return true if first host succeeds                                00:07 +919: /Users/engammar/Apps/silni_app/test/unit/services/connectivity_service_test.dart: ConnectivityService retry logic should return true if first host succeeds                                00:07 +919: /Users/engammar/Apps/silni_app/test/unit/services/connectivity_service_test.dart: ConnectivityService retry logic should return true if second host succeeds                               00:07 +920: /Users/engammar/Apps/silni_app/test/unit/services/connectivity_service_test.dart: ConnectivityService retry logic should return true if second host succeeds                               00:07 +920: /Users/engammar/Apps/silni_app/test/unit/services/connectivity_service_test.dart: ConnectivityService retry logic should return true if third host succeeds                                00:07 +921: /Users/engammar/Apps/silni_app/test/unit/services/connectivity_service_test.dart: ConnectivityService retry logic should return true if third host succeeds                                00:07 +921: /Users/engammar/Apps/silni_app/test/unit/services/connectivity_service_test.dart: ConnectivityService retry logic should return false if all hosts fail                                    00:07 +922: /Users/engammar/Apps/silni_app/test/unit/services/connectivity_service_test.dart: ConnectivityService retry logic should return false if all hosts fail                                    00:07 +922: /Users/engammar/Apps/silni_app/test/unit/services/connectivity_service_test.dart: ConnectivityService retry logic should return true if any host succeeds                                  00:07 +923: /Users/engammar/Apps/silni_app/test/unit/services/connectivity_service_test.dart: ConnectivityService retry logic should return true if any host succeeds                                  00:07 +923: /Users/engammar/Apps/silni_app/test/unit/services/connectivity_service_test.dart: ConnectivityService error handling logic should return offline on exception                              00:07 +924: /Users/engammar/Apps/silni_app/test/unit/services/connectivity_service_test.dart: ConnectivityService error handling logic should return offline on exception                              00:07 +924: /Users/engammar/Apps/silni_app/test/unit/services/connectivity_service_test.dart: ConnectivityService error handling logic should return offline on timeout exception                      00:07 +925: /Users/engammar/Apps/silni_app/test/unit/services/connectivity_service_test.dart: ConnectivityService error handling logic should return offline on timeout exception                      00:07 +925: /Users/engammar/Apps/silni_app/test/unit/services/connectivity_service_test.dart: ConnectivityService error handling logic should return online when no exception                          00:07 +926: /Users/engammar/Apps/silni_app/test/unit/services/connectivity_service_test.dart: ConnectivityService error handling logic should return online when no exception                          00:07 +926: /Users/engammar/Apps/silni_app/test/unit/services/connectivity_service_test.dart: ConnectivityService service lifecycle should have initialize method                                      00:07 +927: /Users/engammar/Apps/silni_app/test/unit/services/connectivity_service_test.dart: ConnectivityService service lifecycle should have initialize method                                      00:07 +927: /Users/engammar/Apps/silni_app/test/unit/services/connectivity_service_test.dart: ConnectivityService service lifecycle should have dispose method                                         00:07 +928: /Users/engammar/Apps/silni_app/test/unit/services/connectivity_service_test.dart: ConnectivityService service lifecycle should have dispose method                                         00:07 +928: /Users/engammar/Apps/silni_app/test/unit/services/connectivity_service_test.dart: ConnectivityService service lifecycle should have refresh method                                         00:07 +929: /Users/engammar/Apps/silni_app/test/unit/services/connectivity_service_test.dart: ConnectivityService service lifecycle should have refresh method                                         00:07 +929: /Users/engammar/Apps/silni_app/test/unit/services/connectivity_service_test.dart: ConnectivityService service lifecycle should have checkConnectivity method                               00:07 +930: /Users/engammar/Apps/silni_app/test/unit/services/connectivity_service_test.dart: ConnectivityService service lifecycle should have checkConnectivity method                               00:07 +930: /Users/engammar/Apps/silni_app/test/unit/services/connectivity_service_test.dart: ConnectivityService service lifecycle should have waitForConnection method                               00:07 +931: /Users/engammar/Apps/silni_app/test/unit/services/connectivity_service_test.dart: ConnectivityService service lifecycle should have waitForConnection method                               00:07 +931: /Users/engammar/Apps/silni_app/test/unit/services/connectivity_service_test.dart: ConnectivityService service lifecycle should have requireConnection method                               00:07 +932: /Users/engammar/Apps/silni_app/test/unit/services/connectivity_service_test.dart: ConnectivityService service lifecycle should have requireConnection method                               00:07 +932: /Users/engammar/Apps/silni_app/test/unit/services/connectivity_service_test.dart: ConnectivityService force check parameter force=true should bypass throttle                              00:07 +933: /Users/engammar/Apps/silni_app/test/unit/services/connectivity_service_test.dart: ConnectivityService force check parameter force=true should bypass throttle                              00:07 +933: /Users/engammar/Apps/silni_app/test/unit/services/connectivity_service_test.dart: ConnectivityService force check parameter force=false should respect throttle                            00:07 +934: /Users/engammar/Apps/silni_app/test/unit/services/connectivity_service_test.dart: ConnectivityService force check parameter force=false should respect throttle                            00:07 +934: /Users/engammar/Apps/silni_app/test/unit/services/connectivity_service_test.dart: ConnectivityService force check parameter force=false with old check should allow check                  00:07 +935: /Users/engammar/Apps/silni_app/test/unit/services/connectivity_service_test.dart: ConnectivityService force check parameter force=false with old check should allow check                  00:08 +935: /Users/engammar/Apps/silni_app/test/unit/services/connectivity_service_test.dart: ConnectivityService force check parameter null lastCheck should always allow check                       00:08 +936: /Users/engammar/Apps/silni_app/test/unit/services/connectivity_service_test.dart: ConnectivityService force check parameter null lastCheck should always allow check                       00:08 +936: loading /Users/engammar/Apps/silni_app/test/widget/statistics/statistics_screen_test.dart                                                                                                  00:08 +936: /Users/engammar/Apps/silni_app/test/widget/statistics/statistics_screen_test.dart: StatisticsScreen Logic Tests streak calculation should return 0 for empty relatives list                00:08 +937: /Users/engammar/Apps/silni_app/test/widget/statistics/statistics_screen_test.dart: StatisticsScreen Logic Tests streak calculation should return 0 for empty relatives list                00:08 +937: /Users/engammar/Apps/silni_app/test/widget/statistics/statistics_screen_test.dart: StatisticsScreen Logic Tests streak calculation should return 0 when no relatives have contact dates    00:08 +938: /Users/engammar/Apps/silni_app/test/widget/statistics/statistics_screen_test.dart: StatisticsScreen Logic Tests streak calculation should return 0 when no relatives have contact dates    00:08 +938: /Users/engammar/Apps/silni_app/test/widget/statistics/statistics_screen_test.dart: StatisticsScreen Logic Tests streak calculation should return 1 for contact today only                  00:08 +939: /Users/engammar/Apps/silni_app/test/widget/statistics/statistics_screen_test.dart: StatisticsScreen Logic Tests streak calculation should return 1 for contact today only                  00:08 +939: /Users/engammar/Apps/silni_app/test/widget/statistics/statistics_screen_test.dart: StatisticsScreen Logic Tests streak calculation should count consecutive days streak                    00:08 +940: /Users/engammar/Apps/silni_app/test/widget/statistics/statistics_screen_test.dart: StatisticsScreen Logic Tests streak calculation should count consecutive days streak                    00:08 +940: /Users/engammar/Apps/silni_app/test/widget/statistics/statistics_screen_test.dart: StatisticsScreen Logic Tests streak calculation should break streak on missed day                       00:08 +941: /Users/engammar/Apps/silni_app/test/widget/statistics/statistics_screen_test.dart: StatisticsScreen Logic Tests streak calculation should break streak on missed day                       00:08 +941: /Users/engammar/Apps/silni_app/test/widget/statistics/statistics_screen_test.dart: StatisticsScreen Logic Tests streak calculation should handle multiple contacts on same day             00:08 +942: /Users/engammar/Apps/silni_app/test/widget/statistics/statistics_screen_test.dart: StatisticsScreen Logic Tests streak calculation should handle multiple contacts on same day             00:08 +942: /Users/engammar/Apps/silni_app/test/widget/statistics/statistics_screen_test.dart: StatisticsScreen Logic Tests streak calculation should return 0 if first contact is not today           00:08 +943: /Users/engammar/Apps/silni_app/test/widget/statistics/statistics_screen_test.dart: StatisticsScreen Logic Tests streak calculation should return 0 if first contact is not today           00:08 +943: /Users/engammar/Apps/silni_app/test/widget/statistics/statistics_screen_test.dart: StatisticsScreen Logic Tests streak calculation should handle week-long streak                          00:08 +944: /Users/engammar/Apps/silni_app/test/widget/statistics/statistics_screen_test.dart: StatisticsScreen Logic Tests streak calculation should handle week-long streak                          00:08 +944: /Users/engammar/Apps/silni_app/test/widget/statistics/statistics_screen_test.dart: StatisticsScreen Logic Tests streak calculation should handle very old contacts                         00:08 +945: /Users/engammar/Apps/silni_app/test/widget/statistics/statistics_screen_test.dart: StatisticsScreen Logic Tests streak calculation should handle very old contacts                         00:08 +945: /Users/engammar/Apps/silni_app/test/widget/statistics/statistics_screen_test.dart: StatisticsScreen Logic Tests total contacts calculation should return 0 for empty list                  00:08 +946: /Users/engammar/Apps/silni_app/test/widget/statistics/statistics_screen_test.dart: StatisticsScreen Logic Tests total contacts calculation should return 0 for empty list                  00:08 +946: /Users/engammar/Apps/silni_app/test/widget/statistics/statistics_screen_test.dart: StatisticsScreen Logic Tests total contacts calculation should sum all interaction counts               00:08 +947: /Users/engammar/Apps/silni_app/test/widget/statistics/statistics_screen_test.dart: StatisticsScreen Logic Tests total contacts calculation should sum all interaction counts               00:08 +947: /Users/engammar/Apps/silni_app/test/widget/statistics/statistics_screen_test.dart: StatisticsScreen Logic Tests total contacts calculation should handle relatives with zero interactions  00:08 +948: /Users/engammar/Apps/silni_app/test/widget/statistics/statistics_screen_test.dart: StatisticsScreen Logic Tests total contacts calculation should handle relatives with zero interactions  00:08 +948: /Users/engammar/Apps/silni_app/test/widget/statistics/statistics_screen_test.dart: StatisticsScreen Logic Tests total contacts calculation should handle single relative                   00:08 +949: /Users/engammar/Apps/silni_app/test/widget/statistics/statistics_screen_test.dart: StatisticsScreen Logic Tests total contacts calculation should handle single relative                   00:08 +949: /Users/engammar/Apps/silni_app/test/widget/statistics/statistics_screen_test.dart: StatisticsScreen Logic Tests total contacts calculation should handle large numbers                     00:08 +950: /Users/engammar/Apps/silni_app/test/widget/statistics/statistics_screen_test.dart: StatisticsScreen Logic Tests total contacts calculation should handle large numbers                     00:08 +950: /Users/engammar/Apps/silni_app/test/widget/statistics/statistics_screen_test.dart: StatisticsScreen Logic Tests day label formatting should return singular for 1                          00:08 +951: /Users/engammar/Apps/silni_app/test/widget/statistics/statistics_screen_test.dart: StatisticsScreen Logic Tests day label formatting should return singular for 1                          00:08 +951: /Users/engammar/Apps/silni_app/test/widget/statistics/statistics_screen_test.dart: StatisticsScreen Logic Tests day label formatting should return plural for 0                            00:08 +952: /Users/engammar/Apps/silni_app/test/widget/statistics/statistics_screen_test.dart: StatisticsScreen Logic Tests day label formatting should return plural for 0                            00:08 +952: /Users/engammar/Apps/silni_app/test/widget/statistics/statistics_screen_test.dart: StatisticsScreen Logic Tests day label formatting should return plural for 2                            00:08 +953: /Users/engammar/Apps/silni_app/test/widget/statistics/statistics_screen_test.dart: StatisticsScreen Logic Tests day label formatting should return plural for 2                            00:08 +953: /Users/engammar/Apps/silni_app/test/widget/statistics/statistics_screen_test.dart: StatisticsScreen Logic Tests day label formatting should return plural for large numbers                00:08 +954: /Users/engammar/Apps/silni_app/test/widget/statistics/statistics_screen_test.dart: StatisticsScreen Logic Tests day label formatting should return plural for large numbers                00:08 +954: /Users/engammar/Apps/silni_app/test/widget/statistics/statistics_screen_test.dart: StatisticsScreen Logic Tests UI labels screen title should be in Arabic                                 00:08 +955: /Users/engammar/Apps/silni_app/test/widget/statistics/statistics_screen_test.dart: StatisticsScreen Logic Tests UI labels screen title should be in Arabic                                 00:08 +955: /Users/engammar/Apps/silni_app/test/widget/statistics/statistics_screen_test.dart: StatisticsScreen Logic Tests UI labels total contacts label should be in Arabic                         00:08 +956: /Users/engammar/Apps/silni_app/test/widget/statistics/statistics_screen_test.dart: StatisticsScreen Logic Tests UI labels total contacts label should be in Arabic                         00:08 +956: /Users/engammar/Apps/silni_app/test/widget/statistics/statistics_screen_test.dart: StatisticsScreen Logic Tests UI labels streak label should be in Arabic                                 00:08 +957: /Users/engammar/Apps/silni_app/test/widget/statistics/statistics_screen_test.dart: StatisticsScreen Logic Tests UI labels streak label should be in Arabic                                 00:08 +957: /Users/engammar/Apps/silni_app/test/widget/statistics/statistics_screen_test.dart: StatisticsScreen Logic Tests UI labels unauthenticated message should be correct                        00:08 +958: /Users/engammar/Apps/silni_app/test/widget/statistics/statistics_screen_test.dart: StatisticsScreen Logic Tests UI labels unauthenticated message should be correct                        00:08 +958: /Users/engammar/Apps/silni_app/test/widget/statistics/statistics_screen_test.dart: StatisticsScreen Logic Tests UI labels error message prefix should be correct                           00:08 +959: /Users/engammar/Apps/silni_app/test/widget/statistics/statistics_screen_test.dart: StatisticsScreen Logic Tests UI labels error message prefix should be correct                           00:08 +959: /Users/engammar/Apps/silni_app/test/widget/statistics/statistics_screen_test.dart: StatisticsScreen Logic Tests date key formatting should format date without leading zeros               00:08 +960: /Users/engammar/Apps/silni_app/test/widget/statistics/statistics_screen_test.dart: StatisticsScreen Logic Tests date key formatting should format date without leading zeros               00:08 +960: /Users/engammar/Apps/silni_app/test/widget/statistics/statistics_screen_test.dart: StatisticsScreen Logic Tests date key formatting should format date correctly for December              00:08 +961: /Users/engammar/Apps/silni_app/test/widget/statistics/statistics_screen_test.dart: StatisticsScreen Logic Tests date key formatting should format date correctly for December              00:08 +961: /Users/engammar/Apps/silni_app/test/widget/statistics/statistics_screen_test.dart: StatisticsScreen Logic Tests date key formatting should create unique keys for different days           00:08 +962: /Users/engammar/Apps/silni_app/test/widget/statistics/statistics_screen_test.dart: StatisticsScreen Logic Tests date key formatting should create unique keys for different days           00:08 +962: /Users/engammar/Apps/silni_app/test/widget/statistics/statistics_screen_test.dart: StatisticsScreen Logic Tests date key formatting should create same key for same day                    00:08 +963: /Users/engammar/Apps/silni_app/test/widget/statistics/statistics_screen_test.dart: StatisticsScreen Logic Tests date key formatting should create same key for same day                    00:08 +963: /Users/engammar/Apps/silni_app/test/widget/statistics/statistics_screen_test.dart: StatisticsScreen Logic Tests contact date sorting should sort dates most recent first                   00:08 +964: /Users/engammar/Apps/silni_app/test/widget/statistics/statistics_screen_test.dart: StatisticsScreen Logic Tests contact date sorting should sort dates most recent first                   00:08 +964: /Users/engammar/Apps/silni_app/test/widget/statistics/statistics_screen_test.dart: StatisticsScreen Logic Tests contact date sorting should handle same day sorting                        00:08 +965: /Users/engammar/Apps/silni_app/test/widget/statistics/statistics_screen_test.dart: StatisticsScreen Logic Tests contact date sorting should handle same day sorting                        00:08 +965: /Users/engammar/Apps/silni_app/test/widget/statistics/statistics_screen_test.dart: StatisticsScreen Logic Tests edge cases should handle null contact dates correctly                      00:08 +966: /Users/engammar/Apps/silni_app/test/widget/statistics/statistics_screen_test.dart: StatisticsScreen Logic Tests edge cases should handle null contact dates correctly                      00:08 +966: /Users/engammar/Apps/silni_app/test/widget/statistics/statistics_screen_test.dart: StatisticsScreen Logic Tests edge cases should handle empty contact dates set                           00:08 +967: /Users/engammar/Apps/silni_app/test/widget/statistics/statistics_screen_test.dart: StatisticsScreen Logic Tests edge cases should handle empty contact dates set                           00:08 +967: /Users/engammar/Apps/silni_app/test/widget/statistics/statistics_screen_test.dart: StatisticsScreen Logic Tests edge cases should handle year boundary dates                               00:08 +968: /Users/engammar/Apps/silni_app/test/widget/statistics/statistics_screen_test.dart: StatisticsScreen Logic Tests edge cases should handle year boundary dates                               00:08 +968: /Users/engammar/Apps/silni_app/test/widget/statistics/statistics_screen_test.dart: StatisticsScreen Logic Tests edge cases should handle month boundary dates                              00:08 +969: /Users/engammar/Apps/silni_app/test/widget/statistics/statistics_screen_test.dart: StatisticsScreen Logic Tests edge cases should handle month boundary dates                              00:08 +969: /Users/engammar/Apps/silni_app/test/widget/statistics/statistics_screen_test.dart: StatisticsScreen Logic Tests streak analytics streak description should vary by length                  00:08 +970: /Users/engammar/Apps/silni_app/test/widget/statistics/statistics_screen_test.dart: StatisticsScreen Logic Tests streak analytics streak description should vary by length                  00:08 +970: /Users/engammar/Apps/silni_app/test/widget/statistics/statistics_screen_test.dart: StatisticsScreen Logic Tests streak analytics should determine if streak is at risk                     00:08 +971: /Users/engammar/Apps/silni_app/test/widget/statistics/statistics_screen_test.dart: StatisticsScreen Logic Tests streak analytics should determine if streak is at risk                     00:08 +971: /Users/engammar/Apps/silni_app/test/widget/statistics/statistics_screen_test.dart: StatisticsScreen Logic Tests display formatting should format large numbers with separator              00:08 +972: /Users/engammar/Apps/silni_app/test/widget/statistics/statistics_screen_test.dart: StatisticsScreen Logic Tests display formatting should format large numbers with separator              00:08 +972: /Users/engammar/Apps/silni_app/test/widget/statistics/statistics_screen_test.dart: StatisticsScreen Logic Tests display formatting should display streak icon based on length              00:08 +973: /Users/engammar/Apps/silni_app/test/widget/statistics/statistics_screen_test.dart: StatisticsScreen Logic Tests display formatting should display streak icon based on length              00:08 +973: /Users/engammar/Apps/silni_app/test/widget/statistics/statistics_screen_test.dart: StatisticsScreen Logic Tests loading states waiting state should show loading indicator color           00:08 +974: /Users/engammar/Apps/silni_app/test/widget/statistics/statistics_screen_test.dart: StatisticsScreen Logic Tests loading states waiting state should show loading indicator color           00:08 +974: /Users/engammar/Apps/silni_app/test/widget/statistics/statistics_screen_test.dart: StatisticsScreen Logic Tests loading states error state should format error message                     00:08 +975: /Users/engammar/Apps/silni_app/test/widget/statistics/statistics_screen_test.dart: StatisticsScreen Logic Tests loading states error state should format error message                     00:08 +975: loading /Users/engammar/Apps/silni_app/test/unit/services/relatives_service_test.dart                                                                                                      00:08 +975: /Users/engammar/Apps/silni_app/test/unit/services/relatives_service_test.dart: RelativesService Logic Tests Data transformation tests should correctly transform JSON to Relative model    00:08 +976: /Users/engammar/Apps/silni_app/test/unit/services/relatives_service_test.dart: RelativesService Logic Tests Data transformation tests should correctly transform JSON to Relative model    00:08 +976: /Users/engammar/Apps/silni_app/test/unit/services/relatives_service_test.dart: RelativesService Logic Tests Data transformation tests should correctly transform Relative model to JSON    00:08 +977: /Users/engammar/Apps/silni_app/test/unit/services/relatives_service_test.dart: RelativesService Logic Tests Data transformation tests should correctly transform Relative model to JSON    00:08 +977: /Users/engammar/Apps/silni_app/test/unit/services/relatives_service_test.dart: RelativesService Logic Tests Data transformation tests should handle null optional fields correctly         00:08 +978: /Users/engammar/Apps/silni_app/test/unit/services/relatives_service_test.dart: RelativesService Logic Tests Data transformation tests should handle null optional fields correctly         00:08 +978: /Users/engammar/Apps/silni_app/test/unit/services/relatives_service_test.dart: ... Logic Tests Data transformation tests should preserve all required fields in round-trip conversion      00:08 +979: /Users/engammar/Apps/silni_app/test/unit/services/relatives_service_test.dart: ... Logic Tests Data transformation tests should preserve all required fields in round-trip conversion      00:08 +979: /Users/engammar/Apps/silni_app/test/unit/services/relatives_service_test.dart: RelativesService Logic Tests Data transformation tests should handle different relationship types correctly 00:08 +980: /Users/engammar/Apps/silni_app/test/unit/services/relatives_service_test.dart: RelativesService Logic Tests Data transformation tests should handle different relationship types correctly 00:08 +980: /Users/engammar/Apps/silni_app/test/unit/services/relatives_service_test.dart: RelativesService Logic Tests Client-side filtering logic tests should filter relatives by user ID           00:08 +981: /Users/engammar/Apps/silni_app/test/unit/services/relatives_service_test.dart: RelativesService Logic Tests Client-side filtering logic tests should filter relatives by user ID           00:08 +981: /Users/engammar/Apps/silni_app/test/unit/services/relatives_service_test.dart: RelativesService Logic Tests Client-side filtering logic tests should exclude archived relatives            00:08 +982: /Users/engammar/Apps/silni_app/test/unit/services/relatives_service_test.dart: RelativesService Logic Tests Client-side filtering logic tests should exclude archived relatives            00:08 +982: /Users/engammar/Apps/silni_app/test/unit/services/relatives_service_test.dart: RelativesService Logic Tests Client-side filtering logic tests should filter by user ID AND exclude archived00:08 +983: /Users/engammar/Apps/silni_app/test/unit/services/relatives_service_test.dart: RelativesService Logic Tests Client-side filtering logic tests should filter by user ID AND exclude archived00:08 +983: /Users/engammar/Apps/silni_app/test/unit/services/relatives_service_test.dart: RelativesService Logic Tests Client-side filtering logic tests should filter favorite relatives             00:08 +984: /Users/engammar/Apps/silni_app/test/unit/services/relatives_service_test.dart: RelativesService Logic Tests Client-side filtering logic tests should filter favorite relatives             00:08 +984: /Users/engammar/Apps/silni_app/test/unit/services/relatives_service_test.dart: ... Logic Tests Client-side filtering logic tests should search relatives by name (case-insensitive)        00:08 +985: /Users/engammar/Apps/silni_app/test/unit/services/relatives_service_test.dart: ... Logic Tests Client-side filtering logic tests should search relatives by name (case-insensitive)        00:08 +985: /Users/engammar/Apps/silni_app/test/unit/services/relatives_service_test.dart: ... Logic Tests Client-side filtering logic tests should return all relatives when search query is empty    00:08 +986: /Users/engammar/Apps/silni_app/test/unit/services/relatives_service_test.dart: ... Logic Tests Client-side filtering logic tests should return all relatives when search query is empty    00:08 +986: /Users/engammar/Apps/silni_app/test/unit/services/relatives_service_test.dart: RelativesService Logic Tests Client-side filtering logic tests should handle search with special characters 00:08 +987: /Users/engammar/Apps/silni_app/test/unit/services/relatives_service_test.dart: RelativesService Logic Tests Client-side filtering logic tests should handle search with special characters 00:08 +987: /Users/engammar/Apps/silni_app/test/unit/services/relatives_service_test.dart: RelativesService Logic Tests Sorting logic tests should sort relatives by priority ascending                00:08 +988: /Users/engammar/Apps/silni_app/test/unit/services/relatives_service_test.dart: RelativesService Logic Tests Sorting logic tests should sort relatives by priority ascending                00:08 +988: /Users/engammar/Apps/silni_app/test/unit/services/relatives_service_test.dart: RelativesService Logic Tests Sorting logic tests should sort by name when priority is the same              00:08 +989: /Users/engammar/Apps/silni_app/test/unit/services/relatives_service_test.dart: RelativesService Logic Tests Sorting logic tests should sort by name when priority is the same              00:08 +989: /Users/engammar/Apps/silni_app/test/unit/services/relatives_service_test.dart: RelativesService Logic Tests Sorting logic tests should sort by priority first, then by name                00:08 +990: /Users/engammar/Apps/silni_app/test/unit/services/relatives_service_test.dart: RelativesService Logic Tests Sorting logic tests should sort by priority first, then by name                00:08 +990: /Users/engammar/Apps/silni_app/test/unit/services/relatives_service_test.dart: RelativesService Logic Tests Sorting logic tests should handle empty list gracefully                        00:08 +991: /Users/engammar/Apps/silni_app/test/unit/services/relatives_service_test.dart: RelativesService Logic Tests Sorting logic tests should handle empty list gracefully                        00:08 +991: /Users/engammar/Apps/silni_app/test/unit/services/relatives_service_test.dart: RelativesService Logic Tests Sorting logic tests should handle single item list                             00:08 +992: /Users/engammar/Apps/silni_app/test/unit/services/relatives_service_test.dart: RelativesService Logic Tests Sorting logic tests should handle single item list                             00:08 +992: /Users/engammar/Apps/silni_app/test/unit/services/relatives_service_test.dart: ... Logic Tests Combined operations tests should filter, then search, then sort relatives correctly         00:08 +993: /Users/engammar/Apps/silni_app/test/unit/services/relatives_service_test.dart: ... Logic Tests Combined operations tests should filter, then search, then sort relatives correctly         00:08 +993: /Users/engammar/Apps/silni_app/test/unit/services/relatives_service_test.dart: RelativesService Logic Tests Combined operations tests should correctly identify relatives needing contact  00:08 +994: /Users/engammar/Apps/silni_app/test/unit/services/relatives_service_test.dart: RelativesService Logic Tests Combined operations tests should correctly identify relatives needing contact  00:09 +994: /Users/engammar/Apps/silni_app/test/unit/services/relatives_service_test.dart: RelativesService Logic Tests Combined operations tests should correctly identify relatives needing contact  00:09 +994: loading /Users/engammar/Apps/silni_app/test/widget/home/home_screen_test.dart                                                                                                              00:09 +994: /Users/engammar/Apps/silni_app/test/widget/home/home_screen_test.dart: HomeScreen UI Tests greeting logic should show صباح الخير in morning (6am)                                          00:09 +995: /Users/engammar/Apps/silni_app/test/widget/home/home_screen_test.dart: HomeScreen UI Tests greeting logic should show صباح الخير in morning (6am)                                          00:09 +995: /Users/engammar/Apps/silni_app/test/widget/home/home_screen_test.dart: HomeScreen UI Tests greeting logic should show صباح الخير before noon (11am)                                        00:09 +996: /Users/engammar/Apps/silni_app/test/widget/home/home_screen_test.dart: HomeScreen UI Tests greeting logic should show صباح الخير before noon (11am)                                        00:09 +996: /Users/engammar/Apps/silni_app/test/widget/home/home_screen_test.dart: HomeScreen UI Tests greeting logic should show مساء الخير at noon (12pm)                                            00:09 +997: /Users/engammar/Apps/silni_app/test/widget/home/home_screen_test.dart: HomeScreen UI Tests greeting logic should show مساء الخير at noon (12pm)                                            00:09 +997: /Users/engammar/Apps/silni_app/test/widget/home/home_screen_test.dart: HomeScreen UI Tests greeting logic should show مساء الخير in afternoon (15pm)                                       00:09 +998: /Users/engammar/Apps/silni_app/test/widget/home/home_screen_test.dart: HomeScreen UI Tests greeting logic should show مساء الخير in afternoon (15pm)                                       00:09 +998: /Users/engammar/Apps/silni_app/test/widget/home/home_screen_test.dart: HomeScreen UI Tests greeting logic should show السلام عليكم in evening (18pm)                                       00:09 +999: /Users/engammar/Apps/silni_app/test/widget/home/home_screen_test.dart: HomeScreen UI Tests greeting logic should show السلام عليكم in evening (18pm)                                       00:09 +999: /Users/engammar/Apps/silni_app/test/widget/home/home_screen_test.dart: HomeScreen UI Tests greeting logic should show السلام عليكم at night (22pm)                                         00:09 +1000: /Users/engammar/Apps/silni_app/test/widget/home/home_screen_test.dart: HomeScreen UI Tests greeting logic should show السلام عليكم at night (22pm)                                        00:09 +1000: /Users/engammar/Apps/silni_app/test/widget/home/home_screen_test.dart: HomeScreen UI Tests greeting logic should show صباح الخير at midnight (0am)                                        00:09 +1001: /Users/engammar/Apps/silni_app/test/widget/home/home_screen_test.dart: HomeScreen UI Tests greeting logic should show صباح الخير at midnight (0am)                                        00:09 +1001: /Users/engammar/Apps/silni_app/test/widget/home/home_screen_test.dart: HomeScreen UI Tests greeting logic greeting should cover all 24 hours                                              00:09 +1002: /Users/engammar/Apps/silni_app/test/widget/home/home_screen_test.dart: HomeScreen UI Tests greeting logic greeting should cover all 24 hours                                              00:09 +1002: /Users/engammar/Apps/silni_app/test/widget/home/home_screen_test.dart: HomeScreen UI Tests interaction color logic call should be green                                                   00:09 +1003: /Users/engammar/Apps/silni_app/test/widget/home/home_screen_test.dart: HomeScreen UI Tests interaction color logic call should be green                                                   00:09 +1003: /Users/engammar/Apps/silni_app/test/widget/home/home_screen_test.dart: HomeScreen UI Tests interaction color logic message should be blue                                                 00:09 +1004: /Users/engammar/Apps/silni_app/test/widget/home/home_screen_test.dart: HomeScreen UI Tests interaction color logic message should be blue                                                 00:09 +1004: /Users/engammar/Apps/silni_app/test/widget/home/home_screen_test.dart: HomeScreen UI Tests interaction color logic visit should be orange                                                 00:09 +1005: /Users/engammar/Apps/silni_app/test/widget/home/home_screen_test.dart: HomeScreen UI Tests interaction color logic visit should be orange                                                 00:09 +1005: /Users/engammar/Apps/silni_app/test/widget/home/home_screen_test.dart: HomeScreen UI Tests interaction color logic gift should be pink                                                    00:09 +1006: /Users/engammar/Apps/silni_app/test/widget/home/home_screen_test.dart: HomeScreen UI Tests interaction color logic gift should be pink                                                    00:09 +1006: /Users/engammar/Apps/silni_app/test/widget/home/home_screen_test.dart: HomeScreen UI Tests interaction color logic event should be teal                                                   00:09 +1007: /Users/engammar/Apps/silni_app/test/widget/home/home_screen_test.dart: HomeScreen UI Tests interaction color logic event should be teal                                                   00:09 +1007: /Users/engammar/Apps/silni_app/test/widget/home/home_screen_test.dart: HomeScreen UI Tests interaction color logic other should be purple                                                 00:09 +1008: /Users/engammar/Apps/silni_app/test/widget/home/home_screen_test.dart: HomeScreen UI Tests interaction color logic other should be purple                                                 00:09 +1008: /Users/engammar/Apps/silni_app/test/widget/home/home_screen_test.dart: HomeScreen UI Tests frequency color logic friday should be Islamic green                                           00:09 +1009: /Users/engammar/Apps/silni_app/test/widget/home/home_screen_test.dart: HomeScreen UI Tests frequency color logic friday should be Islamic green                                           00:09 +1009: /Users/engammar/Apps/silni_app/test/widget/home/home_screen_test.dart: HomeScreen UI Tests frequency color logic daily should be blue                                                     00:09 +1010: /Users/engammar/Apps/silni_app/test/widget/home/home_screen_test.dart: HomeScreen UI Tests frequency color logic daily should be blue                                                     00:09 +1010: /Users/engammar/Apps/silni_app/test/widget/home/home_screen_test.dart: HomeScreen UI Tests frequency color logic weekly should be purple                                                  00:09 +1011: /Users/engammar/Apps/silni_app/test/widget/home/home_screen_test.dart: HomeScreen UI Tests frequency color logic weekly should be purple                                                  00:09 +1011: /Users/engammar/Apps/silni_app/test/widget/home/home_screen_test.dart: HomeScreen UI Tests frequency color logic monthly should be deep orange                                            00:09 +1012: /Users/engammar/Apps/silni_app/test/widget/home/home_screen_test.dart: HomeScreen UI Tests frequency color logic monthly should be deep orange                                            00:09 +1012: /Users/engammar/Apps/silni_app/test/widget/home/home_screen_test.dart: HomeScreen UI Tests frequency color logic custom should be blue grey                                               00:09 +1013: /Users/engammar/Apps/silni_app/test/widget/home/home_screen_test.dart: HomeScreen UI Tests frequency color logic custom should be blue grey                                               00:09 +1013: /Users/engammar/Apps/silni_app/test/widget/home/home_screen_test.dart: HomeScreen UI Tests relatives hint text logic should return empty string for empty list                            00:09 +1014: /Users/engammar/Apps/silni_app/test/widget/home/home_screen_test.dart: HomeScreen UI Tests relatives hint text logic should return empty string for empty list                            00:09 +1014: /Users/engammar/Apps/silni_app/test/widget/home/home_screen_test.dart: HomeScreen UI Tests relatives hint text logic should return single name for single relative                        00:09 +1015: /Users/engammar/Apps/silni_app/test/widget/home/home_screen_test.dart: HomeScreen UI Tests relatives hint text logic should return single name for single relative                        00:09 +1015: /Users/engammar/Apps/silni_app/test/widget/home/home_screen_test.dart: HomeScreen UI Tests relatives hint text logic should join 2 names with Arabic comma                                00:09 +1016: /Users/engammar/Apps/silni_app/test/widget/home/home_screen_test.dart: HomeScreen UI Tests relatives hint text logic should join 2 names with Arabic comma                                00:09 +1016: /Users/engammar/Apps/silni_app/test/widget/home/home_screen_test.dart: HomeScreen UI Tests relatives hint text logic should join 3 names with Arabic comma                                00:09 +1017: /Users/engammar/Apps/silni_app/test/widget/home/home_screen_test.dart: HomeScreen UI Tests relatives hint text logic should join 3 names with Arabic comma                                00:09 +1017: /Users/engammar/Apps/silni_app/test/widget/home/home_screen_test.dart: HomeScreen UI Tests relatives hint text logic should show +count for more than 3 names                             00:09 +1018: /Users/engammar/Apps/silni_app/test/widget/home/home_screen_test.dart: HomeScreen UI Tests relatives hint text logic should show +count for more than 3 names                             00:09 +1018: /Users/engammar/Apps/silni_app/test/widget/home/home_screen_test.dart: HomeScreen UI Tests relatives hint text logic should show +count for 6 names                                       00:09 +1019: /Users/engammar/Apps/silni_app/test/widget/home/home_screen_test.dart: HomeScreen UI Tests relatives hint text logic should show +count for 6 names                                       00:09 +1019: /Users/engammar/Apps/silni_app/test/widget/home/home_screen_test.dart: HomeScreen UI Tests due reminders progress logic should calculate 0% when none contacted                           00:09 +1020: /Users/engammar/Apps/silni_app/test/widget/home/home_screen_test.dart: HomeScreen UI Tests due reminders progress logic should calculate 0% when none contacted                           00:09 +1020: /Users/engammar/Apps/silni_app/test/widget/home/home_screen_test.dart: HomeScreen UI Tests due reminders progress logic should calculate 50% when half contacted                          00:09 +1021: /Users/engammar/Apps/silni_app/test/widget/home/home_screen_test.dart: HomeScreen UI Tests due reminders progress logic should calculate 50% when half contacted                          00:09 +1021: /Users/engammar/Apps/silni_app/test/widget/home/home_screen_test.dart: HomeScreen UI Tests due reminders progress logic should calculate 100% when all contacted                          00:09 +1022: /Users/engammar/Apps/silni_app/test/widget/home/home_screen_test.dart: HomeScreen UI Tests due reminders progress logic should calculate 100% when all contacted                          00:09 +1022: /Users/engammar/Apps/silni_app/test/widget/home/home_screen_test.dart: HomeScreen UI Tests due reminders progress logic should handle empty total gracefully                              00:09 +1023: /Users/engammar/Apps/silni_app/test/widget/home/home_screen_test.dart: HomeScreen UI Tests due reminders progress logic should handle empty total gracefully                              00:09 +1023: /Users/engammar/Apps/silni_app/test/widget/home/home_screen_test.dart: HomeScreen UI Tests due reminders progress logic should format progress counter correctly                          00:09 +1024: /Users/engammar/Apps/silni_app/test/widget/home/home_screen_test.dart: HomeScreen UI Tests due reminders progress logic should format progress counter correctly                          00:09 +1024: /Users/engammar/Apps/silni_app/test/widget/home/home_screen_test.dart: HomeScreen UI Tests schedule firing logic daily should fire every day                                              00:09 +1025: /Users/engammar/Apps/silni_app/test/widget/home/home_screen_test.dart: HomeScreen UI Tests schedule firing logic daily should fire every day                                              00:09 +1025: /Users/engammar/Apps/silni_app/test/widget/home/home_screen_test.dart: HomeScreen UI Tests schedule firing logic weekly with custom days should fire only on specified days               00:09 +1026: /Users/engammar/Apps/silni_app/test/widget/home/home_screen_test.dart: HomeScreen UI Tests schedule firing logic weekly with custom days should fire only on specified days               00:09 +1026: /Users/engammar/Apps/silni_app/test/widget/home/home_screen_test.dart: HomeScreen UI Tests schedule firing logic weekly without custom days should fire every day                         00:09 +1027: /Users/engammar/Apps/silni_app/test/widget/home/home_screen_test.dart: HomeScreen UI Tests schedule firing logic weekly without custom days should fire every day                         00:09 +1027: /Users/engammar/Apps/silni_app/test/widget/home/home_screen_test.dart: HomeScreen UI Tests schedule firing logic monthly should fire only on specified day                                00:09 +1028: /Users/engammar/Apps/silni_app/test/widget/home/home_screen_test.dart: HomeScreen UI Tests schedule firing logic monthly should fire only on specified day                                00:09 +1028: /Users/engammar/Apps/silni_app/test/widget/home/home_screen_test.dart: HomeScreen UI Tests schedule firing logic monthly without day should not fire                                      00:09 +1029: /Users/engammar/Apps/silni_app/test/widget/home/home_screen_test.dart: HomeScreen UI Tests schedule firing logic monthly without day should not fire                                      00:09 +1029: /Users/engammar/Apps/silni_app/test/widget/home/home_screen_test.dart: HomeScreen UI Tests schedule firing logic friday should fire only on Friday                                        00:09 +1030: /Users/engammar/Apps/silni_app/test/widget/home/home_screen_test.dart: HomeScreen UI Tests schedule firing logic friday should fire only on Friday                                        00:09 +1030: /Users/engammar/Apps/silni_app/test/widget/home/home_screen_test.dart: HomeScreen UI Tests schedule firing logic custom should never fire                                                 00:09 +1031: /Users/engammar/Apps/silni_app/test/widget/home/home_screen_test.dart: HomeScreen UI Tests schedule firing logic custom should never fire                                                 00:09 +1031: /Users/engammar/Apps/silni_app/test/widget/home/home_screen_test.dart: HomeScreen UI Tests notification badge logic should show count for small numbers                                   00:09 +1032: /Users/engammar/Apps/silni_app/test/widget/home/home_screen_test.dart: HomeScreen UI Tests notification badge logic should show count for small numbers                                   00:09 +1032: /Users/engammar/Apps/silni_app/test/widget/home/home_screen_test.dart: HomeScreen UI Tests notification badge logic should show 99+ for 100 or more                                       00:09 +1033: /Users/engammar/Apps/silni_app/test/widget/home/home_screen_test.dart: HomeScreen UI Tests notification badge logic should show 99+ for 100 or more                                       00:09 +1033: /Users/engammar/Apps/silni_app/test/widget/home/home_screen_test.dart: HomeScreen UI Tests notification badge logic should not show badge for 0 count                                     00:09 +1034: /Users/engammar/Apps/silni_app/test/widget/home/home_screen_test.dart: HomeScreen UI Tests notification badge logic should not show badge for 0 count                                     00:09 +1034: /Users/engammar/Apps/silni_app/test/widget/home/home_screen_test.dart: HomeScreen UI Tests display name fallback logic should use full name when available                                00:09 +1035: /Users/engammar/Apps/silni_app/test/widget/home/home_screen_test.dart: HomeScreen UI Tests display name fallback logic should use full name when available                                00:09 +1035: /Users/engammar/Apps/silni_app/test/widget/home/home_screen_test.dart: HomeScreen UI Tests display name fallback logic should fallback to email when no full name                         00:09 +1036: /Users/engammar/Apps/silni_app/test/widget/home/home_screen_test.dart: HomeScreen UI Tests display name fallback logic should fallback to email when no full name                         00:09 +1036: /Users/engammar/Apps/silni_app/test/widget/home/home_screen_test.dart: HomeScreen UI Tests display name fallback logic should fallback to default when neither available                  00:09 +1037: /Users/engammar/Apps/silni_app/test/widget/home/home_screen_test.dart: HomeScreen UI Tests display name fallback logic should fallback to default when neither available                  00:09 +1037: /Users/engammar/Apps/silni_app/test/widget/home/home_screen_test.dart: HomeScreen UI Tests relatives sorting logic should sort by creation date ascending                                 00:09 +1038: /Users/engammar/Apps/silni_app/test/widget/home/home_screen_test.dart: HomeScreen UI Tests relatives sorting logic should sort by creation date ascending                                 00:09 +1038: /Users/engammar/Apps/silni_app/test/widget/home/home_screen_test.dart: HomeScreen UI Tests frequency sorting logic friday should be first                                                 00:09 +1039: /Users/engammar/Apps/silni_app/test/widget/home/home_screen_test.dart: HomeScreen UI Tests frequency sorting logic friday should be first                                                 00:09 +1039: /Users/engammar/Apps/silni_app/test/widget/home/home_screen_test.dart: HomeScreen UI Tests frequency sorting logic should maintain alphabetical order for non-friday                      00:09 +1040: /Users/engammar/Apps/silni_app/test/widget/home/home_screen_test.dart: HomeScreen UI Tests frequency sorting logic should maintain alphabetical order for non-friday                      00:09 +1040: /Users/engammar/Apps/silni_app/test/widget/home/home_screen_test.dart: HomeScreen UI Tests frequency sorting logic mixed with friday should have friday first                             00:09 +1041: /Users/engammar/Apps/silni_app/test/widget/home/home_screen_test.dart: HomeScreen UI Tests frequency sorting logic mixed with friday should have friday first                             00:09 +1041: /Users/engammar/Apps/silni_app/test/widget/home/home_screen_test.dart: HomeScreen UI Tests carousel display logic should limit to 8 relatives for display                                 00:09 +1042: /Users/engammar/Apps/silni_app/test/widget/home/home_screen_test.dart: HomeScreen UI Tests carousel display logic should limit to 8 relatives for display                                 00:09 +1042: /Users/engammar/Apps/silni_app/test/widget/home/home_screen_test.dart: HomeScreen UI Tests carousel display logic should show all if less than 8                                          00:09 +1043: /Users/engammar/Apps/silni_app/test/widget/home/home_screen_test.dart: HomeScreen UI Tests carousel display logic should show all if less than 8                                          00:09 +1043: /Users/engammar/Apps/silni_app/test/widget/home/home_screen_test.dart: HomeScreen UI Tests carousel display logic should show all if exactly 8                                            00:09 +1044: /Users/engammar/Apps/silni_app/test/widget/home/home_screen_test.dart: HomeScreen UI Tests carousel display logic should show all if exactly 8                                            00:09 +1044: loading /Users/engammar/Apps/silni_app/test/widget/settings/settings_screen_test.dart                                                                                                     00:09 +1044: /Users/engammar/Apps/silni_app/test/widget/settings/settings_screen_test.dart: SettingsScreen Widget Tests should render settings header                                                  00:09 +1045: /Users/engammar/Apps/silni_app/test/widget/settings/settings_screen_test.dart: SettingsScreen Widget Tests should render settings header                                                  00:09 +1045: /Users/engammar/Apps/silni_app/test/widget/settings/settings_screen_test.dart: SettingsScreen Widget Tests should render theme section                                                    00:09 +1046: /Users/engammar/Apps/silni_app/test/widget/settings/settings_screen_test.dart: SettingsScreen Widget Tests should render theme section                                                    00:09 +1046: /Users/engammar/Apps/silni_app/test/widget/settings/settings_screen_test.dart: SettingsScreen Widget Tests should render theme grid with all themes                                       00:09 +1047: /Users/engammar/Apps/silni_app/test/widget/settings/settings_screen_test.dart: SettingsScreen Widget Tests should render theme grid with all themes                                       00:09 +1047: /Users/engammar/Apps/silni_app/test/widget/settings/settings_screen_test.dart: SettingsScreen Widget Tests should render profile option                                                   00:09 +1048: /Users/engammar/Apps/silni_app/test/widget/settings/settings_screen_test.dart: SettingsScreen Widget Tests should render profile option                                                   00:09 +1048: /Users/engammar/Apps/silni_app/test/widget/settings/settings_screen_test.dart: SettingsScreen Widget Tests should render notifications option                                             00:09 +1049: /Users/engammar/Apps/silni_app/test/widget/settings/settings_screen_test.dart: SettingsScreen Widget Tests should render notifications option                                             00:09 +1049: /Users/engammar/Apps/silni_app/test/widget/settings/settings_screen_test.dart: SettingsScreen Widget Tests should render logout option                                                    00:09 +1050: /Users/engammar/Apps/silni_app/test/widget/settings/settings_screen_test.dart: SettingsScreen Widget Tests should render logout option                                                    00:09 +1050: /Users/engammar/Apps/silni_app/test/widget/settings/settings_screen_test.dart: SettingsScreen Widget Tests should navigate to profile when profile option is tapped                       00:10 +1050: /Users/engammar/Apps/silni_app/test/widget/settings/settings_screen_test.dart: SettingsScreen Widget Tests should navigate to profile when profile option is tapped                       00:10 +1051: /Users/engammar/Apps/silni_app/test/widget/relatives/relatives_screen_test.dart: RelativesScreen Widget Tests should render header with title                                             00:10 +1052: /Users/engammar/Apps/silni_app/test/widget/relatives/relatives_screen_test.dart: RelativesScreen Widget Tests should render header with title                                             00:10 +1053: /Users/engammar/Apps/silni_app/test/widget/relatives/relatives_screen_test.dart: RelativesScreen Widget Tests should render header with title                                             00:10 +1054: /Users/engammar/Apps/silni_app/test/widget/relatives/relatives_screen_test.dart: RelativesScreen Widget Tests should render header with title                                             00:10 +1055: /Users/engammar/Apps/silni_app/test/widget/relatives/relatives_screen_test.dart: RelativesScreen Widget Tests should render header with title                                             00:10 +1056: /Users/engammar/Apps/silni_app/test/widget/auth/signup_screen_test.dart: SignUpScreen Widget Tests should render all signup screen elements                                               00:10 +1057: /Users/engammar/Apps/silni_app/test/widget/auth/signup_screen_test.dart: SignUpScreen Widget Tests should render all signup screen elements                                               00:10 +1058: /Users/engammar/Apps/silni_app/test/widget/auth/signup_screen_test.dart: SignUpScreen Widget Tests should render all signup screen elements                                               00:10 +1059: /Users/engammar/Apps/silni_app/test/widget/auth/signup_screen_test.dart: SignUpScreen Widget Tests should render all signup screen elements                                               00:10 +1060: /Users/engammar/Apps/silni_app/test/widget/auth/signup_screen_test.dart: SignUpScreen Widget Tests should render all signup screen elements                                               00:10 +1061: /Users/engammar/Apps/silni_app/test/widget/auth/signup_screen_test.dart: SignUpScreen Widget Tests should render all signup screen elements                                               00:11 +1061: /Users/engammar/Apps/silni_app/test/widget/auth/signup_screen_test.dart: SignUpScreen Widget Tests should render all signup screen elements                                               00:11 +1062: /Users/engammar/Apps/silni_app/test/widget/auth/signup_screen_test.dart: SignUpScreen Widget Tests should render all signup screen elements                                               00:11 +1063: /Users/engammar/Apps/silni_app/test/widget/auth/signup_screen_test.dart: SignUpScreen Widget Tests should render all signup screen elements                                               00:11 +1064: /Users/engammar/Apps/silni_app/test/widget/auth/signup_screen_test.dart: SignUpScreen Widget Tests should render all signup screen elements                                               00:11 +1065: /Users/engammar/Apps/silni_app/test/widget/auth/signup_screen_test.dart: SignUpScreen Widget Tests should render all signup screen elements                                               00:11 +1066: /Users/engammar/Apps/silni_app/test/widget/auth/signup_screen_test.dart: SignUpScreen Widget Tests should render all signup screen elements                                               00:11 +1067: /Users/engammar/Apps/silni_app/test/widget/auth/signup_screen_test.dart: SignUpScreen Widget Tests should render all signup screen elements                                               00:11 +1068: /Users/engammar/Apps/silni_app/test/widget/auth/signup_screen_test.dart: SignUpScreen Widget Tests should render all signup screen elements                                               00:11 +1069: /Users/engammar/Apps/silni_app/test/widget/auth/signup_screen_test.dart: SignUpScreen Widget Tests should render all signup screen elements                                               00:11 +1070: /Users/engammar/Apps/silni_app/test/widget/auth/signup_screen_test.dart: SignUpScreen Widget Tests should render all signup screen elements                                               00:11 +1071: /Users/engammar/Apps/silni_app/test/widget/auth/signup_screen_test.dart: SignUpScreen Widget Tests should render all signup screen elements                                               00:11 +1072: /Users/engammar/Apps/silni_app/test/widget/auth/signup_screen_test.dart: SignUpScreen Widget Tests should render all signup screen elements                                               00:11 +1073: /Users/engammar/Apps/silni_app/test/widget/auth/signup_screen_test.dart: SignUpScreen Widget Tests should render all signup screen elements                                               00:11 +1074: /Users/engammar/Apps/silni_app/test/widget/auth/signup_screen_test.dart: SignUpScreen Widget Tests should render all signup screen elements                                               00:11 +1075: /Users/engammar/Apps/silni_app/test/widget/auth/signup_screen_test.dart: SignUpScreen Widget Tests should render all signup screen elements                                               00:11 +1076: /Users/engammar/Apps/silni_app/test/widget/auth/signup_screen_test.dart: SignUpScreen Widget Tests should render all signup screen elements                                               00:11 +1077: /Users/engammar/Apps/silni_app/test/widget/auth/signup_screen_test.dart: SignUpScreen Widget Tests should render all signup screen elements                                               00:11 +1078: /Users/engammar/Apps/silni_app/test/widget/auth/signup_screen_test.dart: SignUpScreen Widget Tests should render all signup screen elements                                               00:11 +1079: /Users/engammar/Apps/silni_app/test/widget/auth/signup_screen_test.dart: SignUpScreen Widget Tests should render all signup screen elements                                               00:11 +1080: /Users/engammar/Apps/silni_app/test/widget/auth/signup_screen_test.dart: SignUpScreen Widget Tests should render all signup screen elements                                               00:11 +1081: /Users/engammar/Apps/silni_app/test/widget/auth/signup_screen_test.dart: SignUpScreen Widget Tests should render all signup screen elements                                               00:11 +1082: /Users/engammar/Apps/silni_app/test/widget/auth/signup_screen_test.dart: SignUpScreen Widget Tests should render all signup screen elements                                               00:11 +1083: /Users/engammar/Apps/silni_app/test/widget/auth/signup_screen_test.dart: SignUpScreen Widget Tests should render all signup screen elements                                               00:11 +1084: /Users/engammar/Apps/silni_app/test/widget/auth/signup_screen_test.dart: SignUpScreen Widget Tests should render all signup screen elements                                               00:11 +1085: /Users/engammar/Apps/silni_app/test/widget/auth/signup_screen_test.dart: SignUpScreen Widget Tests should render all signup screen elements                                               00:11 +1086: /Users/engammar/Apps/silni_app/test/widget/auth/signup_screen_test.dart: SignUpScreen Widget Tests should render all signup screen elements                                               00:11 +1087: /Users/engammar/Apps/silni_app/test/widget/auth/signup_screen_test.dart: SignUpScreen Widget Tests should render all signup screen elements                                               00:11 +1088: /Users/engammar/Apps/silni_app/test/widget/auth/signup_screen_test.dart: SignUpScreen Widget Tests should render all signup screen elements                                               00:11 +1089: /Users/engammar/Apps/silni_app/test/widget/auth/signup_screen_test.dart: SignUpScreen Widget Tests should render all signup screen elements                                               00:11 +1090: /Users/engammar/Apps/silni_app/test/widget/auth/signup_screen_test.dart: SignUpScreen Widget Tests should render all signup screen elements                                               00:11 +1091: /Users/engammar/Apps/silni_app/test/widget/auth/signup_screen_test.dart: SignUpScreen Widget Tests should render all signup screen elements                                               00:11 +1092: /Users/engammar/Apps/silni_app/test/widget/auth/signup_screen_test.dart: SignUpScreen Widget Tests should render all signup screen elements                                               00:11 +1093: /Users/engammar/Apps/silni_app/test/widget/auth/signup_screen_test.dart: SignUpScreen Widget Tests should render all signup screen elements                                               00:11 +1094: /Users/engammar/Apps/silni_app/test/widget/auth/signup_screen_test.dart: SignUpScreen Widget Tests should render all signup screen elements                                               00:11 +1095: /Users/engammar/Apps/silni_app/test/widget/auth/signup_screen_test.dart: SignUpScreen Widget Tests should render all signup screen elements                                               00:11 +1096: /Users/engammar/Apps/silni_app/test/widget/auth/signup_screen_test.dart: SignUpScreen Widget Tests should render all signup screen elements                                               00:11 +1097: /Users/engammar/Apps/silni_app/test/widget/auth/signup_screen_test.dart: SignUpScreen Widget Tests should render all signup screen elements                                               00:11 +1098: /Users/engammar/Apps/silni_app/test/widget/auth/signup_screen_test.dart: SignUpScreen Widget Tests should render all signup screen elements                                               00:11 +1099: /Users/engammar/Apps/silni_app/test/widget/auth/signup_screen_test.dart: SignUpScreen Widget Tests should render all signup screen elements                                               00:11 +1100: /Users/engammar/Apps/silni_app/test/widget/auth/signup_screen_test.dart: SignUpScreen Widget Tests should render all signup screen elements                                               00:11 +1101: /Users/engammar/Apps/silni_app/test/widget/relatives/relatives_screen_test.dart: RelativesScreen Widget Tests should filter relatives by search query                                     00:11 +1102: /Users/engammar/Apps/silni_app/test/widget/relatives/relatives_screen_test.dart: RelativesScreen Widget Tests should filter relatives by search query                                     00:11 +1103: /Users/engammar/Apps/silni_app/test/widget/relatives/relatives_screen_test.dart: RelativesScreen Widget Tests should filter relatives by search query                                     00:11 +1104: /Users/engammar/Apps/silni_app/test/widget/relatives/relatives_screen_test.dart: RelativesScreen Widget Tests should filter relatives by search query                                     00:11 +1105: /Users/engammar/Apps/silni_app/test/widget/relatives/relatives_screen_test.dart: RelativesScreen Widget Tests should filter relatives by search query                                     00:11 +1106: /Users/engammar/Apps/silni_app/test/widget/relatives/relatives_screen_test.dart: RelativesScreen Widget Tests should filter relatives by search query                                     00:11 +1107: /Users/engammar/Apps/silni_app/test/widget/relatives/relatives_screen_test.dart: RelativesScreen Widget Tests should filter relatives by search query                                     00:11 +1108: /Users/engammar/Apps/silni_app/test/widget/relatives/relatives_screen_test.dart: RelativesScreen Widget Tests should filter relatives by search query                                     00:11 +1109: /Users/engammar/Apps/silni_app/test/widget/relatives/relatives_screen_test.dart: RelativesScreen Widget Tests should filter relatives by search query                                     00:11 +1110: /Users/engammar/Apps/silni_app/test/widget/relatives/relatives_screen_test.dart: RelativesScreen Widget Tests should filter relatives by search query                                     00:11 +1111: /Users/engammar/Apps/silni_app/test/widget/relatives/relatives_screen_test.dart: RelativesScreen Widget Tests should filter relatives by search query                                     00:11 +1112: /Users/engammar/Apps/silni_app/test/widget/relatives/relatives_screen_test.dart: RelativesScreen Widget Tests should filter relatives by search query                                     00:11 +1113: /Users/engammar/Apps/silni_app/test/widget/relatives/relatives_screen_test.dart: RelativesScreen Widget Tests should filter relatives by search query                                     00:11 +1114: /Users/engammar/Apps/silni_app/test/widget/relatives/relatives_screen_test.dart: RelativesScreen Widget Tests should filter relatives by search query                                     00:11 +1115: /Users/engammar/Apps/silni_app/test/widget/relatives/relatives_screen_test.dart: RelativesScreen Widget Tests should filter relatives by search query                                     00:11 +1116: /Users/engammar/Apps/silni_app/test/widget/relatives/relatives_screen_test.dart: RelativesScreen Widget Tests should filter relatives by search query                                     00:11 +1117: /Users/engammar/Apps/silni_app/test/widget/relatives/relatives_screen_test.dart: RelativesScreen Widget Tests should filter relatives by search query                                     00:11 +1118: /Users/engammar/Apps/silni_app/test/widget/relatives/relatives_screen_test.dart: RelativesScreen Widget Tests should filter relatives by search query                                     00:11 +1119: /Users/engammar/Apps/silni_app/test/widget/relatives/relatives_screen_test.dart: RelativesScreen Widget Tests should filter relatives by search query                                     00:11 +1120: /Users/engammar/Apps/silni_app/test/widget/relatives/relatives_screen_test.dart: RelativesScreen Widget Tests should filter relatives by search query                                     00:11 +1121: /Users/engammar/Apps/silni_app/test/widget/relatives/relatives_screen_test.dart: RelativesScreen Widget Tests should filter relatives by search query                                     00:11 +1122: /Users/engammar/Apps/silni_app/test/widget/auth/signup_screen_test.dart: SignUpScreen Widget Tests should show validation error for empty name                                            00:11 +1122: /Users/engammar/Apps/silni_app/test/widget/auth/signup_screen_test.dart: SignUpScreen Widget Tests should show validation error for empty name                                            
[22:24:40.5] INFO     [auth.SignUpScreen] Signup flow started
[22:24:40.5] WARNING  [auth.SignUpScreen] Form validation failed
00:11 +1123: /Users/engammar/Apps/silni_app/test/widget/relatives/relatives_screen_test.dart: RelativesScreen Widget Tests should clear search when clear button is tapped                             00:11 +1124: /Users/engammar/Apps/silni_app/test/widget/auth/login_screen_test.dart: LoginScreen Widget Tests should render all login screen elements                                                  00:11 +1125: /Users/engammar/Apps/silni_app/test/widget/auth/login_screen_test.dart: LoginScreen Widget Tests should render all login screen elements                                                  00:11 +1125: /Users/engammar/Apps/silni_app/test/widget/auth/signup_screen_test.dart: SignUpScreen Widget Tests should show validation error for short name                                            
[22:24:40.7] INFO     [auth.SignUpScreen] Signup flow started
[22:24:40.7] WARNING  [auth.SignUpScreen] Form validation failed
00:11 +1126: /Users/engammar/Apps/silni_app/test/widget/auth/login_screen_test.dart: LoginScreen Widget Tests should render all login screen elements                                                  00:11 +1127: /Users/engammar/Apps/silni_app/test/widget/auth/login_screen_test.dart: LoginScreen Widget Tests should render all login screen elements                                                  00:11 +1128: /Users/engammar/Apps/silni_app/test/widget/auth/login_screen_test.dart: LoginScreen Widget Tests should render all login screen elements                                                  00:11 +1129: /Users/engammar/Apps/silni_app/test/widget/auth/login_screen_test.dart: LoginScreen Widget Tests should render all login screen elements                                                  00:11 +1129: /Users/engammar/Apps/silni_app/test/widget/auth/signup_screen_test.dart: SignUpScreen Widget Tests should show validation error for empty email                                           
[22:24:40.9] INFO     [auth.SignUpScreen] Signup flow started
[22:24:40.9] WARNING  [auth.SignUpScreen] Form validation failed
00:11 +1130: /Users/engammar/Apps/silni_app/test/widget/auth/login_screen_test.dart: LoginScreen Widget Tests should render all login screen elements                                                  00:11 +1130: /Users/engammar/Apps/silni_app/test/widget/all_screens_torture_test.dart: LoginScreen Torture Tests UI Elements should render all login elements                                          
  Skip: Requires Supabase and biometric service initialization
00:11 +1130 ~1: /Users/engammar/Apps/silni_app/test/widget/auth/login_screen_test.dart: LoginScreen Widget Tests should render all login screen elements                                               00:11 +1130 ~1: /Users/engammar/Apps/silni_app/test/widget/all_screens_torture_test.dart: LoginScreen Torture Tests UI Elements should have two text form fields                                       
  Skip: Requires Supabase and biometric service initialization
00:11 +1130 ~2: /Users/engammar/Apps/silni_app/test/widget/auth/login_screen_test.dart: LoginScreen Widget Tests should render all login screen elements                                               00:11 +1130 ~2: /Users/engammar/Apps/silni_app/test/widget/all_screens_torture_test.dart: LoginScreen Torture Tests UI Elements should show password visibility toggle                                 
  Skip: Requires Supabase and biometric service initialization
00:11 +1130 ~3: /Users/engammar/Apps/silni_app/test/widget/auth/login_screen_test.dart: LoginScreen Widget Tests should render all login screen elements                                               00:11 +1130 ~3: /Users/engammar/Apps/silni_app/test/widget/all_screens_torture_test.dart: LoginScreen Torture Tests Validation should show error for empty email                                       
  Skip: Requires Supabase and biometric service initialization
00:11 +1130 ~4: /Users/engammar/Apps/silni_app/test/widget/auth/login_screen_test.dart: LoginScreen Widget Tests should render all login screen elements                                               00:11 +1130 ~4: /Users/engammar/Apps/silni_app/test/widget/all_screens_torture_test.dart: LoginScreen Torture Tests Validation should show error for invalid email format                              
  Skip: Requires Supabase and biometric service initialization
00:11 +1130 ~5: /Users/engammar/Apps/silni_app/test/widget/auth/login_screen_test.dart: LoginScreen Widget Tests should render all login screen elements                                               00:11 +1130 ~5: /Users/engammar/Apps/silni_app/test/widget/all_screens_torture_test.dart: LoginScreen Torture Tests Validation should show error for empty password                                    
  Skip: Requires Supabase and biometric service initialization
00:11 +1130 ~6: /Users/engammar/Apps/silni_app/test/widget/auth/login_screen_test.dart: LoginScreen Widget Tests should render all login screen elements                                               00:11 +1130 ~6: /Users/engammar/Apps/silni_app/test/widget/all_screens_torture_test.dart: LoginScreen Torture Tests Validation should show error for short password                                    
  Skip: Requires Supabase and biometric service initialization
00:11 +1130 ~7: /Users/engammar/Apps/silni_app/test/widget/auth/login_screen_test.dart: LoginScreen Widget Tests should render all login screen elements                                               00:11 +1130 ~7: /Users/engammar/Apps/silni_app/test/widget/all_screens_torture_test.dart: LoginScreen Torture Tests Validation should accept valid credentials                                         
  Skip: Requires Supabase and biometric service initialization
00:11 +1130 ~8: /Users/engammar/Apps/silni_app/test/widget/auth/login_screen_test.dart: LoginScreen Widget Tests should render all login screen elements                                               00:11 +1130 ~8: /Users/engammar/Apps/silni_app/test/widget/all_screens_torture_test.dart: LoginScreen Torture Tests Password Visibility should toggle password visibility                              
  Skip: Requires Supabase and biometric service initialization
00:11 +1130 ~9: /Users/engammar/Apps/silni_app/test/widget/auth/login_screen_test.dart: LoginScreen Widget Tests should render all login screen elements                                               00:11 +1130 ~9: /Users/engammar/Apps/silni_app/test/widget/all_screens_torture_test.dart: LoginScreen Torture Tests Navigation should navigate to signup                                               
  Skip: Requires Supabase and biometric service initialization
00:11 +1130 ~10: /Users/engammar/Apps/silni_app/test/widget/auth/login_screen_test.dart: LoginScreen Widget Tests should render all login screen elements                                              00:11 +1130 ~10: /Users/engammar/Apps/silni_app/test/widget/all_screens_torture_test.dart: LoginScreen Torture Tests Forgot Password Dialog should show forgot password dialog                         
  Skip: Requires Supabase and biometric service initialization
00:11 +1130 ~11: /Users/engammar/Apps/silni_app/test/widget/auth/login_screen_test.dart: LoginScreen Widget Tests should render all login screen elements                                              00:11 +1130 ~11: /Users/engammar/Apps/silni_app/test/widget/all_screens_torture_test.dart: LoginScreen Torture Tests Forgot Password Dialog should close dialog on cancel                              
  Skip: Requires Supabase and biometric service initialization
00:11 +1130 ~12: /Users/engammar/Apps/silni_app/test/widget/auth/login_screen_test.dart: LoginScreen Widget Tests should render all login screen elements                                              00:11 +1130 ~12: /Users/engammar/Apps/silni_app/test/widget/all_screens_torture_test.dart: LoginScreen Torture Tests Security - XSS Prevention should handle XSS payload in email field                
  Skip: Requires Supabase and biometric service initialization
00:11 +1130 ~13: /Users/engammar/Apps/silni_app/test/widget/auth/login_screen_test.dart: LoginScreen Widget Tests should render all login screen elements                                              00:11 +1130 ~13: /Users/engammar/Apps/silni_app/test/widget/all_screens_torture_test.dart: LoginScreen Torture Tests Security - XSS Prevention should handle XSS payload in password field             
  Skip: Requires Supabase and biometric service initialization
00:11 +1130 ~14: /Users/engammar/Apps/silni_app/test/widget/auth/login_screen_test.dart: LoginScreen Widget Tests should render all login screen elements                                              00:11 +1130 ~14: /Users/engammar/Apps/silni_app/test/widget/all_screens_torture_test.dart: LoginScreen Torture Tests Screen Sizes should render on small screen                                        
  Skip: Requires Supabase and biometric service initialization
00:11 +1130 ~15: /Users/engammar/Apps/silni_app/test/widget/auth/login_screen_test.dart: LoginScreen Widget Tests should render all login screen elements                                              00:11 +1130 ~15: /Users/engammar/Apps/silni_app/test/widget/all_screens_torture_test.dart: LoginScreen Torture Tests Screen Sizes should render on tablet                                              
  Skip: Requires Supabase and biometric service initialization
00:11 +1130 ~16: /Users/engammar/Apps/silni_app/test/widget/auth/login_screen_test.dart: LoginScreen Widget Tests should render all login screen elements                                              00:11 +1130 ~16: /Users/engammar/Apps/silni_app/test/widget/all_screens_torture_test.dart: LoginScreen Torture Tests Screen Sizes should render on large tablet                                        
  Skip: Requires Supabase and biometric service initialization
00:11 +1130 ~17: /Users/engammar/Apps/silni_app/test/widget/auth/login_screen_test.dart: LoginScreen Widget Tests should render all login screen elements                                              00:11 +1130 ~17: /Users/engammar/Apps/silni_app/test/widget/all_screens_torture_test.dart: SignupScreen Torture Tests UI Elements should render signup form elements                                   
  Skip: Requires Supabase initialization
00:11 +1130 ~18: /Users/engammar/Apps/silni_app/test/widget/auth/login_screen_test.dart: LoginScreen Widget Tests should render all login screen elements                                              00:11 +1130 ~18: /Users/engammar/Apps/silni_app/test/widget/all_screens_torture_test.dart: SignupScreen Torture Tests Validation should show validation errors on empty submit                         
  Skip: Requires Supabase initialization
00:11 +1130 ~19: /Users/engammar/Apps/silni_app/test/widget/auth/login_screen_test.dart: LoginScreen Widget Tests should render all login screen elements                                              00:11 +1130 ~19: /Users/engammar/Apps/silni_app/test/widget/all_screens_torture_test.dart: SignupScreen Torture Tests Navigation should navigate to login                                              
  Skip: Requires Supabase initialization
00:11 +1130 ~20: /Users/engammar/Apps/silni_app/test/widget/auth/login_screen_test.dart: LoginScreen Widget Tests should render all login screen elements                                              00:11 +1130 ~20: /Users/engammar/Apps/silni_app/test/widget/all_screens_torture_test.dart: SettingsScreen Torture Tests UI Elements should render settings header                                      
  Skip: Requires auth providers; has overflow issue on small screens
00:11 +1130 ~21: /Users/engammar/Apps/silni_app/test/widget/auth/login_screen_test.dart: LoginScreen Widget Tests should render all login screen elements                                              00:11 +1130 ~21: /Users/engammar/Apps/silni_app/test/widget/all_screens_torture_test.dart: SettingsScreen Torture Tests UI Elements should render theme section                                        
  Skip: Requires auth providers; has overflow issue on small screens
00:11 +1130 ~22: /Users/engammar/Apps/silni_app/test/widget/auth/login_screen_test.dart: LoginScreen Widget Tests should render all login screen elements                                              00:11 +1130 ~22: /Users/engammar/Apps/silni_app/test/widget/all_screens_torture_test.dart: SettingsScreen Torture Tests UI Elements should render profile option                                       
  Skip: Requires auth providers; has overflow issue on small screens
00:11 +1130 ~23: /Users/engammar/Apps/silni_app/test/widget/auth/login_screen_test.dart: LoginScreen Widget Tests should render all login screen elements                                              00:11 +1130 ~23: /Users/engammar/Apps/silni_app/test/widget/all_screens_torture_test.dart: SettingsScreen Torture Tests UI Elements should render notifications option                                 
  Skip: Requires auth providers; has overflow issue on small screens
00:11 +1130 ~24: /Users/engammar/Apps/silni_app/test/widget/auth/login_screen_test.dart: LoginScreen Widget Tests should render all login screen elements                                              00:11 +1130 ~24: /Users/engammar/Apps/silni_app/test/widget/all_screens_torture_test.dart: SettingsScreen Torture Tests Screen Sizes should render on small screen                                     
  Skip: Requires auth providers; has overflow issue on small screens
00:11 +1130 ~25: /Users/engammar/Apps/silni_app/test/widget/auth/login_screen_test.dart: LoginScreen Widget Tests should render all login screen elements                                              00:11 +1130 ~25: /Users/engammar/Apps/silni_app/test/widget/all_screens_torture_test.dart: SettingsScreen Torture Tests Screen Sizes should render on tablet                                           
  Skip: Requires auth providers; has overflow issue on small screens
00:11 +1130 ~26: /Users/engammar/Apps/silni_app/test/widget/auth/login_screen_test.dart: LoginScreen Widget Tests should render all login screen elements                                              00:11 +1131 ~26: /Users/engammar/Apps/silni_app/test/widget/auth/login_screen_test.dart: LoginScreen Widget Tests should render all login screen elements                                              00:11 +1132 ~26: /Users/engammar/Apps/silni_app/test/widget/auth/login_screen_test.dart: LoginScreen Widget Tests should render all login screen elements                                              00:11 +1133 ~26: /Users/engammar/Apps/silni_app/test/widget/auth/login_screen_test.dart: LoginScreen Widget Tests should render all login screen elements                                              00:11 +1134 ~26: /Users/engammar/Apps/silni_app/test/widget/auth/login_screen_test.dart: LoginScreen Widget Tests should render all login screen elements                                              00:11 +1135 ~26: /Users/engammar/Apps/silni_app/test/widget/auth/login_screen_test.dart: LoginScreen Widget Tests should render all login screen elements                                              00:11 +1136 ~26: /Users/engammar/Apps/silni_app/test/widget/auth/login_screen_test.dart: LoginScreen Widget Tests should render all login screen elements                                              00:11 +1137 ~26: /Users/engammar/Apps/silni_app/test/widget/auth/login_screen_test.dart: LoginScreen Widget Tests should render all login screen elements                                              00:11 +1138 ~26: /Users/engammar/Apps/silni_app/test/widget/auth/login_screen_test.dart: LoginScreen Widget Tests should render all login screen elements                                              00:11 +1139 ~26: /Users/engammar/Apps/silni_app/test/widget/auth/login_screen_test.dart: LoginScreen Widget Tests should render all login screen elements                                              00:11 +1140 ~26: /Users/engammar/Apps/silni_app/test/widget/auth/login_screen_test.dart: LoginScreen Widget Tests should render all login screen elements                                              00:11 +1141 ~26: /Users/engammar/Apps/silni_app/test/widget/auth/login_screen_test.dart: LoginScreen Widget Tests should render all login screen elements                                              00:11 +1142 ~26: /Users/engammar/Apps/silni_app/test/widget/auth/login_screen_test.dart: LoginScreen Widget Tests should render all login screen elements                                              00:11 +1143 ~26: /Users/engammar/Apps/silni_app/test/widget/auth/login_screen_test.dart: LoginScreen Widget Tests should render all login screen elements                                              00:11 +1144 ~26: /Users/engammar/Apps/silni_app/test/widget/auth/login_screen_test.dart: LoginScreen Widget Tests should render all login screen elements                                              00:11 +1145 ~26: /Users/engammar/Apps/silni_app/test/widget/auth/login_screen_test.dart: LoginScreen Widget Tests should render all login screen elements                                              00:11 +1146 ~26: /Users/engammar/Apps/silni_app/test/widget/auth/login_screen_test.dart: LoginScreen Widget Tests should render all login screen elements                                              00:11 +1147 ~26: /Users/engammar/Apps/silni_app/test/widget/auth/login_screen_test.dart: LoginScreen Widget Tests should render all login screen elements                                              00:11 +1148 ~26: /Users/engammar/Apps/silni_app/test/widget/auth/login_screen_test.dart: LoginScreen Widget Tests should render all login screen elements                                              00:11 +1149 ~26: /Users/engammar/Apps/silni_app/test/widget/auth/login_screen_test.dart: LoginScreen Widget Tests should render all login screen elements                                              00:11 +1149 ~26: /Users/engammar/Apps/silni_app/test/widget/auth/signup_screen_test.dart: SignUpScreen Widget Tests should show validation error for invalid email format                              
[22:24:41.1] INFO     [auth.SignUpScreen] Signup flow started
[22:24:41.1] WARNING  [auth.SignUpScreen] Form validation failed
00:11 +1150 ~26: /Users/engammar/Apps/silni_app/test/widget/auth/signup_screen_test.dart: SignUpScreen Widget Tests should show validation error for invalid email format                              00:11 +1151 ~26: /Users/engammar/Apps/silni_app/test/widget/all_screens_torture_test.dart: Accessibility Tests RTL Support should render correctly in RTL                                              00:12 +1151 ~26: /Users/engammar/Apps/silni_app/test/widget/all_screens_torture_test.dart: Accessibility Tests RTL Support should render correctly in RTL                                              00:12 +1151 ~26: /Users/engammar/Apps/silni_app/test/widget/auth/signup_screen_test.dart: SignUpScreen Widget Tests should show validation error for empty password                                    
[22:24:41.3] INFO     [auth.SignUpScreen] Signup flow started
[22:24:41.3] WARNING  [auth.SignUpScreen] Form validation failed
00:12 +1151 ~26: /Users/engammar/Apps/silni_app/test/widget/auth/login_screen_test.dart: LoginScreen Widget Tests should show validation error for empty email                                         
[22:24:41.3] INFO     [auth.LoginScreen] Login flow started
[22:24:41.3] DEBUG    [auth.LoginScreen] Platform info
[22:24:41.3] WARNING  [auth.LoginScreen] Form validation failed
00:12 +1152 ~26: /Users/engammar/Apps/silni_app/test/widget/all_screens_torture_test.dart: Accessibility Tests RTL Support should render correctly in RTL                                              00:12 +1153 ~26: /Users/engammar/Apps/silni_app/test/widget/all_screens_torture_test.dart: Accessibility Tests RTL Support should render correctly in RTL                                              00:12 +1154 ~26: /Users/engammar/Apps/silni_app/test/widget/auth/signup_screen_test.dart: SignUpScreen Widget Tests should show validation error for short password                                    00:12 +1154 ~26: /Users/engammar/Apps/silni_app/test/widget/auth/signup_screen_test.dart: SignUpScreen Widget Tests should show validation error for short password                                    
[22:24:41.5] INFO     [auth.SignUpScreen] Signup flow started
[22:24:41.5] WARNING  [auth.SignUpScreen] Form validation failed
00:12 +1155 ~26: /Users/engammar/Apps/silni_app/test/widget/auth/signup_screen_test.dart: SignUpScreen Widget Tests should show validation error for short password                                    00:12 +1156 ~26: /Users/engammar/Apps/silni_app/test/widget/auth/signup_screen_test.dart: SignUpScreen Widget Tests should show validation error for short password                                    00:12 +1157 ~26: /Users/engammar/Apps/silni_app/test/widget/auth/signup_screen_test.dart: SignUpScreen Widget Tests should show validation error for short password                                    00:12 +1158 ~26: /Users/engammar/Apps/silni_app/test/widget/auth/login_screen_test.dart: LoginScreen Widget Tests should show validation error for invalid email format                                00:12 +1158 ~26: /Users/engammar/Apps/silni_app/test/widget/auth/login_screen_test.dart: LoginScreen Widget Tests should show validation error for invalid email format                                
[22:24:41.6] INFO     [auth.LoginScreen] Login flow started
[22:24:41.6] DEBUG    [auth.LoginScreen] Platform info
[22:24:41.6] WARNING  [auth.LoginScreen] Form validation failed
00:12 +1159 ~26: /Users/engammar/Apps/silni_app/test/widget/auth/login_screen_test.dart: LoginScreen Widget Tests should show validation error for invalid email format                                00:12 +1160 ~26: /Users/engammar/Apps/silni_app/test/widget/auth/login_screen_test.dart: LoginScreen Widget Tests should show validation error for invalid email format                                00:12 +1161 ~26: /Users/engammar/Apps/silni_app/test/widget/auth/signup_screen_test.dart: SignUpScreen Widget Tests should show validation error for empty confirm password                            00:12 +1162 ~26: /Users/engammar/Apps/silni_app/test/widget/auth/signup_screen_test.dart: SignUpScreen Widget Tests should show validation error for empty confirm password                            00:12 +1163 ~26: /Users/engammar/Apps/silni_app/test/widget/auth/signup_screen_test.dart: SignUpScreen Widget Tests should show validation error for empty confirm password                            00:12 +1164 ~26: /Users/engammar/Apps/silni_app/test/widget/auth/signup_screen_test.dart: SignUpScreen Widget Tests should show validation error for empty confirm password                            00:12 +1164 ~26: /Users/engammar/Apps/silni_app/test/widget/auth/signup_screen_test.dart: SignUpScreen Widget Tests should show validation error for empty confirm password                            
[22:24:41.7] INFO     [auth.SignUpScreen] Signup flow started
[22:24:41.7] WARNING  [auth.SignUpScreen] Form validation failed
00:12 +1165 ~26: /Users/engammar/Apps/silni_app/test/widget/auth/signup_screen_test.dart: SignUpScreen Widget Tests should show validation error for empty confirm password                            00:12 +1166 ~26: /Users/engammar/Apps/silni_app/test/widget/auth/signup_screen_test.dart: SignUpScreen Widget Tests should show validation error for empty confirm password                            00:12 +1167 ~26: /Users/engammar/Apps/silni_app/test/widget/auth/signup_screen_test.dart: SignUpScreen Widget Tests should show validation error for empty confirm password                            00:12 +1168 ~26: /Users/engammar/Apps/silni_app/test/widget/audit/toggle_buttons_test.dart: Toggle Button Audit Tests ScheduleCard Toggle schedule active toggle should call onToggle callback         00:12 +1168 ~26: /Users/engammar/Apps/silni_app/test/widget/auth/login_screen_test.dart: LoginScreen Widget Tests should show validation error for empty password                                      
[22:24:41.7] INFO     [auth.LoginScreen] Login flow started
[22:24:41.7] DEBUG    [auth.LoginScreen] Platform info
[22:24:41.7] WARNING  [auth.LoginScreen] Form validation failed
00:12 +1169 ~26: /Users/engammar/Apps/silni_app/test/widget/audit/toggle_buttons_test.dart: Toggle Button Audit Tests ScheduleCard Toggle schedule active toggle should call onToggle callback         00:12 +1170 ~26: /Users/engammar/Apps/silni_app/test/widget/audit/toggle_buttons_test.dart: Toggle Button Audit Tests ScheduleCard Toggle schedule active toggle should call onToggle callback         00:12 +1171 ~26: /Users/engammar/Apps/silni_app/test/widget/audit/toggle_buttons_test.dart: Toggle Button Audit Tests ScheduleCard Toggle schedule active toggle should call onToggle callback         00:12 +1172 ~26: /Users/engammar/Apps/silni_app/test/widget/audit/toggle_buttons_test.dart: Toggle Button Audit Tests ScheduleCard Toggle schedule active toggle should call onToggle callback         00:12 +1173 ~26: /Users/engammar/Apps/silni_app/test/widget/audit/toggle_buttons_test.dart: Toggle Button Audit Tests ScheduleCard Toggle schedule active toggle should call onToggle callback         00:12 +1174 ~26: /Users/engammar/Apps/silni_app/test/widget/audit/toggle_buttons_test.dart: Toggle Button Audit Tests ScheduleCard Toggle schedule active toggle should call onToggle callback         00:12 +1175 ~26: /Users/engammar/Apps/silni_app/test/widget/audit/toggle_buttons_test.dart: Toggle Button Audit Tests ScheduleCard Toggle schedule active toggle should call onToggle callback         00:12 +1175 ~26: /Users/engammar/Apps/silni_app/test/widget/auth/signup_screen_test.dart: SignUpScreen Widget Tests should show validation error for password mismatch                                 
[22:24:41.8] INFO     [auth.SignUpScreen] Signup flow started
[22:24:41.8] WARNING  [auth.SignUpScreen] Form validation failed
00:12 +1176 ~26: /Users/engammar/Apps/silni_app/test/widget/audit/toggle_buttons_test.dart: Toggle Button Audit Tests ScheduleCard Toggle schedule active toggle should call onToggle callback         00:12 +1176 ~26: /Users/engammar/Apps/silni_app/test/widget/auth/login_screen_test.dart: LoginScreen Widget Tests should accept short password on login (no length validation)                         
[22:24:41.9] INFO     [auth.LoginScreen] Login flow started
[22:24:41.9] DEBUG    [auth.LoginScreen] Platform info
[22:24:41.9] DEBUG    [auth.LoginScreen] Form validation passed
[22:24:41.9] DEBUG    [auth.LoginScreen] Attempting to access authServiceProvider...
[22:24:41.9] ERROR    [auth.LoginScreen] Supabase not initialized - cannot proceed with login
00:12 +1177 ~26: /Users/engammar/Apps/silni_app/test/widget/audit/toggle_buttons_test.dart: Toggle Button Audit Tests ScheduleCard Toggle schedule active toggle should call onToggle callback         00:12 +1178 ~26: /Users/engammar/Apps/silni_app/test/widget/audit/toggle_buttons_test.dart: Toggle Button Audit Tests ScheduleCard Toggle schedule active toggle should call onToggle callback         00:12 +1179 ~26: /Users/engammar/Apps/silni_app/test/widget/audit/toggle_buttons_test.dart: Toggle Button Audit Tests ScheduleCard Toggle schedule active toggle should call onToggle callback         00:12 +1180 ~26: /Users/engammar/Apps/silni_app/test/widget/audit/toggle_buttons_test.dart: Toggle Button Audit Tests ScheduleCard Toggle schedule active toggle should call onToggle callback         00:12 +1181 ~26: /Users/engammar/Apps/silni_app/test/widget/audit/toggle_buttons_test.dart: Toggle Button Audit Tests ScheduleCard Toggle schedule active toggle should call onToggle callback         00:12 +1182 ~26: /Users/engammar/Apps/silni_app/test/widget/audit/toggle_buttons_test.dart: Toggle Button Audit Tests ScheduleCard Toggle schedule active toggle should call onToggle callback         00:12 +1183 ~26: /Users/engammar/Apps/silni_app/test/widget/audit/toggle_buttons_test.dart: Toggle Button Audit Tests ScheduleCard Toggle schedule active toggle should call onToggle callback         00:12 +1184 ~26: /Users/engammar/Apps/silni_app/test/widget/audit/toggle_buttons_test.dart: Toggle Button Audit Tests ScheduleCard Toggle schedule active toggle should call onToggle callback         00:12 +1185 ~26: /Users/engammar/Apps/silni_app/test/widget/audit/toggle_buttons_test.dart: Toggle Button Audit Tests ScheduleCard Toggle schedule active toggle should call onToggle callback         00:12 +1186 ~26: /Users/engammar/Apps/silni_app/test/widget/auth/login_screen_test.dart: LoginScreen Widget Tests should navigate to signup screen when signup link is tapped                          00:12 +1187 ~26: /Users/engammar/Apps/silni_app/test/widget/auth/signup_screen_test.dart: SignUpScreen Widget Tests should navigate to login screen when login link is tapped                          00:12 +1188 ~26: /Users/engammar/Apps/silni_app/test/widget/auth/signup_screen_test.dart: SignUpScreen Widget Tests should navigate to login screen when login link is tapped                          00:12 +1189 ~26: /Users/engammar/Apps/silni_app/test/widget/auth/signup_screen_test.dart: SignUpScreen Widget Tests should navigate to login screen when login link is tapped                          00:12 +1190 ~26: /Users/engammar/Apps/silni_app/test/widget/auth/signup_screen_test.dart: SignUpScreen Widget Tests should navigate to login screen when login link is tapped                          00:12 +1191 ~26: /Users/engammar/Apps/silni_app/test/widget/auth/signup_screen_test.dart: SignUpScreen Widget Tests should navigate to login screen when login link is tapped                          00:12 +1192 ~26: /Users/engammar/Apps/silni_app/test/widget/auth/signup_screen_test.dart: SignUpScreen Widget Tests should navigate to login screen when login link is tapped                          00:12 +1193 ~26: /Users/engammar/Apps/silni_app/test/widget/auth/signup_screen_test.dart: SignUpScreen Widget Tests should navigate to login screen when login link is tapped                          00:12 +1194 ~26: /Users/engammar/Apps/silni_app/test/widget/auth/signup_screen_test.dart: SignUpScreen Widget Tests should navigate to login screen when login link is tapped                          00:12 +1195 ~26: /Users/engammar/Apps/silni_app/test/widget/auth/signup_screen_test.dart: SignUpScreen Widget Tests should navigate to login screen when login link is tapped                          00:12 +1196 ~26: /Users/engammar/Apps/silni_app/test/widget/auth/signup_screen_test.dart: SignUpScreen Widget Tests should navigate to login screen when login link is tapped                          00:12 +1197 ~26: /Users/engammar/Apps/silni_app/test/widget/all_screens_torture_test.dart: User Interaction Tests Scrolling should scroll list view                                                    00:12 +1198 ~26: /Users/engammar/Apps/silni_app/test/widget/all_screens_torture_test.dart: User Interaction Tests Scrolling should scroll list view                                                    00:12 +1199 ~26: /Users/engammar/Apps/silni_app/test/widget/all_screens_torture_test.dart: User Interaction Tests Scrolling should scroll list view                                                    00:12 +1200 ~26: /Users/engammar/Apps/silni_app/test/widget/all_screens_torture_test.dart: User Interaction Tests Scrolling should scroll list view                                                    00:12 +1201 ~26: /Users/engammar/Apps/silni_app/test/widget/all_screens_torture_test.dart: User Interaction Tests Scrolling should scroll list view                                                    00:12 +1202 ~26: /Users/engammar/Apps/silni_app/test/widget/all_screens_torture_test.dart: User Interaction Tests Scrolling should scroll list view                                                    00:12 +1203 ~26: /Users/engammar/Apps/silni_app/test/widget/all_screens_torture_test.dart: User Interaction Tests Scrolling should scroll list view                                                    00:12 +1204 ~26: /Users/engammar/Apps/silni_app/test/widget/all_screens_torture_test.dart: User Interaction Tests Scrolling should scroll list view                                                    00:12 +1205 ~26: /Users/engammar/Apps/silni_app/test/widget/all_screens_torture_test.dart: User Interaction Tests Scrolling should scroll list view                                                    00:12 +1206 ~26: /Users/engammar/Apps/silni_app/test/widget/all_screens_torture_test.dart: User Interaction Tests Scrolling should scroll list view                                                    00:12 +1207 ~26: /Users/engammar/Apps/silni_app/test/widget/all_screens_torture_test.dart: User Interaction Tests Scrolling should scroll list view                                                    00:12 +1208 ~26: /Users/engammar/Apps/silni_app/test/widget/all_screens_torture_test.dart: User Interaction Tests Scrolling should scroll list view                                                    00:12 +1209 ~26: /Users/engammar/Apps/silni_app/test/widget/all_screens_torture_test.dart: User Interaction Tests Scrolling should scroll list view                                                    00:12 +1210 ~26: /Users/engammar/Apps/silni_app/test/widget/all_screens_torture_test.dart: User Interaction Tests Scrolling should scroll list view                                                    00:12 +1211 ~26: /Users/engammar/Apps/silni_app/test/widget/all_screens_torture_test.dart: User Interaction Tests Scrolling should scroll list view                                                    00:12 +1212 ~26: /Users/engammar/Apps/silni_app/test/widget/all_screens_torture_test.dart: User Interaction Tests Scrolling should scroll list view                                                    00:12 +1213 ~26: /Users/engammar/Apps/silni_app/test/widget/all_screens_torture_test.dart: User Interaction Tests Scrolling should scroll list view                                                    00:12 +1214 ~26: /Users/engammar/Apps/silni_app/test/widget/all_screens_torture_test.dart: User Interaction Tests Scrolling should scroll list view                                                    00:12 +1215 ~26: /Users/engammar/Apps/silni_app/test/widget/all_screens_torture_test.dart: User Interaction Tests Scrolling should scroll list view                                                    00:12 +1216 ~26: /Users/engammar/Apps/silni_app/test/widget/all_screens_torture_test.dart: User Interaction Tests Scrolling should scroll list view                                                    00:12 +1217 ~26: /Users/engammar/Apps/silni_app/test/widget/all_screens_torture_test.dart: User Interaction Tests Scrolling should scroll list view                                                    00:12 +1218 ~26: /Users/engammar/Apps/silni_app/test/widget/all_screens_torture_test.dart: User Interaction Tests Scrolling should scroll list view                                                    00:12 +1219 ~26: /Users/engammar/Apps/silni_app/test/widget/all_screens_torture_test.dart: User Interaction Tests Scrolling should scroll list view                                                    00:12 +1220 ~26: /Users/engammar/Apps/silni_app/test/widget/all_screens_torture_test.dart: User Interaction Tests Scrolling should scroll list view                                                    00:12 +1221 ~26: /Users/engammar/Apps/silni_app/test/widget/all_screens_torture_test.dart: User Interaction Tests Scrolling should scroll list view                                                    00:12 +1222 ~26: /Users/engammar/Apps/silni_app/test/widget/all_screens_torture_test.dart: User Interaction Tests Scrolling should scroll list view                                                    00:12 +1223 ~26: /Users/engammar/Apps/silni_app/test/widget/all_screens_torture_test.dart: User Interaction Tests Scrolling should scroll list view                                                    00:12 +1224 ~26: /Users/engammar/Apps/silni_app/test/widget/all_screens_torture_test.dart: User Interaction Tests Scrolling should scroll list view                                                    00:12 +1225 ~26: /Users/engammar/Apps/silni_app/test/widget/all_screens_torture_test.dart: User Interaction Tests Scrolling should scroll list view                                                    00:12 +1226 ~26: /Users/engammar/Apps/silni_app/test/widget/all_screens_torture_test.dart: User Interaction Tests Scrolling should scroll list view                                                    00:12 +1227 ~26: /Users/engammar/Apps/silni_app/test/widget/all_screens_torture_test.dart: User Interaction Tests Scrolling should scroll list view                                                    00:12 +1228 ~26: /Users/engammar/Apps/silni_app/test/widget/all_screens_torture_test.dart: User Interaction Tests Scrolling should scroll list view                                                    00:12 +1229 ~26: /Users/engammar/Apps/silni_app/test/widget/all_screens_torture_test.dart: User Interaction Tests Scrolling should scroll list view                                                    00:12 +1230 ~26: /Users/engammar/Apps/silni_app/test/widget/all_screens_torture_test.dart: User Interaction Tests Scrolling should scroll list view                                                    00:12 +1231 ~26: /Users/engammar/Apps/silni_app/test/widget/all_screens_torture_test.dart: User Interaction Tests Scrolling should scroll list view                                                    00:12 +1232 ~26: /Users/engammar/Apps/silni_app/test/widget/all_screens_torture_test.dart: User Interaction Tests Scrolling should scroll list view                                                    00:12 +1233 ~26: /Users/engammar/Apps/silni_app/test/widget/all_screens_torture_test.dart: User Interaction Tests Scrolling should scroll list view                                                    00:12 +1234 ~26: /Users/engammar/Apps/silni_app/test/widget/all_screens_torture_test.dart: User Interaction Tests Scrolling should scroll list view                                                    00:12 +1235 ~26: /Users/engammar/Apps/silni_app/test/widget/all_screens_torture_test.dart: User Interaction Tests Scrolling should scroll list view                                                    00:13 +1235 ~26: /Users/engammar/Apps/silni_app/test/widget/all_screens_torture_test.dart: User Interaction Tests Scrolling should scroll list view                                                    00:13 +1236 ~26: /Users/engammar/Apps/silni_app/test/widget/audit/toggle_buttons_test.dart: Toggle Button Audit Tests AddRelativesDialog CheckboxListTile checkbox should respond to selection         00:13 +1237 ~26: /Users/engammar/Apps/silni_app/test/widget/audit/toggle_buttons_test.dart: Toggle Button Audit Tests AddRelativesDialog CheckboxListTile checkbox should respond to selection         00:13 +1238 ~26: /Users/engammar/Apps/silni_app/test/widget/audit/toggle_buttons_test.dart: Toggle Button Audit Tests AddRelativesDialog CheckboxListTile checkbox should respond to selection         00:13 +1239 ~26: /Users/engammar/Apps/silni_app/test/widget/audit/toggle_buttons_test.dart: Toggle Button Audit Tests AddRelativesDialog CheckboxListTile checkbox should respond to selection         00:13 +1240 ~26: /Users/engammar/Apps/silni_app/test/widget/audit/toggle_buttons_test.dart: Toggle Button Audit Tests AddRelativesDialog CheckboxListTile checkbox should respond to selection         00:13 +1241 ~26: /Users/engammar/Apps/silni_app/test/widget/audit/toggle_buttons_test.dart: Toggle Button Audit Tests AddRelativesDialog CheckboxListTile checkbox should respond to selection         00:13 +1242 ~26: /Users/engammar/Apps/silni_app/test/widget/audit/toggle_buttons_test.dart: Toggle Button Audit Tests AddRelativesDialog CheckboxListTile checkbox should respond to selection         00:13 +1243 ~26: /Users/engammar/Apps/silni_app/test/widget/audit/toggle_buttons_test.dart: Toggle Button Audit Tests AddRelativesDialog CheckboxListTile checkbox should respond to selection         00:13 +1244 ~26: /Users/engammar/Apps/silni_app/test/widget/audit/toggle_buttons_test.dart: Toggle Button Audit Tests AddRelativesDialog CheckboxListTile checkbox should respond to selection         00:13 +1244 ~26: /Users/engammar/Apps/silni_app/test/widget/auth/signup_screen_test.dart: SignUpScreen Widget Tests should accept valid signup data without validation errors                          
[22:24:42.3] INFO     [auth.SignUpScreen] Signup flow started
[22:24:42.3] DEBUG    [auth.SignUpScreen] Form validation passed
[22:24:42.4] ERROR    [auth.SignUpScreen] Unexpected exception during signup
  StackTrace:
  #1      ProviderContainer.read (package:riverpod/src/framework/container.dart:241:21)
  #2      ConsumerStatefulElement.read (package:flutter_riverpod/src/consumer.dart:620:59)
  #3      _SignUpScreenState._signUp (package:silni_app/features/auth/screens/signup_screen.dart:60:31)
  #4      _InkResponseState.handleTap (package:flutter/src/material/ink_well.dart:1222:21)
  #5      GestureRecognizer.invokeCallback (package:flutter/src/gestures/recognizer.dart:345:24)
[22:24:42.4] DEBUG    [auth.SignUpScreen] Showing error to user
[22:24:42.4] ERROR    [auth.SignUpScreen] Signup failed with unexpected error
00:13 +1245 ~26: /Users/engammar/Apps/silni_app/test/widget/audit/toggle_buttons_test.dart: Toggle Button Audit Tests AddRelativesDialog CheckboxListTile checkbox should respond to selection         00:13 +1246 ~26: /Users/engammar/Apps/silni_app/test/widget/auth/signup_screen_test.dart: SignUpScreen Widget Tests should accept valid signup data without validation errors                          00:13 +1247 ~26: /Users/engammar/Apps/silni_app/test/widget/all_screens_torture_test.dart: Stress Tests Rapid Rebuilds should handle rapid state changes                                               00:13 +1247 ~26: /Users/engammar/Apps/silni_app/test/widget/auth/signup_screen_test.dart: SignUpScreen Widget Tests should validate each field independently                                           
[22:24:42.5] INFO     [auth.SignUpScreen] Signup flow started
[22:24:42.5] WARNING  [auth.SignUpScreen] Form validation failed
00:13 +1248 ~26: /Users/engammar/Apps/silni_app/test/widget/all_screens_torture_test.dart: Stress Tests Rapid Rebuilds should handle rapid state changes                                               00:13 +1249 ~26: /Users/engammar/Apps/silni_app/test/widget/all_screens_torture_test.dart: Stress Tests Rapid Rebuilds should handle rapid state changes                                               00:13 +1250 ~26: /Users/engammar/Apps/silni_app/test/widget/all_screens_torture_test.dart: Stress Tests Rapid Rebuilds should handle rapid state changes                                               00:13 +1250 ~26: /Users/engammar/Apps/silni_app/test/widget/auth/signup_screen_test.dart: SignUpScreen Widget Tests should handle Arabic name input correctly                                          
[22:24:42.6] INFO     [auth.SignUpScreen] Signup flow started
[22:24:42.6] WARNING  [auth.SignUpScreen] Form validation failed
00:13 +1251 ~26: /Users/engammar/Apps/silni_app/test/widget/all_screens_torture_test.dart: Stress Tests Rapid Rebuilds should handle rapid state changes                                               00:13 +1251 ~26: /Users/engammar/Apps/silni_app/test/widget/auth/login_screen_test.dart: LoginScreen Widget Tests should accept valid email and password input                                         
[22:24:42.8] INFO     [auth.LoginScreen] Login flow started
[22:24:42.8] DEBUG    [auth.LoginScreen] Platform info
[22:24:42.8] DEBUG    [auth.LoginScreen] Form validation passed
[22:24:42.8] DEBUG    [auth.LoginScreen] Attempting to access authServiceProvider...
[22:24:42.8] ERROR    [auth.LoginScreen] Supabase not initialized - cannot proceed with login
00:13 +1252 ~26: /Users/engammar/Apps/silni_app/test/widget/all_screens_torture_test.dart: Stress Tests Rapid Rebuilds should handle rapid state changes                                               00:13 +1253 ~26: /Users/engammar/Apps/silni_app/test/widget/all_screens_torture_test.dart: Stress Tests Rapid Rebuilds should handle rapid state changes                                               00:13 +1253 ~26: /Users/engammar/Apps/silni_app/test/widget/all_screens_torture_test.dart: Stress Tests Large Lists should render list with 1000 items                                                 00:13 +1254 ~26: /Users/engammar/Apps/silni_app/test/widget/all_screens_torture_test.dart: Stress Tests Large Lists should render list with 1000 items                                                 00:13 +1254 ~26: /Users/engammar/Apps/silni_app/test/widget/all_screens_torture_test.dart: Stress Tests Deep Widget Trees should handle deeply nested widgets                                          00:13 +1255 ~26: /Users/engammar/Apps/silni_app/test/widget/all_screens_torture_test.dart: Stress Tests Deep Widget Trees should handle deeply nested widgets                                          00:13 +1255 ~26: /Users/engammar/Apps/silni_app/test/widget/all_screens_torture_test.dart: Edge Case Tests Unicode and Special Characters should render Arabic text correctly                          00:13 +1256 ~26: /Users/engammar/Apps/silni_app/test/widget/all_screens_torture_test.dart: Edge Case Tests Unicode and Special Characters should render Arabic text correctly                          00:13 +1256 ~26: /Users/engammar/Apps/silni_app/test/widget/all_screens_torture_test.dart: Edge Case Tests Unicode and Special Characters should render emoji correctly                                00:13 +1257 ~26: /Users/engammar/Apps/silni_app/test/widget/all_screens_torture_test.dart: Edge Case Tests Unicode and Special Characters should render emoji correctly                                00:13 +1257 ~26: /Users/engammar/Apps/silni_app/test/widget/all_screens_torture_test.dart: Edge Case Tests Unicode and Special Characters should render mixed scripts                                  00:13 +1258 ~26: /Users/engammar/Apps/silni_app/test/widget/all_screens_torture_test.dart: Edge Case Tests Unicode and Special Characters should render mixed scripts                                  00:13 +1258 ~26: /Users/engammar/Apps/silni_app/test/widget/all_screens_torture_test.dart: Edge Case Tests Very Long Text should handle very long text                                                 00:13 +1259 ~26: /Users/engammar/Apps/silni_app/test/widget/all_screens_torture_test.dart: Edge Case Tests Very Long Text should handle very long text                                                 00:13 +1259 ~26: /Users/engammar/Apps/silni_app/test/widget/all_screens_torture_test.dart: Edge Case Tests Empty Strings should handle empty text                                                      00:13 +1260 ~26: /Users/engammar/Apps/silni_app/test/widget/all_screens_torture_test.dart: Edge Case Tests Empty Strings should handle empty text                                                      00:14 +1260 ~26: /Users/engammar/Apps/silni_app/test/widget/all_screens_torture_test.dart: Edge Case Tests Empty Strings should handle empty text                                                      00:14 +1260 ~26: loading /Users/engammar/Apps/silni_app/test/widget/reminders/reminders_screen_test.dart                                                                                               00:14 +1260 ~26: /Users/engammar/Apps/silni_app/test/widget/reminders/reminders_screen_test.dart: RemindersScreen Widget Tests should render header with title and subtitle                            00:14 +1261 ~26: /Users/engammar/Apps/silni_app/test/widget/reminders/reminders_screen_test.dart: RemindersScreen Widget Tests should render header with title and subtitle                            00:14 +1261 ~26: /Users/engammar/Apps/silni_app/test/widget/reminders/reminders_screen_test.dart: RemindersScreen Widget Tests should render back button in header                                     00:14 +1262 ~26: /Users/engammar/Apps/silni_app/test/adversarial/widget_torture_test.dart: Widget Torture Tests - PROSECUTOR MODE Dialog Stability rapid open/close cycles (50 times) - no crashes     00:14 +1263 ~26: /Users/engammar/Apps/silni_app/test/adversarial/widget_torture_test.dart: Widget Torture Tests - PROSECUTOR MODE Dialog Stability rapid open/close cycles (50 times) - no crashes     00:14 +1264 ~26: /Users/engammar/Apps/silni_app/test/adversarial/widget_torture_test.dart: Widget Torture Tests - PROSECUTOR MODE Dialog Stability rapid open/close cycles (50 times) - no crashes     00:14 +1265 ~26: /Users/engammar/Apps/silni_app/test/adversarial/widget_torture_test.dart: Widget Torture Tests - PROSECUTOR MODE Dialog Stability rapid open/close cycles (50 times) - no crashes     00:15 +1265 ~26: /Users/engammar/Apps/silni_app/test/adversarial/widget_torture_test.dart: Widget Torture Tests - PROSECUTOR MODE Dialog Stability rapid open/close cycles (50 times) - no crashes     00:15 +1266 ~26: /Users/engammar/Apps/silni_app/test/adversarial/widget_torture_test.dart: Widget Torture Tests - PROSECUTOR MODE Dialog Stability rapid open/close cycles (50 times) - no crashes     00:15 +1267 ~26: /Users/engammar/Apps/silni_app/test/adversarial/widget_torture_test.dart: Widget Torture Tests - PROSECUTOR MODE Dialog Stability rapid open/close cycles (50 times) - no crashes     00:15 +1268 ~26: /Users/engammar/Apps/silni_app/test/adversarial/widget_torture_test.dart: Widget Torture Tests - PROSECUTOR MODE Dialog Stability rapid open/close cycles (50 times) - no crashes     00:15 +1269 ~26: /Users/engammar/Apps/silni_app/test/adversarial/widget_torture_test.dart: Widget Torture Tests - PROSECUTOR MODE Dialog Stability rapid open/close cycles (50 times) - no crashes     00:15 +1270 ~26: /Users/engammar/Apps/silni_app/test/adversarial/widget_torture_test.dart: Widget Torture Tests - PROSECUTOR MODE Dialog Stability rapid open/close cycles (50 times) - no crashes     00:15 +1271 ~26: /Users/engammar/Apps/silni_app/test/adversarial/widget_torture_test.dart: Widget Torture Tests - PROSECUTOR MODE Dialog Stability rapid open/close cycles (50 times) - no crashes     00:15 +1272 ~26: /Users/engammar/Apps/silni_app/test/adversarial/widget_torture_test.dart: Widget Torture Tests - PROSECUTOR MODE Dialog Stability rapid open/close cycles (50 times) - no crashes     00:15 +1273 ~26: /Users/engammar/Apps/silni_app/test/adversarial/widget_torture_test.dart: Widget Torture Tests - PROSECUTOR MODE Dialog Stability rapid open/close cycles (50 times) - no crashes     00:15 +1274 ~26: /Users/engammar/Apps/silni_app/test/adversarial/widget_torture_test.dart: Widget Torture Tests - PROSECUTOR MODE Dialog Stability rapid open/close cycles (50 times) - no crashes     00:15 +1275 ~26: /Users/engammar/Apps/silni_app/test/adversarial/widget_torture_test.dart: Widget Torture Tests - PROSECUTOR MODE Dialog Stability rapid open/close cycles (50 times) - no crashes     00:15 +1276 ~26: /Users/engammar/Apps/silni_app/test/adversarial/widget_torture_test.dart: Widget Torture Tests - PROSECUTOR MODE Dialog Stability rapid open/close cycles (50 times) - no crashes     00:15 +1277 ~26: /Users/engammar/Apps/silni_app/test/adversarial/widget_torture_test.dart: Widget Torture Tests - PROSECUTOR MODE Dialog Stability rapid open/close cycles (50 times) - no crashes     00:15 +1278 ~26: /Users/engammar/Apps/silni_app/test/adversarial/widget_torture_test.dart: Widget Torture Tests - PROSECUTOR MODE Dialog Stability rapid open/close cycles (50 times) - no crashes     00:15 +1279 ~26: /Users/engammar/Apps/silni_app/test/adversarial/widget_torture_test.dart: Widget Torture Tests - PROSECUTOR MODE Dialog Stability rapid open/close cycles (50 times) - no crashes     00:15 +1280 ~26: /Users/engammar/Apps/silni_app/test/adversarial/widget_torture_test.dart: Widget Torture Tests - PROSECUTOR MODE Dialog Stability rapid open/close cycles (50 times) - no crashes     00:15 +1281 ~26: /Users/engammar/Apps/silni_app/test/adversarial/widget_torture_test.dart: Widget Torture Tests - PROSECUTOR MODE Dialog Stability rapid open/close cycles (50 times) - no crashes     00:15 +1282 ~26: /Users/engammar/Apps/silni_app/test/adversarial/widget_torture_test.dart: Widget Torture Tests - PROSECUTOR MODE Dialog Stability rapid open/close cycles (50 times) - no crashes     00:15 +1283 ~26: /Users/engammar/Apps/silni_app/test/adversarial/widget_torture_test.dart: Widget Torture Tests - PROSECUTOR MODE Dialog Stability rapid open/close cycles (50 times) - no crashes     00:15 +1284 ~26: /Users/engammar/Apps/silni_app/test/adversarial/widget_torture_test.dart: Widget Torture Tests - PROSECUTOR MODE Dialog Stability rapid open/close cycles (50 times) - no crashes     00:15 +1285 ~26: /Users/engammar/Apps/silni_app/test/adversarial/widget_torture_test.dart: Widget Torture Tests - PROSECUTOR MODE Dialog Stability rapid open/close cycles (50 times) - no crashes     00:15 +1286 ~26: /Users/engammar/Apps/silni_app/test/adversarial/widget_torture_test.dart: Widget Torture Tests - PROSECUTOR MODE Dialog Stability rapid open/close cycles (50 times) - no crashes     00:15 +1287 ~26: /Users/engammar/Apps/silni_app/test/adversarial/widget_torture_test.dart: Widget Torture Tests - PROSECUTOR MODE Dialog Stability rapid open/close cycles (50 times) - no crashes     00:15 +1288 ~26: /Users/engammar/Apps/silni_app/test/adversarial/widget_torture_test.dart: Widget Torture Tests - PROSECUTOR MODE Dialog Stability rapid open/close cycles (50 times) - no crashes     00:15 +1289 ~26: /Users/engammar/Apps/silni_app/test/adversarial/widget_torture_test.dart: Widget Torture Tests - PROSECUTOR MODE Dialog Stability rapid open/close cycles (50 times) - no crashes     00:15 +1290 ~26: /Users/engammar/Apps/silni_app/test/adversarial/widget_torture_test.dart: Widget Torture Tests - PROSECUTOR MODE Dialog Stability rapid open/close cycles (50 times) - no crashes     00:15 +1291 ~26: /Users/engammar/Apps/silni_app/test/adversarial/widget_torture_test.dart: Widget Torture Tests - PROSECUTOR MODE Dialog Stability rapid open/close cycles (50 times) - no crashes     00:15 +1292 ~26: /Users/engammar/Apps/silni_app/test/adversarial/widget_torture_test.dart: Widget Torture Tests - PROSECUTOR MODE Dialog Stability rapid open/close cycles (50 times) - no crashes     00:15 +1293 ~26: /Users/engammar/Apps/silni_app/test/adversarial/widget_torture_test.dart: Widget Torture Tests - PROSECUTOR MODE Dialog Stability rapid open/close cycles (50 times) - no crashes     00:15 +1294 ~26: /Users/engammar/Apps/silni_app/test/adversarial/widget_torture_test.dart: Widget Torture Tests - PROSECUTOR MODE Dialog Stability rapid open/close cycles (50 times) - no crashes     00:15 +1295 ~26: /Users/engammar/Apps/silni_app/test/adversarial/widget_torture_test.dart: Widget Torture Tests - PROSECUTOR MODE Dialog Stability rapid open/close cycles (50 times) - no crashes     00:15 +1296 ~26: /Users/engammar/Apps/silni_app/test/adversarial/widget_torture_test.dart: Widget Torture Tests - PROSECUTOR MODE Dialog Stability rapid open/close cycles (50 times) - no crashes     00:15 +1297 ~26: /Users/engammar/Apps/silni_app/test/adversarial/widget_torture_test.dart: Widget Torture Tests - PROSECUTOR MODE Dialog Stability rapid open/close cycles (50 times) - no crashes     00:15 +1298 ~26: /Users/engammar/Apps/silni_app/test/adversarial/widget_torture_test.dart: Widget Torture Tests - PROSECUTOR MODE Dialog Stability rapid open/close cycles (50 times) - no crashes     00:15 +1299 ~26: /Users/engammar/Apps/silni_app/test/adversarial/widget_torture_test.dart: Widget Torture Tests - PROSECUTOR MODE Dialog Stability rapid open/close cycles (50 times) - no crashes     00:15 +1300 ~26: /Users/engammar/Apps/silni_app/test/adversarial/widget_torture_test.dart: Widget Torture Tests - PROSECUTOR MODE Dialog Stability rapid open/close cycles (50 times) - no crashes     00:15 +1301 ~26: /Users/engammar/Apps/silni_app/test/adversarial/widget_torture_test.dart: Widget Torture Tests - PROSECUTOR MODE Dialog Stability rapid open/close cycles (50 times) - no crashes     00:15 +1302 ~26: /Users/engammar/Apps/silni_app/test/adversarial/widget_torture_test.dart: Widget Torture Tests - PROSECUTOR MODE Dialog Stability rapid open/close cycles (50 times) - no crashes     00:15 +1303 ~26: /Users/engammar/Apps/silni_app/test/adversarial/widget_torture_test.dart: Widget Torture Tests - PROSECUTOR MODE Dialog Stability rapid open/close cycles (50 times) - no crashes     00:15 +1304 ~26: /Users/engammar/Apps/silni_app/test/adversarial/widget_torture_test.dart: Widget Torture Tests - PROSECUTOR MODE Dialog Stability rapid open/close cycles (50 times) - no crashes     00:15 +1305 ~26: /Users/engammar/Apps/silni_app/test/adversarial/widget_torture_test.dart: Widget Torture Tests - PROSECUTOR MODE Dialog Stability rapid open/close cycles (50 times) - no crashes     00:15 +1306 ~26: /Users/engammar/Apps/silni_app/test/adversarial/widget_torture_test.dart: Widget Torture Tests - PROSECUTOR MODE Dialog Stability rapid open/close cycles (50 times) - no crashes     00:15 +1307 ~26: /Users/engammar/Apps/silni_app/test/adversarial/widget_torture_test.dart: Widget Torture Tests - PROSECUTOR MODE Dialog Stability rapid open/close cycles (50 times) - no crashes     00:15 +1308 ~26: /Users/engammar/Apps/silni_app/test/adversarial/widget_torture_test.dart: Widget Torture Tests - PROSECUTOR MODE Dialog Stability rapid open/close cycles (50 times) - no crashes     00:15 +1309 ~26: /Users/engammar/Apps/silni_app/test/adversarial/widget_torture_test.dart: Widget Torture Tests - PROSECUTOR MODE Dialog Stability rapid open/close cycles (50 times) - no crashes     00:15 +1310 ~26: /Users/engammar/Apps/silni_app/test/adversarial/widget_torture_test.dart: Widget Torture Tests - PROSECUTOR MODE Dialog Stability rapid open/close cycles (50 times) - no crashes     00:15 +1311 ~26: /Users/engammar/Apps/silni_app/test/adversarial/widget_torture_test.dart: Widget Torture Tests - PROSECUTOR MODE Dialog Stability rapid open/close cycles (50 times) - no crashes     00:15 +1312 ~26: /Users/engammar/Apps/silni_app/test/adversarial/widget_torture_test.dart: Widget Torture Tests - PROSECUTOR MODE Dialog Stability rapid open/close cycles (50 times) - no crashes     00:15 +1313 ~26: /Users/engammar/Apps/silni_app/test/adversarial/widget_torture_test.dart: Widget Torture Tests - PROSECUTOR MODE Dialog Stability rapid open/close cycles (50 times) - no crashes     00:15 +1314 ~26: /Users/engammar/Apps/silni_app/test/adversarial/widget_torture_test.dart: Widget Torture Tests - PROSECUTOR MODE Dialog Stability rapid open/close cycles (50 times) - no crashes     00:15 +1315 ~26: /Users/engammar/Apps/silni_app/test/adversarial/widget_torture_test.dart: Widget Torture Tests - PROSECUTOR MODE Dialog Stability rapid open/close cycles (50 times) - no crashes     00:15 +1316 ~26: /Users/engammar/Apps/silni_app/test/adversarial/widget_torture_test.dart: Widget Torture Tests - PROSECUTOR MODE Dialog Stability rapid open/close cycles (50 times) - no crashes     00:15 +1317 ~26: /Users/engammar/Apps/silni_app/test/adversarial/widget_torture_test.dart: Widget Torture Tests - PROSECUTOR MODE Dialog Stability rapid open/close cycles (50 times) - no crashes     00:15 +1318 ~26: /Users/engammar/Apps/silni_app/test/adversarial/widget_torture_test.dart: Widget Torture Tests - PROSECUTOR MODE Dialog Stability rapid open/close cycles (50 times) - no crashes     00:15 +1319 ~26: /Users/engammar/Apps/silni_app/test/adversarial/widget_torture_test.dart: Widget Torture Tests - PROSECUTOR MODE Dialog Stability rapid open/close cycles (50 times) - no crashes     00:15 +1320 ~26: /Users/engammar/Apps/silni_app/test/adversarial/widget_torture_test.dart: Widget Torture Tests - PROSECUTOR MODE Dialog Stability rapid open/close cycles (50 times) - no crashes     00:15 +1321 ~26: /Users/engammar/Apps/silni_app/test/adversarial/monkey_test.dart: Monkey Tests - PROSECUTOR MODE Survival Tests survive 100 random monkey actions                                     00:15 +1322 ~26: /Users/engammar/Apps/silni_app/test/adversarial/monkey_test.dart: Monkey Tests - PROSECUTOR MODE Survival Tests survive 100 random monkey actions                                     00:15 +1323 ~26: /Users/engammar/Apps/silni_app/test/adversarial/monkey_test.dart: Monkey Tests - PROSECUTOR MODE Survival Tests survive 100 random monkey actions                                     00:15 +1324 ~26: /Users/engammar/Apps/silni_app/test/adversarial/monkey_test.dart: Monkey Tests - PROSECUTOR MODE Survival Tests survive 100 random monkey actions                                     00:15 +1325 ~26: /Users/engammar/Apps/silni_app/test/adversarial/monkey_test.dart: Monkey Tests - PROSECUTOR MODE Survival Tests survive 100 random monkey actions                                     00:15 +1326 ~26: /Users/engammar/Apps/silni_app/test/adversarial/monkey_test.dart: Monkey Tests - PROSECUTOR MODE Survival Tests survive 100 random monkey actions                                     00:15 +1327 ~26: /Users/engammar/Apps/silni_app/test/adversarial/monkey_test.dart: Monkey Tests - PROSECUTOR MODE Survival Tests survive 100 random monkey actions                                     00:15 +1328 ~26: /Users/engammar/Apps/silni_app/test/adversarial/monkey_test.dart: Monkey Tests - PROSECUTOR MODE Survival Tests survive 100 random monkey actions                                     00:15 +1329 ~26: /Users/engammar/Apps/silni_app/test/adversarial/monkey_test.dart: Monkey Tests - PROSECUTOR MODE Survival Tests survive 100 random monkey actions                                     00:15 +1330 ~26: /Users/engammar/Apps/silni_app/test/adversarial/monkey_test.dart: Monkey Tests - PROSECUTOR MODE Survival Tests survive 100 random monkey actions                                     00:15 +1331 ~26: /Users/engammar/Apps/silni_app/test/adversarial/monkey_test.dart: Monkey Tests - PROSECUTOR MODE Survival Tests survive 100 random monkey actions                                     00:15 +1332 ~26: /Users/engammar/Apps/silni_app/test/adversarial/monkey_test.dart: Monkey Tests - PROSECUTOR MODE Survival Tests survive 100 random monkey actions                                     00:16 +1332 ~26: /Users/engammar/Apps/silni_app/test/adversarial/monkey_test.dart: Monkey Tests - PROSECUTOR MODE Survival Tests survive 100 random monkey actions                                     00:16 +1333 ~26: /Users/engammar/Apps/silni_app/test/adversarial/monkey_test.dart: Monkey Tests - PROSECUTOR MODE Survival Tests survive 100 random monkey actions                                     00:16 +1334 ~26: /Users/engammar/Apps/silni_app/test/adversarial/monkey_test.dart: Monkey Tests - PROSECUTOR MODE Survival Tests survive 100 random monkey actions                                     00:16 +1335 ~26: /Users/engammar/Apps/silni_app/test/adversarial/monkey_test.dart: Monkey Tests - PROSECUTOR MODE Survival Tests survive 100 random monkey actions                                     00:16 +1336 ~26: /Users/engammar/Apps/silni_app/test/adversarial/monkey_test.dart: Monkey Tests - PROSECUTOR MODE Survival Tests survive 100 random monkey actions                                     00:16 +1337 ~26: /Users/engammar/Apps/silni_app/test/adversarial/monkey_test.dart: Monkey Tests - PROSECUTOR MODE Survival Tests survive 100 random monkey actions                                     00:16 +1338 ~26: /Users/engammar/Apps/silni_app/test/adversarial/monkey_test.dart: Monkey Tests - PROSECUTOR MODE Survival Tests survive 100 random monkey actions                                     00:16 +1339 ~26: /Users/engammar/Apps/silni_app/test/adversarial/monkey_test.dart: Monkey Tests - PROSECUTOR MODE Survival Tests survive 100 random monkey actions                                     00:16 +1340 ~26: /Users/engammar/Apps/silni_app/test/adversarial/monkey_test.dart: Monkey Tests - PROSECUTOR MODE Survival Tests survive 100 random monkey actions                                     00:16 +1341 ~26: /Users/engammar/Apps/silni_app/test/adversarial/monkey_test.dart: Monkey Tests - PROSECUTOR MODE Survival Tests survive 100 random monkey actions                                     00:16 +1342 ~26: /Users/engammar/Apps/silni_app/test/adversarial/monkey_test.dart: Monkey Tests - PROSECUTOR MODE Survival Tests survive 100 random monkey actions                                     00:16 +1343 ~26: /Users/engammar/Apps/silni_app/test/adversarial/monkey_test.dart: Monkey Tests - PROSECUTOR MODE Survival Tests survive 100 random monkey actions                                     00:16 +1344 ~26: /Users/engammar/Apps/silni_app/test/adversarial/monkey_test.dart: Monkey Tests - PROSECUTOR MODE Survival Tests survive 100 random monkey actions                                     00:16 +1345 ~26: /Users/engammar/Apps/silni_app/test/adversarial/monkey_test.dart: Monkey Tests - PROSECUTOR MODE Survival Tests survive 100 random monkey actions                                     00:16 +1346 ~26: /Users/engammar/Apps/silni_app/test/adversarial/monkey_test.dart: Monkey Tests - PROSECUTOR MODE Survival Tests survive 100 random monkey actions                                     00:16 +1347 ~26: /Users/engammar/Apps/silni_app/test/adversarial/monkey_test.dart: Monkey Tests - PROSECUTOR MODE Survival Tests survive 100 random monkey actions                                     00:16 +1348 ~26: /Users/engammar/Apps/silni_app/test/adversarial/monkey_test.dart: Monkey Tests - PROSECUTOR MODE Survival Tests survive 100 random monkey actions                                     00:16 +1349 ~26: /Users/engammar/Apps/silni_app/test/adversarial/monkey_test.dart: Monkey Tests - PROSECUTOR MODE Survival Tests survive 100 random monkey actions                                     00:16 +1350 ~26: /Users/engammar/Apps/silni_app/test/adversarial/monkey_test.dart: Monkey Tests - PROSECUTOR MODE Survival Tests survive 100 random monkey actions                                     00:16 +1351 ~26: /Users/engammar/Apps/silni_app/test/adversarial/monkey_test.dart: Monkey Tests - PROSECUTOR MODE Survival Tests survive 100 random monkey actions                                     00:16 +1352 ~26: /Users/engammar/Apps/silni_app/test/adversarial/monkey_test.dart: Monkey Tests - PROSECUTOR MODE Survival Tests survive 100 random monkey actions                                     00:16 +1353 ~26: /Users/engammar/Apps/silni_app/test/adversarial/monkey_test.dart: Monkey Tests - PROSECUTOR MODE Survival Tests survive 100 random monkey actions                                     00:16 +1354 ~26: /Users/engammar/Apps/silni_app/test/adversarial/monkey_test.dart: Monkey Tests - PROSECUTOR MODE Survival Tests survive 100 random monkey actions                                     00:16 +1355 ~26: /Users/engammar/Apps/silni_app/test/adversarial/monkey_test.dart: Monkey Tests - PROSECUTOR MODE Survival Tests survive 100 random monkey actions                                     00:16 +1356 ~26: /Users/engammar/Apps/silni_app/test/adversarial/monkey_test.dart: Monkey Tests - PROSECUTOR MODE Survival Tests survive 100 random monkey actions                                     00:16 +1357 ~26: /Users/engammar/Apps/silni_app/test/adversarial/monkey_test.dart: Monkey Tests - PROSECUTOR MODE Survival Tests survive 100 random monkey actions                                     00:16 +1358 ~26: /Users/engammar/Apps/silni_app/test/adversarial/monkey_test.dart: Monkey Tests - PROSECUTOR MODE Survival Tests survive 100 random monkey actions                                     00:16 +1359 ~26: /Users/engammar/Apps/silni_app/test/adversarial/monkey_test.dart: Monkey Tests - PROSECUTOR MODE Survival Tests survive 100 random monkey actions                                     00:16 +1360 ~26: /Users/engammar/Apps/silni_app/test/adversarial/monkey_test.dart: Monkey Tests - PROSECUTOR MODE Survival Tests survive 100 random monkey actions                                     00:16 +1361 ~26: /Users/engammar/Apps/silni_app/test/adversarial/monkey_test.dart: Monkey Tests - PROSECUTOR MODE Survival Tests survive 100 random monkey actions                                     00:16 +1362 ~26: /Users/engammar/Apps/silni_app/test/adversarial/monkey_test.dart: Monkey Tests - PROSECUTOR MODE Survival Tests survive 100 random monkey actions                                     00:16 +1363 ~26: /Users/engammar/Apps/silni_app/test/adversarial/monkey_test.dart: Monkey Tests - PROSECUTOR MODE Survival Tests survive 100 random monkey actions                                     00:16 +1364 ~26: /Users/engammar/Apps/silni_app/test/adversarial/monkey_test.dart: Monkey Tests - PROSECUTOR MODE Survival Tests survive 100 random monkey actions                                     00:16 +1365 ~26: /Users/engammar/Apps/silni_app/test/adversarial/monkey_test.dart: Monkey Tests - PROSECUTOR MODE Survival Tests survive 100 random monkey actions                                     00:16 +1366 ~26: /Users/engammar/Apps/silni_app/test/adversarial/monkey_test.dart: Monkey Tests - PROSECUTOR MODE Survival Tests survive 100 random monkey actions                                     00:16 +1367 ~26: /Users/engammar/Apps/silni_app/test/adversarial/monkey_test.dart: Monkey Tests - PROSECUTOR MODE Survival Tests survive 100 random monkey actions                                     00:16 +1368 ~26: /Users/engammar/Apps/silni_app/test/adversarial/monkey_test.dart: Monkey Tests - PROSECUTOR MODE Survival Tests survive 100 random monkey actions                                     00:16 +1369 ~26: /Users/engammar/Apps/silni_app/test/adversarial/monkey_test.dart: Monkey Tests - PROSECUTOR MODE Survival Tests survive 100 random monkey actions                                     00:16 +1370 ~26: /Users/engammar/Apps/silni_app/test/adversarial/monkey_test.dart: Monkey Tests - PROSECUTOR MODE Survival Tests survive 100 random monkey actions                                     00:16 +1371 ~26: /Users/engammar/Apps/silni_app/test/adversarial/monkey_test.dart: Monkey Tests - PROSECUTOR MODE Survival Tests survive 100 random monkey actions                                     00:16 +1372 ~26: /Users/engammar/Apps/silni_app/test/adversarial/monkey_test.dart: Monkey Tests - PROSECUTOR MODE Survival Tests survive 100 random monkey actions                                     00:16 +1373 ~26: /Users/engammar/Apps/silni_app/test/adversarial/monkey_test.dart: Monkey Tests - PROSECUTOR MODE Survival Tests survive 100 random monkey actions                                     00:17 +1373 ~26: /Users/engammar/Apps/silni_app/test/adversarial/monkey_test.dart: Monkey Tests - PROSECUTOR MODE Survival Tests survive 100 random monkey actions                                     00:17 +1374 ~26: /Users/engammar/Apps/silni_app/test/adversarial/monkey_test.dart: Monkey Tests - PROSECUTOR MODE Survival Tests survive 100 random monkey actions                                     00:17 +1375 ~26: /Users/engammar/Apps/silni_app/test/adversarial/monkey_test.dart: Monkey Tests - PROSECUTOR MODE Survival Tests survive 100 random monkey actions                                     00:17 +1376 ~26: /Users/engammar/Apps/silni_app/test/adversarial/monkey_test.dart: Monkey Tests - PROSECUTOR MODE Survival Tests survive 100 random monkey actions                                     00:17 +1377 ~26: /Users/engammar/Apps/silni_app/test/adversarial/monkey_test.dart: Monkey Tests - PROSECUTOR MODE Survival Tests survive 100 random monkey actions                                     00:17 +1378 ~26: /Users/engammar/Apps/silni_app/test/adversarial/monkey_test.dart: Monkey Tests - PROSECUTOR MODE Survival Tests survive 100 random monkey actions                                     00:17 +1379 ~26: /Users/engammar/Apps/silni_app/test/adversarial/monkey_test.dart: Monkey Tests - PROSECUTOR MODE Survival Tests survive 100 random monkey actions                                     00:17 +1380 ~26: /Users/engammar/Apps/silni_app/test/adversarial/widget_torture_test.dart: Widget Torture Tests - PROSECUTOR MODE List Stability very long list (10000 items) scrolls without crash    00:17 +1381 ~26: /Users/engammar/Apps/silni_app/test/adversarial/widget_torture_test.dart: Widget Torture Tests - PROSECUTOR MODE List Stability very long list (10000 items) scrolls without crash    00:17 +1382 ~26: /Users/engammar/Apps/silni_app/test/adversarial/widget_torture_test.dart: Widget Torture Tests - PROSECUTOR MODE List Stability very long list (10000 items) scrolls without crash    00:17 +1383 ~26: /Users/engammar/Apps/silni_app/test/adversarial/widget_torture_test.dart: Widget Torture Tests - PROSECUTOR MODE List Stability very long list (10000 items) scrolls without crash    00:17 +1384 ~26: /Users/engammar/Apps/silni_app/test/adversarial/widget_torture_test.dart: Widget Torture Tests - PROSECUTOR MODE List Stability very long list (10000 items) scrolls without crash    00:17 +1385 ~26: /Users/engammar/Apps/silni_app/test/adversarial/widget_torture_test.dart: Widget Torture Tests - PROSECUTOR MODE List Stability very long list (10000 items) scrolls without crash    00:17 +1386 ~26: /Users/engammar/Apps/silni_app/test/adversarial/widget_torture_test.dart: Widget Torture Tests - PROSECUTOR MODE List Stability very long list (10000 items) scrolls without crash    00:17 +1387 ~26: /Users/engammar/Apps/silni_app/test/adversarial/widget_torture_test.dart: Widget Torture Tests - PROSECUTOR MODE List Stability very long list (10000 items) scrolls without crash    00:17 +1388 ~26: /Users/engammar/Apps/silni_app/test/adversarial/widget_torture_test.dart: Widget Torture Tests - PROSECUTOR MODE List Stability very long list (10000 items) scrolls without crash    00:17 +1389 ~26: /Users/engammar/Apps/silni_app/test/adversarial/widget_torture_test.dart: Widget Torture Tests - PROSECUTOR MODE List Stability very long list (10000 items) scrolls without crash    00:17 +1390 ~26: /Users/engammar/Apps/silni_app/test/adversarial/widget_torture_test.dart: Widget Torture Tests - PROSECUTOR MODE List Stability very long list (10000 items) scrolls without crash    00:17 +1391 ~26: /Users/engammar/Apps/silni_app/test/adversarial/widget_torture_test.dart: Widget Torture Tests - PROSECUTOR MODE List Stability very long list (10000 items) scrolls without crash    00:17 +1392 ~26: /Users/engammar/Apps/silni_app/test/adversarial/widget_torture_test.dart: Widget Torture Tests - PROSECUTOR MODE List Stability very long list (10000 items) scrolls without crash    00:17 +1393 ~26: /Users/engammar/Apps/silni_app/test/adversarial/widget_torture_test.dart: Widget Torture Tests - PROSECUTOR MODE List Stability very long list (10000 items) scrolls without crash    00:17 +1394 ~26: /Users/engammar/Apps/silni_app/test/adversarial/widget_torture_test.dart: Widget Torture Tests - PROSECUTOR MODE List Stability very long list (10000 items) scrolls without crash    00:17 +1395 ~26: /Users/engammar/Apps/silni_app/test/adversarial/widget_torture_test.dart: Widget Torture Tests - PROSECUTOR MODE List Stability very long list (10000 items) scrolls without crash    00:17 +1396 ~26: /Users/engammar/Apps/silni_app/test/adversarial/widget_torture_test.dart: Widget Torture Tests - PROSECUTOR MODE List Stability very long list (10000 items) scrolls without crash    00:17 +1397 ~26: /Users/engammar/Apps/silni_app/test/adversarial/widget_torture_test.dart: Widget Torture Tests - PROSECUTOR MODE List Stability very long list (10000 items) scrolls without crash    00:17 +1398 ~26: /Users/engammar/Apps/silni_app/test/adversarial/widget_torture_test.dart: Widget Torture Tests - PROSECUTOR MODE List Stability very long list (10000 items) scrolls without crash    00:17 +1399 ~26: /Users/engammar/Apps/silni_app/test/adversarial/widget_torture_test.dart: Widget Torture Tests - PROSECUTOR MODE List Stability very long list (10000 items) scrolls without crash    00:17 +1400 ~26: /Users/engammar/Apps/silni_app/test/adversarial/widget_torture_test.dart: Widget Torture Tests - PROSECUTOR MODE List Stability very long list (10000 items) scrolls without crash    00:17 +1401 ~26: /Users/engammar/Apps/silni_app/test/adversarial/stress_test.dart: Stress Tests - PROSECUTOR MODE Network Stress (Simulated) handles intermittent failure recovery                     00:17 +1402 ~26: /Users/engammar/Apps/silni_app/test/adversarial/stress_test.dart: Stress Tests - PROSECUTOR MODE Network Stress (Simulated) handles intermittent failure recovery                     00:17 +1403 ~26: /Users/engammar/Apps/silni_app/test/adversarial/stress_test.dart: Stress Tests - PROSECUTOR MODE Network Stress (Simulated) handles intermittent failure recovery                     00:17 +1404 ~26: /Users/engammar/Apps/silni_app/test/adversarial/stress_test.dart: Stress Tests - PROSECUTOR MODE Network Stress (Simulated) handles intermittent failure recovery                     00:17 +1405 ~26: /Users/engammar/Apps/silni_app/test/adversarial/stress_test.dart: Stress Tests - PROSECUTOR MODE Network Stress (Simulated) handles intermittent failure recovery                     00:17 +1406 ~26: /Users/engammar/Apps/silni_app/test/adversarial/stress_test.dart: Stress Tests - PROSECUTOR MODE Network Stress (Simulated) handles intermittent failure recovery                     00:17 +1407 ~26: /Users/engammar/Apps/silni_app/test/adversarial/stress_test.dart: Stress Tests - PROSECUTOR MODE Network Stress (Simulated) handles intermittent failure recovery                     00:17 +1408 ~26: /Users/engammar/Apps/silni_app/test/adversarial/stress_test.dart: Stress Tests - PROSECUTOR MODE Network Stress (Simulated) handles intermittent failure recovery                     00:17 +1409 ~26: /Users/engammar/Apps/silni_app/test/adversarial/stress_test.dart: Stress Tests - PROSECUTOR MODE Network Stress (Simulated) handles intermittent failure recovery                     00:17 +1410 ~26: /Users/engammar/Apps/silni_app/test/adversarial/stress_test.dart: Stress Tests - PROSECUTOR MODE Network Stress (Simulated) handles intermittent failure recovery                     00:17 +1411 ~26: /Users/engammar/Apps/silni_app/test/adversarial/stress_test.dart: Stress Tests - PROSECUTOR MODE Network Stress (Simulated) handles intermittent failure recovery                     00:17 +1412 ~26: /Users/engammar/Apps/silni_app/test/adversarial/stress_test.dart: Stress Tests - PROSECUTOR MODE Network Stress (Simulated) handles intermittent failure recovery                     00:17 +1413 ~26: /Users/engammar/Apps/silni_app/test/adversarial/stress_test.dart: Stress Tests - PROSECUTOR MODE Network Stress (Simulated) handles intermittent failure recovery                     00:17 +1414 ~26: /Users/engammar/Apps/silni_app/test/adversarial/stress_test.dart: Stress Tests - PROSECUTOR MODE Network Stress (Simulated) handles intermittent failure recovery                     00:17 +1415 ~26: /Users/engammar/Apps/silni_app/test/adversarial/stress_test.dart: Stress Tests - PROSECUTOR MODE Network Stress (Simulated) handles intermittent failure recovery                     00:17 +1416 ~26: /Users/engammar/Apps/silni_app/test/adversarial/stress_test.dart: Stress Tests - PROSECUTOR MODE Network Stress (Simulated) handles intermittent failure recovery                     00:17 +1417 ~26: /Users/engammar/Apps/silni_app/test/adversarial/stress_test.dart: Stress Tests - PROSECUTOR MODE Network Stress (Simulated) handles intermittent failure recovery                     00:17 +1418 ~26: /Users/engammar/Apps/silni_app/test/adversarial/stress_test.dart: Stress Tests - PROSECUTOR MODE Network Stress (Simulated) handles intermittent failure recovery                     00:17 +1419 ~26: /Users/engammar/Apps/silni_app/test/adversarial/stress_test.dart: Stress Tests - PROSECUTOR MODE Network Stress (Simulated) handles intermittent failure recovery                     00:17 +1420 ~26: /Users/engammar/Apps/silni_app/test/adversarial/stress_test.dart: Stress Tests - PROSECUTOR MODE Network Stress (Simulated) handles intermittent failure recovery                     00:17 +1421 ~26: /Users/engammar/Apps/silni_app/test/adversarial/stress_test.dart: Stress Tests - PROSECUTOR MODE Network Stress (Simulated) handles intermittent failure recovery                     00:17 +1422 ~26: /Users/engammar/Apps/silni_app/test/adversarial/stress_test.dart: Stress Tests - PROSECUTOR MODE Network Stress (Simulated) handles intermittent failure recovery                     00:17 +1423 ~26: /Users/engammar/Apps/silni_app/test/adversarial/stress_test.dart: Stress Tests - PROSECUTOR MODE Network Stress (Simulated) handles intermittent failure recovery                     00:17 +1424 ~26: /Users/engammar/Apps/silni_app/test/adversarial/stress_test.dart: Stress Tests - PROSECUTOR MODE Network Stress (Simulated) handles intermittent failure recovery                     00:17 +1425 ~26: /Users/engammar/Apps/silni_app/test/adversarial/stress_test.dart: Stress Tests - PROSECUTOR MODE Network Stress (Simulated) handles intermittent failure recovery                     00:17 +1426 ~26: /Users/engammar/Apps/silni_app/test/adversarial/stress_test.dart: Stress Tests - PROSECUTOR MODE Network Stress (Simulated) handles intermittent failure recovery                     00:17 +1427 ~26: /Users/engammar/Apps/silni_app/test/adversarial/stress_test.dart: Stress Tests - PROSECUTOR MODE Network Stress (Simulated) handles intermittent failure recovery                     00:17 +1428 ~26: /Users/engammar/Apps/silni_app/test/adversarial/stress_test.dart: Stress Tests - PROSECUTOR MODE Network Stress (Simulated) handles intermittent failure recovery                     00:17 +1429 ~26: /Users/engammar/Apps/silni_app/test/adversarial/stress_test.dart: Stress Tests - PROSECUTOR MODE Network Stress (Simulated) handles intermittent failure recovery                     00:17 +1430 ~26: /Users/engammar/Apps/silni_app/test/adversarial/stress_test.dart: Stress Tests - PROSECUTOR MODE Network Stress (Simulated) handles intermittent failure recovery                     00:17 +1431 ~26: /Users/engammar/Apps/silni_app/test/adversarial/stress_test.dart: Stress Tests - PROSECUTOR MODE Network Stress (Simulated) handles intermittent failure recovery                     00:17 +1432 ~26: /Users/engammar/Apps/silni_app/test/adversarial/stress_test.dart: Stress Tests - PROSECUTOR MODE Network Stress (Simulated) handles intermittent failure recovery                     00:17 +1433 ~26: /Users/engammar/Apps/silni_app/test/adversarial/stress_test.dart: Stress Tests - PROSECUTOR MODE Network Stress (Simulated) handles intermittent failure recovery                     00:17 +1434 ~26: /Users/engammar/Apps/silni_app/test/adversarial/stress_test.dart: Stress Tests - PROSECUTOR MODE Network Stress (Simulated) handles intermittent failure recovery                     00:17 +1435 ~26: /Users/engammar/Apps/silni_app/test/adversarial/stress_test.dart: Stress Tests - PROSECUTOR MODE Network Stress (Simulated) handles intermittent failure recovery                     00:17 +1436 ~26: /Users/engammar/Apps/silni_app/test/adversarial/stress_test.dart: Stress Tests - PROSECUTOR MODE Network Stress (Simulated) handles intermittent failure recovery                     00:17 +1437 ~26: /Users/engammar/Apps/silni_app/test/adversarial/stress_test.dart: Stress Tests - PROSECUTOR MODE Network Stress (Simulated) handles intermittent failure recovery                     00:17 +1438 ~26: /Users/engammar/Apps/silni_app/test/adversarial/stress_test.dart: Stress Tests - PROSECUTOR MODE Network Stress (Simulated) handles intermittent failure recovery                     00:17 +1439 ~26: /Users/engammar/Apps/silni_app/test/adversarial/stress_test.dart: Stress Tests - PROSECUTOR MODE Network Stress (Simulated) handles intermittent failure recovery                     00:17 +1440 ~26: /Users/engammar/Apps/silni_app/test/adversarial/stress_test.dart: Stress Tests - PROSECUTOR MODE Network Stress (Simulated) handles intermittent failure recovery                     00:17 +1441 ~26: /Users/engammar/Apps/silni_app/test/adversarial/stress_test.dart: Stress Tests - PROSECUTOR MODE Network Stress (Simulated) handles intermittent failure recovery                     00:17 +1442 ~26: /Users/engammar/Apps/silni_app/test/adversarial/monkey_test.dart: Monkey Tests - PROSECUTOR MODE Survival Tests survive garbage input in every text field                             00:17 +1443 ~26: /Users/engammar/Apps/silni_app/test/adversarial/monkey_test.dart: Monkey Tests - PROSECUTOR MODE Survival Tests survive garbage input in every text field                             00:17 +1444 ~26: /Users/engammar/Apps/silni_app/test/adversarial/monkey_test.dart: Monkey Tests - PROSECUTOR MODE Survival Tests survive garbage input in every text field                             00:17 +1445 ~26: /Users/engammar/Apps/silni_app/test/adversarial/monkey_test.dart: Monkey Tests - PROSECUTOR MODE Survival Tests survive garbage input in every text field                             00:17 +1446 ~26: /Users/engammar/Apps/silni_app/test/adversarial/monkey_test.dart: Monkey Tests - PROSECUTOR MODE Survival Tests survive garbage input in every text field                             00:17 +1447 ~26: /Users/engammar/Apps/silni_app/test/adversarial/monkey_test.dart: Monkey Tests - PROSECUTOR MODE Survival Tests survive garbage input in every text field                             00:17 +1448 ~26: /Users/engammar/Apps/silni_app/test/adversarial/monkey_test.dart: Monkey Tests - PROSECUTOR MODE Survival Tests survive garbage input in every text field                             00:17 +1449 ~26: /Users/engammar/Apps/silni_app/test/adversarial/monkey_test.dart: Monkey Tests - PROSECUTOR MODE Survival Tests survive garbage input in every text field                             00:17 +1450 ~26: /Users/engammar/Apps/silni_app/test/adversarial/monkey_test.dart: Monkey Tests - PROSECUTOR MODE Survival Tests survive garbage input in every text field                             00:17 +1451 ~26: /Users/engammar/Apps/silni_app/test/adversarial/monkey_test.dart: Monkey Tests - PROSECUTOR MODE Survival Tests survive garbage input in every text field                             00:17 +1452 ~26: /Users/engammar/Apps/silni_app/test/adversarial/monkey_test.dart: Monkey Tests - PROSECUTOR MODE Survival Tests survive garbage input in every text field                             00:17 +1453 ~26: /Users/engammar/Apps/silni_app/test/adversarial/monkey_test.dart: Monkey Tests - PROSECUTOR MODE Survival Tests survive garbage input in every text field                             00:17 +1454 ~26: /Users/engammar/Apps/silni_app/test/adversarial/monkey_test.dart: Monkey Tests - PROSECUTOR MODE Survival Tests survive garbage input in every text field                             00:17 +1455 ~26: /Users/engammar/Apps/silni_app/test/adversarial/monkey_test.dart: Monkey Tests - PROSECUTOR MODE Survival Tests survive garbage input in every text field                             00:17 +1456 ~26: /Users/engammar/Apps/silni_app/test/adversarial/monkey_test.dart: Monkey Tests - PROSECUTOR MODE Survival Tests survive garbage input in every text field                             00:17 +1457 ~26: /Users/engammar/Apps/silni_app/test/adversarial/monkey_test.dart: Monkey Tests - PROSECUTOR MODE Survival Tests survive garbage input in every text field                             00:17 +1458 ~26: /Users/engammar/Apps/silni_app/test/adversarial/monkey_test.dart: Monkey Tests - PROSECUTOR MODE Survival Tests survive garbage input in every text field                             00:17 +1459 ~26: /Users/engammar/Apps/silni_app/test/adversarial/monkey_test.dart: Monkey Tests - PROSECUTOR MODE Survival Tests survive garbage input in every text field                             00:18 +1459 ~26: /Users/engammar/Apps/silni_app/test/adversarial/monkey_test.dart: Monkey Tests - PROSECUTOR MODE Survival Tests survive garbage input in every text field                             00:18 +1460 ~26: /Users/engammar/Apps/silni_app/test/adversarial/monkey_test.dart: Monkey Tests - PROSECUTOR MODE Survival Tests survive garbage input in every text field                             00:18 +1461 ~26: /Users/engammar/Apps/silni_app/test/adversarial/memory_leak_test.dart: ... Leak Tests - PROSECUTOR MODE Widget Creation/Destruction Leaks create and destroy 1000 screens without leak00:19 +1461 ~26: /Users/engammar/Apps/silni_app/test/adversarial/memory_leak_test.dart: ... Leak Tests - PROSECUTOR MODE Widget Creation/Destruction Leaks create and destroy 1000 screens without leak00:19 +1462 ~26: /Users/engammar/Apps/silni_app/test/adversarial/memory_leak_test.dart: ... Leak Tests - PROSECUTOR MODE Widget Creation/Destruction Leaks create and destroy 1000 screens without leak00:19 +1463 ~26: /Users/engammar/Apps/silni_app/test/adversarial/memory_leak_test.dart: ... Leak Tests - PROSECUTOR MODE Widget Creation/Destruction Leaks create and destroy 1000 screens without leak00:19 +1464 ~26: /Users/engammar/Apps/silni_app/test/adversarial/memory_leak_test.dart: ... Leak Tests - PROSECUTOR MODE Widget Creation/Destruction Leaks create and destroy 1000 screens without leak00:19 +1465 ~26: /Users/engammar/Apps/silni_app/test/adversarial/memory_leak_test.dart: ... Leak Tests - PROSECUTOR MODE Widget Creation/Destruction Leaks create and destroy 1000 screens without leak00:19 +1466 ~26: /Users/engammar/Apps/silni_app/test/adversarial/memory_leak_test.dart: ... Leak Tests - PROSECUTOR MODE Widget Creation/Destruction Leaks create and destroy 1000 screens without leak00:19 +1467 ~26: /Users/engammar/Apps/silni_app/test/adversarial/memory_leak_test.dart: ... Leak Tests - PROSECUTOR MODE Widget Creation/Destruction Leaks create and destroy 1000 screens without leak00:19 +1468 ~26: /Users/engammar/Apps/silni_app/test/adversarial/memory_leak_test.dart: ... Leak Tests - PROSECUTOR MODE Widget Creation/Destruction Leaks create and destroy 1000 screens without leak00:19 +1469 ~26: /Users/engammar/Apps/silni_app/test/adversarial/memory_leak_test.dart: ... Leak Tests - PROSECUTOR MODE Widget Creation/Destruction Leaks create and destroy 1000 screens without leak00:19 +1470 ~26: /Users/engammar/Apps/silni_app/test/adversarial/memory_leak_test.dart: ... Leak Tests - PROSECUTOR MODE Widget Creation/Destruction Leaks create and destroy 1000 screens without leak00:19 +1471 ~26: /Users/engammar/Apps/silni_app/test/adversarial/memory_leak_test.dart: ... Leak Tests - PROSECUTOR MODE Widget Creation/Destruction Leaks create and destroy 1000 screens without leak00:19 +1472 ~26: /Users/engammar/Apps/silni_app/test/adversarial/memory_leak_test.dart: ... Leak Tests - PROSECUTOR MODE Widget Creation/Destruction Leaks create and destroy 1000 screens without leak00:19 +1473 ~26: /Users/engammar/Apps/silni_app/test/adversarial/memory_leak_test.dart: ... Leak Tests - PROSECUTOR MODE Widget Creation/Destruction Leaks create and destroy 1000 screens without leak00:19 +1474 ~26: /Users/engammar/Apps/silni_app/test/adversarial/memory_leak_test.dart: ... Leak Tests - PROSECUTOR MODE Widget Creation/Destruction Leaks create and destroy 1000 screens without leak00:19 +1475 ~26: /Users/engammar/Apps/silni_app/test/adversarial/memory_leak_test.dart: ... Leak Tests - PROSECUTOR MODE Widget Creation/Destruction Leaks create and destroy 1000 screens without leak00:19 +1476 ~26: /Users/engammar/Apps/silni_app/test/adversarial/memory_leak_test.dart: ... Leak Tests - PROSECUTOR MODE Widget Creation/Destruction Leaks create and destroy 1000 screens without leak00:19 +1477 ~26: /Users/engammar/Apps/silni_app/test/adversarial/memory_leak_test.dart: ... Leak Tests - PROSECUTOR MODE Widget Creation/Destruction Leaks create and destroy 1000 screens without leak00:19 +1478 ~26: /Users/engammar/Apps/silni_app/test/adversarial/memory_leak_test.dart: ... Leak Tests - PROSECUTOR MODE Widget Creation/Destruction Leaks create and destroy 1000 screens without leak00:19 +1479 ~26: /Users/engammar/Apps/silni_app/test/adversarial/memory_leak_test.dart: ... Leak Tests - PROSECUTOR MODE Widget Creation/Destruction Leaks create and destroy 1000 screens without leak00:19 +1480 ~26: /Users/engammar/Apps/silni_app/test/adversarial/memory_leak_test.dart: ... Leak Tests - PROSECUTOR MODE Widget Creation/Destruction Leaks create and destroy 1000 screens without leak00:19 +1481 ~26: /Users/engammar/Apps/silni_app/test/adversarial/memory_leak_test.dart: ... Leak Tests - PROSECUTOR MODE Widget Creation/Destruction Leaks create and destroy 1000 screens without leak00:19 +1482 ~26: /Users/engammar/Apps/silni_app/test/adversarial/memory_leak_test.dart: ... Leak Tests - PROSECUTOR MODE Widget Creation/Destruction Leaks create and destroy 1000 screens without leak00:19 +1483 ~26: /Users/engammar/Apps/silni_app/test/adversarial/memory_leak_test.dart: ... Leak Tests - PROSECUTOR MODE Widget Creation/Destruction Leaks create and destroy 1000 screens without leak00:19 +1484 ~26: /Users/engammar/Apps/silni_app/test/adversarial/memory_leak_test.dart: ... Leak Tests - PROSECUTOR MODE Widget Creation/Destruction Leaks create and destroy 1000 screens without leak00:19 +1485 ~26: /Users/engammar/Apps/silni_app/test/adversarial/memory_leak_test.dart: ... Leak Tests - PROSECUTOR MODE Widget Creation/Destruction Leaks create and destroy 1000 screens without leak00:19 +1486 ~26: /Users/engammar/Apps/silni_app/test/adversarial/memory_leak_test.dart: ... Leak Tests - PROSECUTOR MODE Widget Creation/Destruction Leaks create and destroy 1000 screens without leak00:19 +1487 ~26: /Users/engammar/Apps/silni_app/test/adversarial/memory_leak_test.dart: ... Leak Tests - PROSECUTOR MODE Widget Creation/Destruction Leaks create and destroy 1000 screens without leak00:19 +1488 ~26: /Users/engammar/Apps/silni_app/test/adversarial/memory_leak_test.dart: ... Leak Tests - PROSECUTOR MODE Widget Creation/Destruction Leaks create and destroy 1000 screens without leak00:19 +1489 ~26: /Users/engammar/Apps/silni_app/test/adversarial/memory_leak_test.dart: ... Leak Tests - PROSECUTOR MODE Widget Creation/Destruction Leaks create and destroy 1000 screens without leak00:19 +1490 ~26: /Users/engammar/Apps/silni_app/test/adversarial/memory_leak_test.dart: ... Leak Tests - PROSECUTOR MODE Widget Creation/Destruction Leaks create and destroy 1000 screens without leak00:19 +1491 ~26: /Users/engammar/Apps/silni_app/test/adversarial/memory_leak_test.dart: ... Leak Tests - PROSECUTOR MODE Widget Creation/Destruction Leaks create and destroy 1000 screens without leak00:19 +1492 ~26: /Users/engammar/Apps/silni_app/test/adversarial/memory_leak_test.dart: ... Leak Tests - PROSECUTOR MODE Widget Creation/Destruction Leaks create and destroy 1000 screens without leak00:19 +1493 ~26: /Users/engammar/Apps/silni_app/test/adversarial/memory_leak_test.dart: ... Leak Tests - PROSECUTOR MODE Widget Creation/Destruction Leaks create and destroy 1000 screens without leak00:19 +1494 ~26: /Users/engammar/Apps/silni_app/test/adversarial/memory_leak_test.dart: ... Leak Tests - PROSECUTOR MODE Widget Creation/Destruction Leaks create and destroy 1000 screens without leak00:19 +1495 ~26: /Users/engammar/Apps/silni_app/test/adversarial/memory_leak_test.dart: ... Leak Tests - PROSECUTOR MODE Widget Creation/Destruction Leaks create and destroy 1000 screens without leak00:19 +1496 ~26: /Users/engammar/Apps/silni_app/test/adversarial/memory_leak_test.dart: ... Leak Tests - PROSECUTOR MODE Widget Creation/Destruction Leaks create and destroy 1000 screens without leak00:19 +1497 ~26: /Users/engammar/Apps/silni_app/test/adversarial/memory_leak_test.dart: ... Leak Tests - PROSECUTOR MODE Widget Creation/Destruction Leaks create and destroy 1000 screens without leak00:19 +1498 ~26: /Users/engammar/Apps/silni_app/test/adversarial/memory_leak_test.dart: ... Leak Tests - PROSECUTOR MODE Widget Creation/Destruction Leaks create and destroy 1000 screens without leak00:19 +1499 ~26: /Users/engammar/Apps/silni_app/test/adversarial/memory_leak_test.dart: ... Leak Tests - PROSECUTOR MODE Widget Creation/Destruction Leaks create and destroy 1000 screens without leak00:19 +1500 ~26: /Users/engammar/Apps/silni_app/test/adversarial/memory_leak_test.dart: ... Leak Tests - PROSECUTOR MODE Widget Creation/Destruction Leaks create and destroy 1000 screens without leak00:19 +1501 ~26: /Users/engammar/Apps/silni_app/test/adversarial/memory_leak_test.dart: ... Leak Tests - PROSECUTOR MODE Widget Creation/Destruction Leaks create and destroy 1000 screens without leak00:19 +1502 ~26: /Users/engammar/Apps/silni_app/test/adversarial/memory_leak_test.dart: ... Leak Tests - PROSECUTOR MODE Widget Creation/Destruction Leaks create and destroy 1000 screens without leak00:19 +1503 ~26: /Users/engammar/Apps/silni_app/test/adversarial/memory_leak_test.dart: ... Leak Tests - PROSECUTOR MODE Widget Creation/Destruction Leaks create and destroy 1000 screens without leak00:19 +1504 ~26: /Users/engammar/Apps/silni_app/test/adversarial/memory_leak_test.dart: ... Leak Tests - PROSECUTOR MODE Widget Creation/Destruction Leaks create and destroy 1000 screens without leak00:19 +1505 ~26: /Users/engammar/Apps/silni_app/test/adversarial/memory_leak_test.dart: ... Leak Tests - PROSECUTOR MODE Widget Creation/Destruction Leaks create and destroy 1000 screens without leak00:19 +1506 ~26: /Users/engammar/Apps/silni_app/test/adversarial/memory_leak_test.dart: ... Leak Tests - PROSECUTOR MODE Widget Creation/Destruction Leaks create and destroy 1000 screens without leak00:19 +1507 ~26: /Users/engammar/Apps/silni_app/test/adversarial/memory_leak_test.dart: ... Leak Tests - PROSECUTOR MODE Widget Creation/Destruction Leaks create and destroy 1000 screens without leak00:19 +1508 ~26: /Users/engammar/Apps/silni_app/test/adversarial/memory_leak_test.dart: ... Leak Tests - PROSECUTOR MODE Widget Creation/Destruction Leaks create and destroy 1000 screens without leak00:19 +1509 ~26: /Users/engammar/Apps/silni_app/test/adversarial/memory_leak_test.dart: ... Leak Tests - PROSECUTOR MODE Widget Creation/Destruction Leaks create and destroy 1000 screens without leak00:19 +1510 ~26: /Users/engammar/Apps/silni_app/test/adversarial/memory_leak_test.dart: ... Leak Tests - PROSECUTOR MODE Widget Creation/Destruction Leaks create and destroy 1000 screens without leak00:19 +1511 ~26: /Users/engammar/Apps/silni_app/test/adversarial/memory_leak_test.dart: ... Leak Tests - PROSECUTOR MODE Widget Creation/Destruction Leaks create and destroy 1000 screens without leak00:19 +1512 ~26: /Users/engammar/Apps/silni_app/test/adversarial/memory_leak_test.dart: ... Leak Tests - PROSECUTOR MODE Widget Creation/Destruction Leaks create and destroy 1000 screens without leak00:19 +1513 ~26: /Users/engammar/Apps/silni_app/test/adversarial/memory_leak_test.dart: ... Leak Tests - PROSECUTOR MODE Widget Creation/Destruction Leaks create and destroy 1000 screens without leak00:19 +1514 ~26: /Users/engammar/Apps/silni_app/test/adversarial/memory_leak_test.dart: ... Leak Tests - PROSECUTOR MODE Widget Creation/Destruction Leaks create and destroy 1000 screens without leak00:19 +1515 ~26: /Users/engammar/Apps/silni_app/test/adversarial/memory_leak_test.dart: ... Leak Tests - PROSECUTOR MODE Widget Creation/Destruction Leaks create and destroy 1000 screens without leak00:19 +1516 ~26: /Users/engammar/Apps/silni_app/test/adversarial/memory_leak_test.dart: ... Leak Tests - PROSECUTOR MODE Widget Creation/Destruction Leaks create and destroy 1000 screens without leak00:19 +1517 ~26: /Users/engammar/Apps/silni_app/test/adversarial/memory_leak_test.dart: ... Leak Tests - PROSECUTOR MODE Widget Creation/Destruction Leaks create and destroy 1000 screens without leak00:19 +1518 ~26: /Users/engammar/Apps/silni_app/test/adversarial/memory_leak_test.dart: ... Leak Tests - PROSECUTOR MODE Widget Creation/Destruction Leaks create and destroy 1000 screens without leak00:19 +1519 ~26: /Users/engammar/Apps/silni_app/test/adversarial/memory_leak_test.dart: ... Leak Tests - PROSECUTOR MODE Widget Creation/Destruction Leaks create and destroy 1000 screens without leak00:19 +1519 ~26: /Users/engammar/Apps/silni_app/test/adversarial/monkey_test.dart: Monkey Tests - PROSECUTOR MODE Survival Tests survive rapid dialog open/close with monkey actions                   

Warning: A call to fling() with finder "Found 1 widget with type "Scrollable" (ignoring all but first): [
  Scrollable-[GlobalKey#2607d](axisDirection: right, physics: null, restorationId: "editable", dependencies: [InheritedCupertinoTheme, MediaQuery, UnmanagedRestorationScope, _InheritedTheme, _LocalizationsScope-[GlobalKey#e33ff]], state: ScrollableState#7e692(tickers: tracking 0 tickers, position: ScrollPositionWithSingleContext#7f8d4(offset: 903.2, range: 0.0..904.0, viewport: 717.0, ScrollableState, ClampingScrollPhysics -> RangeMaintainingScrollPhysics -> ClampingScrollPhysics -> RangeMaintainingScrollPhysics, IdleScrollActivity#77508, ScrollDirection.idle), effective physics: ClampingScrollPhysics -> RangeMaintainingScrollPhysics -> ClampingScrollPhysics -> RangeMaintainingScrollPhysics)),
]" derived an Offset (Offset(400.0, 298.5)) that would not hit test on the specified widget.
Maybe the widget is actually off-screen, or another widget is obscuring it, or the widget cannot receive pointer events.
The finder corresponds to this RenderBox: RenderPointerListener#a183f relayoutBoundary=up22
The hit test result at that offset is: HitTestResult(HitTestEntry<HitTestTarget>#d2d08(TextSpan(debugLabel: ((englishLike labelLarge 2021).merge(((blackMountainView labelLarge).apply).apply)).copyWith, inherit: false, color: Color(alpha: 1.0000, red: 0.2314, green: 0.4118, blue: 0.2235, colorSpace: ColorSpace.sRGB), family: Cairo, size: 14.0, weight: 500, letterSpacing: 0.1, baseline: alphabetic, height: 1.4x, leadingDistribution: even, decoration: Color(alpha: 1.0000, red: 0.0980, green: 0.1137, blue: 0.0902, colorSpace: ColorSpace.sRGB) TextDecoration.none, "Open Dialog")), RenderParagraph#8e32d@Offset(77.6, 8.5), RenderPositionedBox#77bc0@Offset(77.6, 18.5), RenderPadding#db7b1@Offset(101.6, 18.5), RenderPointerListener#5c499@Offset(101.6, 18.5), RenderSemanticsAnnotations#e5d8b@Offset(101.6, 18.5), RenderMouseRegion#481fc@Offset(101.6, 18.5), RenderSemanticsAnnotations#812d3@Offset(101.6, 18.5), _RenderInkFeatures#62f55@Offset(101.6, 18.5), RenderCustomPaint#84d50@Offset(101.6, 18.5), RenderPhysicalShape#36910@Offset(101.6, 18.5), RenderConstrainedBox#abbec@Offset(101.6, 18.5), _RenderInputPadding#f90c2@Offset(101.6, 22.5), RenderSemanticsAnnotations#a39e2@Offset(101.6, 22.5), RenderFlex#3a651@Offset(101.6, 298.5), RenderPositionedBox#d7851@Offset(400.0, 298.5), RenderCustomMultiChildLayoutBox#17101@Offset(400.0, 298.5), _RenderInkFeatures#94386@Offset(400.0, 298.5), RenderPhysicalModel#e1bad@Offset(400.0, 298.5), RenderSemanticsAnnotations#5fba8@Offset(400.0, 298.5), RenderRepaintBoundary#76f5d@Offset(400.0, 298.5), RenderIgnorePointer#f575e@Offset(400.0, 298.5), RenderAnimatedOpacity#359a4@Offset(400.0, 298.5), RenderAnimatedOpacity#0c110@Offset(400.0, 298.5), _RenderColoredBox#f7b59@Offset(400.0, 298.5), RenderAnimatedOpacity#c23b1@Offset(400.0, 298.5), RenderIgnorePointer#dc52f@Offset(400.0, 298.5), RenderAnimatedOpacity#f7d4e@Offset(400.0, 298.5), RenderRepaintBoundary#2370e@Offset(400.0, 298.5), RenderSemanticsAnnotations#877aa@Offset(400.0, 298.5), RenderOffstage#43af9@Offset(400.0, 298.5), RenderSemanticsAnnotations#1c41c@Offset(400.0, 298.5), _RenderTheater#43946@Offset(400.0, 298.5), RenderAbsorbPointer#95eb5@Offset(400.0, 298.5), RenderPointerListener#225d8@Offset(400.0, 298.5), RenderSemanticsAnnotations#b888a@Offset(400.0, 298.5), RenderCustomPaint#7bbc0@Offset(400.0, 298.5), RenderSemanticsAnnotations#c481e@Offset(400.0, 298.5), RenderSemanticsAnnotations#e5ad9@Offset(400.0, 298.5), RenderTapRegionSurface#05d40@Offset(400.0, 298.5), RenderSemanticsAnnotations#a2c95@Offset(400.0, 298.5), RenderSemanticsAnnotations#d0e65@Offset(400.0, 298.5), RenderSemanticsAnnotations#97def@Offset(400.0, 298.5), HitTestEntry<HitTestTarget>#6c0bf(_ReusableRenderView#8ca5e), HitTestEntry<HitTestTarget>#fd175(<AutomatedTestWidgetsFlutterBinding>))
#0      WidgetController._getElementPoint (package:flutter_test/src/controller.dart:2081:25)
#1      WidgetController.getCenter (package:flutter_test/src/controller.dart:1865:12)
#2      WidgetController.fling (package:flutter_test/src/controller.dart:1257:7)
#3      MonkeyTestRunner._safeFling (file:///Users/engammar/Apps/silni_app/test/adversarial/monkey_test.dart:387:22)
#4      MonkeyTestRunner._executeAction (file:///Users/engammar/Apps/silni_app/test/adversarial/monkey_test.dart:332:15)
#5      MonkeyTestRunner.runMonkeyActions (file:///Users/engammar/Apps/silni_app/test/adversarial/monkey_test.dart:303:15)
<asynchronous suspension>
#6      main.<anonymous closure>.<anonymous closure>.<anonymous closure> (file:///Users/engammar/Apps/silni_app/test/adversarial/monkey_test.dart:775:11)
<asynchronous suspension>
#7      testWidgets.<anonymous closure>.<anonymous closure> (package:flutter_test/src/widget_tester.dart:192:15)
<asynchronous suspension>
#8      TestWidgetsFlutterBinding._runTestBody (package:flutter_test/src/binding.dart:1059:5)
<asynchronous suspension>
#9      StackZoneSpecification._registerCallback.<anonymous closure> (package:stack_trace/src/stack_zone_specification.dart:114:42)
<asynchronous suspension>
To silence this warning, pass "warnIfMissed: false" to "fling()".
To make this warning fatal, set WidgetController.hitTestWarningShouldBeFatal to true.

00:19 +1520 ~26: /Users/engammar/Apps/silni_app/test/adversarial/memory_leak_test.dart: ... Leak Tests - PROSECUTOR MODE Widget Creation/Destruction Leaks create and destroy 1000 screens without leak00:20 +1520 ~26: /Users/engammar/Apps/silni_app/test/adversarial/memory_leak_test.dart: ... Leak Tests - PROSECUTOR MODE Widget Creation/Destruction Leaks create and destroy 1000 screens without leak00:20 +1520 ~26: /Users/engammar/Apps/silni_app/test/adversarial/monkey_test.dart: Monkey Tests - PROSECUTOR MODE Survival Tests survive rapid dialog open/close with monkey actions                   

Warning: A call to drag() with finder "Found 1 widget with type "Scrollable" (ignoring all but first): [
  Scrollable-[GlobalKey#3fed5](axisDirection: right, physics: null, restorationId: "editable", dependencies: [InheritedCupertinoTheme, MediaQuery, UnmanagedRestorationScope, _InheritedTheme, _LocalizationsScope-[GlobalKey#e33ff]], state: ScrollableState#a7b5a(position: ScrollPositionWithSingleContext#73971(offset: 0.0, range: 0.0..0.0, viewport: 717.0, ScrollableState, ClampingScrollPhysics -> RangeMaintainingScrollPhysics -> ClampingScrollPhysics -> RangeMaintainingScrollPhysics, IdleScrollActivity#9b87a, ScrollDirection.idle), effective physics: ClampingScrollPhysics -> RangeMaintainingScrollPhysics -> ClampingScrollPhysics -> RangeMaintainingScrollPhysics)),
]" derived an Offset (Offset(400.0, 298.5)) that would not hit test on the specified widget.
Maybe the widget is actually off-screen, or another widget is obscuring it, or the widget cannot receive pointer events.
The finder corresponds to this RenderBox: RenderPointerListener#f6eb1 relayoutBoundary=up22
The hit test result at that offset is: HitTestResult(RenderPointerListener#11df5@Offset(358.5, 12.0), RenderPointerListener#29470@Offset(358.5, 12.0), RenderMouseRegion#2a8c7@Offset(358.5, 12.0), RenderTapRegion#52992@Offset(358.5, 12.0), _RenderCompositionCallback#6f6ec@Offset(358.5, 12.0), RenderRepaintBoundary#f19a3@Offset(358.5, 12.0), _RenderDecoration#157c0@Offset(358.5, 24.0), RenderPointerListener#ad129@Offset(358.5, 24.0), RenderSemanticsAnnotations#e76c4@Offset(358.5, 24.0), RenderIgnorePointer#4a7d0@Offset(358.5, 24.0), RenderTapRegion#59eb3@Offset(358.5, 24.0), RenderMouseRegion#92394@Offset(358.5, 24.0), RenderFlex#31bc5@Offset(358.5, 24.0), RenderPadding#76080@Offset(382.5, 48.0), RenderFlex#ba99f@Offset(382.5, 109.0), RenderPadding#4f358@Offset(384.0, 110.5), RenderDecoratedBox#cacaf@Offset(384.0, 110.5), RenderConstrainedBox#06395@Offset(384.0, 110.5), _RenderInkFeatures#a3675@Offset(384.0, 110.5), RenderCustomPaint#98cc3@Offset(384.0, 110.5), RenderPhysicalShape#375e5@Offset(384.0, 110.5), RenderConstrainedBox#93366@Offset(384.0, 110.5), RenderPositionedBox#ea816@Offset(384.0, 282.5), RenderPadding#38975@Offset(400.0, 298.5), RenderSemanticsAnnotations#e4738@Offset(400.0, 298.5), RenderPadding#a3334@Offset(400.0, 298.5), RenderPadding#1dea3@Offset(400.0, 298.5), RenderSemanticsAnnotations#341a0@Offset(400.0, 298.5), RenderRepaintBoundary#fe5d3@Offset(400.0, 298.5), RenderIgnorePointer#bfdc2@Offset(400.0, 298.5), RenderAnimatedOpacity#1a908@Offset(400.0, 298.5), RenderRepaintBoundary#02fca@Offset(400.0, 298.5), RenderSemanticsAnnotations#60b8b@Offset(400.0, 298.5), RenderOffstage#3ca74@Offset(400.0, 298.5), RenderSemanticsAnnotations#8740c@Offset(400.0, 298.5), _RenderTheater#43946@Offset(400.0, 298.5), RenderAbsorbPointer#95eb5@Offset(400.0, 298.5), RenderPointerListener#225d8@Offset(400.0, 298.5), RenderSemanticsAnnotations#b888a@Offset(400.0, 298.5), RenderCustomPaint#7bbc0@Offset(400.0, 298.5), RenderSemanticsAnnotations#c481e@Offset(400.0, 298.5), RenderSemanticsAnnotations#e5ad9@Offset(400.0, 298.5), RenderTapRegionSurface#05d40@Offset(400.0, 298.5), RenderSemanticsAnnotations#a2c95@Offset(400.0, 298.5), RenderSemanticsAnnotations#d0e65@Offset(400.0, 298.5), RenderSemanticsAnnotations#97def@Offset(400.0, 298.5), HitTestEntry<HitTestTarget>#facc5(_ReusableRenderView#8ca5e), HitTestEntry<HitTestTarget>#24f29(<AutomatedTestWidgetsFlutterBinding>))
#0      WidgetController._getElementPoint (package:flutter_test/src/controller.dart:2081:25)
#1      WidgetController.getCenter (package:flutter_test/src/controller.dart:1865:12)
#2      WidgetController.drag (package:flutter_test/src/controller.dart:1541:7)
#3      MonkeyTestRunner._safeScroll (file:///Users/engammar/Apps/silni_app/test/adversarial/monkey_test.dart:399:22)
#4      MonkeyTestRunner._executeAction (file:///Users/engammar/Apps/silni_app/test/adversarial/monkey_test.dart:335:15)
#5      MonkeyTestRunner.runMonkeyActions (file:///Users/engammar/Apps/silni_app/test/adversarial/monkey_test.dart:303:15)
<asynchronous suspension>
#6      main.<anonymous closure>.<anonymous closure>.<anonymous closure> (file:///Users/engammar/Apps/silni_app/test/adversarial/monkey_test.dart:775:11)
<asynchronous suspension>
#7      testWidgets.<anonymous closure>.<anonymous closure> (package:flutter_test/src/widget_tester.dart:192:15)
<asynchronous suspension>
#8      TestWidgetsFlutterBinding._runTestBody (package:flutter_test/src/binding.dart:1059:5)
<asynchronous suspension>
#9      StackZoneSpecification._registerCallback.<anonymous closure> (package:stack_trace/src/stack_zone_specification.dart:114:42)
<asynchronous suspension>
To silence this warning, pass "warnIfMissed: false" to "drag()".
To make this warning fatal, set WidgetController.hitTestWarningShouldBeFatal to true.

00:20 +1521 ~26: /Users/engammar/Apps/silni_app/test/adversarial/memory_leak_test.dart: ... Leak Tests - PROSECUTOR MODE Widget Creation/Destruction Leaks create and destroy 1000 screens without leak00:20 +1521 ~26: /Users/engammar/Apps/silni_app/test/adversarial/monkey_test.dart: Monkey Tests - PROSECUTOR MODE Survival Tests survive rapid dialog open/close with monkey actions                   

Warning: A call to drag() with finder "Found 1 widget with type "Scrollable" (ignoring all but first): [
  Scrollable-[GlobalKey#b1866](axisDirection: right, physics: null, restorationId: "editable", dependencies: [InheritedCupertinoTheme, MediaQuery, UnmanagedRestorationScope, _InheritedTheme, _LocalizationsScope-[GlobalKey#e33ff]], state: ScrollableState#b773b(position: ScrollPositionWithSingleContext#136b1(offset: 0.0, range: 0.0..0.0, viewport: 717.0, ScrollableState, ClampingScrollPhysics -> RangeMaintainingScrollPhysics -> ClampingScrollPhysics -> RangeMaintainingScrollPhysics, IdleScrollActivity#0fa58, ScrollDirection.idle), effective physics: ClampingScrollPhysics -> RangeMaintainingScrollPhysics -> ClampingScrollPhysics -> RangeMaintainingScrollPhysics)),
]" derived an Offset (Offset(400.0, 298.5)) that would not hit test on the specified widget.
Maybe the widget is actually off-screen, or another widget is obscuring it, or the widget cannot receive pointer events.
The finder corresponds to this RenderBox: RenderPointerListener#84e83 relayoutBoundary=up22
The hit test result at that offset is: HitTestResult(HitTestEntry<HitTestTarget>#f77a5(TextSpan(debugLabel: ((englishLike labelLarge 2021).merge(((blackMountainView labelLarge).apply).apply)).copyWith, inherit: false, color: Color(alpha: 1.0000, red: 0.2314, green: 0.4118, blue: 0.2235, colorSpace: ColorSpace.sRGB), family: Cairo, size: 14.0, weight: 500, letterSpacing: 0.1, baseline: alphabetic, height: 1.4x, leadingDistribution: even, decoration: Color(alpha: 1.0000, red: 0.0980, green: 0.1137, blue: 0.0902, colorSpace: ColorSpace.sRGB) TextDecoration.none, "Open Dialog")), RenderParagraph#8e32d@Offset(77.6, 8.5), RenderPositionedBox#77bc0@Offset(77.6, 18.5), RenderPadding#db7b1@Offset(101.6, 18.5), RenderPointerListener#5c499@Offset(101.6, 18.5), RenderSemanticsAnnotations#e5d8b@Offset(101.6, 18.5), RenderMouseRegion#481fc@Offset(101.6, 18.5), RenderSemanticsAnnotations#812d3@Offset(101.6, 18.5), _RenderInkFeatures#62f55@Offset(101.6, 18.5), RenderCustomPaint#84d50@Offset(101.6, 18.5), RenderPhysicalShape#36910@Offset(101.6, 18.5), RenderConstrainedBox#abbec@Offset(101.6, 18.5), _RenderInputPadding#f90c2@Offset(101.6, 22.5), RenderSemanticsAnnotations#a39e2@Offset(101.6, 22.5), RenderFlex#3a651@Offset(101.6, 298.5), RenderPositionedBox#d7851@Offset(400.0, 298.5), RenderCustomMultiChildLayoutBox#17101@Offset(400.0, 298.5), _RenderInkFeatures#94386@Offset(400.0, 298.5), RenderPhysicalModel#e1bad@Offset(400.0, 298.5), RenderSemanticsAnnotations#5fba8@Offset(400.0, 298.5), RenderRepaintBoundary#76f5d@Offset(400.0, 298.5), RenderIgnorePointer#f575e@Offset(400.0, 298.5), RenderAnimatedOpacity#359a4@Offset(400.0, 298.5), RenderAnimatedOpacity#0c110@Offset(400.0, 298.5), _RenderColoredBox#f7b59@Offset(400.0, 298.5), RenderAnimatedOpacity#c23b1@Offset(400.0, 298.5), RenderIgnorePointer#dc52f@Offset(400.0, 298.5), RenderAnimatedOpacity#f7d4e@Offset(400.0, 298.5), RenderRepaintBoundary#2370e@Offset(400.0, 298.5), RenderSemanticsAnnotations#877aa@Offset(400.0, 298.5), RenderOffstage#43af9@Offset(400.0, 298.5), RenderSemanticsAnnotations#1c41c@Offset(400.0, 298.5), _RenderTheater#43946@Offset(400.0, 298.5), RenderAbsorbPointer#95eb5@Offset(400.0, 298.5), RenderPointerListener#225d8@Offset(400.0, 298.5), RenderSemanticsAnnotations#b888a@Offset(400.0, 298.5), RenderCustomPaint#7bbc0@Offset(400.0, 298.5), RenderSemanticsAnnotations#c481e@Offset(400.0, 298.5), RenderSemanticsAnnotations#e5ad9@Offset(400.0, 298.5), RenderTapRegionSurface#05d40@Offset(400.0, 298.5), RenderSemanticsAnnotations#a2c95@Offset(400.0, 298.5), RenderSemanticsAnnotations#d0e65@Offset(400.0, 298.5), RenderSemanticsAnnotations#97def@Offset(400.0, 298.5), HitTestEntry<HitTestTarget>#21443(_ReusableRenderView#8ca5e), HitTestEntry<HitTestTarget>#719f3(<AutomatedTestWidgetsFlutterBinding>))
#0      WidgetController._getElementPoint (package:flutter_test/src/controller.dart:2081:25)
#1      WidgetController.getCenter (package:flutter_test/src/controller.dart:1865:12)
#2      WidgetController.drag (package:flutter_test/src/controller.dart:1541:7)
#3      MonkeyTestRunner._safeScroll (file:///Users/engammar/Apps/silni_app/test/adversarial/monkey_test.dart:399:22)
#4      MonkeyTestRunner._executeAction (file:///Users/engammar/Apps/silni_app/test/adversarial/monkey_test.dart:335:15)
#5      MonkeyTestRunner.runMonkeyActions (file:///Users/engammar/Apps/silni_app/test/adversarial/monkey_test.dart:303:15)
<asynchronous suspension>
#6      main.<anonymous closure>.<anonymous closure>.<anonymous closure> (file:///Users/engammar/Apps/silni_app/test/adversarial/monkey_test.dart:775:11)
<asynchronous suspension>
#7      testWidgets.<anonymous closure>.<anonymous closure> (package:flutter_test/src/widget_tester.dart:192:15)
<asynchronous suspension>
#8      TestWidgetsFlutterBinding._runTestBody (package:flutter_test/src/binding.dart:1059:5)
<asynchronous suspension>
#9      StackZoneSpecification._registerCallback.<anonymous closure> (package:stack_trace/src/stack_zone_specification.dart:114:42)
<asynchronous suspension>
To silence this warning, pass "warnIfMissed: false" to "drag()".
To make this warning fatal, set WidgetController.hitTestWarningShouldBeFatal to true.


Warning: A call to fling() with finder "Found 1 widget with type "Scrollable" (ignoring all but first): [
  Scrollable-[GlobalKey#b1866](axisDirection: right, physics: null, restorationId: "editable", dependencies: [InheritedCupertinoTheme, MediaQuery, UnmanagedRestorationScope, _InheritedTheme, _LocalizationsScope-[GlobalKey#e33ff]], state: ScrollableState#b773b(position: ScrollPositionWithSingleContext#136b1(offset: 0.0, range: 0.0..0.0, viewport: 717.0, ScrollableState, ClampingScrollPhysics -> RangeMaintainingScrollPhysics -> ClampingScrollPhysics -> RangeMaintainingScrollPhysics, IdleScrollActivity#0fa58, ScrollDirection.idle), effective physics: ClampingScrollPhysics -> RangeMaintainingScrollPhysics -> ClampingScrollPhysics -> RangeMaintainingScrollPhysics)),
]" derived an Offset (Offset(400.0, 298.5)) that would not hit test on the specified widget.
Maybe the widget is actually off-screen, or another widget is obscuring it, or the widget cannot receive pointer events.
The finder corresponds to this RenderBox: RenderPointerListener#84e83 relayoutBoundary=up22
The hit test result at that offset is: HitTestResult(HitTestEntry<HitTestTarget>#d3069(TextSpan(debugLabel: ((englishLike labelLarge 2021).merge(((blackMountainView labelLarge).apply).apply)).copyWith, inherit: false, color: Color(alpha: 1.0000, red: 0.2314, green: 0.4118, blue: 0.2235, colorSpace: ColorSpace.sRGB), family: Cairo, size: 14.0, weight: 500, letterSpacing: 0.1, baseline: alphabetic, height: 1.4x, leadingDistribution: even, decoration: Color(alpha: 1.0000, red: 0.0980, green: 0.1137, blue: 0.0902, colorSpace: ColorSpace.sRGB) TextDecoration.none, "Open Dialog")), RenderParagraph#8e32d@Offset(77.6, 8.5), RenderPositionedBox#77bc0@Offset(77.6, 18.5), RenderPadding#db7b1@Offset(101.6, 18.5), RenderPointerListener#5c499@Offset(101.6, 18.5), RenderSemanticsAnnotations#e5d8b@Offset(101.6, 18.5), RenderMouseRegion#481fc@Offset(101.6, 18.5), RenderSemanticsAnnotations#812d3@Offset(101.6, 18.5), _RenderInkFeatures#62f55@Offset(101.6, 18.5), RenderCustomPaint#84d50@Offset(101.6, 18.5), RenderPhysicalShape#36910@Offset(101.6, 18.5), RenderConstrainedBox#abbec@Offset(101.6, 18.5), _RenderInputPadding#f90c2@Offset(101.6, 22.5), RenderSemanticsAnnotations#a39e2@Offset(101.6, 22.5), RenderFlex#3a651@Offset(101.6, 298.5), RenderPositionedBox#d7851@Offset(400.0, 298.5), RenderCustomMultiChildLayoutBox#17101@Offset(400.0, 298.5), _RenderInkFeatures#94386@Offset(400.0, 298.5), RenderPhysicalModel#e1bad@Offset(400.0, 298.5), RenderSemanticsAnnotations#5fba8@Offset(400.0, 298.5), RenderRepaintBoundary#76f5d@Offset(400.0, 298.5), RenderIgnorePointer#f575e@Offset(400.0, 298.5), RenderAnimatedOpacity#359a4@Offset(400.0, 298.5), RenderAnimatedOpacity#0c110@Offset(400.0, 298.5), _RenderColoredBox#f7b59@Offset(400.0, 298.5), RenderAnimatedOpacity#c23b1@Offset(400.0, 298.5), RenderIgnorePointer#dc52f@Offset(400.0, 298.5), RenderAnimatedOpacity#f7d4e@Offset(400.0, 298.5), RenderRepaintBoundary#2370e@Offset(400.0, 298.5), RenderSemanticsAnnotations#877aa@Offset(400.0, 298.5), RenderOffstage#43af9@Offset(400.0, 298.5), RenderSemanticsAnnotations#1c41c@Offset(400.0, 298.5), _RenderTheater#43946@Offset(400.0, 298.5), RenderAbsorbPointer#95eb5@Offset(400.0, 298.5), RenderPointerListener#225d8@Offset(400.0, 298.5), RenderSemanticsAnnotations#b888a@Offset(400.0, 298.5), RenderCustomPaint#7bbc0@Offset(400.0, 298.5), RenderSemanticsAnnotations#c481e@Offset(400.0, 298.5), RenderSemanticsAnnotations#e5ad9@Offset(400.0, 298.5), RenderTapRegionSurface#05d40@Offset(400.0, 298.5), RenderSemanticsAnnotations#a2c95@Offset(400.0, 298.5), RenderSemanticsAnnotations#d0e65@Offset(400.0, 298.5), RenderSemanticsAnnotations#97def@Offset(400.0, 298.5), HitTestEntry<HitTestTarget>#0289b(_ReusableRenderView#8ca5e), HitTestEntry<HitTestTarget>#56c48(<AutomatedTestWidgetsFlutterBinding>))
#0      WidgetController._getElementPoint (package:flutter_test/src/controller.dart:2081:25)
#1      WidgetController.getCenter (package:flutter_test/src/controller.dart:1865:12)
#2      WidgetController.fling (package:flutter_test/src/controller.dart:1257:7)
#3      MonkeyTestRunner._safeFling (file:///Users/engammar/Apps/silni_app/test/adversarial/monkey_test.dart:387:22)
#4      MonkeyTestRunner._executeAction (file:///Users/engammar/Apps/silni_app/test/adversarial/monkey_test.dart:332:15)
#5      MonkeyTestRunner.runMonkeyActions (file:///Users/engammar/Apps/silni_app/test/adversarial/monkey_test.dart:303:15)
<asynchronous suspension>
#6      main.<anonymous closure>.<anonymous closure>.<anonymous closure> (file:///Users/engammar/Apps/silni_app/test/adversarial/monkey_test.dart:775:11)
<asynchronous suspension>
#7      testWidgets.<anonymous closure>.<anonymous closure> (package:flutter_test/src/widget_tester.dart:192:15)
<asynchronous suspension>
#8      TestWidgetsFlutterBinding._runTestBody (package:flutter_test/src/binding.dart:1059:5)
<asynchronous suspension>
#9      StackZoneSpecification._registerCallback.<anonymous closure> (package:stack_trace/src/stack_zone_specification.dart:114:42)
<asynchronous suspension>
To silence this warning, pass "warnIfMissed: false" to "fling()".
To make this warning fatal, set WidgetController.hitTestWarningShouldBeFatal to true.

00:20 +1522 ~26: /Users/engammar/Apps/silni_app/test/adversarial/memory_leak_test.dart: ... Leak Tests - PROSECUTOR MODE Widget Creation/Destruction Leaks create and destroy 1000 screens without leak00:20 +1523 ~26: /Users/engammar/Apps/silni_app/test/adversarial/memory_leak_test.dart: ... Leak Tests - PROSECUTOR MODE Widget Creation/Destruction Leaks create and destroy 1000 screens without leak00:20 +1524 ~26: /Users/engammar/Apps/silni_app/test/adversarial/memory_leak_test.dart: ... Leak Tests - PROSECUTOR MODE Widget Creation/Destruction Leaks create and destroy 1000 screens without leak00:20 +1525 ~26: /Users/engammar/Apps/silni_app/test/adversarial/memory_leak_test.dart: ... Leak Tests - PROSECUTOR MODE Widget Creation/Destruction Leaks create and destroy 1000 screens without leak00:20 +1525 ~26: /Users/engammar/Apps/silni_app/test/adversarial/monkey_test.dart: Monkey Tests - PROSECUTOR MODE Survival Tests survive rapid dialog open/close with monkey actions                   

Warning: A call to drag() with finder "Found 1 widget with type "Scrollable" (ignoring all but first): [
  Scrollable-[GlobalKey#b1866](axisDirection: right, physics: null, restorationId: "editable", dependencies: [InheritedCupertinoTheme, MediaQuery, UnmanagedRestorationScope, _InheritedTheme, _LocalizationsScope-[GlobalKey#e33ff]], state: ScrollableState#b773b(position: ScrollPositionWithSingleContext#136b1(offset: 0.0, range: 0.0..0.0, viewport: 717.0, ScrollableState, ClampingScrollPhysics -> RangeMaintainingScrollPhysics -> ClampingScrollPhysics -> RangeMaintainingScrollPhysics, IdleScrollActivity#0fa58, ScrollDirection.idle), effective physics: ClampingScrollPhysics -> RangeMaintainingScrollPhysics -> ClampingScrollPhysics -> RangeMaintainingScrollPhysics)),
]" derived an Offset (Offset(400.0, 298.5)) that would not hit test on the specified widget.
Maybe the widget is actually off-screen, or another widget is obscuring it, or the widget cannot receive pointer events.
The finder corresponds to this RenderBox: RenderPointerListener#84e83 relayoutBoundary=up22
The hit test result at that offset is: HitTestResult(HitTestEntry<HitTestTarget>#9e3d6(TextSpan(debugLabel: ((englishLike labelLarge 2021).merge(((blackMountainView labelLarge).apply).apply)).copyWith, inherit: false, color: Color(alpha: 1.0000, red: 0.2314, green: 0.4118, blue: 0.2235, colorSpace: ColorSpace.sRGB), family: Cairo, size: 14.0, weight: 500, letterSpacing: 0.1, baseline: alphabetic, height: 1.4x, leadingDistribution: even, decoration: Color(alpha: 1.0000, red: 0.0980, green: 0.1137, blue: 0.0902, colorSpace: ColorSpace.sRGB) TextDecoration.none, "Open Dialog")), RenderParagraph#8e32d@Offset(77.6, 8.5), RenderPositionedBox#77bc0@Offset(77.6, 18.5), RenderPadding#db7b1@Offset(101.6, 18.5), RenderPointerListener#5c499@Offset(101.6, 18.5), RenderSemanticsAnnotations#e5d8b@Offset(101.6, 18.5), RenderMouseRegion#481fc@Offset(101.6, 18.5), RenderSemanticsAnnotations#812d3@Offset(101.6, 18.5), _RenderInkFeatures#62f55@Offset(101.6, 18.5), RenderCustomPaint#84d50@Offset(101.6, 18.5), RenderPhysicalShape#36910@Offset(101.6, 18.5), RenderConstrainedBox#abbec@Offset(101.6, 18.5), _RenderInputPadding#f90c2@Offset(101.6, 22.5), RenderSemanticsAnnotations#a39e2@Offset(101.6, 22.5), RenderFlex#3a651@Offset(101.6, 298.5), RenderPositionedBox#d7851@Offset(400.0, 298.5), RenderCustomMultiChildLayoutBox#17101@Offset(400.0, 298.5), _RenderInkFeatures#94386@Offset(400.0, 298.5), RenderPhysicalModel#e1bad@Offset(400.0, 298.5), RenderSemanticsAnnotations#5fba8@Offset(400.0, 298.5), RenderRepaintBoundary#76f5d@Offset(400.0, 298.5), RenderIgnorePointer#f575e@Offset(400.0, 298.5), RenderAnimatedOpacity#359a4@Offset(400.0, 298.5), RenderAnimatedOpacity#0c110@Offset(400.0, 298.5), _RenderColoredBox#f7b59@Offset(400.0, 298.5), RenderAnimatedOpacity#c23b1@Offset(400.0, 298.5), RenderIgnorePointer#dc52f@Offset(400.0, 298.5), RenderAnimatedOpacity#f7d4e@Offset(400.0, 298.5), RenderRepaintBoundary#2370e@Offset(400.0, 298.5), RenderSemanticsAnnotations#877aa@Offset(400.0, 298.5), RenderOffstage#43af9@Offset(400.0, 298.5), RenderSemanticsAnnotations#1c41c@Offset(400.0, 298.5), _RenderTheater#43946@Offset(400.0, 298.5), RenderAbsorbPointer#95eb5@Offset(400.0, 298.5), RenderPointerListener#225d8@Offset(400.0, 298.5), RenderSemanticsAnnotations#b888a@Offset(400.0, 298.5), RenderCustomPaint#7bbc0@Offset(400.0, 298.5), RenderSemanticsAnnotations#c481e@Offset(400.0, 298.5), RenderSemanticsAnnotations#e5ad9@Offset(400.0, 298.5), RenderTapRegionSurface#05d40@Offset(400.0, 298.5), RenderSemanticsAnnotations#a2c95@Offset(400.0, 298.5), RenderSemanticsAnnotations#d0e65@Offset(400.0, 298.5), RenderSemanticsAnnotations#97def@Offset(400.0, 298.5), HitTestEntry<HitTestTarget>#e2443(_ReusableRenderView#8ca5e), HitTestEntry<HitTestTarget>#39a88(<AutomatedTestWidgetsFlutterBinding>))
#0      WidgetController._getElementPoint (package:flutter_test/src/controller.dart:2081:25)
#1      WidgetController.getCenter (package:flutter_test/src/controller.dart:1865:12)
#2      WidgetController.drag (package:flutter_test/src/controller.dart:1541:7)
#3      MonkeyTestRunner._safeScroll (file:///Users/engammar/Apps/silni_app/test/adversarial/monkey_test.dart:399:22)
#4      MonkeyTestRunner._executeAction (file:///Users/engammar/Apps/silni_app/test/adversarial/monkey_test.dart:335:15)
#5      MonkeyTestRunner.runMonkeyActions (file:///Users/engammar/Apps/silni_app/test/adversarial/monkey_test.dart:303:15)
<asynchronous suspension>
#6      main.<anonymous closure>.<anonymous closure>.<anonymous closure> (file:///Users/engammar/Apps/silni_app/test/adversarial/monkey_test.dart:775:11)
<asynchronous suspension>
#7      testWidgets.<anonymous closure>.<anonymous closure> (package:flutter_test/src/widget_tester.dart:192:15)
<asynchronous suspension>
#8      TestWidgetsFlutterBinding._runTestBody (package:flutter_test/src/binding.dart:1059:5)
<asynchronous suspension>
#9      StackZoneSpecification._registerCallback.<anonymous closure> (package:stack_trace/src/stack_zone_specification.dart:114:42)
<asynchronous suspension>
To silence this warning, pass "warnIfMissed: false" to "drag()".
To make this warning fatal, set WidgetController.hitTestWarningShouldBeFatal to true.

00:20 +1526 ~26: /Users/engammar/Apps/silni_app/test/adversarial/memory_leak_test.dart: ... Leak Tests - PROSECUTOR MODE Widget Creation/Destruction Leaks create and destroy 1000 screens without leak00:20 +1527 ~26: /Users/engammar/Apps/silni_app/test/adversarial/memory_leak_test.dart: ... Leak Tests - PROSECUTOR MODE Widget Creation/Destruction Leaks create and destroy 1000 screens without leak00:20 +1528 ~26: /Users/engammar/Apps/silni_app/test/adversarial/memory_leak_test.dart: ... Leak Tests - PROSECUTOR MODE Widget Creation/Destruction Leaks create and destroy 1000 screens without leak00:20 +1529 ~26: /Users/engammar/Apps/silni_app/test/adversarial/memory_leak_test.dart: ... Leak Tests - PROSECUTOR MODE Widget Creation/Destruction Leaks create and destroy 1000 screens without leak00:20 +1530 ~26: /Users/engammar/Apps/silni_app/test/adversarial/memory_leak_test.dart: ... Leak Tests - PROSECUTOR MODE Widget Creation/Destruction Leaks create and destroy 1000 screens without leak00:20 +1531 ~26: /Users/engammar/Apps/silni_app/test/adversarial/memory_leak_test.dart: ... Leak Tests - PROSECUTOR MODE Widget Creation/Destruction Leaks create and destroy 1000 screens without leak00:20 +1532 ~26: /Users/engammar/Apps/silni_app/test/adversarial/memory_leak_test.dart: ... Leak Tests - PROSECUTOR MODE Widget Creation/Destruction Leaks create and destroy 1000 screens without leak00:20 +1532 ~26: /Users/engammar/Apps/silni_app/test/adversarial/monkey_test.dart: Monkey Tests - PROSECUTOR MODE Survival Tests survive rapid dialog open/close with monkey actions                   

Warning: A call to fling() with finder "Found 1 widget with type "Scrollable" (ignoring all but first): [
  Scrollable-[GlobalKey#67d7c](axisDirection: right, physics: null, restorationId: "editable", dependencies: [InheritedCupertinoTheme, MediaQuery, UnmanagedRestorationScope, _InheritedTheme, _LocalizationsScope-[GlobalKey#e33ff]], state: ScrollableState#4f07c(position: ScrollPositionWithSingleContext#3dd42(offset: 0.0, range: 0.0..0.0, viewport: 717.0, ScrollableState, ClampingScrollPhysics -> RangeMaintainingScrollPhysics -> ClampingScrollPhysics -> RangeMaintainingScrollPhysics, IdleScrollActivity#e7bbc, ScrollDirection.idle), effective physics: ClampingScrollPhysics -> RangeMaintainingScrollPhysics -> ClampingScrollPhysics -> RangeMaintainingScrollPhysics)),
]" derived an Offset (Offset(400.0, 298.5)) that would not hit test on the specified widget.
Maybe the widget is actually off-screen, or another widget is obscuring it, or the widget cannot receive pointer events.
The finder corresponds to this RenderBox: RenderPointerListener#7b752 relayoutBoundary=up22
The hit test result at that offset is: HitTestResult(HitTestEntry<HitTestTarget>#d6638(TextSpan(debugLabel: ((englishLike labelLarge 2021).merge(((blackMountainView labelLarge).apply).apply)).copyWith, inherit: false, color: Color(alpha: 1.0000, red: 0.2314, green: 0.4118, blue: 0.2235, colorSpace: ColorSpace.sRGB), family: Cairo, size: 14.0, weight: 500, letterSpacing: 0.1, baseline: alphabetic, height: 1.4x, leadingDistribution: even, decoration: Color(alpha: 1.0000, red: 0.0980, green: 0.1137, blue: 0.0902, colorSpace: ColorSpace.sRGB) TextDecoration.none, "Open Dialog")), RenderParagraph#8e32d@Offset(77.6, 8.5), RenderPositionedBox#77bc0@Offset(77.6, 18.5), RenderPadding#db7b1@Offset(101.6, 18.5), RenderPointerListener#5c499@Offset(101.6, 18.5), RenderSemanticsAnnotations#e5d8b@Offset(101.6, 18.5), RenderMouseRegion#481fc@Offset(101.6, 18.5), RenderSemanticsAnnotations#812d3@Offset(101.6, 18.5), _RenderInkFeatures#62f55@Offset(101.6, 18.5), RenderCustomPaint#84d50@Offset(101.6, 18.5), RenderPhysicalShape#36910@Offset(101.6, 18.5), RenderConstrainedBox#abbec@Offset(101.6, 18.5), _RenderInputPadding#f90c2@Offset(101.6, 22.5), RenderSemanticsAnnotations#a39e2@Offset(101.6, 22.5), RenderFlex#3a651@Offset(101.6, 298.5), RenderPositionedBox#d7851@Offset(400.0, 298.5), RenderCustomMultiChildLayoutBox#17101@Offset(400.0, 298.5), _RenderInkFeatures#94386@Offset(400.0, 298.5), RenderPhysicalModel#e1bad@Offset(400.0, 298.5), RenderSemanticsAnnotations#5fba8@Offset(400.0, 298.5), RenderRepaintBoundary#76f5d@Offset(400.0, 298.5), RenderIgnorePointer#f575e@Offset(400.0, 298.5), RenderAnimatedOpacity#359a4@Offset(400.0, 298.5), RenderAnimatedOpacity#0c110@Offset(400.0, 298.5), _RenderColoredBox#f7b59@Offset(400.0, 298.5), RenderAnimatedOpacity#c23b1@Offset(400.0, 298.5), RenderIgnorePointer#dc52f@Offset(400.0, 298.5), RenderAnimatedOpacity#f7d4e@Offset(400.0, 298.5), RenderRepaintBoundary#2370e@Offset(400.0, 298.5), RenderSemanticsAnnotations#877aa@Offset(400.0, 298.5), RenderOffstage#43af9@Offset(400.0, 298.5), RenderSemanticsAnnotations#1c41c@Offset(400.0, 298.5), _RenderTheater#43946@Offset(400.0, 298.5), RenderAbsorbPointer#95eb5@Offset(400.0, 298.5), RenderPointerListener#225d8@Offset(400.0, 298.5), RenderSemanticsAnnotations#b888a@Offset(400.0, 298.5), RenderCustomPaint#7bbc0@Offset(400.0, 298.5), RenderSemanticsAnnotations#c481e@Offset(400.0, 298.5), RenderSemanticsAnnotations#e5ad9@Offset(400.0, 298.5), RenderTapRegionSurface#05d40@Offset(400.0, 298.5), RenderSemanticsAnnotations#a2c95@Offset(400.0, 298.5), RenderSemanticsAnnotations#d0e65@Offset(400.0, 298.5), RenderSemanticsAnnotations#97def@Offset(400.0, 298.5), HitTestEntry<HitTestTarget>#b2846(_ReusableRenderView#8ca5e), HitTestEntry<HitTestTarget>#d3022(<AutomatedTestWidgetsFlutterBinding>))
#0      WidgetController._getElementPoint (package:flutter_test/src/controller.dart:2081:25)
#1      WidgetController.getCenter (package:flutter_test/src/controller.dart:1865:12)
#2      WidgetController.fling (package:flutter_test/src/controller.dart:1257:7)
#3      MonkeyTestRunner._safeFling (file:///Users/engammar/Apps/silni_app/test/adversarial/monkey_test.dart:387:22)
#4      MonkeyTestRunner._executeAction (file:///Users/engammar/Apps/silni_app/test/adversarial/monkey_test.dart:332:15)
#5      MonkeyTestRunner.runMonkeyActions (file:///Users/engammar/Apps/silni_app/test/adversarial/monkey_test.dart:303:15)
<asynchronous suspension>
#6      main.<anonymous closure>.<anonymous closure>.<anonymous closure> (file:///Users/engammar/Apps/silni_app/test/adversarial/monkey_test.dart:775:11)
<asynchronous suspension>
#7      testWidgets.<anonymous closure>.<anonymous closure> (package:flutter_test/src/widget_tester.dart:192:15)
<asynchronous suspension>
#8      TestWidgetsFlutterBinding._runTestBody (package:flutter_test/src/binding.dart:1059:5)
<asynchronous suspension>
#9      StackZoneSpecification._registerCallback.<anonymous closure> (package:stack_trace/src/stack_zone_specification.dart:114:42)
<asynchronous suspension>
To silence this warning, pass "warnIfMissed: false" to "fling()".
To make this warning fatal, set WidgetController.hitTestWarningShouldBeFatal to true.

00:20 +1533 ~26: /Users/engammar/Apps/silni_app/test/adversarial/memory_leak_test.dart: ... Leak Tests - PROSECUTOR MODE Widget Creation/Destruction Leaks create and destroy 1000 screens without leak00:20 +1534 ~26: /Users/engammar/Apps/silni_app/test/adversarial/memory_leak_test.dart: ... Leak Tests - PROSECUTOR MODE Widget Creation/Destruction Leaks create and destroy 1000 screens without leak00:20 +1535 ~26: /Users/engammar/Apps/silni_app/test/adversarial/memory_leak_test.dart: ... Leak Tests - PROSECUTOR MODE Widget Creation/Destruction Leaks create and destroy 1000 screens without leak00:20 +1536 ~26: /Users/engammar/Apps/silni_app/test/adversarial/memory_leak_test.dart: ... Leak Tests - PROSECUTOR MODE Widget Creation/Destruction Leaks create and destroy 1000 screens without leak00:20 +1536 ~26: /Users/engammar/Apps/silni_app/test/adversarial/monkey_test.dart: Monkey Tests - PROSECUTOR MODE Survival Tests survive rapid dialog open/close with monkey actions                   

Warning: A call to fling() with finder "Found 1 widget with type "Scrollable" (ignoring all but first): [
  Scrollable-[GlobalKey#31065](axisDirection: right, physics: null, restorationId: "editable", dependencies: [InheritedCupertinoTheme, MediaQuery, UnmanagedRestorationScope, _InheritedTheme, _LocalizationsScope-[GlobalKey#e33ff]], state: ScrollableState#16c12(tickers: tracking 1 ticker, position: ScrollPositionWithSingleContext#0abea(offset: 134.4, range: 0.0..888.0, viewport: 717.0, ScrollableState, ClampingScrollPhysics -> RangeMaintainingScrollPhysics -> ClampingScrollPhysics -> RangeMaintainingScrollPhysics, DrivenScrollActivity#f0055(AnimationController#0f830(▶ 134.439; for DrivenScrollActivity)), ScrollDirection.idle), effective physics: ClampingScrollPhysics -> RangeMaintainingScrollPhysics -> ClampingScrollPhysics -> RangeMaintainingScrollPhysics)),
]" derived an Offset (Offset(400.0, 298.5)) that would not hit test on the specified widget.
Maybe the widget is actually off-screen, or another widget is obscuring it, or the widget cannot receive pointer events.
The finder corresponds to this RenderBox: RenderPointerListener#2408d relayoutBoundary=up22
The hit test result at that offset is: HitTestResult(RenderEditable#32e45@Offset(358.5, 12.0), _RenderSizeChangedWithCallback#d41cf@Offset(358.5, 12.0), RenderSemanticsAnnotations#1de80@Offset(358.5, 12.0), RenderLeaderLayer#b728a@Offset(358.5, 12.0), RenderIgnorePointer#7a896@Offset(358.5, 12.0), RenderSemanticsAnnotations#bf17e@Offset(358.5, 12.0), RenderPointerListener#568b9@Offset(358.5, 12.0), RenderPointerListener#d10c1@Offset(358.5, 12.0), RenderMouseRegion#bf77f@Offset(358.5, 12.0), RenderTapRegion#d6505@Offset(358.5, 12.0), _RenderCompositionCallback#8f0d1@Offset(358.5, 12.0), RenderRepaintBoundary#011ba@Offset(358.5, 12.0), _RenderDecoration#df401@Offset(358.5, 24.0), RenderPointerListener#148a8@Offset(358.5, 24.0), RenderSemanticsAnnotations#17096@Offset(358.5, 24.0), RenderIgnorePointer#6a48e@Offset(358.5, 24.0), RenderTapRegion#2cdd8@Offset(358.5, 24.0), RenderMouseRegion#89c1f@Offset(358.5, 24.0), RenderFlex#d28b1@Offset(358.5, 24.0), RenderPadding#ab80b@Offset(382.5, 48.0), RenderFlex#b32be@Offset(382.5, 109.0), RenderPadding#0ba64@Offset(384.0, 110.5), RenderDecoratedBox#6df20@Offset(384.0, 110.5), RenderConstrainedBox#c6ecb@Offset(384.0, 110.5), _RenderInkFeatures#aa6a5@Offset(384.0, 110.5), RenderCustomPaint#90de5@Offset(384.0, 110.5), RenderPhysicalShape#8e7d8@Offset(384.0, 110.5), RenderConstrainedBox#ed5bb@Offset(384.0, 110.5), RenderPositionedBox#e0efe@Offset(384.0, 282.5), RenderPadding#8bfa7@Offset(400.0, 298.5), RenderSemanticsAnnotations#bd523@Offset(400.0, 298.5), RenderPadding#14e67@Offset(400.0, 298.5), RenderPadding#72e56@Offset(400.0, 298.5), RenderSemanticsAnnotations#8fd03@Offset(400.0, 298.5), RenderRepaintBoundary#09439@Offset(400.0, 298.5), RenderIgnorePointer#092d1@Offset(400.0, 298.5), RenderAnimatedOpacity#a1855@Offset(400.0, 298.5), RenderRepaintBoundary#d1bdc@Offset(400.0, 298.5), RenderSemanticsAnnotations#55cf6@Offset(400.0, 298.5), RenderOffstage#8ca18@Offset(400.0, 298.5), RenderSemanticsAnnotations#a598c@Offset(400.0, 298.5), _RenderTheater#43946@Offset(400.0, 298.5), RenderAbsorbPointer#95eb5@Offset(400.0, 298.5), RenderPointerListener#225d8@Offset(400.0, 298.5), RenderSemanticsAnnotations#b888a@Offset(400.0, 298.5), RenderCustomPaint#7bbc0@Offset(400.0, 298.5), RenderSemanticsAnnotations#c481e@Offset(400.0, 298.5), RenderSemanticsAnnotations#e5ad9@Offset(400.0, 298.5), RenderTapRegionSurface#05d40@Offset(400.0, 298.5), RenderSemanticsAnnotations#a2c95@Offset(400.0, 298.5), RenderSemanticsAnnotations#d0e65@Offset(400.0, 298.5), RenderSemanticsAnnotations#97def@Offset(400.0, 298.5), HitTestEntry<HitTestTarget>#9d729(_ReusableRenderView#8ca5e), HitTestEntry<HitTestTarget>#4b1c1(<AutomatedTestWidgetsFlutterBinding>))
#0      WidgetController._getElementPoint (package:flutter_test/src/controller.dart:2081:25)
#1      WidgetController.getCenter (package:flutter_test/src/controller.dart:1865:12)
#2      WidgetController.fling (package:flutter_test/src/controller.dart:1257:7)
#3      MonkeyTestRunner._safeFling (file:///Users/engammar/Apps/silni_app/test/adversarial/monkey_test.dart:387:22)
#4      MonkeyTestRunner._executeAction (file:///Users/engammar/Apps/silni_app/test/adversarial/monkey_test.dart:332:15)
#5      MonkeyTestRunner.runMonkeyActions (file:///Users/engammar/Apps/silni_app/test/adversarial/monkey_test.dart:303:15)
#6      main.<anonymous closure>.<anonymous closure>.<anonymous closure> (file:///Users/engammar/Apps/silni_app/test/adversarial/monkey_test.dart:775:24)
<asynchronous suspension>
#7      testWidgets.<anonymous closure>.<anonymous closure> (package:flutter_test/src/widget_tester.dart:192:15)
<asynchronous suspension>
#8      TestWidgetsFlutterBinding._runTestBody (package:flutter_test/src/binding.dart:1059:5)
<asynchronous suspension>
#9      StackZoneSpecification._registerCallback.<anonymous closure> (package:stack_trace/src/stack_zone_specification.dart:114:42)
<asynchronous suspension>
To silence this warning, pass "warnIfMissed: false" to "fling()".
To make this warning fatal, set WidgetController.hitTestWarningShouldBeFatal to true.

00:20 +1537 ~26: /Users/engammar/Apps/silni_app/test/adversarial/memory_leak_test.dart: ... Leak Tests - PROSECUTOR MODE Widget Creation/Destruction Leaks create and destroy 1000 screens without leak00:20 +1537 ~26: /Users/engammar/Apps/silni_app/test/adversarial/monkey_test.dart: Monkey Tests - PROSECUTOR MODE Survival Tests survive rapid dialog open/close with monkey actions                   

Warning: A call to drag() with finder "Found 1 widget with type "Scrollable" (ignoring all but first): [
  Scrollable-[GlobalKey#6c9f5](axisDirection: right, physics: null, restorationId: "editable", dependencies: [InheritedCupertinoTheme, MediaQuery, UnmanagedRestorationScope, _InheritedTheme, _LocalizationsScope-[GlobalKey#e33ff]], state: ScrollableState#68001(position: ScrollPositionWithSingleContext#f8f6f(offset: 0.0, range: 0.0..0.0, viewport: 717.0, ScrollableState, ClampingScrollPhysics -> RangeMaintainingScrollPhysics -> ClampingScrollPhysics -> RangeMaintainingScrollPhysics, IdleScrollActivity#0d541, ScrollDirection.idle), effective physics: ClampingScrollPhysics -> RangeMaintainingScrollPhysics -> ClampingScrollPhysics -> RangeMaintainingScrollPhysics)),
]" derived an Offset (Offset(400.0, 298.5)) that would not hit test on the specified widget.
Maybe the widget is actually off-screen, or another widget is obscuring it, or the widget cannot receive pointer events.
The finder corresponds to this RenderBox: RenderPointerListener#b93d8 relayoutBoundary=up22
The hit test result at that offset is: HitTestResult(HitTestEntry<HitTestTarget>#06d51(TextSpan(debugLabel: ((englishLike labelLarge 2021).merge(((blackMountainView labelLarge).apply).apply)).copyWith, inherit: false, color: Color(alpha: 1.0000, red: 0.2314, green: 0.4118, blue: 0.2235, colorSpace: ColorSpace.sRGB), family: Cairo, size: 14.0, weight: 500, letterSpacing: 0.1, baseline: alphabetic, height: 1.4x, leadingDistribution: even, decoration: Color(alpha: 1.0000, red: 0.0980, green: 0.1137, blue: 0.0902, colorSpace: ColorSpace.sRGB) TextDecoration.none, "Open Dialog")), RenderParagraph#8e32d@Offset(77.6, 8.5), RenderPositionedBox#77bc0@Offset(77.6, 18.5), RenderPadding#db7b1@Offset(101.6, 18.5), RenderPointerListener#5c499@Offset(101.6, 18.5), RenderSemanticsAnnotations#e5d8b@Offset(101.6, 18.5), RenderMouseRegion#481fc@Offset(101.6, 18.5), RenderSemanticsAnnotations#812d3@Offset(101.6, 18.5), _RenderInkFeatures#62f55@Offset(101.6, 18.5), RenderCustomPaint#84d50@Offset(101.6, 18.5), RenderPhysicalShape#36910@Offset(101.6, 18.5), RenderConstrainedBox#abbec@Offset(101.6, 18.5), _RenderInputPadding#f90c2@Offset(101.6, 22.5), RenderSemanticsAnnotations#a39e2@Offset(101.6, 22.5), RenderFlex#3a651@Offset(101.6, 298.5), RenderPositionedBox#d7851@Offset(400.0, 298.5), RenderCustomMultiChildLayoutBox#17101@Offset(400.0, 298.5), _RenderInkFeatures#94386@Offset(400.0, 298.5), RenderPhysicalModel#e1bad@Offset(400.0, 298.5), RenderSemanticsAnnotations#5fba8@Offset(400.0, 298.5), RenderRepaintBoundary#76f5d@Offset(400.0, 298.5), RenderIgnorePointer#f575e@Offset(400.0, 298.5), RenderAnimatedOpacity#359a4@Offset(400.0, 298.5), RenderAnimatedOpacity#0c110@Offset(400.0, 298.5), _RenderColoredBox#f7b59@Offset(400.0, 298.5), RenderAnimatedOpacity#c23b1@Offset(400.0, 298.5), RenderIgnorePointer#dc52f@Offset(400.0, 298.5), RenderAnimatedOpacity#f7d4e@Offset(400.0, 298.5), RenderRepaintBoundary#2370e@Offset(400.0, 298.5), RenderSemanticsAnnotations#877aa@Offset(400.0, 298.5), RenderOffstage#43af9@Offset(400.0, 298.5), RenderSemanticsAnnotations#1c41c@Offset(400.0, 298.5), _RenderTheater#43946@Offset(400.0, 298.5), RenderAbsorbPointer#95eb5@Offset(400.0, 298.5), RenderPointerListener#225d8@Offset(400.0, 298.5), RenderSemanticsAnnotations#b888a@Offset(400.0, 298.5), RenderCustomPaint#7bbc0@Offset(400.0, 298.5), RenderSemanticsAnnotations#c481e@Offset(400.0, 298.5), RenderSemanticsAnnotations#e5ad9@Offset(400.0, 298.5), RenderTapRegionSurface#05d40@Offset(400.0, 298.5), RenderSemanticsAnnotations#a2c95@Offset(400.0, 298.5), RenderSemanticsAnnotations#d0e65@Offset(400.0, 298.5), RenderSemanticsAnnotations#97def@Offset(400.0, 298.5), HitTestEntry<HitTestTarget>#ae1c5(_ReusableRenderView#8ca5e), HitTestEntry<HitTestTarget>#cb925(<AutomatedTestWidgetsFlutterBinding>))
#0      WidgetController._getElementPoint (package:flutter_test/src/controller.dart:2081:25)
#1      WidgetController.getCenter (package:flutter_test/src/controller.dart:1865:12)
#2      WidgetController.drag (package:flutter_test/src/controller.dart:1541:7)
#3      MonkeyTestRunner._safeScroll (file:///Users/engammar/Apps/silni_app/test/adversarial/monkey_test.dart:399:22)
#4      MonkeyTestRunner._executeAction (file:///Users/engammar/Apps/silni_app/test/adversarial/monkey_test.dart:335:15)
#5      MonkeyTestRunner.runMonkeyActions (file:///Users/engammar/Apps/silni_app/test/adversarial/monkey_test.dart:303:15)
<asynchronous suspension>
#6      main.<anonymous closure>.<anonymous closure>.<anonymous closure> (file:///Users/engammar/Apps/silni_app/test/adversarial/monkey_test.dart:775:11)
<asynchronous suspension>
#7      testWidgets.<anonymous closure>.<anonymous closure> (package:flutter_test/src/widget_tester.dart:192:15)
<asynchronous suspension>
#8      TestWidgetsFlutterBinding._runTestBody (package:flutter_test/src/binding.dart:1059:5)
<asynchronous suspension>
#9      StackZoneSpecification._registerCallback.<anonymous closure> (package:stack_trace/src/stack_zone_specification.dart:114:42)
<asynchronous suspension>
To silence this warning, pass "warnIfMissed: false" to "drag()".
To make this warning fatal, set WidgetController.hitTestWarningShouldBeFatal to true.


Warning: A call to fling() with finder "Found 1 widget with type "Scrollable" (ignoring all but first): [
  Scrollable-[GlobalKey#51ea8](axisDirection: right, physics: null, restorationId: "editable", dependencies: [InheritedCupertinoTheme, MediaQuery, UnmanagedRestorationScope, _InheritedTheme, _LocalizationsScope-[GlobalKey#e33ff]], state: ScrollableState#38968(position: ScrollPositionWithSingleContext#d84f7(offset: 0.0, range: 0.0..0.0, viewport: 717.0, ScrollableState, ClampingScrollPhysics -> RangeMaintainingScrollPhysics -> ClampingScrollPhysics -> RangeMaintainingScrollPhysics, IdleScrollActivity#eaa39, ScrollDirection.idle), effective physics: ClampingScrollPhysics -> RangeMaintainingScrollPhysics -> ClampingScrollPhysics -> RangeMaintainingScrollPhysics)),
]" derived an Offset (Offset(400.0, 298.5)) that would not hit test on the specified widget.
Maybe the widget is actually off-screen, or another widget is obscuring it, or the widget cannot receive pointer events.
The finder corresponds to this RenderBox: RenderPointerListener#14114 relayoutBoundary=up22
The hit test result at that offset is: HitTestResult(HitTestEntry<HitTestTarget>#e23d6(TextSpan(debugLabel: ((englishLike labelLarge 2021).merge(((blackMountainView labelLarge).apply).apply)).copyWith, inherit: false, color: Color(alpha: 1.0000, red: 0.2314, green: 0.4118, blue: 0.2235, colorSpace: ColorSpace.sRGB), family: Cairo, size: 14.0, weight: 500, letterSpacing: 0.1, baseline: alphabetic, height: 1.4x, leadingDistribution: even, decoration: Color(alpha: 1.0000, red: 0.0980, green: 0.1137, blue: 0.0902, colorSpace: ColorSpace.sRGB) TextDecoration.none, "Open Dialog")), RenderParagraph#8e32d@Offset(77.6, 8.5), RenderPositionedBox#77bc0@Offset(77.6, 18.5), RenderPadding#db7b1@Offset(101.6, 18.5), RenderPointerListener#5c499@Offset(101.6, 18.5), RenderSemanticsAnnotations#e5d8b@Offset(101.6, 18.5), RenderMouseRegion#481fc@Offset(101.6, 18.5), RenderSemanticsAnnotations#812d3@Offset(101.6, 18.5), _RenderInkFeatures#62f55@Offset(101.6, 18.5), RenderCustomPaint#84d50@Offset(101.6, 18.5), RenderPhysicalShape#36910@Offset(101.6, 18.5), RenderConstrainedBox#abbec@Offset(101.6, 18.5), _RenderInputPadding#f90c2@Offset(101.6, 22.5), RenderSemanticsAnnotations#a39e2@Offset(101.6, 22.5), RenderFlex#3a651@Offset(101.6, 298.5), RenderPositionedBox#d7851@Offset(400.0, 298.5), RenderCustomMultiChildLayoutBox#17101@Offset(400.0, 298.5), _RenderInkFeatures#94386@Offset(400.0, 298.5), RenderPhysicalModel#e1bad@Offset(400.0, 298.5), RenderSemanticsAnnotations#5fba8@Offset(400.0, 298.5), RenderRepaintBoundary#76f5d@Offset(400.0, 298.5), RenderIgnorePointer#f575e@Offset(400.0, 298.5), RenderAnimatedOpacity#359a4@Offset(400.0, 298.5), RenderAnimatedOpacity#0c110@Offset(400.0, 298.5), _RenderColoredBox#f7b59@Offset(400.0, 298.5), RenderAnimatedOpacity#c23b1@Offset(400.0, 298.5), RenderIgnorePointer#dc52f@Offset(400.0, 298.5), RenderAnimatedOpacity#f7d4e@Offset(400.0, 298.5), RenderRepaintBoundary#2370e@Offset(400.0, 298.5), RenderSemanticsAnnotations#877aa@Offset(400.0, 298.5), RenderOffstage#43af9@Offset(400.0, 298.5), RenderSemanticsAnnotations#1c41c@Offset(400.0, 298.5), _RenderTheater#43946@Offset(400.0, 298.5), RenderAbsorbPointer#95eb5@Offset(400.0, 298.5), RenderPointerListener#225d8@Offset(400.0, 298.5), RenderSemanticsAnnotations#b888a@Offset(400.0, 298.5), RenderCustomPaint#7bbc0@Offset(400.0, 298.5), RenderSemanticsAnnotations#c481e@Offset(400.0, 298.5), RenderSemanticsAnnotations#e5ad9@Offset(400.0, 298.5), RenderTapRegionSurface#05d40@Offset(400.0, 298.5), RenderSemanticsAnnotations#a2c95@Offset(400.0, 298.5), RenderSemanticsAnnotations#d0e65@Offset(400.0, 298.5), RenderSemanticsAnnotations#97def@Offset(400.0, 298.5), HitTestEntry<HitTestTarget>#aef93(_ReusableRenderView#8ca5e), HitTestEntry<HitTestTarget>#30528(<AutomatedTestWidgetsFlutterBinding>))
#0      WidgetController._getElementPoint (package:flutter_test/src/controller.dart:2081:25)
#1      WidgetController.getCenter (package:flutter_test/src/controller.dart:1865:12)
#2      WidgetController.fling (package:flutter_test/src/controller.dart:1257:7)
#3      MonkeyTestRunner._safeFling (file:///Users/engammar/Apps/silni_app/test/adversarial/monkey_test.dart:387:22)
#4      MonkeyTestRunner._executeAction (file:///Users/engammar/Apps/silni_app/test/adversarial/monkey_test.dart:332:15)
#5      MonkeyTestRunner.runMonkeyActions (file:///Users/engammar/Apps/silni_app/test/adversarial/monkey_test.dart:303:15)
<asynchronous suspension>
#6      main.<anonymous closure>.<anonymous closure>.<anonymous closure> (file:///Users/engammar/Apps/silni_app/test/adversarial/monkey_test.dart:775:11)
<asynchronous suspension>
#7      testWidgets.<anonymous closure>.<anonymous closure> (package:flutter_test/src/widget_tester.dart:192:15)
<asynchronous suspension>
#8      TestWidgetsFlutterBinding._runTestBody (package:flutter_test/src/binding.dart:1059:5)
<asynchronous suspension>
#9      StackZoneSpecification._registerCallback.<anonymous closure> (package:stack_trace/src/stack_zone_specification.dart:114:42)
<asynchronous suspension>
To silence this warning, pass "warnIfMissed: false" to "fling()".
To make this warning fatal, set WidgetController.hitTestWarningShouldBeFatal to true.

00:20 +1538 ~26: /Users/engammar/Apps/silni_app/test/adversarial/memory_leak_test.dart: ... Leak Tests - PROSECUTOR MODE Widget Creation/Destruction Leaks create and destroy 1000 screens without leak00:20 +1539 ~26: /Users/engammar/Apps/silni_app/test/adversarial/memory_leak_test.dart: ... Leak Tests - PROSECUTOR MODE Widget Creation/Destruction Leaks create and destroy 1000 screens without leak00:20 +1540 ~26: /Users/engammar/Apps/silni_app/test/adversarial/memory_leak_test.dart: ... Leak Tests - PROSECUTOR MODE Widget Creation/Destruction Leaks create and destroy 1000 screens without leak00:20 +1540 ~26: /Users/engammar/Apps/silni_app/test/adversarial/monkey_test.dart: Monkey Tests - PROSECUTOR MODE Survival Tests survive rapid dialog open/close with monkey actions                   

Warning: A call to drag() with finder "Found 1 widget with type "Scrollable" (ignoring all but first): [
  Scrollable-[GlobalKey#3f638](axisDirection: right, physics: null, restorationId: "editable", dependencies: [InheritedCupertinoTheme, MediaQuery, UnmanagedRestorationScope, _InheritedTheme, _LocalizationsScope-[GlobalKey#e33ff]], state: ScrollableState#bb905(position: ScrollPositionWithSingleContext#8a3fe(offset: 0.0, range: 0.0..0.0, viewport: 717.0, ScrollableState, ClampingScrollPhysics -> RangeMaintainingScrollPhysics -> ClampingScrollPhysics -> RangeMaintainingScrollPhysics, IdleScrollActivity#d84b1, ScrollDirection.idle), effective physics: ClampingScrollPhysics -> RangeMaintainingScrollPhysics -> ClampingScrollPhysics -> RangeMaintainingScrollPhysics)),
]" derived an Offset (Offset(400.0, 298.5)) that would not hit test on the specified widget.
Maybe the widget is actually off-screen, or another widget is obscuring it, or the widget cannot receive pointer events.
The finder corresponds to this RenderBox: RenderPointerListener#bf080 relayoutBoundary=up22
The hit test result at that offset is: HitTestResult(RenderEditable#4bd5c@Offset(358.5, 12.0), _RenderSizeChangedWithCallback#baf76@Offset(358.5, 12.0), RenderSemanticsAnnotations#dcf9e@Offset(358.5, 12.0), RenderLeaderLayer#5da19@Offset(358.5, 12.0), RenderIgnorePointer#5b09c@Offset(358.5, 12.0), RenderSemanticsAnnotations#6957d@Offset(358.5, 12.0), RenderPointerListener#3b944@Offset(358.5, 12.0), RenderPointerListener#fa8a7@Offset(358.5, 12.0), RenderMouseRegion#9b652@Offset(358.5, 12.0), RenderTapRegion#9141b@Offset(358.5, 12.0), _RenderCompositionCallback#d8912@Offset(358.5, 12.0), RenderRepaintBoundary#1d5d8@Offset(358.5, 12.0), _RenderDecoration#163ee@Offset(358.5, 24.0), RenderPointerListener#33ead@Offset(358.5, 24.0), RenderSemanticsAnnotations#e708f@Offset(358.5, 24.0), RenderIgnorePointer#69dbb@Offset(358.5, 24.0), RenderTapRegion#958de@Offset(358.5, 24.0), RenderMouseRegion#65b16@Offset(358.5, 24.0), RenderFlex#9d46e@Offset(358.5, 24.0), RenderPadding#77565@Offset(382.5, 48.0), RenderFlex#03d63@Offset(382.5, 109.0), RenderPadding#1fe6b@Offset(384.0, 110.5), RenderDecoratedBox#dbd70@Offset(384.0, 110.5), RenderConstrainedBox#817f7@Offset(384.0, 110.5), _RenderInkFeatures#01036@Offset(384.0, 110.5), RenderCustomPaint#61cdc@Offset(384.0, 110.5), RenderPhysicalShape#85269@Offset(384.0, 110.5), RenderConstrainedBox#1b603@Offset(384.0, 110.5), RenderPositionedBox#9bad2@Offset(384.0, 282.5), RenderPadding#64142@Offset(400.0, 298.5), RenderSemanticsAnnotations#8910d@Offset(400.0, 298.5), RenderPadding#d2962@Offset(400.0, 298.5), RenderPadding#0a24f@Offset(400.0, 298.5), RenderSemanticsAnnotations#2e73f@Offset(400.0, 298.5), RenderRepaintBoundary#6e50a@Offset(400.0, 298.5), RenderIgnorePointer#02a18@Offset(400.0, 298.5), RenderAnimatedOpacity#44a09@Offset(400.0, 298.5), RenderRepaintBoundary#7352e@Offset(400.0, 298.5), RenderSemanticsAnnotations#66a6c@Offset(400.0, 298.5), RenderOffstage#97eee@Offset(400.0, 298.5), RenderSemanticsAnnotations#81055@Offset(400.0, 298.5), _RenderTheater#43946@Offset(400.0, 298.5), RenderAbsorbPointer#95eb5@Offset(400.0, 298.5), RenderPointerListener#225d8@Offset(400.0, 298.5), RenderSemanticsAnnotations#b888a@Offset(400.0, 298.5), RenderCustomPaint#7bbc0@Offset(400.0, 298.5), RenderSemanticsAnnotations#c481e@Offset(400.0, 298.5), RenderSemanticsAnnotations#e5ad9@Offset(400.0, 298.5), RenderTapRegionSurface#05d40@Offset(400.0, 298.5), RenderSemanticsAnnotations#a2c95@Offset(400.0, 298.5), RenderSemanticsAnnotations#d0e65@Offset(400.0, 298.5), RenderSemanticsAnnotations#97def@Offset(400.0, 298.5), HitTestEntry<HitTestTarget>#afe8b(_ReusableRenderView#8ca5e), HitTestEntry<HitTestTarget>#9d42f(<AutomatedTestWidgetsFlutterBinding>))
#0      WidgetController._getElementPoint (package:flutter_test/src/controller.dart:2081:25)
#1      WidgetController.getCenter (package:flutter_test/src/controller.dart:1865:12)
#2      WidgetController.drag (package:flutter_test/src/controller.dart:1541:7)
#3      MonkeyTestRunner._safeScroll (file:///Users/engammar/Apps/silni_app/test/adversarial/monkey_test.dart:399:22)
#4      MonkeyTestRunner._executeAction (file:///Users/engammar/Apps/silni_app/test/adversarial/monkey_test.dart:335:15)
#5      MonkeyTestRunner.runMonkeyActions (file:///Users/engammar/Apps/silni_app/test/adversarial/monkey_test.dart:303:15)
#6      main.<anonymous closure>.<anonymous closure>.<anonymous closure> (file:///Users/engammar/Apps/silni_app/test/adversarial/monkey_test.dart:775:24)
<asynchronous suspension>
#7      testWidgets.<anonymous closure>.<anonymous closure> (package:flutter_test/src/widget_tester.dart:192:15)
<asynchronous suspension>
#8      TestWidgetsFlutterBinding._runTestBody (package:flutter_test/src/binding.dart:1059:5)
<asynchronous suspension>
#9      StackZoneSpecification._registerCallback.<anonymous closure> (package:stack_trace/src/stack_zone_specification.dart:114:42)
<asynchronous suspension>
To silence this warning, pass "warnIfMissed: false" to "drag()".
To make this warning fatal, set WidgetController.hitTestWarningShouldBeFatal to true.


Warning: A call to drag() with finder "Found 1 widget with type "Scrollable" (ignoring all but first): [
  Scrollable-[GlobalKey#3f638](axisDirection: right, physics: null, restorationId: "editable", dependencies: [InheritedCupertinoTheme, MediaQuery, UnmanagedRestorationScope, _InheritedTheme, _LocalizationsScope-[GlobalKey#e33ff]], state: ScrollableState#bb905(position: ScrollPositionWithSingleContext#8a3fe(offset: 0.0, range: 0.0..0.0, viewport: 717.0, ScrollableState, ClampingScrollPhysics -> RangeMaintainingScrollPhysics -> ClampingScrollPhysics -> RangeMaintainingScrollPhysics, IdleScrollActivity#d84b1, ScrollDirection.idle), effective physics: ClampingScrollPhysics -> RangeMaintainingScrollPhysics -> ClampingScrollPhysics -> RangeMaintainingScrollPhysics)),
]" derived an Offset (Offset(400.0, 298.5)) that would not hit test on the specified widget.
Maybe the widget is actually off-screen, or another widget is obscuring it, or the widget cannot receive pointer events.
The finder corresponds to this RenderBox: RenderPointerListener#bf080 relayoutBoundary=up22
The hit test result at that offset is: HitTestResult(RenderEditable#4bd5c@Offset(358.5, 12.0), _RenderSizeChangedWithCallback#baf76@Offset(358.5, 12.0), RenderSemanticsAnnotations#dcf9e@Offset(358.5, 12.0), RenderLeaderLayer#5da19@Offset(358.5, 12.0), RenderIgnorePointer#5b09c@Offset(358.5, 12.0), RenderSemanticsAnnotations#6957d@Offset(358.5, 12.0), RenderPointerListener#3b944@Offset(358.5, 12.0), RenderPointerListener#fa8a7@Offset(358.5, 12.0), RenderMouseRegion#9b652@Offset(358.5, 12.0), RenderTapRegion#9141b@Offset(358.5, 12.0), _RenderCompositionCallback#d8912@Offset(358.5, 12.0), RenderRepaintBoundary#1d5d8@Offset(358.5, 12.0), _RenderDecoration#163ee@Offset(358.5, 24.0), RenderPointerListener#33ead@Offset(358.5, 24.0), RenderSemanticsAnnotations#e708f@Offset(358.5, 24.0), RenderIgnorePointer#69dbb@Offset(358.5, 24.0), RenderTapRegion#958de@Offset(358.5, 24.0), RenderMouseRegion#65b16@Offset(358.5, 24.0), RenderFlex#9d46e@Offset(358.5, 24.0), RenderPadding#77565@Offset(382.5, 48.0), RenderFlex#03d63@Offset(382.5, 109.0), RenderPadding#1fe6b@Offset(384.0, 110.5), RenderDecoratedBox#dbd70@Offset(384.0, 110.5), RenderConstrainedBox#817f7@Offset(384.0, 110.5), _RenderInkFeatures#01036@Offset(384.0, 110.5), RenderCustomPaint#61cdc@Offset(384.0, 110.5), RenderPhysicalShape#85269@Offset(384.0, 110.5), RenderConstrainedBox#1b603@Offset(384.0, 110.5), RenderPositionedBox#9bad2@Offset(384.0, 282.5), RenderPadding#64142@Offset(400.0, 298.5), RenderSemanticsAnnotations#8910d@Offset(400.0, 298.5), RenderPadding#d2962@Offset(400.0, 298.5), RenderPadding#0a24f@Offset(400.0, 298.5), RenderSemanticsAnnotations#2e73f@Offset(400.0, 298.5), RenderRepaintBoundary#6e50a@Offset(400.0, 298.5), RenderIgnorePointer#02a18@Offset(400.0, 298.5), RenderAnimatedOpacity#44a09@Offset(400.0, 298.5), RenderRepaintBoundary#7352e@Offset(400.0, 298.5), RenderSemanticsAnnotations#66a6c@Offset(400.0, 298.5), RenderOffstage#97eee@Offset(400.0, 298.5), RenderSemanticsAnnotations#81055@Offset(400.0, 298.5), _RenderTheater#43946@Offset(400.0, 298.5), RenderAbsorbPointer#95eb5@Offset(400.0, 298.5), RenderPointerListener#225d8@Offset(400.0, 298.5), RenderSemanticsAnnotations#b888a@Offset(400.0, 298.5), RenderCustomPaint#7bbc0@Offset(400.0, 298.5), RenderSemanticsAnnotations#c481e@Offset(400.0, 298.5), RenderSemanticsAnnotations#e5ad9@Offset(400.0, 298.5), RenderTapRegionSurface#05d40@Offset(400.0, 298.5), RenderSemanticsAnnotations#a2c95@Offset(400.0, 298.5), RenderSemanticsAnnotations#d0e65@Offset(400.0, 298.5), RenderSemanticsAnnotations#97def@Offset(400.0, 298.5), HitTestEntry<HitTestTarget>#1775a(_ReusableRenderView#8ca5e), HitTestEntry<HitTestTarget>#5bef1(<AutomatedTestWidgetsFlutterBinding>))
#0      WidgetController._getElementPoint (package:flutter_test/src/controller.dart:2081:25)
#1      WidgetController.getCenter (package:flutter_test/src/controller.dart:1865:12)
#2      WidgetController.drag (package:flutter_test/src/controller.dart:1541:7)
#3      MonkeyTestRunner._safeScroll (file:///Users/engammar/Apps/silni_app/test/adversarial/monkey_test.dart:399:22)
#4      MonkeyTestRunner._executeAction (file:///Users/engammar/Apps/silni_app/test/adversarial/monkey_test.dart:335:15)
#5      MonkeyTestRunner.runMonkeyActions (file:///Users/engammar/Apps/silni_app/test/adversarial/monkey_test.dart:303:15)
<asynchronous suspension>
#6      main.<anonymous closure>.<anonymous closure>.<anonymous closure> (file:///Users/engammar/Apps/silni_app/test/adversarial/monkey_test.dart:775:11)
<asynchronous suspension>
#7      testWidgets.<anonymous closure>.<anonymous closure> (package:flutter_test/src/widget_tester.dart:192:15)
<asynchronous suspension>
#8      TestWidgetsFlutterBinding._runTestBody (package:flutter_test/src/binding.dart:1059:5)
<asynchronous suspension>
#9      StackZoneSpecification._registerCallback.<anonymous closure> (package:stack_trace/src/stack_zone_specification.dart:114:42)
<asynchronous suspension>
To silence this warning, pass "warnIfMissed: false" to "drag()".
To make this warning fatal, set WidgetController.hitTestWarningShouldBeFatal to true.


Warning: A call to drag() with finder "Found 1 widget with type "Scrollable" (ignoring all but first): [
  Scrollable-[GlobalKey#3f638](axisDirection: right, physics: null, restorationId: "editable", dependencies: [InheritedCupertinoTheme, MediaQuery, UnmanagedRestorationScope, _InheritedTheme, _LocalizationsScope-[GlobalKey#e33ff]], state: ScrollableState#bb905(position: ScrollPositionWithSingleContext#8a3fe(offset: 0.0, range: 0.0..0.0, viewport: 717.0, ScrollableState, ClampingScrollPhysics -> RangeMaintainingScrollPhysics -> ClampingScrollPhysics -> RangeMaintainingScrollPhysics, IdleScrollActivity#d84b1, ScrollDirection.idle), effective physics: ClampingScrollPhysics -> RangeMaintainingScrollPhysics -> ClampingScrollPhysics -> RangeMaintainingScrollPhysics)),
]" derived an Offset (Offset(400.0, 298.5)) that would not hit test on the specified widget.
Maybe the widget is actually off-screen, or another widget is obscuring it, or the widget cannot receive pointer events.
The finder corresponds to this RenderBox: RenderPointerListener#bf080 relayoutBoundary=up22
The hit test result at that offset is: HitTestResult(RenderEditable#4bd5c@Offset(358.5, 12.0), _RenderSizeChangedWithCallback#baf76@Offset(358.5, 12.0), RenderSemanticsAnnotations#dcf9e@Offset(358.5, 12.0), RenderLeaderLayer#5da19@Offset(358.5, 12.0), RenderIgnorePointer#5b09c@Offset(358.5, 12.0), RenderSemanticsAnnotations#6957d@Offset(358.5, 12.0), RenderPointerListener#3b944@Offset(358.5, 12.0), RenderPointerListener#fa8a7@Offset(358.5, 12.0), RenderMouseRegion#9b652@Offset(358.5, 12.0), RenderTapRegion#9141b@Offset(358.5, 12.0), _RenderCompositionCallback#d8912@Offset(358.5, 12.0), RenderRepaintBoundary#1d5d8@Offset(358.5, 12.0), _RenderDecoration#163ee@Offset(358.5, 24.0), RenderPointerListener#33ead@Offset(358.5, 24.0), RenderSemanticsAnnotations#e708f@Offset(358.5, 24.0), RenderIgnorePointer#69dbb@Offset(358.5, 24.0), RenderTapRegion#958de@Offset(358.5, 24.0), RenderMouseRegion#65b16@Offset(358.5, 24.0), RenderFlex#9d46e@Offset(358.5, 24.0), RenderPadding#77565@Offset(382.5, 48.0), RenderFlex#03d63@Offset(382.5, 109.0), RenderPadding#1fe6b@Offset(384.0, 110.5), RenderDecoratedBox#dbd70@Offset(384.0, 110.5), RenderConstrainedBox#817f7@Offset(384.0, 110.5), _RenderInkFeatures#01036@Offset(384.0, 110.5), RenderCustomPaint#61cdc@Offset(384.0, 110.5), RenderPhysicalShape#85269@Offset(384.0, 110.5), RenderConstrainedBox#1b603@Offset(384.0, 110.5), RenderPositionedBox#9bad2@Offset(384.0, 282.5), RenderPadding#64142@Offset(400.0, 298.5), RenderSemanticsAnnotations#8910d@Offset(400.0, 298.5), RenderPadding#d2962@Offset(400.0, 298.5), RenderPadding#0a24f@Offset(400.0, 298.5), RenderSemanticsAnnotations#2e73f@Offset(400.0, 298.5), RenderRepaintBoundary#6e50a@Offset(400.0, 298.5), RenderIgnorePointer#02a18@Offset(400.0, 298.5), RenderAnimatedOpacity#44a09@Offset(400.0, 298.5), RenderRepaintBoundary#7352e@Offset(400.0, 298.5), RenderSemanticsAnnotations#66a6c@Offset(400.0, 298.5), RenderOffstage#97eee@Offset(400.0, 298.5), RenderSemanticsAnnotations#81055@Offset(400.0, 298.5), _RenderTheater#43946@Offset(400.0, 298.5), RenderAbsorbPointer#95eb5@Offset(400.0, 298.5), RenderPointerListener#225d8@Offset(400.0, 298.5), RenderSemanticsAnnotations#b888a@Offset(400.0, 298.5), RenderCustomPaint#7bbc0@Offset(400.0, 298.5), RenderSemanticsAnnotations#c481e@Offset(400.0, 298.5), RenderSemanticsAnnotations#e5ad9@Offset(400.0, 298.5), RenderTapRegionSurface#05d40@Offset(400.0, 298.5), RenderSemanticsAnnotations#a2c95@Offset(400.0, 298.5), RenderSemanticsAnnotations#d0e65@Offset(400.0, 298.5), RenderSemanticsAnnotations#97def@Offset(400.0, 298.5), HitTestEntry<HitTestTarget>#c8a0b(_ReusableRenderView#8ca5e), HitTestEntry<HitTestTarget>#6fb32(<AutomatedTestWidgetsFlutterBinding>))
#0      WidgetController._getElementPoint (package:flutter_test/src/controller.dart:2081:25)
#1      WidgetController.getCenter (package:flutter_test/src/controller.dart:1865:12)
#2      WidgetController.drag (package:flutter_test/src/controller.dart:1541:7)
#3      MonkeyTestRunner._safeScroll (file:///Users/engammar/Apps/silni_app/test/adversarial/monkey_test.dart:399:22)
#4      MonkeyTestRunner._executeAction (file:///Users/engammar/Apps/silni_app/test/adversarial/monkey_test.dart:335:15)
#5      MonkeyTestRunner.runMonkeyActions (file:///Users/engammar/Apps/silni_app/test/adversarial/monkey_test.dart:303:15)
<asynchronous suspension>
#6      main.<anonymous closure>.<anonymous closure>.<anonymous closure> (file:///Users/engammar/Apps/silni_app/test/adversarial/monkey_test.dart:775:11)
<asynchronous suspension>
#7      testWidgets.<anonymous closure>.<anonymous closure> (package:flutter_test/src/widget_tester.dart:192:15)
<asynchronous suspension>
#8      TestWidgetsFlutterBinding._runTestBody (package:flutter_test/src/binding.dart:1059:5)
<asynchronous suspension>
#9      StackZoneSpecification._registerCallback.<anonymous closure> (package:stack_trace/src/stack_zone_specification.dart:114:42)
<asynchronous suspension>
To silence this warning, pass "warnIfMissed: false" to "drag()".
To make this warning fatal, set WidgetController.hitTestWarningShouldBeFatal to true.


Warning: A call to drag() with finder "Found 1 widget with type "Scrollable" (ignoring all but first): [
  Scrollable-[GlobalKey#3f638](axisDirection: right, physics: null, restorationId: "editable", dependencies: [InheritedCupertinoTheme, MediaQuery, UnmanagedRestorationScope, _InheritedTheme, _LocalizationsScope-[GlobalKey#e33ff]], state: ScrollableState#bb905(position: ScrollPositionWithSingleContext#8a3fe(offset: 0.0, range: 0.0..0.0, viewport: 717.0, ScrollableState, ClampingScrollPhysics -> RangeMaintainingScrollPhysics -> ClampingScrollPhysics -> RangeMaintainingScrollPhysics, IdleScrollActivity#d84b1, ScrollDirection.idle), effective physics: ClampingScrollPhysics -> RangeMaintainingScrollPhysics -> ClampingScrollPhysics -> RangeMaintainingScrollPhysics)),
]" derived an Offset (Offset(400.0, 298.5)) that would not hit test on the specified widget.
Maybe the widget is actually off-screen, or another widget is obscuring it, or the widget cannot receive pointer events.
The finder corresponds to this RenderBox: RenderPointerListener#bf080 relayoutBoundary=up22
The hit test result at that offset is: HitTestResult(HitTestEntry<HitTestTarget>#08f4a(TextSpan(debugLabel: ((englishLike labelLarge 2021).merge(((blackMountainView labelLarge).apply).apply)).copyWith, inherit: false, color: Color(alpha: 1.0000, red: 0.2314, green: 0.4118, blue: 0.2235, colorSpace: ColorSpace.sRGB), family: Cairo, size: 14.0, weight: 500, letterSpacing: 0.1, baseline: alphabetic, height: 1.4x, leadingDistribution: even, decoration: Color(alpha: 1.0000, red: 0.0980, green: 0.1137, blue: 0.0902, colorSpace: ColorSpace.sRGB) TextDecoration.none, "Open Dialog")), RenderParagraph#8e32d@Offset(77.6, 8.5), RenderPositionedBox#77bc0@Offset(77.6, 18.5), RenderPadding#db7b1@Offset(101.6, 18.5), RenderPointerListener#5c499@Offset(101.6, 18.5), RenderSemanticsAnnotations#e5d8b@Offset(101.6, 18.5), RenderMouseRegion#481fc@Offset(101.6, 18.5), RenderSemanticsAnnotations#812d3@Offset(101.6, 18.5), _RenderInkFeatures#62f55@Offset(101.6, 18.5), RenderCustomPaint#84d50@Offset(101.6, 18.5), RenderPhysicalShape#36910@Offset(101.6, 18.5), RenderConstrainedBox#abbec@Offset(101.6, 18.5), _RenderInputPadding#f90c2@Offset(101.6, 22.5), RenderSemanticsAnnotations#a39e2@Offset(101.6, 22.5), RenderFlex#3a651@Offset(101.6, 298.5), RenderPositionedBox#d7851@Offset(400.0, 298.5), RenderCustomMultiChildLayoutBox#17101@Offset(400.0, 298.5), _RenderInkFeatures#94386@Offset(400.0, 298.5), RenderPhysicalModel#e1bad@Offset(400.0, 298.5), RenderSemanticsAnnotations#5fba8@Offset(400.0, 298.5), RenderRepaintBoundary#76f5d@Offset(400.0, 298.5), RenderIgnorePointer#f575e@Offset(400.0, 298.5), RenderAnimatedOpacity#359a4@Offset(400.0, 298.5), RenderAnimatedOpacity#0c110@Offset(400.0, 298.5), _RenderColoredBox#f7b59@Offset(400.0, 298.5), RenderAnimatedOpacity#c23b1@Offset(400.0, 298.5), RenderIgnorePointer#dc52f@Offset(400.0, 298.5), RenderAnimatedOpacity#f7d4e@Offset(400.0, 298.5), RenderRepaintBoundary#2370e@Offset(400.0, 298.5), RenderSemanticsAnnotations#877aa@Offset(400.0, 298.5), RenderOffstage#43af9@Offset(400.0, 298.5), RenderSemanticsAnnotations#1c41c@Offset(400.0, 298.5), _RenderTheater#43946@Offset(400.0, 298.5), RenderAbsorbPointer#95eb5@Offset(400.0, 298.5), RenderPointerListener#225d8@Offset(400.0, 298.5), RenderSemanticsAnnotations#b888a@Offset(400.0, 298.5), RenderCustomPaint#7bbc0@Offset(400.0, 298.5), RenderSemanticsAnnotations#c481e@Offset(400.0, 298.5), RenderSemanticsAnnotations#e5ad9@Offset(400.0, 298.5), RenderTapRegionSurface#05d40@Offset(400.0, 298.5), RenderSemanticsAnnotations#a2c95@Offset(400.0, 298.5), RenderSemanticsAnnotations#d0e65@Offset(400.0, 298.5), RenderSemanticsAnnotations#97def@Offset(400.0, 298.5), HitTestEntry<HitTestTarget>#29237(_ReusableRenderView#8ca5e), HitTestEntry<HitTestTarget>#5aa57(<AutomatedTestWidgetsFlutterBinding>))
#0      WidgetController._getElementPoint (package:flutter_test/src/controller.dart:2081:25)
#1      WidgetController.getCenter (package:flutter_test/src/controller.dart:1865:12)
#2      WidgetController.drag (package:flutter_test/src/controller.dart:1541:7)
#3      MonkeyTestRunner._safeScroll (file:///Users/engammar/Apps/silni_app/test/adversarial/monkey_test.dart:399:22)
#4      MonkeyTestRunner._executeAction (file:///Users/engammar/Apps/silni_app/test/adversarial/monkey_test.dart:335:15)
#5      MonkeyTestRunner.runMonkeyActions (file:///Users/engammar/Apps/silni_app/test/adversarial/monkey_test.dart:303:15)
<asynchronous suspension>
#6      main.<anonymous closure>.<anonymous closure>.<anonymous closure> (file:///Users/engammar/Apps/silni_app/test/adversarial/monkey_test.dart:775:11)
<asynchronous suspension>
#7      testWidgets.<anonymous closure>.<anonymous closure> (package:flutter_test/src/widget_tester.dart:192:15)
<asynchronous suspension>
#8      TestWidgetsFlutterBinding._runTestBody (package:flutter_test/src/binding.dart:1059:5)
<asynchronous suspension>
#9      StackZoneSpecification._registerCallback.<anonymous closure> (package:stack_trace/src/stack_zone_specification.dart:114:42)
<asynchronous suspension>
To silence this warning, pass "warnIfMissed: false" to "drag()".
To make this warning fatal, set WidgetController.hitTestWarningShouldBeFatal to true.


Warning: A call to fling() with finder "Found 1 widget with type "Scrollable" (ignoring all but first): [
  Scrollable-[GlobalKey#9f3a2](axisDirection: right, physics: null, restorationId: "editable", dependencies: [InheritedCupertinoTheme, MediaQuery, UnmanagedRestorationScope, _InheritedTheme, _LocalizationsScope-[GlobalKey#e33ff]], state: ScrollableState#b8029(position: ScrollPositionWithSingleContext#9cc78(offset: 0.0, range: 0.0..0.0, viewport: 717.0, ScrollableState, ClampingScrollPhysics -> RangeMaintainingScrollPhysics -> ClampingScrollPhysics -> RangeMaintainingScrollPhysics, IdleScrollActivity#3f87f, ScrollDirection.idle), effective physics: ClampingScrollPhysics -> RangeMaintainingScrollPhysics -> ClampingScrollPhysics -> RangeMaintainingScrollPhysics)),
]" derived an Offset (Offset(400.0, 298.5)) that would not hit test on the specified widget.
Maybe the widget is actually off-screen, or another widget is obscuring it, or the widget cannot receive pointer events.
The finder corresponds to this RenderBox: RenderPointerListener#fa8a7 relayoutBoundary=up22
The hit test result at that offset is: HitTestResult(RenderEditable#e02b1@Offset(358.5, 12.0), _RenderSizeChangedWithCallback#09eaf@Offset(358.5, 12.0), RenderSemanticsAnnotations#7f11e@Offset(358.5, 12.0), RenderLeaderLayer#877a1@Offset(358.5, 12.0), RenderIgnorePointer#b5bc1@Offset(358.5, 12.0), RenderSemanticsAnnotations#77cea@Offset(358.5, 12.0), RenderPointerListener#6d34d@Offset(358.5, 12.0), RenderPointerListener#00cb8@Offset(358.5, 12.0), RenderMouseRegion#84fa2@Offset(358.5, 12.0), RenderTapRegion#226e8@Offset(358.5, 12.0), _RenderCompositionCallback#4160c@Offset(358.5, 12.0), RenderRepaintBoundary#ed5e3@Offset(358.5, 12.0), _RenderDecoration#362bd@Offset(358.5, 24.0), RenderPointerListener#f1a9d@Offset(358.5, 24.0), RenderSemanticsAnnotations#929bb@Offset(358.5, 24.0), RenderIgnorePointer#62337@Offset(358.5, 24.0), RenderTapRegion#c5abc@Offset(358.5, 24.0), RenderMouseRegion#25064@Offset(358.5, 24.0), RenderFlex#7b18d@Offset(358.5, 24.0), RenderPadding#195bf@Offset(382.5, 48.0), RenderFlex#6f937@Offset(382.5, 109.0), RenderPadding#7bb7d@Offset(384.0, 110.5), RenderDecoratedBox#06cce@Offset(384.0, 110.5), RenderConstrainedBox#a5787@Offset(384.0, 110.5), _RenderInkFeatures#d86f1@Offset(384.0, 110.5), RenderCustomPaint#2af73@Offset(384.0, 110.5), RenderPhysicalShape#6ef61@Offset(384.0, 110.5), RenderConstrainedBox#af649@Offset(384.0, 110.5), RenderPositionedBox#f688b@Offset(384.0, 282.5), RenderPadding#cccee@Offset(400.0, 298.5), RenderSemanticsAnnotations#d9783@Offset(400.0, 298.5), RenderPadding#5c031@Offset(400.0, 298.5), RenderPadding#41f86@Offset(400.0, 298.5), RenderSemanticsAnnotations#7c6d3@Offset(400.0, 298.5), RenderRepaintBoundary#31820@Offset(400.0, 298.5), RenderIgnorePointer#f1066@Offset(400.0, 298.5), RenderAnimatedOpacity#044c3@Offset(400.0, 298.5), RenderRepaintBoundary#90ad9@Offset(400.0, 298.5), RenderSemanticsAnnotations#ff40d@Offset(400.0, 298.5), RenderOffstage#a7e8e@Offset(400.0, 298.5), RenderSemanticsAnnotations#0afd1@Offset(400.0, 298.5), _RenderTheater#43946@Offset(400.0, 298.5), RenderAbsorbPointer#95eb5@Offset(400.0, 298.5), RenderPointerListener#225d8@Offset(400.0, 298.5), RenderSemanticsAnnotations#b888a@Offset(400.0, 298.5), RenderCustomPaint#7bbc0@Offset(400.0, 298.5), RenderSemanticsAnnotations#c481e@Offset(400.0, 298.5), RenderSemanticsAnnotations#e5ad9@Offset(400.0, 298.5), RenderTapRegionSurface#05d40@Offset(400.0, 298.5), RenderSemanticsAnnotations#a2c95@Offset(400.0, 298.5), RenderSemanticsAnnotations#d0e65@Offset(400.0, 298.5), RenderSemanticsAnnotations#97def@Offset(400.0, 298.5), HitTestEntry<HitTestTarget>#414d7(_ReusableRenderView#8ca5e), HitTestEntry<HitTestTarget>#49136(<AutomatedTestWidgetsFlutterBinding>))
#0      WidgetController._getElementPoint (package:flutter_test/src/controller.dart:2081:25)
#1      WidgetController.getCenter (package:flutter_test/src/controller.dart:1865:12)
#2      WidgetController.fling (package:flutter_test/src/controller.dart:1257:7)
#3      MonkeyTestRunner._safeFling (file:///Users/engammar/Apps/silni_app/test/adversarial/monkey_test.dart:387:22)
#4      MonkeyTestRunner._executeAction (file:///Users/engammar/Apps/silni_app/test/adversarial/monkey_test.dart:332:15)
#5      MonkeyTestRunner.runMonkeyActions (file:///Users/engammar/Apps/silni_app/test/adversarial/monkey_test.dart:303:15)
#6      main.<anonymous closure>.<anonymous closure>.<anonymous closure> (file:///Users/engammar/Apps/silni_app/test/adversarial/monkey_test.dart:775:24)
<asynchronous suspension>
#7      testWidgets.<anonymous closure>.<anonymous closure> (package:flutter_test/src/widget_tester.dart:192:15)
<asynchronous suspension>
#8      TestWidgetsFlutterBinding._runTestBody (package:flutter_test/src/binding.dart:1059:5)
<asynchronous suspension>
#9      StackZoneSpecification._registerCallback.<anonymous closure> (package:stack_trace/src/stack_zone_specification.dart:114:42)
<asynchronous suspension>
To silence this warning, pass "warnIfMissed: false" to "fling()".
To make this warning fatal, set WidgetController.hitTestWarningShouldBeFatal to true.


Warning: A call to drag() with finder "Found 1 widget with type "Scrollable" (ignoring all but first): [
  Scrollable-[GlobalKey#4736b](axisDirection: right, physics: null, restorationId: "editable", dependencies: [InheritedCupertinoTheme, MediaQuery, UnmanagedRestorationScope, _InheritedTheme, _LocalizationsScope-[GlobalKey#e33ff]], state: ScrollableState#bbbd7(position: ScrollPositionWithSingleContext#8d602(offset: 0.0, range: 0.0..0.0, viewport: 717.0, ScrollableState, ClampingScrollPhysics -> RangeMaintainingScrollPhysics -> ClampingScrollPhysics -> RangeMaintainingScrollPhysics, IdleScrollActivity#208a2, ScrollDirection.idle), effective physics: ClampingScrollPhysics -> RangeMaintainingScrollPhysics -> ClampingScrollPhysics -> RangeMaintainingScrollPhysics)),
]" derived an Offset (Offset(400.0, 298.5)) that would not hit test on the specified widget.
Maybe the widget is actually off-screen, or another widget is obscuring it, or the widget cannot receive pointer events.
The finder corresponds to this RenderBox: RenderPointerListener#6c8fc relayoutBoundary=up22
The hit test result at that offset is: HitTestResult(HitTestEntry<HitTestTarget>#5832a(TextSpan(debugLabel: ((englishLike labelLarge 2021).merge(((blackMountainView labelLarge).apply).apply)).copyWith, inherit: false, color: Color(alpha: 1.0000, red: 0.2314, green: 0.4118, blue: 0.2235, colorSpace: ColorSpace.sRGB), family: Cairo, size: 14.0, weight: 500, letterSpacing: 0.1, baseline: alphabetic, height: 1.4x, leadingDistribution: even, decoration: Color(alpha: 1.0000, red: 0.0980, green: 0.1137, blue: 0.0902, colorSpace: ColorSpace.sRGB) TextDecoration.none, "Open Dialog")), RenderParagraph#8e32d@Offset(77.6, 8.5), RenderPositionedBox#77bc0@Offset(77.6, 18.5), RenderPadding#db7b1@Offset(101.6, 18.5), RenderPointerListener#5c499@Offset(101.6, 18.5), RenderSemanticsAnnotations#e5d8b@Offset(101.6, 18.5), RenderMouseRegion#481fc@Offset(101.6, 18.5), RenderSemanticsAnnotations#812d3@Offset(101.6, 18.5), _RenderInkFeatures#62f55@Offset(101.6, 18.5), RenderCustomPaint#84d50@Offset(101.6, 18.5), RenderPhysicalShape#36910@Offset(101.6, 18.5), RenderConstrainedBox#abbec@Offset(101.6, 18.5), _RenderInputPadding#f90c2@Offset(101.6, 22.5), RenderSemanticsAnnotations#a39e2@Offset(101.6, 22.5), RenderFlex#3a651@Offset(101.6, 298.5), RenderPositionedBox#d7851@Offset(400.0, 298.5), RenderCustomMultiChildLayoutBox#17101@Offset(400.0, 298.5), _RenderInkFeatures#94386@Offset(400.0, 298.5), RenderPhysicalModel#e1bad@Offset(400.0, 298.5), RenderSemanticsAnnotations#5fba8@Offset(400.0, 298.5), RenderRepaintBoundary#76f5d@Offset(400.0, 298.5), RenderIgnorePointer#f575e@Offset(400.0, 298.5), RenderAnimatedOpacity#359a4@Offset(400.0, 298.5), RenderAnimatedOpacity#0c110@Offset(400.0, 298.5), _RenderColoredBox#f7b59@Offset(400.0, 298.5), RenderAnimatedOpacity#c23b1@Offset(400.0, 298.5), RenderIgnorePointer#dc52f@Offset(400.0, 298.5), RenderAnimatedOpacity#f7d4e@Offset(400.0, 298.5), RenderRepaintBoundary#2370e@Offset(400.0, 298.5), RenderSemanticsAnnotations#877aa@Offset(400.0, 298.5), RenderOffstage#43af9@Offset(400.0, 298.5), RenderSemanticsAnnotations#1c41c@Offset(400.0, 298.5), _RenderTheater#43946@Offset(400.0, 298.5), RenderAbsorbPointer#95eb5@Offset(400.0, 298.5), RenderPointerListener#225d8@Offset(400.0, 298.5), RenderSemanticsAnnotations#b888a@Offset(400.0, 298.5), RenderCustomPaint#7bbc0@Offset(400.0, 298.5), RenderSemanticsAnnotations#c481e@Offset(400.0, 298.5), RenderSemanticsAnnotations#e5ad9@Offset(400.0, 298.5), RenderTapRegionSurface#05d40@Offset(400.0, 298.5), RenderSemanticsAnnotations#a2c95@Offset(400.0, 298.5), RenderSemanticsAnnotations#d0e65@Offset(400.0, 298.5), RenderSemanticsAnnotations#97def@Offset(400.0, 298.5), HitTestEntry<HitTestTarget>#53c36(_ReusableRenderView#8ca5e), HitTestEntry<HitTestTarget>#1389f(<AutomatedTestWidgetsFlutterBinding>))
#0      WidgetController._getElementPoint (package:flutter_test/src/controller.dart:2081:25)
#1      WidgetController.getCenter (package:flutter_test/src/controller.dart:1865:12)
#2      WidgetController.drag (package:flutter_test/src/controller.dart:1541:7)
#3      MonkeyTestRunner._safeScroll (file:///Users/engammar/Apps/silni_app/test/adversarial/monkey_test.dart:399:22)
#4      MonkeyTestRunner._executeAction (file:///Users/engammar/Apps/silni_app/test/adversarial/monkey_test.dart:335:15)
#5      MonkeyTestRunner.runMonkeyActions (file:///Users/engammar/Apps/silni_app/test/adversarial/monkey_test.dart:303:15)
<asynchronous suspension>
#6      main.<anonymous closure>.<anonymous closure>.<anonymous closure> (file:///Users/engammar/Apps/silni_app/test/adversarial/monkey_test.dart:775:11)
<asynchronous suspension>
#7      testWidgets.<anonymous closure>.<anonymous closure> (package:flutter_test/src/widget_tester.dart:192:15)
<asynchronous suspension>
#8      TestWidgetsFlutterBinding._runTestBody (package:flutter_test/src/binding.dart:1059:5)
<asynchronous suspension>
#9      StackZoneSpecification._registerCallback.<anonymous closure> (package:stack_trace/src/stack_zone_specification.dart:114:42)
<asynchronous suspension>
To silence this warning, pass "warnIfMissed: false" to "drag()".
To make this warning fatal, set WidgetController.hitTestWarningShouldBeFatal to true.


Warning: A call to drag() with finder "Found 1 widget with type "Scrollable" (ignoring all but first): [
  Scrollable-[GlobalKey#0a4eb](axisDirection: right, physics: null, restorationId: "editable", dependencies: [InheritedCupertinoTheme, MediaQuery, UnmanagedRestorationScope, _InheritedTheme, _LocalizationsScope-[GlobalKey#e33ff]], state: ScrollableState#7c44d(tickers: tracking 1 ticker, position: ScrollPositionWithSingleContext#2d0e6(offset: 17.6, range: 0.0..230.0, viewport: 717.0, ScrollableState, ClampingScrollPhysics -> RangeMaintainingScrollPhysics -> ClampingScrollPhysics -> RangeMaintainingScrollPhysics, DrivenScrollActivity#d58a1(AnimationController#3e8e0(▶ 17.602; for DrivenScrollActivity)), ScrollDirection.idle), effective physics: ClampingScrollPhysics -> RangeMaintainingScrollPhysics -> ClampingScrollPhysics -> RangeMaintainingScrollPhysics)),
]" derived an Offset (Offset(400.0, 298.5)) that would not hit test on the specified widget.
Maybe the widget is actually off-screen, or another widget is obscuring it, or the widget cannot receive pointer events.
The finder corresponds to this RenderBox: RenderPointerListener#2d315 relayoutBoundary=up22
The hit test result at that offset is: HitTestResult(HitTestEntry<HitTestTarget>#f8ca7(TextSpan(debugLabel: ((englishLike labelLarge 2021).merge(((blackMountainView labelLarge).apply).apply)).copyWith, inherit: false, color: Color(alpha: 1.0000, red: 0.2314, green: 0.4118, blue: 0.2235, colorSpace: ColorSpace.sRGB), family: Cairo, size: 14.0, weight: 500, letterSpacing: 0.1, baseline: alphabetic, height: 1.4x, leadingDistribution: even, decoration: Color(alpha: 1.0000, red: 0.0980, green: 0.1137, blue: 0.0902, colorSpace: ColorSpace.sRGB) TextDecoration.none, "Open Dialog")), RenderParagraph#8e32d@Offset(77.6, 8.5), RenderPositionedBox#77bc0@Offset(77.6, 18.5), RenderPadding#db7b1@Offset(101.6, 18.5), RenderPointerListener#5c499@Offset(101.6, 18.5), RenderSemanticsAnnotations#e5d8b@Offset(101.6, 18.5), RenderMouseRegion#481fc@Offset(101.6, 18.5), RenderSemanticsAnnotations#812d3@Offset(101.6, 18.5), _RenderInkFeatures#62f55@Offset(101.6, 18.5), RenderCustomPaint#84d50@Offset(101.6, 18.5), RenderPhysicalShape#36910@Offset(101.6, 18.5), RenderConstrainedBox#abbec@Offset(101.6, 18.5), _RenderInputPadding#f90c2@Offset(101.6, 22.5), RenderSemanticsAnnotations#a39e2@Offset(101.6, 22.5), RenderFlex#3a651@Offset(101.6, 298.5), RenderPositionedBox#d7851@Offset(400.0, 298.5), RenderCustomMultiChildLayoutBox#17101@Offset(400.0, 298.5), _RenderInkFeatures#94386@Offset(400.0, 298.5), RenderPhysicalModel#e1bad@Offset(400.0, 298.5), RenderSemanticsAnnotations#5fba8@Offset(400.0, 298.5), RenderRepaintBoundary#76f5d@Offset(400.0, 298.5), RenderIgnorePointer#f575e@Offset(400.0, 298.5), RenderAnimatedOpacity#359a4@Offset(400.0, 298.5), RenderAnimatedOpacity#0c110@Offset(400.0, 298.5), _RenderColoredBox#f7b59@Offset(400.0, 298.5), RenderAnimatedOpacity#c23b1@Offset(400.0, 298.5), RenderIgnorePointer#dc52f@Offset(400.0, 298.5), RenderAnimatedOpacity#f7d4e@Offset(400.0, 298.5), RenderRepaintBoundary#2370e@Offset(400.0, 298.5), RenderSemanticsAnnotations#877aa@Offset(400.0, 298.5), RenderOffstage#43af9@Offset(400.0, 298.5), RenderSemanticsAnnotations#1c41c@Offset(400.0, 298.5), _RenderTheater#43946@Offset(400.0, 298.5), RenderAbsorbPointer#95eb5@Offset(400.0, 298.5), RenderPointerListener#225d8@Offset(400.0, 298.5), RenderSemanticsAnnotations#b888a@Offset(400.0, 298.5), RenderCustomPaint#7bbc0@Offset(400.0, 298.5), RenderSemanticsAnnotations#c481e@Offset(400.0, 298.5), RenderSemanticsAnnotations#e5ad9@Offset(400.0, 298.5), RenderTapRegionSurface#05d40@Offset(400.0, 298.5), RenderSemanticsAnnotations#a2c95@Offset(400.0, 298.5), RenderSemanticsAnnotations#d0e65@Offset(400.0, 298.5), RenderSemanticsAnnotations#97def@Offset(400.0, 298.5), HitTestEntry<HitTestTarget>#64b96(_ReusableRenderView#8ca5e), HitTestEntry<HitTestTarget>#9c86e(<AutomatedTestWidgetsFlutterBinding>))
#0      WidgetController._getElementPoint (package:flutter_test/src/controller.dart:2081:25)
#1      WidgetController.getCenter (package:flutter_test/src/controller.dart:1865:12)
#2      WidgetController.drag (package:flutter_test/src/controller.dart:1541:7)
#3      MonkeyTestRunner._safeScroll (file:///Users/engammar/Apps/silni_app/test/adversarial/monkey_test.dart:399:22)
#4      MonkeyTestRunner._executeAction (file:///Users/engammar/Apps/silni_app/test/adversarial/monkey_test.dart:335:15)
#5      MonkeyTestRunner.runMonkeyActions (file:///Users/engammar/Apps/silni_app/test/adversarial/monkey_test.dart:303:15)
<asynchronous suspension>
#6      main.<anonymous closure>.<anonymous closure>.<anonymous closure> (file:///Users/engammar/Apps/silni_app/test/adversarial/monkey_test.dart:775:11)
<asynchronous suspension>
#7      testWidgets.<anonymous closure>.<anonymous closure> (package:flutter_test/src/widget_tester.dart:192:15)
<asynchronous suspension>
#8      TestWidgetsFlutterBinding._runTestBody (package:flutter_test/src/binding.dart:1059:5)
<asynchronous suspension>
#9      StackZoneSpecification._registerCallback.<anonymous closure> (package:stack_trace/src/stack_zone_specification.dart:114:42)
<asynchronous suspension>
To silence this warning, pass "warnIfMissed: false" to "drag()".
To make this warning fatal, set WidgetController.hitTestWarningShouldBeFatal to true.


Warning: A call to drag() with finder "Found 1 widget with type "Scrollable" (ignoring all but first): [
  Scrollable-[GlobalKey#0a4eb](axisDirection: right, physics: null, restorationId: "editable", dependencies: [InheritedCupertinoTheme, MediaQuery, UnmanagedRestorationScope, _InheritedTheme, _LocalizationsScope-[GlobalKey#e33ff]], state: ScrollableState#7c44d(tickers: tracking 1 ticker, position: ScrollPositionWithSingleContext#2d0e6(offset: 229.0, range: 0.0..230.0, viewport: 717.0, ScrollableState, ClampingScrollPhysics -> RangeMaintainingScrollPhysics -> ClampingScrollPhysics -> RangeMaintainingScrollPhysics, DrivenScrollActivity#d58a1(AnimationController#3e8e0(▶ 228.979; for DrivenScrollActivity)), ScrollDirection.idle), effective physics: ClampingScrollPhysics -> RangeMaintainingScrollPhysics -> ClampingScrollPhysics -> RangeMaintainingScrollPhysics)),
]" derived an Offset (Offset(400.0, 298.5)) that would not hit test on the specified widget.
Maybe the widget is actually off-screen, or another widget is obscuring it, or the widget cannot receive pointer events.
The finder corresponds to this RenderBox: RenderPointerListener#2d315 relayoutBoundary=up22
The hit test result at that offset is: HitTestResult(RenderEditable#a35e0@Offset(358.5, 12.0), _RenderSizeChangedWithCallback#9a6be@Offset(358.5, 12.0), RenderSemanticsAnnotations#e69ed@Offset(358.5, 12.0), RenderLeaderLayer#694b2@Offset(358.5, 12.0), RenderIgnorePointer#a4353@Offset(358.5, 12.0), RenderSemanticsAnnotations#bc257@Offset(358.5, 12.0), RenderPointerListener#5eeba@Offset(358.5, 12.0), RenderPointerListener#b9a0c@Offset(358.5, 12.0), RenderMouseRegion#d737a@Offset(358.5, 12.0), RenderTapRegion#a929d@Offset(358.5, 12.0), _RenderCompositionCallback#02702@Offset(358.5, 12.0), RenderRepaintBoundary#1cc03@Offset(358.5, 12.0), _RenderDecoration#5e74d@Offset(358.5, 24.0), RenderPointerListener#901cd@Offset(358.5, 24.0), RenderSemanticsAnnotations#b0ddc@Offset(358.5, 24.0), RenderIgnorePointer#a8d32@Offset(358.5, 24.0), RenderTapRegion#6299b@Offset(358.5, 24.0), RenderMouseRegion#508f6@Offset(358.5, 24.0), RenderFlex#e51fe@Offset(358.5, 24.0), RenderPadding#65412@Offset(382.5, 48.0), RenderFlex#96d84@Offset(382.5, 109.0), RenderPadding#7242d@Offset(384.0, 110.5), RenderDecoratedBox#f65b6@Offset(384.0, 110.5), RenderConstrainedBox#3a4ce@Offset(384.0, 110.5), _RenderInkFeatures#a2dea@Offset(384.0, 110.5), RenderCustomPaint#e3dc5@Offset(384.0, 110.5), RenderPhysicalShape#44a72@Offset(384.0, 110.5), RenderConstrainedBox#16fc4@Offset(384.0, 110.5), RenderPositionedBox#8850f@Offset(384.0, 282.5), RenderPadding#b88b0@Offset(400.0, 298.5), RenderSemanticsAnnotations#d2bcb@Offset(400.0, 298.5), RenderPadding#8f2d7@Offset(400.0, 298.5), RenderPadding#52a12@Offset(400.0, 298.5), RenderSemanticsAnnotations#f1895@Offset(400.0, 298.5), RenderRepaintBoundary#73ac3@Offset(400.0, 298.5), RenderIgnorePointer#3531d@Offset(400.0, 298.5), RenderAnimatedOpacity#bd24e@Offset(400.0, 298.5), RenderRepaintBoundary#35322@Offset(400.0, 298.5), RenderSemanticsAnnotations#ebb00@Offset(400.0, 298.5), RenderOffstage#62231@Offset(400.0, 298.5), RenderSemanticsAnnotations#e652f@Offset(400.0, 298.5), _RenderTheater#43946@Offset(400.0, 298.5), RenderAbsorbPointer#95eb5@Offset(400.0, 298.5), RenderPointerListener#225d8@Offset(400.0, 298.5), RenderSemanticsAnnotations#b888a@Offset(400.0, 298.5), RenderCustomPaint#7bbc0@Offset(400.0, 298.5), RenderSemanticsAnnotations#c481e@Offset(400.0, 298.5), RenderSemanticsAnnotations#e5ad9@Offset(400.0, 298.5), RenderTapRegionSurface#05d40@Offset(400.0, 298.5), RenderSemanticsAnnotations#a2c95@Offset(400.0, 298.5), RenderSemanticsAnnotations#d0e65@Offset(400.0, 298.5), RenderSemanticsAnnotations#97def@Offset(400.0, 298.5), HitTestEntry<HitTestTarget>#55c32(_ReusableRenderView#8ca5e), HitTestEntry<HitTestTarget>#6e581(<AutomatedTestWidgetsFlutterBinding>))
#0      WidgetController._getElementPoint (package:flutter_test/src/controller.dart:2081:25)
#1      WidgetController.getCenter (package:flutter_test/src/controller.dart:1865:12)
#2      WidgetController.drag (package:flutter_test/src/controller.dart:1541:7)
#3      MonkeyTestRunner._safeScroll (file:///Users/engammar/Apps/silni_app/test/adversarial/monkey_test.dart:399:22)
#4      MonkeyTestRunner._executeAction (file:///Users/engammar/Apps/silni_app/test/adversarial/monkey_test.dart:335:15)
#5      MonkeyTestRunner.runMonkeyActions (file:///Users/engammar/Apps/silni_app/test/adversarial/monkey_test.dart:303:15)
#6      main.<anonymous closure>.<anonymous closure>.<anonymous closure> (file:///Users/engammar/Apps/silni_app/test/adversarial/monkey_test.dart:775:24)
<asynchronous suspension>
#7      testWidgets.<anonymous closure>.<anonymous closure> (package:flutter_test/src/widget_tester.dart:192:15)
<asynchronous suspension>
#8      TestWidgetsFlutterBinding._runTestBody (package:flutter_test/src/binding.dart:1059:5)
<asynchronous suspension>
#9      StackZoneSpecification._registerCallback.<anonymous closure> (package:stack_trace/src/stack_zone_specification.dart:114:42)
<asynchronous suspension>
To silence this warning, pass "warnIfMissed: false" to "drag()".
To make this warning fatal, set WidgetController.hitTestWarningShouldBeFatal to true.


Warning: A call to drag() with finder "Found 1 widget with type "Scrollable" (ignoring all but first): [
  Scrollable-[GlobalKey#be21b](axisDirection: right, physics: null, restorationId: "editable", dependencies: [InheritedCupertinoTheme, MediaQuery, UnmanagedRestorationScope, _InheritedTheme, _LocalizationsScope-[GlobalKey#e33ff]], state: ScrollableState#e670a(position: ScrollPositionWithSingleContext#bb84d(offset: 0.0, range: 0.0..0.0, viewport: 717.0, ScrollableState, ClampingScrollPhysics -> RangeMaintainingScrollPhysics -> ClampingScrollPhysics -> RangeMaintainingScrollPhysics, IdleScrollActivity#94e23, ScrollDirection.idle), effective physics: ClampingScrollPhysics -> RangeMaintainingScrollPhysics -> ClampingScrollPhysics -> RangeMaintainingScrollPhysics)),
]" derived an Offset (Offset(400.0, 298.5)) that would not hit test on the specified widget.
Maybe the widget is actually off-screen, or another widget is obscuring it, or the widget cannot receive pointer events.
The finder corresponds to this RenderBox: RenderPointerListener#6df55 relayoutBoundary=up22
The hit test result at that offset is: HitTestResult(RenderEditable#01c42@Offset(358.5, 12.0), _RenderSizeChangedWithCallback#ea427@Offset(358.5, 12.0), RenderSemanticsAnnotations#a20c9@Offset(358.5, 12.0), RenderLeaderLayer#71a99@Offset(358.5, 12.0), RenderIgnorePointer#87ace@Offset(358.5, 12.0), RenderSemanticsAnnotations#303d4@Offset(358.5, 12.0), RenderPointerListener#b6e4d@Offset(358.5, 12.0), RenderPointerListener#845fb@Offset(358.5, 12.0), RenderMouseRegion#aa964@Offset(358.5, 12.0), RenderTapRegion#250f8@Offset(358.5, 12.0), _RenderCompositionCallback#d77e8@Offset(358.5, 12.0), RenderRepaintBoundary#89e4f@Offset(358.5, 12.0), _RenderDecoration#1a5cd@Offset(358.5, 24.0), RenderPointerListener#c00b1@Offset(358.5, 24.0), RenderSemanticsAnnotations#3853a@Offset(358.5, 24.0), RenderIgnorePointer#adb5d@Offset(358.5, 24.0), RenderTapRegion#05dde@Offset(358.5, 24.0), RenderMouseRegion#0bea1@Offset(358.5, 24.0), RenderFlex#7281b@Offset(358.5, 24.0), RenderPadding#2e83a@Offset(382.5, 48.0), RenderFlex#878d6@Offset(382.5, 109.0), RenderPadding#8d2fa@Offset(384.0, 110.5), RenderDecoratedBox#f2f6a@Offset(384.0, 110.5), RenderConstrainedBox#ffe09@Offset(384.0, 110.5), _RenderInkFeatures#9029d@Offset(384.0, 110.5), RenderCustomPaint#69bbe@Offset(384.0, 110.5), RenderPhysicalShape#bbf15@Offset(384.0, 110.5), RenderConstrainedBox#cc330@Offset(384.0, 110.5), RenderPositionedBox#871f8@Offset(384.0, 282.5), RenderPadding#5154d@Offset(400.0, 298.5), RenderSemanticsAnnotations#c01c2@Offset(400.0, 298.5), RenderPadding#ee00d@Offset(400.0, 298.5), RenderPadding#cf495@Offset(400.0, 298.5), RenderSemanticsAnnotations#96bc5@Offset(400.0, 298.5), RenderRepaintBoundary#f7659@Offset(400.0, 298.5), RenderIgnorePointer#3f3eb@Offset(400.0, 298.5), RenderAnimatedOpacity#4865e@Offset(400.0, 298.5), RenderRepaintBoundary#9fba0@Offset(400.0, 298.5), RenderSemanticsAnnotations#27b91@Offset(400.0, 298.5), RenderOffstage#330e0@Offset(400.0, 298.5), RenderSemanticsAnnotations#6b8df@Offset(400.0, 298.5), _RenderTheater#43946@Offset(400.0, 298.5), RenderAbsorbPointer#95eb5@Offset(400.0, 298.5), RenderPointerListener#225d8@Offset(400.0, 298.5), RenderSemanticsAnnotations#b888a@Offset(400.0, 298.5), RenderCustomPaint#7bbc0@Offset(400.0, 298.5), RenderSemanticsAnnotations#c481e@Offset(400.0, 298.5), RenderSemanticsAnnotations#e5ad9@Offset(400.0, 298.5), RenderTapRegionSurface#05d40@Offset(400.0, 298.5), RenderSemanticsAnnotations#a2c95@Offset(400.0, 298.5), RenderSemanticsAnnotations#d0e65@Offset(400.0, 298.5), RenderSemanticsAnnotations#97def@Offset(400.0, 298.5), HitTestEntry<HitTestTarget>#e0714(_ReusableRenderView#8ca5e), HitTestEntry<HitTestTarget>#a562e(<AutomatedTestWidgetsFlutterBinding>))
#0      WidgetController._getElementPoint (package:flutter_test/src/controller.dart:2081:25)
#1      WidgetController.getCenter (package:flutter_test/src/controller.dart:1865:12)
#2      WidgetController.drag (package:flutter_test/src/controller.dart:1541:7)
#3      MonkeyTestRunner._safeScroll (file:///Users/engammar/Apps/silni_app/test/adversarial/monkey_test.dart:399:22)
#4      MonkeyTestRunner._executeAction (file:///Users/engammar/Apps/silni_app/test/adversarial/monkey_test.dart:335:15)
#5      MonkeyTestRunner.runMonkeyActions (file:///Users/engammar/Apps/silni_app/test/adversarial/monkey_test.dart:303:15)
#6      main.<anonymous closure>.<anonymous closure>.<anonymous closure> (file:///Users/engammar/Apps/silni_app/test/adversarial/monkey_test.dart:775:24)
<asynchronous suspension>
#7      testWidgets.<anonymous closure>.<anonymous closure> (package:flutter_test/src/widget_tester.dart:192:15)
<asynchronous suspension>
#8      TestWidgetsFlutterBinding._runTestBody (package:flutter_test/src/binding.dart:1059:5)
<asynchronous suspension>
#9      StackZoneSpecification._registerCallback.<anonymous closure> (package:stack_trace/src/stack_zone_specification.dart:114:42)
<asynchronous suspension>
To silence this warning, pass "warnIfMissed: false" to "drag()".
To make this warning fatal, set WidgetController.hitTestWarningShouldBeFatal to true.


Warning: A call to drag() with finder "Found 1 widget with type "Scrollable" (ignoring all but first): [
  Scrollable-[GlobalKey#be21b](axisDirection: right, physics: null, restorationId: "editable", dependencies: [InheritedCupertinoTheme, MediaQuery, UnmanagedRestorationScope, _InheritedTheme, _LocalizationsScope-[GlobalKey#e33ff]], state: ScrollableState#e670a(position: ScrollPositionWithSingleContext#bb84d(offset: 0.0, range: 0.0..0.0, viewport: 717.0, ScrollableState, ClampingScrollPhysics -> RangeMaintainingScrollPhysics -> ClampingScrollPhysics -> RangeMaintainingScrollPhysics, IdleScrollActivity#94e23, ScrollDirection.idle), effective physics: ClampingScrollPhysics -> RangeMaintainingScrollPhysics -> ClampingScrollPhysics -> RangeMaintainingScrollPhysics)),
]" derived an Offset (Offset(400.0, 298.5)) that would not hit test on the specified widget.
Maybe the widget is actually off-screen, or another widget is obscuring it, or the widget cannot receive pointer events.
The finder corresponds to this RenderBox: RenderPointerListener#6df55 relayoutBoundary=up22
The hit test result at that offset is: HitTestResult(RenderEditable#01c42@Offset(358.5, 12.0), _RenderSizeChangedWithCallback#ea427@Offset(358.5, 12.0), RenderSemanticsAnnotations#a20c9@Offset(358.5, 12.0), RenderLeaderLayer#71a99@Offset(358.5, 12.0), RenderIgnorePointer#87ace@Offset(358.5, 12.0), RenderSemanticsAnnotations#303d4@Offset(358.5, 12.0), RenderPointerListener#b6e4d@Offset(358.5, 12.0), RenderPointerListener#845fb@Offset(358.5, 12.0), RenderMouseRegion#aa964@Offset(358.5, 12.0), RenderTapRegion#250f8@Offset(358.5, 12.0), _RenderCompositionCallback#d77e8@Offset(358.5, 12.0), RenderRepaintBoundary#89e4f@Offset(358.5, 12.0), _RenderDecoration#1a5cd@Offset(358.5, 24.0), RenderPointerListener#c00b1@Offset(358.5, 24.0), RenderSemanticsAnnotations#3853a@Offset(358.5, 24.0), RenderIgnorePointer#adb5d@Offset(358.5, 24.0), RenderTapRegion#05dde@Offset(358.5, 24.0), RenderMouseRegion#0bea1@Offset(358.5, 24.0), RenderFlex#7281b@Offset(358.5, 24.0), RenderPadding#2e83a@Offset(382.5, 48.0), RenderFlex#878d6@Offset(382.5, 109.0), RenderPadding#8d2fa@Offset(384.0, 110.5), RenderDecoratedBox#f2f6a@Offset(384.0, 110.5), RenderConstrainedBox#ffe09@Offset(384.0, 110.5), _RenderInkFeatures#9029d@Offset(384.0, 110.5), RenderCustomPaint#69bbe@Offset(384.0, 110.5), RenderPhysicalShape#bbf15@Offset(384.0, 110.5), RenderConstrainedBox#cc330@Offset(384.0, 110.5), RenderPositionedBox#871f8@Offset(384.0, 282.5), RenderPadding#5154d@Offset(400.0, 298.5), RenderSemanticsAnnotations#c01c2@Offset(400.0, 298.5), RenderPadding#ee00d@Offset(400.0, 298.5), RenderPadding#cf495@Offset(400.0, 298.5), RenderSemanticsAnnotations#96bc5@Offset(400.0, 298.5), RenderRepaintBoundary#f7659@Offset(400.0, 298.5), RenderIgnorePointer#3f3eb@Offset(400.0, 298.5), RenderAnimatedOpacity#4865e@Offset(400.0, 298.5), RenderRepaintBoundary#9fba0@Offset(400.0, 298.5), RenderSemanticsAnnotations#27b91@Offset(400.0, 298.5), RenderOffstage#330e0@Offset(400.0, 298.5), RenderSemanticsAnnotations#6b8df@Offset(400.0, 298.5), _RenderTheater#43946@Offset(400.0, 298.5), RenderAbsorbPointer#95eb5@Offset(400.0, 298.5), RenderPointerListener#225d8@Offset(400.0, 298.5), RenderSemanticsAnnotations#b888a@Offset(400.0, 298.5), RenderCustomPaint#7bbc0@Offset(400.0, 298.5), RenderSemanticsAnnotations#c481e@Offset(400.0, 298.5), RenderSemanticsAnnotations#e5ad9@Offset(400.0, 298.5), RenderTapRegionSurface#05d40@Offset(400.0, 298.5), RenderSemanticsAnnotations#a2c95@Offset(400.0, 298.5), RenderSemanticsAnnotations#d0e65@Offset(400.0, 298.5), RenderSemanticsAnnotations#97def@Offset(400.0, 298.5), HitTestEntry<HitTestTarget>#33275(_ReusableRenderView#8ca5e), HitTestEntry<HitTestTarget>#ecf98(<AutomatedTestWidgetsFlutterBinding>))
#0      WidgetController._getElementPoint (package:flutter_test/src/controller.dart:2081:25)
#1      WidgetController.getCenter (package:flutter_test/src/controller.dart:1865:12)
#2      WidgetController.drag (package:flutter_test/src/controller.dart:1541:7)
#3      MonkeyTestRunner._safeScroll (file:///Users/engammar/Apps/silni_app/test/adversarial/monkey_test.dart:399:22)
#4      MonkeyTestRunner._executeAction (file:///Users/engammar/Apps/silni_app/test/adversarial/monkey_test.dart:335:15)
#5      MonkeyTestRunner.runMonkeyActions (file:///Users/engammar/Apps/silni_app/test/adversarial/monkey_test.dart:303:15)
<asynchronous suspension>
#6      main.<anonymous closure>.<anonymous closure>.<anonymous closure> (file:///Users/engammar/Apps/silni_app/test/adversarial/monkey_test.dart:775:11)
<asynchronous suspension>
#7      testWidgets.<anonymous closure>.<anonymous closure> (package:flutter_test/src/widget_tester.dart:192:15)
<asynchronous suspension>
#8      TestWidgetsFlutterBinding._runTestBody (package:flutter_test/src/binding.dart:1059:5)
<asynchronous suspension>
#9      StackZoneSpecification._registerCallback.<anonymous closure> (package:stack_trace/src/stack_zone_specification.dart:114:42)
<asynchronous suspension>
To silence this warning, pass "warnIfMissed: false" to "drag()".
To make this warning fatal, set WidgetController.hitTestWarningShouldBeFatal to true.

00:20 +1541 ~26: /Users/engammar/Apps/silni_app/test/adversarial/memory_leak_test.dart: ... Leak Tests - PROSECUTOR MODE Widget Creation/Destruction Leaks create and destroy 1000 screens without leak00:20 +1542 ~26: /Users/engammar/Apps/silni_app/test/adversarial/memory_leak_test.dart: ... Leak Tests - PROSECUTOR MODE Widget Creation/Destruction Leaks create and destroy 1000 screens without leak00:20 +1543 ~26: /Users/engammar/Apps/silni_app/test/adversarial/memory_leak_test.dart: ... Leak Tests - PROSECUTOR MODE Widget Creation/Destruction Leaks create and destroy 1000 screens without leak00:21 +1543 ~26: /Users/engammar/Apps/silni_app/test/adversarial/memory_leak_test.dart: ... Leak Tests - PROSECUTOR MODE Widget Creation/Destruction Leaks create and destroy 1000 screens without leak00:21 +1544 ~26: /Users/engammar/Apps/silni_app/test/adversarial/memory_leak_test.dart: ... Leak Tests - PROSECUTOR MODE Widget Creation/Destruction Leaks create and destroy 1000 screens without leak00:21 +1545 ~26: /Users/engammar/Apps/silni_app/test/adversarial/memory_leak_test.dart: ... Leak Tests - PROSECUTOR MODE Widget Creation/Destruction Leaks create and destroy 1000 screens without leak00:21 +1546 ~26: /Users/engammar/Apps/silni_app/test/adversarial/memory_leak_test.dart: ... Leak Tests - PROSECUTOR MODE Widget Creation/Destruction Leaks create and destroy 1000 screens without leak00:21 +1547 ~26: /Users/engammar/Apps/silni_app/test/adversarial/memory_leak_test.dart: ... Leak Tests - PROSECUTOR MODE Widget Creation/Destruction Leaks create and destroy 1000 screens without leak00:21 +1548 ~26: /Users/engammar/Apps/silni_app/test/adversarial/memory_leak_test.dart: ... Leak Tests - PROSECUTOR MODE Widget Creation/Destruction Leaks create and destroy 1000 screens without leak00:21 +1549 ~26: /Users/engammar/Apps/silni_app/test/adversarial/memory_leak_test.dart: ... Leak Tests - PROSECUTOR MODE Widget Creation/Destruction Leaks create and destroy 1000 screens without leak00:21 +1550 ~26: /Users/engammar/Apps/silni_app/test/adversarial/memory_leak_test.dart: ... Leak Tests - PROSECUTOR MODE Widget Creation/Destruction Leaks create and destroy 1000 screens without leak00:21 +1550 ~26: /Users/engammar/Apps/silni_app/test/adversarial/monkey_test.dart: Monkey Tests - PROSECUTOR MODE Survival Tests survive rapid dialog open/close with monkey actions                   

Warning: A call to drag() with finder "Found 1 widget with type "Scrollable" (ignoring all but first): [
  Scrollable-[GlobalKey#e9f41](axisDirection: right, physics: null, restorationId: "editable", dependencies: [InheritedCupertinoTheme, MediaQuery, UnmanagedRestorationScope, _InheritedTheme, _LocalizationsScope-[GlobalKey#e33ff]], state: ScrollableState#e8871(tickers: tracking 0 tickers, position: ScrollPositionWithSingleContext#c13c5(offset: 71.4, range: 0.0..936.0, viewport: 717.0, ScrollableState, ClampingScrollPhysics -> RangeMaintainingScrollPhysics -> ClampingScrollPhysics -> RangeMaintainingScrollPhysics, IdleScrollActivity#c6411, ScrollDirection.idle), effective physics: ClampingScrollPhysics -> RangeMaintainingScrollPhysics -> ClampingScrollPhysics -> RangeMaintainingScrollPhysics)),
]" derived an Offset (Offset(400.0, 298.5)) that would not hit test on the specified widget.
Maybe the widget is actually off-screen, or another widget is obscuring it, or the widget cannot receive pointer events.
The finder corresponds to this RenderBox: RenderPointerListener#df1a3 relayoutBoundary=up22
The hit test result at that offset is: HitTestResult(RenderEditable#cbd7f@Offset(358.5, 12.0), _RenderSizeChangedWithCallback#0836e@Offset(358.5, 12.0), RenderSemanticsAnnotations#b78bc@Offset(358.5, 12.0), RenderLeaderLayer#d54de@Offset(358.5, 12.0), RenderIgnorePointer#f9001@Offset(358.5, 12.0), RenderSemanticsAnnotations#2b2e3@Offset(358.5, 12.0), RenderPointerListener#79b51@Offset(358.5, 12.0), RenderPointerListener#6828e@Offset(358.5, 12.0), RenderMouseRegion#dfebb@Offset(358.5, 12.0), RenderTapRegion#2d0d1@Offset(358.5, 12.0), _RenderCompositionCallback#43c9d@Offset(358.5, 12.0), RenderRepaintBoundary#9888a@Offset(358.5, 12.0), _RenderDecoration#c5da0@Offset(358.5, 24.0), RenderPointerListener#31d48@Offset(358.5, 24.0), RenderSemanticsAnnotations#1a488@Offset(358.5, 24.0), RenderIgnorePointer#625d5@Offset(358.5, 24.0), RenderTapRegion#12269@Offset(358.5, 24.0), RenderMouseRegion#84bf7@Offset(358.5, 24.0), RenderFlex#442b1@Offset(358.5, 24.0), RenderPadding#f38ec@Offset(382.5, 48.0), RenderFlex#5bde2@Offset(382.5, 109.0), RenderPadding#c869c@Offset(384.0, 110.5), RenderDecoratedBox#98b43@Offset(384.0, 110.5), RenderConstrainedBox#e5202@Offset(384.0, 110.5), _RenderInkFeatures#a405e@Offset(384.0, 110.5), RenderCustomPaint#29fbe@Offset(384.0, 110.5), RenderPhysicalShape#278ee@Offset(384.0, 110.5), RenderConstrainedBox#f056d@Offset(384.0, 110.5), RenderPositionedBox#54c08@Offset(384.0, 282.5), RenderPadding#793c7@Offset(400.0, 298.5), RenderSemanticsAnnotations#4ad9a@Offset(400.0, 298.5), RenderPadding#86dbd@Offset(400.0, 298.5), RenderPadding#c275f@Offset(400.0, 298.5), RenderSemanticsAnnotations#b26f8@Offset(400.0, 298.5), RenderRepaintBoundary#d123b@Offset(400.0, 298.5), RenderIgnorePointer#a3366@Offset(400.0, 298.5), RenderAnimatedOpacity#16c46@Offset(400.0, 298.5), RenderRepaintBoundary#96100@Offset(400.0, 298.5), RenderSemanticsAnnotations#1cf73@Offset(400.0, 298.5), RenderOffstage#dcff2@Offset(400.0, 298.5), RenderSemanticsAnnotations#f9e23@Offset(400.0, 298.5), _RenderTheater#43946@Offset(400.0, 298.5), RenderAbsorbPointer#95eb5@Offset(400.0, 298.5), RenderPointerListener#225d8@Offset(400.0, 298.5), RenderSemanticsAnnotations#b888a@Offset(400.0, 298.5), RenderCustomPaint#7bbc0@Offset(400.0, 298.5), RenderSemanticsAnnotations#c481e@Offset(400.0, 298.5), RenderSemanticsAnnotations#e5ad9@Offset(400.0, 298.5), RenderTapRegionSurface#05d40@Offset(400.0, 298.5), RenderSemanticsAnnotations#a2c95@Offset(400.0, 298.5), RenderSemanticsAnnotations#d0e65@Offset(400.0, 298.5), RenderSemanticsAnnotations#97def@Offset(400.0, 298.5), HitTestEntry<HitTestTarget>#f86ac(_ReusableRenderView#8ca5e), HitTestEntry<HitTestTarget>#3ffd8(<AutomatedTestWidgetsFlutterBinding>))
#0      WidgetController._getElementPoint (package:flutter_test/src/controller.dart:2081:25)
#1      WidgetController.getCenter (package:flutter_test/src/controller.dart:1865:12)
#2      WidgetController.drag (package:flutter_test/src/controller.dart:1541:7)
#3      MonkeyTestRunner._safeScroll (file:///Users/engammar/Apps/silni_app/test/adversarial/monkey_test.dart:399:22)
#4      MonkeyTestRunner._executeAction (file:///Users/engammar/Apps/silni_app/test/adversarial/monkey_test.dart:335:15)
#5      MonkeyTestRunner.runMonkeyActions (file:///Users/engammar/Apps/silni_app/test/adversarial/monkey_test.dart:303:15)
#6      main.<anonymous closure>.<anonymous closure>.<anonymous closure> (file:///Users/engammar/Apps/silni_app/test/adversarial/monkey_test.dart:775:24)
<asynchronous suspension>
#7      testWidgets.<anonymous closure>.<anonymous closure> (package:flutter_test/src/widget_tester.dart:192:15)
<asynchronous suspension>
#8      TestWidgetsFlutterBinding._runTestBody (package:flutter_test/src/binding.dart:1059:5)
<asynchronous suspension>
#9      StackZoneSpecification._registerCallback.<anonymous closure> (package:stack_trace/src/stack_zone_specification.dart:114:42)
<asynchronous suspension>
To silence this warning, pass "warnIfMissed: false" to "drag()".
To make this warning fatal, set WidgetController.hitTestWarningShouldBeFatal to true.


Warning: A call to drag() with finder "Found 1 widget with type "Scrollable" (ignoring all but first): [
  Scrollable-[GlobalKey#e9f41](axisDirection: right, physics: null, restorationId: "editable", dependencies: [InheritedCupertinoTheme, MediaQuery, UnmanagedRestorationScope, _InheritedTheme, _LocalizationsScope-[GlobalKey#e33ff]], state: ScrollableState#e8871(tickers: tracking 0 tickers, position: ScrollPositionWithSingleContext#c13c5(offset: 71.4, range: 0.0..936.0, viewport: 717.0, ScrollableState, ClampingScrollPhysics -> RangeMaintainingScrollPhysics -> ClampingScrollPhysics -> RangeMaintainingScrollPhysics, IdleScrollActivity#c6411, ScrollDirection.idle), effective physics: ClampingScrollPhysics -> RangeMaintainingScrollPhysics -> ClampingScrollPhysics -> RangeMaintainingScrollPhysics)),
]" derived an Offset (Offset(400.0, 298.5)) that would not hit test on the specified widget.
Maybe the widget is actually off-screen, or another widget is obscuring it, or the widget cannot receive pointer events.
The finder corresponds to this RenderBox: RenderPointerListener#df1a3 relayoutBoundary=up22
The hit test result at that offset is: HitTestResult(RenderEditable#cbd7f@Offset(358.5, 12.0), _RenderSizeChangedWithCallback#0836e@Offset(358.5, 12.0), RenderSemanticsAnnotations#b78bc@Offset(358.5, 12.0), RenderLeaderLayer#d54de@Offset(358.5, 12.0), RenderIgnorePointer#f9001@Offset(358.5, 12.0), RenderSemanticsAnnotations#2b2e3@Offset(358.5, 12.0), RenderPointerListener#79b51@Offset(358.5, 12.0), RenderPointerListener#6828e@Offset(358.5, 12.0), RenderMouseRegion#dfebb@Offset(358.5, 12.0), RenderTapRegion#2d0d1@Offset(358.5, 12.0), _RenderCompositionCallback#43c9d@Offset(358.5, 12.0), RenderRepaintBoundary#9888a@Offset(358.5, 12.0), _RenderDecoration#c5da0@Offset(358.5, 24.0), RenderPointerListener#31d48@Offset(358.5, 24.0), RenderSemanticsAnnotations#1a488@Offset(358.5, 24.0), RenderIgnorePointer#625d5@Offset(358.5, 24.0), RenderTapRegion#12269@Offset(358.5, 24.0), RenderMouseRegion#84bf7@Offset(358.5, 24.0), RenderFlex#442b1@Offset(358.5, 24.0), RenderPadding#f38ec@Offset(382.5, 48.0), RenderFlex#5bde2@Offset(382.5, 109.0), RenderPadding#c869c@Offset(384.0, 110.5), RenderDecoratedBox#98b43@Offset(384.0, 110.5), RenderConstrainedBox#e5202@Offset(384.0, 110.5), _RenderInkFeatures#a405e@Offset(384.0, 110.5), RenderCustomPaint#29fbe@Offset(384.0, 110.5), RenderPhysicalShape#278ee@Offset(384.0, 110.5), RenderConstrainedBox#f056d@Offset(384.0, 110.5), RenderPositionedBox#54c08@Offset(384.0, 282.5), RenderPadding#793c7@Offset(400.0, 298.5), RenderSemanticsAnnotations#4ad9a@Offset(400.0, 298.5), RenderPadding#86dbd@Offset(400.0, 298.5), RenderPadding#c275f@Offset(400.0, 298.5), RenderSemanticsAnnotations#b26f8@Offset(400.0, 298.5), RenderRepaintBoundary#d123b@Offset(400.0, 298.5), RenderIgnorePointer#a3366@Offset(400.0, 298.5), RenderAnimatedOpacity#16c46@Offset(400.0, 298.5), RenderRepaintBoundary#96100@Offset(400.0, 298.5), RenderSemanticsAnnotations#1cf73@Offset(400.0, 298.5), RenderOffstage#dcff2@Offset(400.0, 298.5), RenderSemanticsAnnotations#f9e23@Offset(400.0, 298.5), _RenderTheater#43946@Offset(400.0, 298.5), RenderAbsorbPointer#95eb5@Offset(400.0, 298.5), RenderPointerListener#225d8@Offset(400.0, 298.5), RenderSemanticsAnnotations#b888a@Offset(400.0, 298.5), RenderCustomPaint#7bbc0@Offset(400.0, 298.5), RenderSemanticsAnnotations#c481e@Offset(400.0, 298.5), RenderSemanticsAnnotations#e5ad9@Offset(400.0, 298.5), RenderTapRegionSurface#05d40@Offset(400.0, 298.5), RenderSemanticsAnnotations#a2c95@Offset(400.0, 298.5), RenderSemanticsAnnotations#d0e65@Offset(400.0, 298.5), RenderSemanticsAnnotations#97def@Offset(400.0, 298.5), HitTestEntry<HitTestTarget>#f8591(_ReusableRenderView#8ca5e), HitTestEntry<HitTestTarget>#24d88(<AutomatedTestWidgetsFlutterBinding>))
#0      WidgetController._getElementPoint (package:flutter_test/src/controller.dart:2081:25)
#1      WidgetController.getCenter (package:flutter_test/src/controller.dart:1865:12)
#2      WidgetController.drag (package:flutter_test/src/controller.dart:1541:7)
#3      MonkeyTestRunner._safeScroll (file:///Users/engammar/Apps/silni_app/test/adversarial/monkey_test.dart:399:22)
#4      MonkeyTestRunner._executeAction (file:///Users/engammar/Apps/silni_app/test/adversarial/monkey_test.dart:335:15)
#5      MonkeyTestRunner.runMonkeyActions (file:///Users/engammar/Apps/silni_app/test/adversarial/monkey_test.dart:303:15)
<asynchronous suspension>
#6      main.<anonymous closure>.<anonymous closure>.<anonymous closure> (file:///Users/engammar/Apps/silni_app/test/adversarial/monkey_test.dart:775:11)
<asynchronous suspension>
#7      testWidgets.<anonymous closure>.<anonymous closure> (package:flutter_test/src/widget_tester.dart:192:15)
<asynchronous suspension>
#8      TestWidgetsFlutterBinding._runTestBody (package:flutter_test/src/binding.dart:1059:5)
<asynchronous suspension>
#9      StackZoneSpecification._registerCallback.<anonymous closure> (package:stack_trace/src/stack_zone_specification.dart:114:42)
<asynchronous suspension>
To silence this warning, pass "warnIfMissed: false" to "drag()".
To make this warning fatal, set WidgetController.hitTestWarningShouldBeFatal to true.

00:21 +1551 ~26: /Users/engammar/Apps/silni_app/test/adversarial/memory_leak_test.dart: ... Leak Tests - PROSECUTOR MODE Widget Creation/Destruction Leaks create and destroy 1000 screens without leak00:21 +1552 ~26: /Users/engammar/Apps/silni_app/test/adversarial/memory_leak_test.dart: ... Leak Tests - PROSECUTOR MODE Widget Creation/Destruction Leaks create and destroy 1000 screens without leak00:21 +1552 ~26: /Users/engammar/Apps/silni_app/test/adversarial/monkey_test.dart: Monkey Tests - PROSECUTOR MODE Survival Tests survive rapid dialog open/close with monkey actions                   

Warning: A call to fling() with finder "Found 1 widget with type "Scrollable" (ignoring all but first): [
  Scrollable-[GlobalKey#e7808](axisDirection: right, physics: null, restorationId: "editable", dependencies: [InheritedCupertinoTheme, MediaQuery, UnmanagedRestorationScope, _InheritedTheme, _LocalizationsScope-[GlobalKey#e33ff]], state: ScrollableState#ac775(position: ScrollPositionWithSingleContext#b83df(offset: 0.0, range: 0.0..0.0, viewport: 717.0, ScrollableState, ClampingScrollPhysics -> RangeMaintainingScrollPhysics -> ClampingScrollPhysics -> RangeMaintainingScrollPhysics, IdleScrollActivity#7ce02, ScrollDirection.idle), effective physics: ClampingScrollPhysics -> RangeMaintainingScrollPhysics -> ClampingScrollPhysics -> RangeMaintainingScrollPhysics)),
]" derived an Offset (Offset(400.0, 298.5)) that would not hit test on the specified widget.
Maybe the widget is actually off-screen, or another widget is obscuring it, or the widget cannot receive pointer events.
The finder corresponds to this RenderBox: RenderPointerListener#1aa65 relayoutBoundary=up22
The hit test result at that offset is: HitTestResult(HitTestEntry<HitTestTarget>#1f5a8(TextSpan(debugLabel: ((englishLike labelLarge 2021).merge(((blackMountainView labelLarge).apply).apply)).copyWith, inherit: false, color: Color(alpha: 1.0000, red: 0.2314, green: 0.4118, blue: 0.2235, colorSpace: ColorSpace.sRGB), family: Cairo, size: 14.0, weight: 500, letterSpacing: 0.1, baseline: alphabetic, height: 1.4x, leadingDistribution: even, decoration: Color(alpha: 1.0000, red: 0.0980, green: 0.1137, blue: 0.0902, colorSpace: ColorSpace.sRGB) TextDecoration.none, "Open Dialog")), RenderParagraph#8e32d@Offset(77.6, 8.5), RenderPositionedBox#77bc0@Offset(77.6, 18.5), RenderPadding#db7b1@Offset(101.6, 18.5), RenderPointerListener#5c499@Offset(101.6, 18.5), RenderSemanticsAnnotations#e5d8b@Offset(101.6, 18.5), RenderMouseRegion#481fc@Offset(101.6, 18.5), RenderSemanticsAnnotations#812d3@Offset(101.6, 18.5), _RenderInkFeatures#62f55@Offset(101.6, 18.5), RenderCustomPaint#84d50@Offset(101.6, 18.5), RenderPhysicalShape#36910@Offset(101.6, 18.5), RenderConstrainedBox#abbec@Offset(101.6, 18.5), _RenderInputPadding#f90c2@Offset(101.6, 22.5), RenderSemanticsAnnotations#a39e2@Offset(101.6, 22.5), RenderFlex#3a651@Offset(101.6, 298.5), RenderPositionedBox#d7851@Offset(400.0, 298.5), RenderCustomMultiChildLayoutBox#17101@Offset(400.0, 298.5), _RenderInkFeatures#94386@Offset(400.0, 298.5), RenderPhysicalModel#e1bad@Offset(400.0, 298.5), RenderSemanticsAnnotations#5fba8@Offset(400.0, 298.5), RenderRepaintBoundary#76f5d@Offset(400.0, 298.5), RenderIgnorePointer#f575e@Offset(400.0, 298.5), RenderAnimatedOpacity#359a4@Offset(400.0, 298.5), RenderAnimatedOpacity#0c110@Offset(400.0, 298.5), _RenderColoredBox#f7b59@Offset(400.0, 298.5), RenderAnimatedOpacity#c23b1@Offset(400.0, 298.5), RenderIgnorePointer#dc52f@Offset(400.0, 298.5), RenderAnimatedOpacity#f7d4e@Offset(400.0, 298.5), RenderRepaintBoundary#2370e@Offset(400.0, 298.5), RenderSemanticsAnnotations#877aa@Offset(400.0, 298.5), RenderOffstage#43af9@Offset(400.0, 298.5), RenderSemanticsAnnotations#1c41c@Offset(400.0, 298.5), _RenderTheater#43946@Offset(400.0, 298.5), RenderAbsorbPointer#95eb5@Offset(400.0, 298.5), RenderPointerListener#225d8@Offset(400.0, 298.5), RenderSemanticsAnnotations#b888a@Offset(400.0, 298.5), RenderCustomPaint#7bbc0@Offset(400.0, 298.5), RenderSemanticsAnnotations#c481e@Offset(400.0, 298.5), RenderSemanticsAnnotations#e5ad9@Offset(400.0, 298.5), RenderTapRegionSurface#05d40@Offset(400.0, 298.5), RenderSemanticsAnnotations#a2c95@Offset(400.0, 298.5), RenderSemanticsAnnotations#d0e65@Offset(400.0, 298.5), RenderSemanticsAnnotations#97def@Offset(400.0, 298.5), HitTestEntry<HitTestTarget>#8cc37(_ReusableRenderView#8ca5e), HitTestEntry<HitTestTarget>#72a30(<AutomatedTestWidgetsFlutterBinding>))
#0      WidgetController._getElementPoint (package:flutter_test/src/controller.dart:2081:25)
#1      WidgetController.getCenter (package:flutter_test/src/controller.dart:1865:12)
#2      WidgetController.fling (package:flutter_test/src/controller.dart:1257:7)
#3      MonkeyTestRunner._safeFling (file:///Users/engammar/Apps/silni_app/test/adversarial/monkey_test.dart:387:22)
#4      MonkeyTestRunner._executeAction (file:///Users/engammar/Apps/silni_app/test/adversarial/monkey_test.dart:332:15)
#5      MonkeyTestRunner.runMonkeyActions (file:///Users/engammar/Apps/silni_app/test/adversarial/monkey_test.dart:303:15)
<asynchronous suspension>
#6      main.<anonymous closure>.<anonymous closure>.<anonymous closure> (file:///Users/engammar/Apps/silni_app/test/adversarial/monkey_test.dart:775:11)
<asynchronous suspension>
#7      testWidgets.<anonymous closure>.<anonymous closure> (package:flutter_test/src/widget_tester.dart:192:15)
<asynchronous suspension>
#8      TestWidgetsFlutterBinding._runTestBody (package:flutter_test/src/binding.dart:1059:5)
<asynchronous suspension>
#9      StackZoneSpecification._registerCallback.<anonymous closure> (package:stack_trace/src/stack_zone_specification.dart:114:42)
<asynchronous suspension>
To silence this warning, pass "warnIfMissed: false" to "fling()".
To make this warning fatal, set WidgetController.hitTestWarningShouldBeFatal to true.

00:21 +1553 ~26: /Users/engammar/Apps/silni_app/test/adversarial/memory_leak_test.dart: ... Leak Tests - PROSECUTOR MODE Widget Creation/Destruction Leaks create and destroy 1000 screens without leak00:21 +1554 ~26: /Users/engammar/Apps/silni_app/test/adversarial/memory_leak_test.dart: ... Leak Tests - PROSECUTOR MODE Widget Creation/Destruction Leaks create and destroy 1000 screens without leak00:21 +1555 ~26: /Users/engammar/Apps/silni_app/test/adversarial/memory_leak_test.dart: ... Leak Tests - PROSECUTOR MODE Widget Creation/Destruction Leaks create and destroy 1000 screens without leak00:21 +1556 ~26: /Users/engammar/Apps/silni_app/test/adversarial/memory_leak_test.dart: ... Leak Tests - PROSECUTOR MODE Widget Creation/Destruction Leaks create and destroy 1000 screens without leak00:21 +1556 ~26: /Users/engammar/Apps/silni_app/test/adversarial/monkey_test.dart: Monkey Tests - PROSECUTOR MODE Survival Tests survive rapid dialog open/close with monkey actions                   

Warning: A call to fling() with finder "Found 1 widget with type "Scrollable" (ignoring all but first): [
  Scrollable-[GlobalKey#3dfe8](axisDirection: right, physics: null, restorationId: "editable", dependencies: [InheritedCupertinoTheme, MediaQuery, UnmanagedRestorationScope, _InheritedTheme, _LocalizationsScope-[GlobalKey#e33ff]], state: ScrollableState#2693f(tickers: tracking 0 tickers, position: ScrollPositionWithSingleContext#3e470(offset: 0.0, range: 0.0..315.0, viewport: 717.0, ScrollableState, ClampingScrollPhysics -> RangeMaintainingScrollPhysics -> ClampingScrollPhysics -> RangeMaintainingScrollPhysics, IdleScrollActivity#de9ae, ScrollDirection.idle), effective physics: ClampingScrollPhysics -> RangeMaintainingScrollPhysics -> ClampingScrollPhysics -> RangeMaintainingScrollPhysics)),
]" derived an Offset (Offset(400.0, 298.5)) that would not hit test on the specified widget.
Maybe the widget is actually off-screen, or another widget is obscuring it, or the widget cannot receive pointer events.
The finder corresponds to this RenderBox: RenderPointerListener#a5410 relayoutBoundary=up22
The hit test result at that offset is: HitTestResult(RenderEditable#681ca@Offset(358.5, 12.0), _RenderSizeChangedWithCallback#ed6bc@Offset(358.5, 12.0), RenderSemanticsAnnotations#353b0@Offset(358.5, 12.0), RenderLeaderLayer#54ff5@Offset(358.5, 12.0), RenderIgnorePointer#82b2c@Offset(358.5, 12.0), RenderSemanticsAnnotations#51070@Offset(358.5, 12.0), RenderPointerListener#2a367@Offset(358.5, 12.0), RenderPointerListener#3b077@Offset(358.5, 12.0), RenderMouseRegion#6d048@Offset(358.5, 12.0), RenderTapRegion#9128a@Offset(358.5, 12.0), _RenderCompositionCallback#de730@Offset(358.5, 12.0), RenderRepaintBoundary#a3b96@Offset(358.5, 12.0), _RenderDecoration#62c92@Offset(358.5, 24.0), RenderPointerListener#351eb@Offset(358.5, 24.0), RenderSemanticsAnnotations#f4d79@Offset(358.5, 24.0), RenderIgnorePointer#f9153@Offset(358.5, 24.0), RenderTapRegion#4f262@Offset(358.5, 24.0), RenderMouseRegion#2f087@Offset(358.5, 24.0), RenderFlex#8a627@Offset(358.5, 24.0), RenderPadding#00f3c@Offset(382.5, 48.0), RenderFlex#b81fb@Offset(382.5, 109.0), RenderPadding#1010a@Offset(384.0, 110.5), RenderDecoratedBox#55332@Offset(384.0, 110.5), RenderConstrainedBox#c153c@Offset(384.0, 110.5), _RenderInkFeatures#26218@Offset(384.0, 110.5), RenderCustomPaint#39a80@Offset(384.0, 110.5), RenderPhysicalShape#0eae0@Offset(384.0, 110.5), RenderConstrainedBox#f454d@Offset(384.0, 110.5), RenderPositionedBox#09dbd@Offset(384.0, 282.5), RenderPadding#0f5a2@Offset(400.0, 298.5), RenderSemanticsAnnotations#78a20@Offset(400.0, 298.5), RenderPadding#b6bf3@Offset(400.0, 298.5), RenderPadding#53c0c@Offset(400.0, 298.5), RenderSemanticsAnnotations#d5b64@Offset(400.0, 298.5), RenderRepaintBoundary#40132@Offset(400.0, 298.5), RenderIgnorePointer#4510a@Offset(400.0, 298.5), RenderAnimatedOpacity#8beb6@Offset(400.0, 298.5), RenderRepaintBoundary#f2117@Offset(400.0, 298.5), RenderSemanticsAnnotations#651b7@Offset(400.0, 298.5), RenderOffstage#2cab9@Offset(400.0, 298.5), RenderSemanticsAnnotations#d9fbe@Offset(400.0, 298.5), _RenderTheater#43946@Offset(400.0, 298.5), RenderAbsorbPointer#95eb5@Offset(400.0, 298.5), RenderPointerListener#225d8@Offset(400.0, 298.5), RenderSemanticsAnnotations#b888a@Offset(400.0, 298.5), RenderCustomPaint#7bbc0@Offset(400.0, 298.5), RenderSemanticsAnnotations#c481e@Offset(400.0, 298.5), RenderSemanticsAnnotations#e5ad9@Offset(400.0, 298.5), RenderTapRegionSurface#05d40@Offset(400.0, 298.5), RenderSemanticsAnnotations#a2c95@Offset(400.0, 298.5), RenderSemanticsAnnotations#d0e65@Offset(400.0, 298.5), RenderSemanticsAnnotations#97def@Offset(400.0, 298.5), HitTestEntry<HitTestTarget>#6101c(_ReusableRenderView#8ca5e), HitTestEntry<HitTestTarget>#57b79(<AutomatedTestWidgetsFlutterBinding>))
#0      WidgetController._getElementPoint (package:flutter_test/src/controller.dart:2081:25)
#1      WidgetController.getCenter (package:flutter_test/src/controller.dart:1865:12)
#2      WidgetController.fling (package:flutter_test/src/controller.dart:1257:7)
#3      MonkeyTestRunner._safeFling (file:///Users/engammar/Apps/silni_app/test/adversarial/monkey_test.dart:387:22)
#4      MonkeyTestRunner._executeAction (file:///Users/engammar/Apps/silni_app/test/adversarial/monkey_test.dart:332:15)
#5      MonkeyTestRunner.runMonkeyActions (file:///Users/engammar/Apps/silni_app/test/adversarial/monkey_test.dart:303:15)
<asynchronous suspension>
#6      main.<anonymous closure>.<anonymous closure>.<anonymous closure> (file:///Users/engammar/Apps/silni_app/test/adversarial/monkey_test.dart:775:11)
<asynchronous suspension>
#7      testWidgets.<anonymous closure>.<anonymous closure> (package:flutter_test/src/widget_tester.dart:192:15)
<asynchronous suspension>
#8      TestWidgetsFlutterBinding._runTestBody (package:flutter_test/src/binding.dart:1059:5)
<asynchronous suspension>
#9      StackZoneSpecification._registerCallback.<anonymous closure> (package:stack_trace/src/stack_zone_specification.dart:114:42)
<asynchronous suspension>
To silence this warning, pass "warnIfMissed: false" to "fling()".
To make this warning fatal, set WidgetController.hitTestWarningShouldBeFatal to true.

00:21 +1557 ~26: /Users/engammar/Apps/silni_app/test/adversarial/memory_leak_test.dart: ... Leak Tests - PROSECUTOR MODE Widget Creation/Destruction Leaks create and destroy 1000 screens without leak00:21 +1558 ~26: /Users/engammar/Apps/silni_app/test/adversarial/memory_leak_test.dart: ... Leak Tests - PROSECUTOR MODE Widget Creation/Destruction Leaks create and destroy 1000 screens without leak00:21 +1558 ~26: /Users/engammar/Apps/silni_app/test/adversarial/monkey_test.dart: Monkey Tests - PROSECUTOR MODE Survival Tests survive rapid dialog open/close with monkey actions                   

Warning: A call to drag() with finder "Found 1 widget with type "Scrollable" (ignoring all but first): [
  Scrollable-[GlobalKey#e032f](axisDirection: right, physics: null, restorationId: "editable", dependencies: [InheritedCupertinoTheme, MediaQuery, UnmanagedRestorationScope, _InheritedTheme, _LocalizationsScope-[GlobalKey#e33ff]], state: ScrollableState#9c0af(position: ScrollPositionWithSingleContext#9bcca(offset: 0.0, range: 0.0..0.0, viewport: 717.0, ScrollableState, ClampingScrollPhysics -> RangeMaintainingScrollPhysics -> ClampingScrollPhysics -> RangeMaintainingScrollPhysics, IdleScrollActivity#80697, ScrollDirection.idle), effective physics: ClampingScrollPhysics -> RangeMaintainingScrollPhysics -> ClampingScrollPhysics -> RangeMaintainingScrollPhysics)),
]" derived an Offset (Offset(400.0, 298.5)) that would not hit test on the specified widget.
Maybe the widget is actually off-screen, or another widget is obscuring it, or the widget cannot receive pointer events.
The finder corresponds to this RenderBox: RenderPointerListener#3b077 relayoutBoundary=up22
The hit test result at that offset is: HitTestResult(RenderEditable#071e3@Offset(358.5, 12.0), _RenderSizeChangedWithCallback#26dfb@Offset(358.5, 12.0), RenderSemanticsAnnotations#20a70@Offset(358.5, 12.0), RenderLeaderLayer#bbbf1@Offset(358.5, 12.0), RenderIgnorePointer#e5faa@Offset(358.5, 12.0), RenderSemanticsAnnotations#a9ff7@Offset(358.5, 12.0), RenderPointerListener#63de9@Offset(358.5, 12.0), RenderPointerListener#75d45@Offset(358.5, 12.0), RenderMouseRegion#84606@Offset(358.5, 12.0), RenderTapRegion#0837b@Offset(358.5, 12.0), _RenderCompositionCallback#4e967@Offset(358.5, 12.0), RenderRepaintBoundary#f6812@Offset(358.5, 12.0), _RenderDecoration#8a0bf@Offset(358.5, 24.0), RenderPointerListener#7e058@Offset(358.5, 24.0), RenderSemanticsAnnotations#78d91@Offset(358.5, 24.0), RenderIgnorePointer#0ec92@Offset(358.5, 24.0), RenderTapRegion#c96af@Offset(358.5, 24.0), RenderMouseRegion#36d86@Offset(358.5, 24.0), RenderFlex#b644b@Offset(358.5, 24.0), RenderPadding#136da@Offset(382.5, 48.0), RenderFlex#cb1c3@Offset(382.5, 109.0), RenderPadding#d95a3@Offset(384.0, 110.5), RenderDecoratedBox#c2b0a@Offset(384.0, 110.5), RenderConstrainedBox#65840@Offset(384.0, 110.5), _RenderInkFeatures#9fa19@Offset(384.0, 110.5), RenderCustomPaint#e595e@Offset(384.0, 110.5), RenderPhysicalShape#5d2aa@Offset(384.0, 110.5), RenderConstrainedBox#debad@Offset(384.0, 110.5), RenderPositionedBox#05983@Offset(384.0, 282.5), RenderPadding#64442@Offset(400.0, 298.5), RenderSemanticsAnnotations#e4b20@Offset(400.0, 298.5), RenderPadding#9d5f8@Offset(400.0, 298.5), RenderPadding#568b5@Offset(400.0, 298.5), RenderSemanticsAnnotations#ba37e@Offset(400.0, 298.5), RenderRepaintBoundary#9a1ed@Offset(400.0, 298.5), RenderIgnorePointer#8ccde@Offset(400.0, 298.5), RenderAnimatedOpacity#bcbaf@Offset(400.0, 298.5), RenderRepaintBoundary#631fa@Offset(400.0, 298.5), RenderSemanticsAnnotations#691a1@Offset(400.0, 298.5), RenderOffstage#57425@Offset(400.0, 298.5), RenderSemanticsAnnotations#a0697@Offset(400.0, 298.5), _RenderTheater#43946@Offset(400.0, 298.5), RenderAbsorbPointer#95eb5@Offset(400.0, 298.5), RenderPointerListener#225d8@Offset(400.0, 298.5), RenderSemanticsAnnotations#b888a@Offset(400.0, 298.5), RenderCustomPaint#7bbc0@Offset(400.0, 298.5), RenderSemanticsAnnotations#c481e@Offset(400.0, 298.5), RenderSemanticsAnnotations#e5ad9@Offset(400.0, 298.5), RenderTapRegionSurface#05d40@Offset(400.0, 298.5), RenderSemanticsAnnotations#a2c95@Offset(400.0, 298.5), RenderSemanticsAnnotations#d0e65@Offset(400.0, 298.5), RenderSemanticsAnnotations#97def@Offset(400.0, 298.5), HitTestEntry<HitTestTarget>#77b1a(_ReusableRenderView#8ca5e), HitTestEntry<HitTestTarget>#9c22c(<AutomatedTestWidgetsFlutterBinding>))
#0      WidgetController._getElementPoint (package:flutter_test/src/controller.dart:2081:25)
#1      WidgetController.getCenter (package:flutter_test/src/controller.dart:1865:12)
#2      WidgetController.drag (package:flutter_test/src/controller.dart:1541:7)
#3      MonkeyTestRunner._safeScroll (file:///Users/engammar/Apps/silni_app/test/adversarial/monkey_test.dart:399:22)
#4      MonkeyTestRunner._executeAction (file:///Users/engammar/Apps/silni_app/test/adversarial/monkey_test.dart:335:15)
#5      MonkeyTestRunner.runMonkeyActions (file:///Users/engammar/Apps/silni_app/test/adversarial/monkey_test.dart:303:15)
#6      main.<anonymous closure>.<anonymous closure>.<anonymous closure> (file:///Users/engammar/Apps/silni_app/test/adversarial/monkey_test.dart:775:24)
<asynchronous suspension>
#7      testWidgets.<anonymous closure>.<anonymous closure> (package:flutter_test/src/widget_tester.dart:192:15)
<asynchronous suspension>
#8      TestWidgetsFlutterBinding._runTestBody (package:flutter_test/src/binding.dart:1059:5)
<asynchronous suspension>
#9      StackZoneSpecification._registerCallback.<anonymous closure> (package:stack_trace/src/stack_zone_specification.dart:114:42)
<asynchronous suspension>
To silence this warning, pass "warnIfMissed: false" to "drag()".
To make this warning fatal, set WidgetController.hitTestWarningShouldBeFatal to true.

00:21 +1559 ~26: /Users/engammar/Apps/silni_app/test/adversarial/memory_leak_test.dart: ... Leak Tests - PROSECUTOR MODE Widget Creation/Destruction Leaks create and destroy 1000 screens without leak00:21 +1559 ~26: /Users/engammar/Apps/silni_app/test/adversarial/monkey_test.dart: Monkey Tests - PROSECUTOR MODE Survival Tests survive rapid dialog open/close with monkey actions                   

Warning: A call to fling() with finder "Found 1 widget with type "Scrollable" (ignoring all but first): [
  Scrollable-[GlobalKey#e032f](axisDirection: right, physics: null, restorationId: "editable", dependencies: [InheritedCupertinoTheme, MediaQuery, UnmanagedRestorationScope, _InheritedTheme, _LocalizationsScope-[GlobalKey#e33ff]], state: ScrollableState#9c0af(position: ScrollPositionWithSingleContext#9bcca(offset: 0.0, range: 0.0..0.0, viewport: 717.0, ScrollableState, ClampingScrollPhysics -> RangeMaintainingScrollPhysics -> ClampingScrollPhysics -> RangeMaintainingScrollPhysics, IdleScrollActivity#80697, ScrollDirection.idle), effective physics: ClampingScrollPhysics -> RangeMaintainingScrollPhysics -> ClampingScrollPhysics -> RangeMaintainingScrollPhysics)),
]" derived an Offset (Offset(400.0, 298.5)) that would not hit test on the specified widget.
Maybe the widget is actually off-screen, or another widget is obscuring it, or the widget cannot receive pointer events.
The finder corresponds to this RenderBox: RenderPointerListener#3b077 relayoutBoundary=up22
The hit test result at that offset is: HitTestResult(RenderEditable#02432@Offset(358.5, 12.0), _RenderSizeChangedWithCallback#cf7ba@Offset(358.5, 12.0), RenderSemanticsAnnotations#75991@Offset(358.5, 12.0), RenderLeaderLayer#a5685@Offset(358.5, 12.0), RenderIgnorePointer#a5a5c@Offset(358.5, 12.0), RenderSemanticsAnnotations#ce80c@Offset(358.5, 12.0), RenderPointerListener#c69e2@Offset(358.5, 12.0), RenderPointerListener#95e70@Offset(358.5, 12.0), RenderMouseRegion#477a2@Offset(358.5, 12.0), RenderTapRegion#cf684@Offset(358.5, 12.0), _RenderCompositionCallback#899c8@Offset(358.5, 12.0), RenderRepaintBoundary#2eddf@Offset(358.5, 12.0), _RenderDecoration#58c57@Offset(358.5, 24.0), RenderPointerListener#80f3a@Offset(358.5, 24.0), RenderSemanticsAnnotations#09cc8@Offset(358.5, 24.0), RenderIgnorePointer#dac6c@Offset(358.5, 24.0), RenderTapRegion#c91f8@Offset(358.5, 24.0), RenderMouseRegion#6cd65@Offset(358.5, 24.0), RenderFlex#46195@Offset(358.5, 24.0), RenderPadding#3878b@Offset(382.5, 48.0), RenderFlex#bf6a1@Offset(382.5, 109.0), RenderPadding#0006a@Offset(384.0, 110.5), RenderDecoratedBox#c5510@Offset(384.0, 110.5), RenderConstrainedBox#bb956@Offset(384.0, 110.5), _RenderInkFeatures#ab74d@Offset(384.0, 110.5), RenderCustomPaint#5b749@Offset(384.0, 110.5), RenderPhysicalShape#0465c@Offset(384.0, 110.5), RenderConstrainedBox#e9e15@Offset(384.0, 110.5), RenderPositionedBox#2ef0b@Offset(384.0, 282.5), RenderPadding#f7fb4@Offset(400.0, 298.5), RenderSemanticsAnnotations#d90bf@Offset(400.0, 298.5), RenderPadding#6e306@Offset(400.0, 298.5), RenderPadding#697ed@Offset(400.0, 298.5), RenderSemanticsAnnotations#920e8@Offset(400.0, 298.5), RenderRepaintBoundary#98442@Offset(400.0, 298.5), RenderIgnorePointer#26493@Offset(400.0, 298.5), RenderAnimatedOpacity#4db12@Offset(400.0, 298.5), RenderRepaintBoundary#3c387@Offset(400.0, 298.5), RenderSemanticsAnnotations#968d6@Offset(400.0, 298.5), RenderOffstage#4b33a@Offset(400.0, 298.5), RenderSemanticsAnnotations#69850@Offset(400.0, 298.5), _RenderTheater#43946@Offset(400.0, 298.5), RenderAbsorbPointer#95eb5@Offset(400.0, 298.5), RenderPointerListener#225d8@Offset(400.0, 298.5), RenderSemanticsAnnotations#b888a@Offset(400.0, 298.5), RenderCustomPaint#7bbc0@Offset(400.0, 298.5), RenderSemanticsAnnotations#c481e@Offset(400.0, 298.5), RenderSemanticsAnnotations#e5ad9@Offset(400.0, 298.5), RenderTapRegionSurface#05d40@Offset(400.0, 298.5), RenderSemanticsAnnotations#a2c95@Offset(400.0, 298.5), RenderSemanticsAnnotations#d0e65@Offset(400.0, 298.5), RenderSemanticsAnnotations#97def@Offset(400.0, 298.5), HitTestEntry<HitTestTarget>#87011(_ReusableRenderView#8ca5e), HitTestEntry<HitTestTarget>#6675d(<AutomatedTestWidgetsFlutterBinding>))
#0      WidgetController._getElementPoint (package:flutter_test/src/controller.dart:2081:25)
#1      WidgetController.getCenter (package:flutter_test/src/controller.dart:1865:12)
#2      WidgetController.fling (package:flutter_test/src/controller.dart:1257:7)
#3      MonkeyTestRunner._safeFling (file:///Users/engammar/Apps/silni_app/test/adversarial/monkey_test.dart:387:22)
#4      MonkeyTestRunner._executeAction (file:///Users/engammar/Apps/silni_app/test/adversarial/monkey_test.dart:332:15)
#5      MonkeyTestRunner.runMonkeyActions (file:///Users/engammar/Apps/silni_app/test/adversarial/monkey_test.dart:303:15)
#6      main.<anonymous closure>.<anonymous closure>.<anonymous closure> (file:///Users/engammar/Apps/silni_app/test/adversarial/monkey_test.dart:775:24)
<asynchronous suspension>
#7      testWidgets.<anonymous closure>.<anonymous closure> (package:flutter_test/src/widget_tester.dart:192:15)
<asynchronous suspension>
#8      TestWidgetsFlutterBinding._runTestBody (package:flutter_test/src/binding.dart:1059:5)
<asynchronous suspension>
#9      StackZoneSpecification._registerCallback.<anonymous closure> (package:stack_trace/src/stack_zone_specification.dart:114:42)
<asynchronous suspension>
To silence this warning, pass "warnIfMissed: false" to "fling()".
To make this warning fatal, set WidgetController.hitTestWarningShouldBeFatal to true.

00:21 +1560 ~26: /Users/engammar/Apps/silni_app/test/adversarial/memory_leak_test.dart: ... Leak Tests - PROSECUTOR MODE Widget Creation/Destruction Leaks create and destroy 1000 screens without leak00:21 +1561 ~26: /Users/engammar/Apps/silni_app/test/adversarial/memory_leak_test.dart: ... Leak Tests - PROSECUTOR MODE Widget Creation/Destruction Leaks create and destroy 1000 screens without leak00:21 +1561 ~26: /Users/engammar/Apps/silni_app/test/adversarial/monkey_test.dart: Monkey Tests - PROSECUTOR MODE Survival Tests survive rapid dialog open/close with monkey actions                   

Warning: A call to fling() with finder "Found 1 widget with type "Scrollable" (ignoring all but first): [
  Scrollable-[GlobalKey#55578](axisDirection: right, physics: null, restorationId: "editable", dependencies: [InheritedCupertinoTheme, MediaQuery, UnmanagedRestorationScope, _InheritedTheme, _LocalizationsScope-[GlobalKey#e33ff]], state: ScrollableState#882f1(position: ScrollPositionWithSingleContext#4caa4(offset: 0.0, range: 0.0..0.0, viewport: 717.0, ScrollableState, ClampingScrollPhysics -> RangeMaintainingScrollPhysics -> ClampingScrollPhysics -> RangeMaintainingScrollPhysics, IdleScrollActivity#8ed33, ScrollDirection.idle), effective physics: ClampingScrollPhysics -> RangeMaintainingScrollPhysics -> ClampingScrollPhysics -> RangeMaintainingScrollPhysics)),
]" derived an Offset (Offset(400.0, 298.5)) that would not hit test on the specified widget.
Maybe the widget is actually off-screen, or another widget is obscuring it, or the widget cannot receive pointer events.
The finder corresponds to this RenderBox: RenderPointerListener#55d3e relayoutBoundary=up22
The hit test result at that offset is: HitTestResult(HitTestEntry<HitTestTarget>#5ddec(TextSpan(debugLabel: ((englishLike labelLarge 2021).merge(((blackMountainView labelLarge).apply).apply)).copyWith, inherit: false, color: Color(alpha: 1.0000, red: 0.2314, green: 0.4118, blue: 0.2235, colorSpace: ColorSpace.sRGB), family: Cairo, size: 14.0, weight: 500, letterSpacing: 0.1, baseline: alphabetic, height: 1.4x, leadingDistribution: even, decoration: Color(alpha: 1.0000, red: 0.0980, green: 0.1137, blue: 0.0902, colorSpace: ColorSpace.sRGB) TextDecoration.none, "Open Dialog")), RenderParagraph#8e32d@Offset(77.6, 8.5), RenderPositionedBox#77bc0@Offset(77.6, 18.5), RenderPadding#db7b1@Offset(101.6, 18.5), RenderPointerListener#5c499@Offset(101.6, 18.5), RenderSemanticsAnnotations#e5d8b@Offset(101.6, 18.5), RenderMouseRegion#481fc@Offset(101.6, 18.5), RenderSemanticsAnnotations#812d3@Offset(101.6, 18.5), _RenderInkFeatures#62f55@Offset(101.6, 18.5), RenderCustomPaint#84d50@Offset(101.6, 18.5), RenderPhysicalShape#36910@Offset(101.6, 18.5), RenderConstrainedBox#abbec@Offset(101.6, 18.5), _RenderInputPadding#f90c2@Offset(101.6, 22.5), RenderSemanticsAnnotations#a39e2@Offset(101.6, 22.5), RenderFlex#3a651@Offset(101.6, 298.5), RenderPositionedBox#d7851@Offset(400.0, 298.5), RenderCustomMultiChildLayoutBox#17101@Offset(400.0, 298.5), _RenderInkFeatures#94386@Offset(400.0, 298.5), RenderPhysicalModel#e1bad@Offset(400.0, 298.5), RenderSemanticsAnnotations#5fba8@Offset(400.0, 298.5), RenderRepaintBoundary#76f5d@Offset(400.0, 298.5), RenderIgnorePointer#f575e@Offset(400.0, 298.5), RenderAnimatedOpacity#359a4@Offset(400.0, 298.5), RenderAnimatedOpacity#0c110@Offset(400.0, 298.5), _RenderColoredBox#f7b59@Offset(400.0, 298.5), RenderAnimatedOpacity#c23b1@Offset(400.0, 298.5), RenderIgnorePointer#dc52f@Offset(400.0, 298.5), RenderAnimatedOpacity#f7d4e@Offset(400.0, 298.5), RenderRepaintBoundary#2370e@Offset(400.0, 298.5), RenderSemanticsAnnotations#877aa@Offset(400.0, 298.5), RenderOffstage#43af9@Offset(400.0, 298.5), RenderSemanticsAnnotations#1c41c@Offset(400.0, 298.5), _RenderTheater#43946@Offset(400.0, 298.5), RenderAbsorbPointer#95eb5@Offset(400.0, 298.5), RenderPointerListener#225d8@Offset(400.0, 298.5), RenderSemanticsAnnotations#b888a@Offset(400.0, 298.5), RenderCustomPaint#7bbc0@Offset(400.0, 298.5), RenderSemanticsAnnotations#c481e@Offset(400.0, 298.5), RenderSemanticsAnnotations#e5ad9@Offset(400.0, 298.5), RenderTapRegionSurface#05d40@Offset(400.0, 298.5), RenderSemanticsAnnotations#a2c95@Offset(400.0, 298.5), RenderSemanticsAnnotations#d0e65@Offset(400.0, 298.5), RenderSemanticsAnnotations#97def@Offset(400.0, 298.5), HitTestEntry<HitTestTarget>#d67ce(_ReusableRenderView#8ca5e), HitTestEntry<HitTestTarget>#19ea2(<AutomatedTestWidgetsFlutterBinding>))
#0      WidgetController._getElementPoint (package:flutter_test/src/controller.dart:2081:25)
#1      WidgetController.getCenter (package:flutter_test/src/controller.dart:1865:12)
#2      WidgetController.fling (package:flutter_test/src/controller.dart:1257:7)
#3      MonkeyTestRunner._safeFling (file:///Users/engammar/Apps/silni_app/test/adversarial/monkey_test.dart:387:22)
#4      MonkeyTestRunner._executeAction (file:///Users/engammar/Apps/silni_app/test/adversarial/monkey_test.dart:332:15)
#5      MonkeyTestRunner.runMonkeyActions (file:///Users/engammar/Apps/silni_app/test/adversarial/monkey_test.dart:303:15)
<asynchronous suspension>
#6      main.<anonymous closure>.<anonymous closure>.<anonymous closure> (file:///Users/engammar/Apps/silni_app/test/adversarial/monkey_test.dart:775:11)
<asynchronous suspension>
#7      testWidgets.<anonymous closure>.<anonymous closure> (package:flutter_test/src/widget_tester.dart:192:15)
<asynchronous suspension>
#8      TestWidgetsFlutterBinding._runTestBody (package:flutter_test/src/binding.dart:1059:5)
<asynchronous suspension>
#9      StackZoneSpecification._registerCallback.<anonymous closure> (package:stack_trace/src/stack_zone_specification.dart:114:42)
<asynchronous suspension>
To silence this warning, pass "warnIfMissed: false" to "fling()".
To make this warning fatal, set WidgetController.hitTestWarningShouldBeFatal to true.


Warning: A call to fling() with finder "Found 1 widget with type "Scrollable" (ignoring all but first): [
  Scrollable-[GlobalKey#92667](axisDirection: right, physics: null, restorationId: "editable", dependencies: [InheritedCupertinoTheme, MediaQuery, UnmanagedRestorationScope, _InheritedTheme, _LocalizationsScope-[GlobalKey#e33ff]], state: ScrollableState#379c2(tickers: tracking 1 ticker, position: ScrollPositionWithSingleContext#56b82(offset: 396.6, range: 0.0..936.0, viewport: 717.0, ScrollableState, ClampingScrollPhysics -> RangeMaintainingScrollPhysics -> ClampingScrollPhysics -> RangeMaintainingScrollPhysics, DrivenScrollActivity#40da8(AnimationController#bde70(▶ 396.595; for DrivenScrollActivity)), ScrollDirection.idle), effective physics: ClampingScrollPhysics -> RangeMaintainingScrollPhysics -> ClampingScrollPhysics -> RangeMaintainingScrollPhysics)),
]" derived an Offset (Offset(400.0, 298.5)) that would not hit test on the specified widget.
Maybe the widget is actually off-screen, or another widget is obscuring it, or the widget cannot receive pointer events.
The finder corresponds to this RenderBox: RenderPointerListener#ed9ab relayoutBoundary=up22
The hit test result at that offset is: HitTestResult(HitTestEntry<HitTestTarget>#44d0e(TextSpan(debugLabel: ((englishLike labelLarge 2021).merge(((blackMountainView labelLarge).apply).apply)).copyWith, inherit: false, color: Color(alpha: 1.0000, red: 0.2314, green: 0.4118, blue: 0.2235, colorSpace: ColorSpace.sRGB), family: Cairo, size: 14.0, weight: 500, letterSpacing: 0.1, baseline: alphabetic, height: 1.4x, leadingDistribution: even, decoration: Color(alpha: 1.0000, red: 0.0980, green: 0.1137, blue: 0.0902, colorSpace: ColorSpace.sRGB) TextDecoration.none, "Open Dialog")), RenderParagraph#8e32d@Offset(77.6, 8.5), RenderPositionedBox#77bc0@Offset(77.6, 18.5), RenderPadding#db7b1@Offset(101.6, 18.5), RenderPointerListener#5c499@Offset(101.6, 18.5), RenderSemanticsAnnotations#e5d8b@Offset(101.6, 18.5), RenderMouseRegion#481fc@Offset(101.6, 18.5), RenderSemanticsAnnotations#812d3@Offset(101.6, 18.5), _RenderInkFeatures#62f55@Offset(101.6, 18.5), RenderCustomPaint#84d50@Offset(101.6, 18.5), RenderPhysicalShape#36910@Offset(101.6, 18.5), RenderConstrainedBox#abbec@Offset(101.6, 18.5), _RenderInputPadding#f90c2@Offset(101.6, 22.5), RenderSemanticsAnnotations#a39e2@Offset(101.6, 22.5), RenderFlex#3a651@Offset(101.6, 298.5), RenderPositionedBox#d7851@Offset(400.0, 298.5), RenderCustomMultiChildLayoutBox#17101@Offset(400.0, 298.5), _RenderInkFeatures#94386@Offset(400.0, 298.5), RenderPhysicalModel#e1bad@Offset(400.0, 298.5), RenderSemanticsAnnotations#5fba8@Offset(400.0, 298.5), RenderRepaintBoundary#76f5d@Offset(400.0, 298.5), RenderIgnorePointer#f575e@Offset(400.0, 298.5), RenderAnimatedOpacity#359a4@Offset(400.0, 298.5), RenderAnimatedOpacity#0c110@Offset(400.0, 298.5), _RenderColoredBox#f7b59@Offset(400.0, 298.5), RenderAnimatedOpacity#c23b1@Offset(400.0, 298.5), RenderIgnorePointer#dc52f@Offset(400.0, 298.5), RenderAnimatedOpacity#f7d4e@Offset(400.0, 298.5), RenderRepaintBoundary#2370e@Offset(400.0, 298.5), RenderSemanticsAnnotations#877aa@Offset(400.0, 298.5), RenderOffstage#43af9@Offset(400.0, 298.5), RenderSemanticsAnnotations#1c41c@Offset(400.0, 298.5), _RenderTheater#43946@Offset(400.0, 298.5), RenderAbsorbPointer#95eb5@Offset(400.0, 298.5), RenderPointerListener#225d8@Offset(400.0, 298.5), RenderSemanticsAnnotations#b888a@Offset(400.0, 298.5), RenderCustomPaint#7bbc0@Offset(400.0, 298.5), RenderSemanticsAnnotations#c481e@Offset(400.0, 298.5), RenderSemanticsAnnotations#e5ad9@Offset(400.0, 298.5), RenderTapRegionSurface#05d40@Offset(400.0, 298.5), RenderSemanticsAnnotations#a2c95@Offset(400.0, 298.5), RenderSemanticsAnnotations#d0e65@Offset(400.0, 298.5), RenderSemanticsAnnotations#97def@Offset(400.0, 298.5), HitTestEntry<HitTestTarget>#6725c(_ReusableRenderView#8ca5e), HitTestEntry<HitTestTarget>#bed73(<AutomatedTestWidgetsFlutterBinding>))
#0      WidgetController._getElementPoint (package:flutter_test/src/controller.dart:2081:25)
#1      WidgetController.getCenter (package:flutter_test/src/controller.dart:1865:12)
#2      WidgetController.fling (package:flutter_test/src/controller.dart:1257:7)
#3      MonkeyTestRunner._safeFling (file:///Users/engammar/Apps/silni_app/test/adversarial/monkey_test.dart:387:22)
#4      MonkeyTestRunner._executeAction (file:///Users/engammar/Apps/silni_app/test/adversarial/monkey_test.dart:332:15)
#5      MonkeyTestRunner.runMonkeyActions (file:///Users/engammar/Apps/silni_app/test/adversarial/monkey_test.dart:303:15)
<asynchronous suspension>
#6      main.<anonymous closure>.<anonymous closure>.<anonymous closure> (file:///Users/engammar/Apps/silni_app/test/adversarial/monkey_test.dart:775:11)
<asynchronous suspension>
#7      testWidgets.<anonymous closure>.<anonymous closure> (package:flutter_test/src/widget_tester.dart:192:15)
<asynchronous suspension>
#8      TestWidgetsFlutterBinding._runTestBody (package:flutter_test/src/binding.dart:1059:5)
<asynchronous suspension>
#9      StackZoneSpecification._registerCallback.<anonymous closure> (package:stack_trace/src/stack_zone_specification.dart:114:42)
<asynchronous suspension>
To silence this warning, pass "warnIfMissed: false" to "fling()".
To make this warning fatal, set WidgetController.hitTestWarningShouldBeFatal to true.

00:21 +1562 ~26: /Users/engammar/Apps/silni_app/test/adversarial/memory_leak_test.dart: ... Leak Tests - PROSECUTOR MODE Widget Creation/Destruction Leaks create and destroy 1000 screens without leak00:21 +1563 ~26: /Users/engammar/Apps/silni_app/test/adversarial/memory_leak_test.dart: ... Leak Tests - PROSECUTOR MODE Widget Creation/Destruction Leaks create and destroy 1000 screens without leak00:21 +1564 ~26: /Users/engammar/Apps/silni_app/test/adversarial/memory_leak_test.dart: ... Leak Tests - PROSECUTOR MODE Widget Creation/Destruction Leaks create and destroy 1000 screens without leak00:21 +1565 ~26: /Users/engammar/Apps/silni_app/test/adversarial/memory_leak_test.dart: ... Leak Tests - PROSECUTOR MODE Widget Creation/Destruction Leaks create and destroy 1000 screens without leak00:21 +1566 ~26: /Users/engammar/Apps/silni_app/test/adversarial/memory_leak_test.dart: ... Leak Tests - PROSECUTOR MODE Widget Creation/Destruction Leaks create and destroy 1000 screens without leak00:21 +1567 ~26: /Users/engammar/Apps/silni_app/test/adversarial/memory_leak_test.dart: ... Leak Tests - PROSECUTOR MODE Widget Creation/Destruction Leaks create and destroy 1000 screens without leak00:21 +1568 ~26: /Users/engammar/Apps/silni_app/test/adversarial/memory_leak_test.dart: ... Leak Tests - PROSECUTOR MODE Widget Creation/Destruction Leaks create and destroy 1000 screens without leak00:21 +1569 ~26: /Users/engammar/Apps/silni_app/test/adversarial/memory_leak_test.dart: ... Leak Tests - PROSECUTOR MODE Widget Creation/Destruction Leaks create and destroy 1000 screens without leak00:21 +1570 ~26: /Users/engammar/Apps/silni_app/test/adversarial/memory_leak_test.dart: ... Leak Tests - PROSECUTOR MODE Widget Creation/Destruction Leaks create and destroy 1000 screens without leak00:21 +1571 ~26: /Users/engammar/Apps/silni_app/test/adversarial/memory_leak_test.dart: ... Leak Tests - PROSECUTOR MODE Widget Creation/Destruction Leaks create and destroy 1000 screens without leak00:21 +1572 ~26: /Users/engammar/Apps/silni_app/test/adversarial/memory_leak_test.dart: ... Leak Tests - PROSECUTOR MODE Widget Creation/Destruction Leaks create and destroy 1000 screens without leak00:21 +1572 ~26: loading /Users/engammar/Apps/silni_app/test/golden/widgets/glass_card_golden_test.dart                                                                                                
Warning: A tag was used that wasn't specified in dart_test.yaml.
  golden was used in:
    the test "GlassCard Golden Tests GlassCard - default appearance"
    the test "GlassCard Golden Tests GlassCard - with custom padding"
    the test "GlassCard Golden Tests GlassCard - with explicit dimensions"
    the test "GlassCard Golden Tests GlassCard - with custom border radius"
    the test "GlassCard Golden Tests GlassCard - with tap handler (interactive)"
    the test "GlassCard Golden Tests GlassCard - with complex content"
    the test "DramaticGlassCard Golden Tests DramaticGlassCard - default appearance"
    the test "DramaticGlassCard Golden Tests DramaticGlassCard - with explicit dimensions"

00:21 +1572 ~26: /Users/engammar/Apps/silni_app/test/adversarial/memory_leak_test.dart: ... Leak Tests - PROSECUTOR MODE Widget Creation/Destruction Leaks create and destroy 1000 screens without leak00:21 +1573 ~26: /Users/engammar/Apps/silni_app/test/adversarial/memory_leak_test.dart: ... Leak Tests - PROSECUTOR MODE Widget Creation/Destruction Leaks create and destroy 1000 screens without leak00:21 +1574 ~26: /Users/engammar/Apps/silni_app/test/adversarial/memory_leak_test.dart: ... Leak Tests - PROSECUTOR MODE Widget Creation/Destruction Leaks create and destroy 1000 screens without leak00:21 +1575 ~26: /Users/engammar/Apps/silni_app/test/adversarial/memory_leak_test.dart: ... Leak Tests - PROSECUTOR MODE Widget Creation/Destruction Leaks create and destroy 1000 screens without leak00:21 +1576 ~26: /Users/engammar/Apps/silni_app/test/adversarial/memory_leak_test.dart: ... Leak Tests - PROSECUTOR MODE Widget Creation/Destruction Leaks create and destroy 1000 screens without leak00:21 +1577 ~26: /Users/engammar/Apps/silni_app/test/adversarial/memory_leak_test.dart: ... Leak Tests - PROSECUTOR MODE Widget Creation/Destruction Leaks create and destroy 1000 screens without leak00:21 +1578 ~26: /Users/engammar/Apps/silni_app/test/adversarial/memory_leak_test.dart: ... Leak Tests - PROSECUTOR MODE Widget Creation/Destruction Leaks create and destroy 1000 screens without leak00:21 +1579 ~26: /Users/engammar/Apps/silni_app/test/adversarial/memory_leak_test.dart: ... Leak Tests - PROSECUTOR MODE Widget Creation/Destruction Leaks create and destroy 1000 screens without leak00:21 +1580 ~26: /Users/engammar/Apps/silni_app/test/adversarial/memory_leak_test.dart: ... Leak Tests - PROSECUTOR MODE Widget Creation/Destruction Leaks create and destroy 1000 screens without leak00:21 +1581 ~26: /Users/engammar/Apps/silni_app/test/adversarial/memory_leak_test.dart: ... Leak Tests - PROSECUTOR MODE Widget Creation/Destruction Leaks create and destroy 1000 screens without leak00:21 +1582 ~26: /Users/engammar/Apps/silni_app/test/adversarial/memory_leak_test.dart: ... Leak Tests - PROSECUTOR MODE Widget Creation/Destruction Leaks create and destroy 1000 screens without leak00:21 +1583 ~26: /Users/engammar/Apps/silni_app/test/adversarial/memory_leak_test.dart: ... Leak Tests - PROSECUTOR MODE Widget Creation/Destruction Leaks create and destroy 1000 screens without leak00:21 +1584 ~26: /Users/engammar/Apps/silni_app/test/adversarial/memory_leak_test.dart: ... Leak Tests - PROSECUTOR MODE Widget Creation/Destruction Leaks create and destroy 1000 screens without leak00:21 +1585 ~26: /Users/engammar/Apps/silni_app/test/adversarial/memory_leak_test.dart: ... Leak Tests - PROSECUTOR MODE Widget Creation/Destruction Leaks create and destroy 1000 screens without leak00:22 +1585 ~26: /Users/engammar/Apps/silni_app/test/adversarial/memory_leak_test.dart: ... Leak Tests - PROSECUTOR MODE Widget Creation/Destruction Leaks create and destroy 1000 screens without leak00:22 +1586 ~26: /Users/engammar/Apps/silni_app/test/adversarial/memory_leak_test.dart: ... Leak Tests - PROSECUTOR MODE Widget Creation/Destruction Leaks create and destroy 1000 screens without leak00:22 +1587 ~26: /Users/engammar/Apps/silni_app/test/adversarial/memory_leak_test.dart: ... Leak Tests - PROSECUTOR MODE Widget Creation/Destruction Leaks create and destroy 1000 screens without leak00:22 +1588 ~26: /Users/engammar/Apps/silni_app/test/adversarial/memory_leak_test.dart: ... Leak Tests - PROSECUTOR MODE Widget Creation/Destruction Leaks create and destroy 1000 screens without leak00:22 +1589 ~26: /Users/engammar/Apps/silni_app/test/adversarial/memory_leak_test.dart: ... Leak Tests - PROSECUTOR MODE Widget Creation/Destruction Leaks create and destroy 1000 screens without leak00:22 +1590 ~26: /Users/engammar/Apps/silni_app/test/adversarial/memory_leak_test.dart: ... Leak Tests - PROSECUTOR MODE Widget Creation/Destruction Leaks create and destroy 1000 screens without leak00:22 +1591 ~26: /Users/engammar/Apps/silni_app/test/adversarial/memory_leak_test.dart: ... Leak Tests - PROSECUTOR MODE Widget Creation/Destruction Leaks create and destroy 1000 screens without leak00:22 +1592 ~26: /Users/engammar/Apps/silni_app/test/adversarial/memory_leak_test.dart: ... Leak Tests - PROSECUTOR MODE Widget Creation/Destruction Leaks create and destroy 1000 screens without leak00:22 +1593 ~26: /Users/engammar/Apps/silni_app/test/adversarial/memory_leak_test.dart: ... Leak Tests - PROSECUTOR MODE Widget Creation/Destruction Leaks create and destroy 1000 screens without leak00:22 +1594 ~26: /Users/engammar/Apps/silni_app/test/adversarial/memory_leak_test.dart: ... Leak Tests - PROSECUTOR MODE Widget Creation/Destruction Leaks create and destroy 1000 screens without leak00:23 +1594 ~26: /Users/engammar/Apps/silni_app/test/adversarial/memory_leak_test.dart: ... Leak Tests - PROSECUTOR MODE Widget Creation/Destruction Leaks create and destroy 1000 screens without leak00:23 +1595 ~26: /Users/engammar/Apps/silni_app/test/adversarial/memory_leak_test.dart: ... Leak Tests - PROSECUTOR MODE Widget Creation/Destruction Leaks create and destroy 1000 screens without leak00:23 +1596 ~26: /Users/engammar/Apps/silni_app/test/adversarial/memory_leak_test.dart: ... Leak Tests - PROSECUTOR MODE Widget Creation/Destruction Leaks create and destroy 1000 screens without leak00:23 +1597 ~26: /Users/engammar/Apps/silni_app/test/adversarial/memory_leak_test.dart: ... Leak Tests - PROSECUTOR MODE Widget Creation/Destruction Leaks create and destroy 1000 screens without leak00:24 +1597 ~26: /Users/engammar/Apps/silni_app/test/adversarial/memory_leak_test.dart: ... Leak Tests - PROSECUTOR MODE Widget Creation/Destruction Leaks create and destroy 1000 screens without leak00:24 +1598 ~26: /Users/engammar/Apps/silni_app/test/adversarial/memory_leak_test.dart: ... Leak Tests - PROSECUTOR MODE Widget Creation/Destruction Leaks create and destroy 1000 screens without leak00:24 +1599 ~26: /Users/engammar/Apps/silni_app/test/adversarial/memory_leak_test.dart: ... Leak Tests - PROSECUTOR MODE Widget Creation/Destruction Leaks create and destroy 1000 screens without leak00:25 +1599 ~26: /Users/engammar/Apps/silni_app/test/adversarial/memory_leak_test.dart: ... Leak Tests - PROSECUTOR MODE Widget Creation/Destruction Leaks create and destroy 1000 screens without leak00:25 +1600 ~26: /Users/engammar/Apps/silni_app/test/adversarial/memory_leak_test.dart: ... Leak Tests - PROSECUTOR MODE Widget Creation/Destruction Leaks create and destroy 1000 screens without leak00:25 +1600 ~26: /Users/engammar/Apps/silni_app/test/adversarial/monkey_test.dart: Monkey Tests - PROSECUTOR MODE Widget-Specific Chaos ThemeAwareDialog survives monkey chaos during animations       

Warning: A call to drag() with finder "Found 1 widget with type "Scrollable" (ignoring all but first): [
  Scrollable-[GlobalKey#9cae2](axisDirection: right, physics: null, restorationId: "editable", dependencies: [InheritedCupertinoTheme, MediaQuery, UnmanagedRestorationScope, _InheritedTheme, _LocalizationsScope-[GlobalKey#172f2]], state: ScrollableState#4f11f(tickers: tracking 1 ticker, position: ScrollPositionWithSingleContext#dd787(offset: 71.8, range: 0.0..936.0, viewport: 717.0, ScrollableState, ClampingScrollPhysics -> RangeMaintainingScrollPhysics -> ClampingScrollPhysics -> RangeMaintainingScrollPhysics, DrivenScrollActivity#a4443(AnimationController#cd573(▶ 71.828; for DrivenScrollActivity)), ScrollDirection.idle), effective physics: ClampingScrollPhysics -> RangeMaintainingScrollPhysics -> ClampingScrollPhysics -> RangeMaintainingScrollPhysics)),
]" derived an Offset (Offset(400.0, 282.5)) that would not hit test on the specified widget.
Maybe the widget is actually off-screen, or another widget is obscuring it, or the widget cannot receive pointer events.
The finder corresponds to this RenderBox: RenderPointerListener#3ab35 relayoutBoundary=up22
The hit test result at that offset is: HitTestResult(RenderPointerListener#d5355@Offset(52.2, 2.5), RenderSemanticsAnnotations#baa99@Offset(52.2, 2.5), RenderMouseRegion#63319@Offset(52.2, 2.5), RenderSemanticsAnnotations#f328f@Offset(52.2, 2.5), _RenderInkFeatures#91b16@Offset(52.2, 2.5), RenderCustomPaint#6fe1c@Offset(52.2, 2.5), RenderPhysicalShape#d38c4@Offset(52.2, 2.5), RenderConstrainedBox#c67e7@Offset(52.2, 2.5), _RenderInputPadding#430cf@Offset(52.2, 6.5), RenderSemanticsAnnotations#4727e@Offset(52.2, 6.5), RenderPositionedBox#d778f@Offset(400.0, 282.5), RenderCustomMultiChildLayoutBox#4075f@Offset(400.0, 282.5), _RenderInkFeatures#2d933@Offset(400.0, 282.5), RenderPhysicalModel#abade@Offset(400.0, 282.5), RenderSemanticsAnnotations#69c79@Offset(400.0, 282.5), RenderRepaintBoundary#20d6f@Offset(400.0, 282.5), RenderIgnorePointer#f321d@Offset(400.0, 282.5), RenderAnimatedOpacity#9b658@Offset(400.0, 282.5), RenderAnimatedOpacity#bd638@Offset(400.0, 282.5), _RenderColoredBox#3a7c8@Offset(400.0, 282.5), RenderAnimatedOpacity#192d1@Offset(400.0, 282.5), RenderIgnorePointer#a02b8@Offset(400.0, 282.5), RenderAnimatedOpacity#82503@Offset(400.0, 282.5), RenderRepaintBoundary#75029@Offset(400.0, 282.5), RenderSemanticsAnnotations#94310@Offset(400.0, 282.5), RenderOffstage#541f6@Offset(400.0, 282.5), RenderSemanticsAnnotations#ca584@Offset(400.0, 282.5), _RenderTheater#2a7b0@Offset(400.0, 282.5), RenderAbsorbPointer#75c3b@Offset(400.0, 282.5), RenderPointerListener#9e10e@Offset(400.0, 282.5), RenderSemanticsAnnotations#a893f@Offset(400.0, 282.5), RenderCustomPaint#2de32@Offset(400.0, 282.5), RenderSemanticsAnnotations#86500@Offset(400.0, 282.5), RenderSemanticsAnnotations#abe0f@Offset(400.0, 282.5), RenderTapRegionSurface#42140@Offset(400.0, 282.5), RenderSemanticsAnnotations#bc1e4@Offset(400.0, 282.5), RenderSemanticsAnnotations#0a077@Offset(400.0, 282.5), RenderSemanticsAnnotations#6d9eb@Offset(400.0, 282.5), HitTestEntry<HitTestTarget>#e44d7(_ReusableRenderView#8ca5e), HitTestEntry<HitTestTarget>#cb3fd(<AutomatedTestWidgetsFlutterBinding>))
#0      WidgetController._getElementPoint (package:flutter_test/src/controller.dart:2081:25)
#1      WidgetController.getCenter (package:flutter_test/src/controller.dart:1865:12)
#2      WidgetController.drag (package:flutter_test/src/controller.dart:1541:7)
#3      MonkeyTestRunner._safeScroll (file:///Users/engammar/Apps/silni_app/test/adversarial/monkey_test.dart:399:22)
#4      MonkeyTestRunner._executeAction (file:///Users/engammar/Apps/silni_app/test/adversarial/monkey_test.dart:335:15)
#5      MonkeyTestRunner.runMonkeyActions (file:///Users/engammar/Apps/silni_app/test/adversarial/monkey_test.dart:303:15)
<asynchronous suspension>
#6      main.<anonymous closure>.<anonymous closure>.<anonymous closure> (file:///Users/engammar/Apps/silni_app/test/adversarial/monkey_test.dart:1111:9)
<asynchronous suspension>
#7      testWidgets.<anonymous closure>.<anonymous closure> (package:flutter_test/src/widget_tester.dart:192:15)
<asynchronous suspension>
#8      TestWidgetsFlutterBinding._runTestBody (package:flutter_test/src/binding.dart:1059:5)
<asynchronous suspension>
#9      StackZoneSpecification._registerCallback.<anonymous closure> (package:stack_trace/src/stack_zone_specification.dart:114:42)
<asynchronous suspension>
To silence this warning, pass "warnIfMissed: false" to "drag()".
To make this warning fatal, set WidgetController.hitTestWarningShouldBeFatal to true.


Warning: A call to fling() with finder "Found 1 widget with type "Scrollable" (ignoring all but first): [
  Scrollable-[GlobalKey#9cae2](axisDirection: right, physics: null, restorationId: "editable", dependencies: [InheritedCupertinoTheme, MediaQuery, UnmanagedRestorationScope, _InheritedTheme, _LocalizationsScope-[GlobalKey#172f2]], state: ScrollableState#4f11f(tickers: tracking 1 ticker, position: ScrollPositionWithSingleContext#dd787(offset: 396.6, range: 0.0..936.0, viewport: 717.0, ScrollableState, ClampingScrollPhysics -> RangeMaintainingScrollPhysics -> ClampingScrollPhysics -> RangeMaintainingScrollPhysics, DrivenScrollActivity#a4443(AnimationController#cd573(▶ 396.595; for DrivenScrollActivity)), ScrollDirection.idle), effective physics: ClampingScrollPhysics -> RangeMaintainingScrollPhysics -> ClampingScrollPhysics -> RangeMaintainingScrollPhysics)),
]" derived an Offset (Offset(400.0, 282.5)) that would not hit test on the specified widget.
Maybe the widget is actually off-screen, or another widget is obscuring it, or the widget cannot receive pointer events.
The finder corresponds to this RenderBox: RenderPointerListener#3ab35 relayoutBoundary=up22
The hit test result at that offset is: HitTestResult(RenderPointerListener#d5355@Offset(52.2, 2.5), RenderSemanticsAnnotations#baa99@Offset(52.2, 2.5), RenderMouseRegion#63319@Offset(52.2, 2.5), RenderSemanticsAnnotations#f328f@Offset(52.2, 2.5), _RenderInkFeatures#91b16@Offset(52.2, 2.5), RenderCustomPaint#6fe1c@Offset(52.2, 2.5), RenderPhysicalShape#d38c4@Offset(52.2, 2.5), RenderConstrainedBox#c67e7@Offset(52.2, 2.5), _RenderInputPadding#430cf@Offset(52.2, 6.5), RenderSemanticsAnnotations#4727e@Offset(52.2, 6.5), RenderPositionedBox#d778f@Offset(400.0, 282.5), RenderCustomMultiChildLayoutBox#4075f@Offset(400.0, 282.5), _RenderInkFeatures#2d933@Offset(400.0, 282.5), RenderPhysicalModel#abade@Offset(400.0, 282.5), RenderSemanticsAnnotations#69c79@Offset(400.0, 282.5), RenderRepaintBoundary#20d6f@Offset(400.0, 282.5), RenderIgnorePointer#f321d@Offset(400.0, 282.5), RenderAnimatedOpacity#9b658@Offset(400.0, 282.5), RenderAnimatedOpacity#bd638@Offset(400.0, 282.5), _RenderColoredBox#3a7c8@Offset(400.0, 282.5), RenderAnimatedOpacity#192d1@Offset(400.0, 282.5), RenderIgnorePointer#a02b8@Offset(400.0, 282.5), RenderAnimatedOpacity#82503@Offset(400.0, 282.5), RenderRepaintBoundary#75029@Offset(400.0, 282.5), RenderSemanticsAnnotations#94310@Offset(400.0, 282.5), RenderOffstage#541f6@Offset(400.0, 282.5), RenderSemanticsAnnotations#ca584@Offset(400.0, 282.5), _RenderTheater#2a7b0@Offset(400.0, 282.5), RenderAbsorbPointer#75c3b@Offset(400.0, 282.5), RenderPointerListener#9e10e@Offset(400.0, 282.5), RenderSemanticsAnnotations#a893f@Offset(400.0, 282.5), RenderCustomPaint#2de32@Offset(400.0, 282.5), RenderSemanticsAnnotations#86500@Offset(400.0, 282.5), RenderSemanticsAnnotations#abe0f@Offset(400.0, 282.5), RenderTapRegionSurface#42140@Offset(400.0, 282.5), RenderSemanticsAnnotations#bc1e4@Offset(400.0, 282.5), RenderSemanticsAnnotations#0a077@Offset(400.0, 282.5), RenderSemanticsAnnotations#6d9eb@Offset(400.0, 282.5), HitTestEntry<HitTestTarget>#3c136(_ReusableRenderView#8ca5e), HitTestEntry<HitTestTarget>#bd869(<AutomatedTestWidgetsFlutterBinding>))
#0      WidgetController._getElementPoint (package:flutter_test/src/controller.dart:2081:25)
#1      WidgetController.getCenter (package:flutter_test/src/controller.dart:1865:12)
#2      WidgetController.fling (package:flutter_test/src/controller.dart:1257:7)
#3      MonkeyTestRunner._safeFling (file:///Users/engammar/Apps/silni_app/test/adversarial/monkey_test.dart:387:22)
#4      MonkeyTestRunner._executeAction (file:///Users/engammar/Apps/silni_app/test/adversarial/monkey_test.dart:332:15)
#5      MonkeyTestRunner.runMonkeyActions (file:///Users/engammar/Apps/silni_app/test/adversarial/monkey_test.dart:303:15)
<asynchronous suspension>
#6      main.<anonymous closure>.<anonymous closure>.<anonymous closure> (file:///Users/engammar/Apps/silni_app/test/adversarial/monkey_test.dart:1111:9)
<asynchronous suspension>
#7      testWidgets.<anonymous closure>.<anonymous closure> (package:flutter_test/src/widget_tester.dart:192:15)
<asynchronous suspension>
#8      TestWidgetsFlutterBinding._runTestBody (package:flutter_test/src/binding.dart:1059:5)
<asynchronous suspension>
#9      StackZoneSpecification._registerCallback.<anonymous closure> (package:stack_trace/src/stack_zone_specification.dart:114:42)
<asynchronous suspension>
To silence this warning, pass "warnIfMissed: false" to "fling()".
To make this warning fatal, set WidgetController.hitTestWarningShouldBeFatal to true.


Warning: A call to drag() with finder "Found 1 widget with type "Scrollable" (ignoring all but first): [
  Scrollable-[GlobalKey#d0f42](axisDirection: right, physics: null, restorationId: "editable", dependencies: [InheritedCupertinoTheme, MediaQuery, UnmanagedRestorationScope, _InheritedTheme, _LocalizationsScope-[GlobalKey#172f2]], state: ScrollableState#cb30f(position: ScrollPositionWithSingleContext#7c380(offset: 0.0, range: 0.0..0.0, viewport: 717.0, ScrollableState, ClampingScrollPhysics -> RangeMaintainingScrollPhysics -> ClampingScrollPhysics -> RangeMaintainingScrollPhysics, IdleScrollActivity#3af6e, ScrollDirection.idle), effective physics: ClampingScrollPhysics -> RangeMaintainingScrollPhysics -> ClampingScrollPhysics -> RangeMaintainingScrollPhysics)),
]" derived an Offset (Offset(400.0, 282.5)) that would not hit test on the specified widget.
Maybe the widget is actually off-screen, or another widget is obscuring it, or the widget cannot receive pointer events.
The finder corresponds to this RenderBox: RenderPointerListener#fbe04 relayoutBoundary=up22
The hit test result at that offset is: HitTestResult(RenderPointerListener#d5355@Offset(52.2, 2.5), RenderSemanticsAnnotations#baa99@Offset(52.2, 2.5), RenderMouseRegion#63319@Offset(52.2, 2.5), RenderSemanticsAnnotations#f328f@Offset(52.2, 2.5), _RenderInkFeatures#91b16@Offset(52.2, 2.5), RenderCustomPaint#6fe1c@Offset(52.2, 2.5), RenderPhysicalShape#d38c4@Offset(52.2, 2.5), RenderConstrainedBox#c67e7@Offset(52.2, 2.5), _RenderInputPadding#430cf@Offset(52.2, 6.5), RenderSemanticsAnnotations#4727e@Offset(52.2, 6.5), RenderPositionedBox#d778f@Offset(400.0, 282.5), RenderCustomMultiChildLayoutBox#4075f@Offset(400.0, 282.5), _RenderInkFeatures#2d933@Offset(400.0, 282.5), RenderPhysicalModel#abade@Offset(400.0, 282.5), RenderSemanticsAnnotations#69c79@Offset(400.0, 282.5), RenderRepaintBoundary#20d6f@Offset(400.0, 282.5), RenderIgnorePointer#f321d@Offset(400.0, 282.5), RenderAnimatedOpacity#9b658@Offset(400.0, 282.5), RenderAnimatedOpacity#bd638@Offset(400.0, 282.5), _RenderColoredBox#3a7c8@Offset(400.0, 282.5), RenderAnimatedOpacity#192d1@Offset(400.0, 282.5), RenderIgnorePointer#a02b8@Offset(400.0, 282.5), RenderAnimatedOpacity#82503@Offset(400.0, 282.5), RenderRepaintBoundary#75029@Offset(400.0, 282.5), RenderSemanticsAnnotations#94310@Offset(400.0, 282.5), RenderOffstage#541f6@Offset(400.0, 282.5), RenderSemanticsAnnotations#ca584@Offset(400.0, 282.5), _RenderTheater#2a7b0@Offset(400.0, 282.5), RenderAbsorbPointer#75c3b@Offset(400.0, 282.5), RenderPointerListener#9e10e@Offset(400.0, 282.5), RenderSemanticsAnnotations#a893f@Offset(400.0, 282.5), RenderCustomPaint#2de32@Offset(400.0, 282.5), RenderSemanticsAnnotations#86500@Offset(400.0, 282.5), RenderSemanticsAnnotations#abe0f@Offset(400.0, 282.5), RenderTapRegionSurface#42140@Offset(400.0, 282.5), RenderSemanticsAnnotations#bc1e4@Offset(400.0, 282.5), RenderSemanticsAnnotations#0a077@Offset(400.0, 282.5), RenderSemanticsAnnotations#6d9eb@Offset(400.0, 282.5), HitTestEntry<HitTestTarget>#a2977(_ReusableRenderView#8ca5e), HitTestEntry<HitTestTarget>#1a5ad(<AutomatedTestWidgetsFlutterBinding>))
#0      WidgetController._getElementPoint (package:flutter_test/src/controller.dart:2081:25)
#1      WidgetController.getCenter (package:flutter_test/src/controller.dart:1865:12)
#2      WidgetController.drag (package:flutter_test/src/controller.dart:1541:7)
#3      MonkeyTestRunner._safeScroll (file:///Users/engammar/Apps/silni_app/test/adversarial/monkey_test.dart:399:22)
#4      MonkeyTestRunner._executeAction (file:///Users/engammar/Apps/silni_app/test/adversarial/monkey_test.dart:335:15)
#5      MonkeyTestRunner.runMonkeyActions (file:///Users/engammar/Apps/silni_app/test/adversarial/monkey_test.dart:303:15)
<asynchronous suspension>
#6      main.<anonymous closure>.<anonymous closure>.<anonymous closure> (file:///Users/engammar/Apps/silni_app/test/adversarial/monkey_test.dart:1126:11)
<asynchronous suspension>
#7      testWidgets.<anonymous closure>.<anonymous closure> (package:flutter_test/src/widget_tester.dart:192:15)
<asynchronous suspension>
#8      TestWidgetsFlutterBinding._runTestBody (package:flutter_test/src/binding.dart:1059:5)
<asynchronous suspension>
#9      StackZoneSpecification._registerCallback.<anonymous closure> (package:stack_trace/src/stack_zone_specification.dart:114:42)
<asynchronous suspension>
To silence this warning, pass "warnIfMissed: false" to "drag()".
To make this warning fatal, set WidgetController.hitTestWarningShouldBeFatal to true.


Warning: A call to drag() with finder "Found 1 widget with type "Scrollable" (ignoring all but first): [
  Scrollable-[GlobalKey#9bdd1](axisDirection: right, physics: null, restorationId: "editable", dependencies: [InheritedCupertinoTheme, MediaQuery, UnmanagedRestorationScope, _InheritedTheme, _LocalizationsScope-[GlobalKey#172f2]], state: ScrollableState#4f6a2(position: ScrollPositionWithSingleContext#37c79(offset: 0.0, range: 0.0..0.0, viewport: 717.0, ScrollableState, ClampingScrollPhysics -> RangeMaintainingScrollPhysics -> ClampingScrollPhysics -> RangeMaintainingScrollPhysics, IdleScrollActivity#50a61, ScrollDirection.idle), effective physics: ClampingScrollPhysics -> RangeMaintainingScrollPhysics -> ClampingScrollPhysics -> RangeMaintainingScrollPhysics)),
]" derived an Offset (Offset(400.0, 282.5)) that would not hit test on the specified widget.
Maybe the widget is actually off-screen, or another widget is obscuring it, or the widget cannot receive pointer events.
The finder corresponds to this RenderBox: RenderPointerListener#d25db relayoutBoundary=up22
The hit test result at that offset is: HitTestResult(RenderPointerListener#d5355@Offset(52.2, 2.5), RenderSemanticsAnnotations#baa99@Offset(52.2, 2.5), RenderMouseRegion#63319@Offset(52.2, 2.5), RenderSemanticsAnnotations#f328f@Offset(52.2, 2.5), _RenderInkFeatures#91b16@Offset(52.2, 2.5), RenderCustomPaint#6fe1c@Offset(52.2, 2.5), RenderPhysicalShape#d38c4@Offset(52.2, 2.5), RenderConstrainedBox#c67e7@Offset(52.2, 2.5), _RenderInputPadding#430cf@Offset(52.2, 6.5), RenderSemanticsAnnotations#4727e@Offset(52.2, 6.5), RenderPositionedBox#d778f@Offset(400.0, 282.5), RenderCustomMultiChildLayoutBox#4075f@Offset(400.0, 282.5), _RenderInkFeatures#2d933@Offset(400.0, 282.5), RenderPhysicalModel#abade@Offset(400.0, 282.5), RenderSemanticsAnnotations#69c79@Offset(400.0, 282.5), RenderRepaintBoundary#20d6f@Offset(400.0, 282.5), RenderIgnorePointer#f321d@Offset(400.0, 282.5), RenderAnimatedOpacity#9b658@Offset(400.0, 282.5), RenderAnimatedOpacity#bd638@Offset(400.0, 282.5), _RenderColoredBox#3a7c8@Offset(400.0, 282.5), RenderAnimatedOpacity#192d1@Offset(400.0, 282.5), RenderIgnorePointer#a02b8@Offset(400.0, 282.5), RenderAnimatedOpacity#82503@Offset(400.0, 282.5), RenderRepaintBoundary#75029@Offset(400.0, 282.5), RenderSemanticsAnnotations#94310@Offset(400.0, 282.5), RenderOffstage#541f6@Offset(400.0, 282.5), RenderSemanticsAnnotations#ca584@Offset(400.0, 282.5), _RenderTheater#2a7b0@Offset(400.0, 282.5), RenderAbsorbPointer#75c3b@Offset(400.0, 282.5), RenderPointerListener#9e10e@Offset(400.0, 282.5), RenderSemanticsAnnotations#a893f@Offset(400.0, 282.5), RenderCustomPaint#2de32@Offset(400.0, 282.5), RenderSemanticsAnnotations#86500@Offset(400.0, 282.5), RenderSemanticsAnnotations#abe0f@Offset(400.0, 282.5), RenderTapRegionSurface#42140@Offset(400.0, 282.5), RenderSemanticsAnnotations#bc1e4@Offset(400.0, 282.5), RenderSemanticsAnnotations#0a077@Offset(400.0, 282.5), RenderSemanticsAnnotations#6d9eb@Offset(400.0, 282.5), HitTestEntry<HitTestTarget>#04794(_ReusableRenderView#8ca5e), HitTestEntry<HitTestTarget>#8465e(<AutomatedTestWidgetsFlutterBinding>))
#0      WidgetController._getElementPoint (package:flutter_test/src/controller.dart:2081:25)
#1      WidgetController.getCenter (package:flutter_test/src/controller.dart:1865:12)
#2      WidgetController.drag (package:flutter_test/src/controller.dart:1541:7)
#3      MonkeyTestRunner._safeScroll (file:///Users/engammar/Apps/silni_app/test/adversarial/monkey_test.dart:399:22)
#4      MonkeyTestRunner._executeAction (file:///Users/engammar/Apps/silni_app/test/adversarial/monkey_test.dart:335:15)
#5      MonkeyTestRunner.runMonkeyActions (file:///Users/engammar/Apps/silni_app/test/adversarial/monkey_test.dart:303:15)
<asynchronous suspension>
#6      main.<anonymous closure>.<anonymous closure>.<anonymous closure> (file:///Users/engammar/Apps/silni_app/test/adversarial/monkey_test.dart:1126:11)
<asynchronous suspension>
#7      testWidgets.<anonymous closure>.<anonymous closure> (package:flutter_test/src/widget_tester.dart:192:15)
<asynchronous suspension>
#8      TestWidgetsFlutterBinding._runTestBody (package:flutter_test/src/binding.dart:1059:5)
<asynchronous suspension>
#9      StackZoneSpecification._registerCallback.<anonymous closure> (package:stack_trace/src/stack_zone_specification.dart:114:42)
<asynchronous suspension>
To silence this warning, pass "warnIfMissed: false" to "drag()".
To make this warning fatal, set WidgetController.hitTestWarningShouldBeFatal to true.


Warning: A call to drag() with finder "Found 1 widget with type "Scrollable" (ignoring all but first): [
  Scrollable-[GlobalKey#9bdd1](axisDirection: right, physics: null, restorationId: "editable", dependencies: [InheritedCupertinoTheme, MediaQuery, UnmanagedRestorationScope, _InheritedTheme, _LocalizationsScope-[GlobalKey#172f2]], state: ScrollableState#4f6a2(position: ScrollPositionWithSingleContext#37c79(offset: 0.0, range: 0.0..0.0, viewport: 717.0, ScrollableState, ClampingScrollPhysics -> RangeMaintainingScrollPhysics -> ClampingScrollPhysics -> RangeMaintainingScrollPhysics, IdleScrollActivity#50a61, ScrollDirection.idle), effective physics: ClampingScrollPhysics -> RangeMaintainingScrollPhysics -> ClampingScrollPhysics -> RangeMaintainingScrollPhysics)),
]" derived an Offset (Offset(400.0, 282.5)) that would not hit test on the specified widget.
Maybe the widget is actually off-screen, or another widget is obscuring it, or the widget cannot receive pointer events.
The finder corresponds to this RenderBox: RenderPointerListener#d25db relayoutBoundary=up22
The hit test result at that offset is: HitTestResult(RenderEditable#7b31b@Offset(358.5, 12.0), _RenderSizeChangedWithCallback#67410@Offset(358.5, 12.0), RenderSemanticsAnnotations#a6f07@Offset(358.5, 12.0), RenderLeaderLayer#f7a5e@Offset(358.5, 12.0), RenderIgnorePointer#db8b8@Offset(358.5, 12.0), RenderSemanticsAnnotations#70ed7@Offset(358.5, 12.0), RenderPointerListener#66880@Offset(358.5, 12.0), RenderPointerListener#19307@Offset(358.5, 12.0), RenderMouseRegion#c0706@Offset(358.5, 12.0), RenderTapRegion#7d022@Offset(358.5, 12.0), _RenderCompositionCallback#54313@Offset(358.5, 12.0), RenderRepaintBoundary#596ea@Offset(358.5, 12.0), _RenderDecoration#cae07@Offset(358.5, 24.0), RenderPointerListener#e638d@Offset(358.5, 24.0), RenderSemanticsAnnotations#96787@Offset(358.5, 24.0), RenderIgnorePointer#07961@Offset(358.5, 24.0), RenderTapRegion#9e8c8@Offset(358.5, 24.0), RenderMouseRegion#2e0e0@Offset(358.5, 24.0), RenderFlex#65d2e@Offset(358.5, 24.0), RenderPadding#74350@Offset(382.5, 48.0), RenderFlex#8efec@Offset(382.5, 109.0), RenderPadding#d107d@Offset(384.0, 110.5), RenderDecoratedBox#995b3@Offset(384.0, 110.5), RenderConstrainedBox#63053@Offset(384.0, 110.5), _RenderInkFeatures#5849f@Offset(384.0, 110.5), RenderCustomPaint#dc9ac@Offset(384.0, 110.5), RenderPhysicalShape#f5e4d@Offset(384.0, 110.5), RenderConstrainedBox#0f478@Offset(384.0, 110.5), RenderPositionedBox#21a79@Offset(384.0, 266.5), RenderPadding#efb0e@Offset(400.0, 282.5), RenderSemanticsAnnotations#b0c16@Offset(400.0, 282.5), RenderPadding#3492b@Offset(400.0, 282.5), RenderPadding#d43c4@Offset(400.0, 282.5), RenderSemanticsAnnotations#ac9c7@Offset(400.0, 282.5), RenderRepaintBoundary#0250d@Offset(400.0, 282.5), RenderIgnorePointer#8e23e@Offset(400.0, 282.5), RenderAnimatedOpacity#741ad@Offset(400.0, 282.5), RenderRepaintBoundary#8956d@Offset(400.0, 282.5), RenderSemanticsAnnotations#b43e1@Offset(400.0, 282.5), RenderOffstage#9d2ed@Offset(400.0, 282.5), RenderSemanticsAnnotations#4eedd@Offset(400.0, 282.5), _RenderTheater#2a7b0@Offset(400.0, 282.5), RenderAbsorbPointer#75c3b@Offset(400.0, 282.5), RenderPointerListener#9e10e@Offset(400.0, 282.5), RenderSemanticsAnnotations#a893f@Offset(400.0, 282.5), RenderCustomPaint#2de32@Offset(400.0, 282.5), RenderSemanticsAnnotations#86500@Offset(400.0, 282.5), RenderSemanticsAnnotations#abe0f@Offset(400.0, 282.5), RenderTapRegionSurface#42140@Offset(400.0, 282.5), RenderSemanticsAnnotations#bc1e4@Offset(400.0, 282.5), RenderSemanticsAnnotations#0a077@Offset(400.0, 282.5), RenderSemanticsAnnotations#6d9eb@Offset(400.0, 282.5), HitTestEntry<HitTestTarget>#377c3(_ReusableRenderView#8ca5e), HitTestEntry<HitTestTarget>#e558b(<AutomatedTestWidgetsFlutterBinding>))
#0      WidgetController._getElementPoint (package:flutter_test/src/controller.dart:2081:25)
#1      WidgetController.getCenter (package:flutter_test/src/controller.dart:1865:12)
#2      WidgetController.drag (package:flutter_test/src/controller.dart:1541:7)
#3      MonkeyTestRunner._safeScroll (file:///Users/engammar/Apps/silni_app/test/adversarial/monkey_test.dart:399:22)
#4      MonkeyTestRunner._executeAction (file:///Users/engammar/Apps/silni_app/test/adversarial/monkey_test.dart:335:15)
#5      MonkeyTestRunner.runMonkeyActions (file:///Users/engammar/Apps/silni_app/test/adversarial/monkey_test.dart:303:15)
<asynchronous suspension>
#6      main.<anonymous closure>.<anonymous closure>.<anonymous closure> (file:///Users/engammar/Apps/silni_app/test/adversarial/monkey_test.dart:1126:11)
<asynchronous suspension>
#7      testWidgets.<anonymous closure>.<anonymous closure> (package:flutter_test/src/widget_tester.dart:192:15)
<asynchronous suspension>
#8      TestWidgetsFlutterBinding._runTestBody (package:flutter_test/src/binding.dart:1059:5)
<asynchronous suspension>
#9      StackZoneSpecification._registerCallback.<anonymous closure> (package:stack_trace/src/stack_zone_specification.dart:114:42)
<asynchronous suspension>
To silence this warning, pass "warnIfMissed: false" to "drag()".
To make this warning fatal, set WidgetController.hitTestWarningShouldBeFatal to true.


Warning: A call to fling() with finder "Found 1 widget with type "Scrollable" (ignoring all but first): [
  Scrollable-[GlobalKey#9bdd1](axisDirection: right, physics: null, restorationId: "editable", dependencies: [InheritedCupertinoTheme, MediaQuery, UnmanagedRestorationScope, _InheritedTheme, _LocalizationsScope-[GlobalKey#172f2]], state: ScrollableState#4f6a2(position: ScrollPositionWithSingleContext#37c79(offset: 0.0, range: 0.0..0.0, viewport: 717.0, ScrollableState, ClampingScrollPhysics -> RangeMaintainingScrollPhysics -> ClampingScrollPhysics -> RangeMaintainingScrollPhysics, IdleScrollActivity#50a61, ScrollDirection.idle), effective physics: ClampingScrollPhysics -> RangeMaintainingScrollPhysics -> ClampingScrollPhysics -> RangeMaintainingScrollPhysics)),
]" derived an Offset (Offset(400.0, 282.5)) that would not hit test on the specified widget.
Maybe the widget is actually off-screen, or another widget is obscuring it, or the widget cannot receive pointer events.
The finder corresponds to this RenderBox: RenderPointerListener#d25db relayoutBoundary=up22
The hit test result at that offset is: HitTestResult(RenderEditable#7b31b@Offset(358.5, 12.0), _RenderSizeChangedWithCallback#67410@Offset(358.5, 12.0), RenderSemanticsAnnotations#a6f07@Offset(358.5, 12.0), RenderLeaderLayer#f7a5e@Offset(358.5, 12.0), RenderIgnorePointer#db8b8@Offset(358.5, 12.0), RenderSemanticsAnnotations#70ed7@Offset(358.5, 12.0), RenderPointerListener#66880@Offset(358.5, 12.0), RenderPointerListener#19307@Offset(358.5, 12.0), RenderMouseRegion#c0706@Offset(358.5, 12.0), RenderTapRegion#7d022@Offset(358.5, 12.0), _RenderCompositionCallback#54313@Offset(358.5, 12.0), RenderRepaintBoundary#596ea@Offset(358.5, 12.0), _RenderDecoration#cae07@Offset(358.5, 24.0), RenderPointerListener#e638d@Offset(358.5, 24.0), RenderSemanticsAnnotations#96787@Offset(358.5, 24.0), RenderIgnorePointer#07961@Offset(358.5, 24.0), RenderTapRegion#9e8c8@Offset(358.5, 24.0), RenderMouseRegion#2e0e0@Offset(358.5, 24.0), RenderFlex#65d2e@Offset(358.5, 24.0), RenderPadding#74350@Offset(382.5, 48.0), RenderFlex#8efec@Offset(382.5, 109.0), RenderPadding#d107d@Offset(384.0, 110.5), RenderDecoratedBox#995b3@Offset(384.0, 110.5), RenderConstrainedBox#63053@Offset(384.0, 110.5), _RenderInkFeatures#5849f@Offset(384.0, 110.5), RenderCustomPaint#dc9ac@Offset(384.0, 110.5), RenderPhysicalShape#f5e4d@Offset(384.0, 110.5), RenderConstrainedBox#0f478@Offset(384.0, 110.5), RenderPositionedBox#21a79@Offset(384.0, 266.5), RenderPadding#efb0e@Offset(400.0, 282.5), RenderSemanticsAnnotations#b0c16@Offset(400.0, 282.5), RenderPadding#3492b@Offset(400.0, 282.5), RenderPadding#d43c4@Offset(400.0, 282.5), RenderSemanticsAnnotations#ac9c7@Offset(400.0, 282.5), RenderRepaintBoundary#0250d@Offset(400.0, 282.5), RenderIgnorePointer#8e23e@Offset(400.0, 282.5), RenderAnimatedOpacity#741ad@Offset(400.0, 282.5), RenderRepaintBoundary#8956d@Offset(400.0, 282.5), RenderSemanticsAnnotations#b43e1@Offset(400.0, 282.5), RenderOffstage#9d2ed@Offset(400.0, 282.5), RenderSemanticsAnnotations#4eedd@Offset(400.0, 282.5), _RenderTheater#2a7b0@Offset(400.0, 282.5), RenderAbsorbPointer#75c3b@Offset(400.0, 282.5), RenderPointerListener#9e10e@Offset(400.0, 282.5), RenderSemanticsAnnotations#a893f@Offset(400.0, 282.5), RenderCustomPaint#2de32@Offset(400.0, 282.5), RenderSemanticsAnnotations#86500@Offset(400.0, 282.5), RenderSemanticsAnnotations#abe0f@Offset(400.0, 282.5), RenderTapRegionSurface#42140@Offset(400.0, 282.5), RenderSemanticsAnnotations#bc1e4@Offset(400.0, 282.5), RenderSemanticsAnnotations#0a077@Offset(400.0, 282.5), RenderSemanticsAnnotations#6d9eb@Offset(400.0, 282.5), HitTestEntry<HitTestTarget>#5f01f(_ReusableRenderView#8ca5e), HitTestEntry<HitTestTarget>#dcef7(<AutomatedTestWidgetsFlutterBinding>))
#0      WidgetController._getElementPoint (package:flutter_test/src/controller.dart:2081:25)
#1      WidgetController.getCenter (package:flutter_test/src/controller.dart:1865:12)
#2      WidgetController.fling (package:flutter_test/src/controller.dart:1257:7)
#3      MonkeyTestRunner._safeFling (file:///Users/engammar/Apps/silni_app/test/adversarial/monkey_test.dart:387:22)
#4      MonkeyTestRunner._executeAction (file:///Users/engammar/Apps/silni_app/test/adversarial/monkey_test.dart:332:15)
#5      MonkeyTestRunner.runMonkeyActions (file:///Users/engammar/Apps/silni_app/test/adversarial/monkey_test.dart:303:15)
<asynchronous suspension>
#6      main.<anonymous closure>.<anonymous closure>.<anonymous closure> (file:///Users/engammar/Apps/silni_app/test/adversarial/monkey_test.dart:1126:11)
<asynchronous suspension>
#7      testWidgets.<anonymous closure>.<anonymous closure> (package:flutter_test/src/widget_tester.dart:192:15)
<asynchronous suspension>
#8      TestWidgetsFlutterBinding._runTestBody (package:flutter_test/src/binding.dart:1059:5)
<asynchronous suspension>
#9      StackZoneSpecification._registerCallback.<anonymous closure> (package:stack_trace/src/stack_zone_specification.dart:114:42)
<asynchronous suspension>
To silence this warning, pass "warnIfMissed: false" to "fling()".
To make this warning fatal, set WidgetController.hitTestWarningShouldBeFatal to true.

00:25 +1601 ~26: /Users/engammar/Apps/silni_app/test/adversarial/memory_leak_test.dart: ... Leak Tests - PROSECUTOR MODE Widget Creation/Destruction Leaks create and destroy 1000 screens without leak00:25 +1601 ~26: /Users/engammar/Apps/silni_app/test/adversarial/monkey_test.dart: Monkey Tests - PROSECUTOR MODE Stress Monkey Tests survive 1000 random actions on complex UI                        

Warning: A call to fling() with finder "Found 1 widget with type "Scrollable" (ignoring all but first): [
  Scrollable(axisDirection: right, physics: _ForceImplicitScrollPhysics -> PageScrollPhysics -> PageScrollPhysics -> ClampingScrollPhysics, restorationId: null, dependencies: [InheritedCupertinoTheme, MediaQuery, UnmanagedRestorationScope, _InheritedTheme, _LocalizationsScope-[GlobalKey#8524b]], state: ScrollableState#447e0(tickers: tracking 1 ticker, position: _PagePosition#5ab63(offset: 1.0, range: 0.0..1600.0, viewport: 800.0, ScrollableState, _ForceImplicitScrollPhysics -> PageScrollPhysics -> PageScrollPhysics -> ClampingScrollPhysics -> ClampingScrollPhysics -> RangeMaintainingScrollPhysics, BallisticScrollActivity#9e08b(AnimationController#9fc62(▶ 1.035; for BallisticScrollActivity)), ScrollDirection.idle), effective physics: _ForceImplicitScrollPhysics -> PageScrollPhysics -> PageScrollPhysics -> ClampingScrollPhysics -> ClampingScrollPhysics -> RangeMaintainingScrollPhysics)),
]" derived an Offset (Offset(400.0, 352.0)) that would not hit test on the specified widget.
Maybe the widget is actually off-screen, or another widget is obscuring it, or the widget cannot receive pointer events.
The finder corresponds to this RenderBox: RenderClipRect#758e7 relayoutBoundary=up1
The hit test result at that offset is: HitTestResult(_RenderColoredBox#f217a@Offset(400.0, 352.0), RenderSemanticsAnnotations#93717@Offset(400.0, 352.0), RenderPointerListener#f92f3@Offset(400.0, 352.0), RenderSemanticsGestureHandler#fd276@Offset(400.0, 352.0), RenderExcludeSemantics#0cb77@Offset(400.0, 352.0), RenderBlockSemantics#93c2d@Offset(400.0, 352.0), RenderStack#1ca46@Offset(400.0, 352.0), RenderRepaintBoundary#05be5@Offset(400.0, 352.0), RenderPointerListener#e5077@Offset(400.0, 352.0), RenderCustomMultiChildLayoutBox#18d28@Offset(400.0, 352.0), _RenderInkFeatures#d8a80@Offset(400.0, 352.0), RenderPhysicalModel#5f74c@Offset(400.0, 352.0), RenderSemanticsAnnotations#ef8e8@Offset(400.0, 352.0), RenderRepaintBoundary#fd4c8@Offset(400.0, 352.0), RenderIgnorePointer#8cd4e@Offset(400.0, 352.0), RenderAnimatedOpacity#dee2c@Offset(400.0, 352.0), RenderAnimatedOpacity#13e8a@Offset(400.0, 352.0), _RenderColoredBox#be826@Offset(400.0, 352.0), RenderAnimatedOpacity#cbe2b@Offset(400.0, 352.0), RenderIgnorePointer#5ffa7@Offset(400.0, 352.0), RenderAnimatedOpacity#e8fe2@Offset(400.0, 352.0), RenderRepaintBoundary#edade@Offset(400.0, 352.0), RenderSemanticsAnnotations#9de13@Offset(400.0, 352.0), RenderOffstage#51083@Offset(400.0, 352.0), RenderSemanticsAnnotations#1a018@Offset(400.0, 352.0), _RenderTheater#f0ff5@Offset(400.0, 352.0), RenderAbsorbPointer#83235@Offset(400.0, 352.0), RenderPointerListener#631de@Offset(400.0, 352.0), RenderSemanticsAnnotations#a05a7@Offset(400.0, 352.0), RenderCustomPaint#453c6@Offset(400.0, 352.0), RenderSemanticsAnnotations#b8493@Offset(400.0, 352.0), RenderSemanticsAnnotations#9609a@Offset(400.0, 352.0), RenderTapRegionSurface#2227a@Offset(400.0, 352.0), RenderSemanticsAnnotations#a351e@Offset(400.0, 352.0), RenderSemanticsAnnotations#db341@Offset(400.0, 352.0), RenderSemanticsAnnotations#f7465@Offset(400.0, 352.0), HitTestEntry<HitTestTarget>#07a9c(_ReusableRenderView#8ca5e), HitTestEntry<HitTestTarget>#ba0a1(<AutomatedTestWidgetsFlutterBinding>))
#0      WidgetController._getElementPoint (package:flutter_test/src/controller.dart:2081:25)
#1      WidgetController.getCenter (package:flutter_test/src/controller.dart:1865:12)
#2      WidgetController.fling (package:flutter_test/src/controller.dart:1257:7)
#3      MonkeyTestRunner._safeFling (file:///Users/engammar/Apps/silni_app/test/adversarial/monkey_test.dart:387:22)
#4      MonkeyTestRunner._executeAction (file:///Users/engammar/Apps/silni_app/test/adversarial/monkey_test.dart:332:15)
#5      MonkeyTestRunner.runMonkeyActions (file:///Users/engammar/Apps/silni_app/test/adversarial/monkey_test.dart:303:15)
<asynchronous suspension>
#6      main.<anonymous closure>.<anonymous closure>.<anonymous closure> (file:///Users/engammar/Apps/silni_app/test/adversarial/monkey_test.dart:1221:9)
<asynchronous suspension>
#7      testWidgets.<anonymous closure>.<anonymous closure> (package:flutter_test/src/widget_tester.dart:192:15)
<asynchronous suspension>
#8      TestWidgetsFlutterBinding._runTestBody (package:flutter_test/src/binding.dart:1059:5)
<asynchronous suspension>
#9      StackZoneSpecification._registerCallback.<anonymous closure> (package:stack_trace/src/stack_zone_specification.dart:114:42)
<asynchronous suspension>
To silence this warning, pass "warnIfMissed: false" to "fling()".
To make this warning fatal, set WidgetController.hitTestWarningShouldBeFatal to true.

00:27 +1602 ~26: /Users/engammar/Apps/silni_app/test/adversarial/monkey_test.dart: Monkey Tests - PROSECUTOR MODE Stress Monkey Tests survive 1000 random actions on complex UI                        00:27 +1602 ~26: /Users/engammar/Apps/silni_app/test/adversarial/monkey_test.dart: Monkey Tests - PROSECUTOR MODE Stress Monkey Tests survive 1000 random actions on complex UI                        

Warning: A call to drag() with finder "Found 1 widget with type "Scrollable" (ignoring all but first): [
  Scrollable(axisDirection: right, physics: _ForceImplicitScrollPhysics -> PageScrollPhysics -> PageScrollPhysics -> ClampingScrollPhysics, restorationId: null, dependencies: [InheritedCupertinoTheme, MediaQuery, UnmanagedRestorationScope, _InheritedTheme, _LocalizationsScope-[GlobalKey#8524b]], state: ScrollableState#447e0(tickers: tracking 1 ticker, position: _PagePosition#5ab63(offset: 1467.0, range: 0.0..1600.0, viewport: 800.0, ScrollableState, _ForceImplicitScrollPhysics -> PageScrollPhysics -> PageScrollPhysics -> ClampingScrollPhysics -> ClampingScrollPhysics -> RangeMaintainingScrollPhysics, BallisticScrollActivity#023e0(AnimationController#f04c8(▶ 1467.028; for BallisticScrollActivity)), ScrollDirection.reverse), effective physics: _ForceImplicitScrollPhysics -> PageScrollPhysics -> PageScrollPhysics -> ClampingScrollPhysics -> ClampingScrollPhysics -> RangeMaintainingScrollPhysics)),
]" derived an Offset (Offset(400.0, 352.0)) that would not hit test on the specified widget.
Maybe the widget is actually off-screen, or another widget is obscuring it, or the widget cannot receive pointer events.
The finder corresponds to this RenderBox: RenderClipRect#758e7 relayoutBoundary=up1
The hit test result at that offset is: HitTestResult(_RenderColoredBox#c9e28@Offset(400.0, 352.0), RenderSemanticsAnnotations#cec7e@Offset(400.0, 352.0), RenderPointerListener#77a17@Offset(400.0, 352.0), RenderSemanticsGestureHandler#2bafc@Offset(400.0, 352.0), RenderExcludeSemantics#ecf69@Offset(400.0, 352.0), RenderBlockSemantics#5ba9d@Offset(400.0, 352.0), RenderStack#733d7@Offset(400.0, 352.0), RenderRepaintBoundary#e6ced@Offset(400.0, 352.0), RenderPointerListener#e5077@Offset(400.0, 352.0), RenderCustomMultiChildLayoutBox#18d28@Offset(400.0, 352.0), _RenderInkFeatures#d8a80@Offset(400.0, 352.0), RenderPhysicalModel#5f74c@Offset(400.0, 352.0), RenderSemanticsAnnotations#ef8e8@Offset(400.0, 352.0), RenderRepaintBoundary#fd4c8@Offset(400.0, 352.0), RenderIgnorePointer#8cd4e@Offset(400.0, 352.0), RenderAnimatedOpacity#dee2c@Offset(400.0, 352.0), RenderAnimatedOpacity#13e8a@Offset(400.0, 352.0), _RenderColoredBox#be826@Offset(400.0, 352.0), RenderAnimatedOpacity#cbe2b@Offset(400.0, 352.0), RenderIgnorePointer#5ffa7@Offset(400.0, 352.0), RenderAnimatedOpacity#e8fe2@Offset(400.0, 352.0), RenderRepaintBoundary#edade@Offset(400.0, 352.0), RenderSemanticsAnnotations#9de13@Offset(400.0, 352.0), RenderOffstage#51083@Offset(400.0, 352.0), RenderSemanticsAnnotations#1a018@Offset(400.0, 352.0), _RenderTheater#f0ff5@Offset(400.0, 352.0), RenderAbsorbPointer#83235@Offset(400.0, 352.0), RenderPointerListener#631de@Offset(400.0, 352.0), RenderSemanticsAnnotations#a05a7@Offset(400.0, 352.0), RenderCustomPaint#453c6@Offset(400.0, 352.0), RenderSemanticsAnnotations#b8493@Offset(400.0, 352.0), RenderSemanticsAnnotations#9609a@Offset(400.0, 352.0), RenderTapRegionSurface#2227a@Offset(400.0, 352.0), RenderSemanticsAnnotations#a351e@Offset(400.0, 352.0), RenderSemanticsAnnotations#db341@Offset(400.0, 352.0), RenderSemanticsAnnotations#f7465@Offset(400.0, 352.0), HitTestEntry<HitTestTarget>#33451(_ReusableRenderView#8ca5e), HitTestEntry<HitTestTarget>#13391(<AutomatedTestWidgetsFlutterBinding>))
#0      WidgetController._getElementPoint (package:flutter_test/src/controller.dart:2081:25)
#1      WidgetController.getCenter (package:flutter_test/src/controller.dart:1865:12)
#2      WidgetController.drag (package:flutter_test/src/controller.dart:1541:7)
#3      MonkeyTestRunner._safeScroll (file:///Users/engammar/Apps/silni_app/test/adversarial/monkey_test.dart:399:22)
#4      MonkeyTestRunner._executeAction (file:///Users/engammar/Apps/silni_app/test/adversarial/monkey_test.dart:335:15)
#5      MonkeyTestRunner.runMonkeyActions (file:///Users/engammar/Apps/silni_app/test/adversarial/monkey_test.dart:303:15)
<asynchronous suspension>
#6      main.<anonymous closure>.<anonymous closure>.<anonymous closure> (file:///Users/engammar/Apps/silni_app/test/adversarial/monkey_test.dart:1221:9)
<asynchronous suspension>
#7      testWidgets.<anonymous closure>.<anonymous closure> (package:flutter_test/src/widget_tester.dart:192:15)
<asynchronous suspension>
#8      TestWidgetsFlutterBinding._runTestBody (package:flutter_test/src/binding.dart:1059:5)
<asynchronous suspension>
#9      StackZoneSpecification._registerCallback.<anonymous closure> (package:stack_trace/src/stack_zone_specification.dart:114:42)
<asynchronous suspension>
To silence this warning, pass "warnIfMissed: false" to "drag()".
To make this warning fatal, set WidgetController.hitTestWarningShouldBeFatal to true.


Warning: A call to fling() with finder "Found 1 widget with type "Scrollable" (ignoring all but first): [
  Scrollable(axisDirection: right, physics: _ForceImplicitScrollPhysics -> PageScrollPhysics -> PageScrollPhysics -> ClampingScrollPhysics, restorationId: null, dependencies: [InheritedCupertinoTheme, MediaQuery, UnmanagedRestorationScope, _InheritedTheme, _LocalizationsScope-[GlobalKey#8524b]], state: ScrollableState#447e0(tickers: tracking 1 ticker, position: _PagePosition#5ab63(offset: 1478.9, range: 0.0..1600.0, viewport: 800.0, ScrollableState, _ForceImplicitScrollPhysics -> PageScrollPhysics -> PageScrollPhysics -> ClampingScrollPhysics -> ClampingScrollPhysics -> RangeMaintainingScrollPhysics, BallisticScrollActivity#023e0(AnimationController#f04c8(▶ 1478.888; for BallisticScrollActivity)), ScrollDirection.reverse), effective physics: _ForceImplicitScrollPhysics -> PageScrollPhysics -> PageScrollPhysics -> ClampingScrollPhysics -> ClampingScrollPhysics -> RangeMaintainingScrollPhysics)),
]" derived an Offset (Offset(400.0, 352.0)) that would not hit test on the specified widget.
Maybe the widget is actually off-screen, or another widget is obscuring it, or the widget cannot receive pointer events.
The finder corresponds to this RenderBox: RenderClipRect#758e7 relayoutBoundary=up1
The hit test result at that offset is: HitTestResult(_RenderColoredBox#c9e28@Offset(400.0, 352.0), RenderSemanticsAnnotations#cec7e@Offset(400.0, 352.0), RenderPointerListener#77a17@Offset(400.0, 352.0), RenderSemanticsGestureHandler#2bafc@Offset(400.0, 352.0), RenderExcludeSemantics#ecf69@Offset(400.0, 352.0), RenderBlockSemantics#5ba9d@Offset(400.0, 352.0), RenderStack#733d7@Offset(400.0, 352.0), RenderRepaintBoundary#e6ced@Offset(400.0, 352.0), RenderPointerListener#e5077@Offset(400.0, 352.0), RenderCustomMultiChildLayoutBox#18d28@Offset(400.0, 352.0), _RenderInkFeatures#d8a80@Offset(400.0, 352.0), RenderPhysicalModel#5f74c@Offset(400.0, 352.0), RenderSemanticsAnnotations#ef8e8@Offset(400.0, 352.0), RenderRepaintBoundary#fd4c8@Offset(400.0, 352.0), RenderIgnorePointer#8cd4e@Offset(400.0, 352.0), RenderAnimatedOpacity#dee2c@Offset(400.0, 352.0), RenderAnimatedOpacity#13e8a@Offset(400.0, 352.0), _RenderColoredBox#be826@Offset(400.0, 352.0), RenderAnimatedOpacity#cbe2b@Offset(400.0, 352.0), RenderIgnorePointer#5ffa7@Offset(400.0, 352.0), RenderAnimatedOpacity#e8fe2@Offset(400.0, 352.0), RenderRepaintBoundary#edade@Offset(400.0, 352.0), RenderSemanticsAnnotations#9de13@Offset(400.0, 352.0), RenderOffstage#51083@Offset(400.0, 352.0), RenderSemanticsAnnotations#1a018@Offset(400.0, 352.0), _RenderTheater#f0ff5@Offset(400.0, 352.0), RenderAbsorbPointer#83235@Offset(400.0, 352.0), RenderPointerListener#631de@Offset(400.0, 352.0), RenderSemanticsAnnotations#a05a7@Offset(400.0, 352.0), RenderCustomPaint#453c6@Offset(400.0, 352.0), RenderSemanticsAnnotations#b8493@Offset(400.0, 352.0), RenderSemanticsAnnotations#9609a@Offset(400.0, 352.0), RenderTapRegionSurface#2227a@Offset(400.0, 352.0), RenderSemanticsAnnotations#a351e@Offset(400.0, 352.0), RenderSemanticsAnnotations#db341@Offset(400.0, 352.0), RenderSemanticsAnnotations#f7465@Offset(400.0, 352.0), HitTestEntry<HitTestTarget>#231aa(_ReusableRenderView#8ca5e), HitTestEntry<HitTestTarget>#ffbcf(<AutomatedTestWidgetsFlutterBinding>))
#0      WidgetController._getElementPoint (package:flutter_test/src/controller.dart:2081:25)
#1      WidgetController.getCenter (package:flutter_test/src/controller.dart:1865:12)
#2      WidgetController.fling (package:flutter_test/src/controller.dart:1257:7)
#3      MonkeyTestRunner._safeFling (file:///Users/engammar/Apps/silni_app/test/adversarial/monkey_test.dart:387:22)
#4      MonkeyTestRunner._executeAction (file:///Users/engammar/Apps/silni_app/test/adversarial/monkey_test.dart:332:15)
#5      MonkeyTestRunner.runMonkeyActions (file:///Users/engammar/Apps/silni_app/test/adversarial/monkey_test.dart:303:15)
<asynchronous suspension>
#6      main.<anonymous closure>.<anonymous closure>.<anonymous closure> (file:///Users/engammar/Apps/silni_app/test/adversarial/monkey_test.dart:1221:9)
<asynchronous suspension>
#7      testWidgets.<anonymous closure>.<anonymous closure> (package:flutter_test/src/widget_tester.dart:192:15)
<asynchronous suspension>
#8      TestWidgetsFlutterBinding._runTestBody (package:flutter_test/src/binding.dart:1059:5)
<asynchronous suspension>
#9      StackZoneSpecification._registerCallback.<anonymous closure> (package:stack_trace/src/stack_zone_specification.dart:114:42)
<asynchronous suspension>
To silence this warning, pass "warnIfMissed: false" to "fling()".
To make this warning fatal, set WidgetController.hitTestWarningShouldBeFatal to true.


Warning: A call to fling() with finder "Found 1 widget with type "Scrollable" (ignoring all but first): [
  Scrollable(axisDirection: right, physics: _ForceImplicitScrollPhysics -> PageScrollPhysics -> PageScrollPhysics -> ClampingScrollPhysics, restorationId: null, dependencies: [InheritedCupertinoTheme, MediaQuery, UnmanagedRestorationScope, _InheritedTheme, _LocalizationsScope-[GlobalKey#8524b]], state: ScrollableState#447e0(tickers: tracking 0 tickers, position: _PagePosition#5ab63(offset: 1600.0, range: 0.0..1600.0, viewport: 800.0, ScrollableState, _ForceImplicitScrollPhysics -> PageScrollPhysics -> PageScrollPhysics -> ClampingScrollPhysics -> ClampingScrollPhysics -> RangeMaintainingScrollPhysics, IdleScrollActivity#7ce13, ScrollDirection.idle), effective physics: _ForceImplicitScrollPhysics -> PageScrollPhysics -> PageScrollPhysics -> ClampingScrollPhysics -> ClampingScrollPhysics -> RangeMaintainingScrollPhysics)),
]" derived an Offset (Offset(400.0, 352.0)) that would not hit test on the specified widget.
Maybe the widget is actually off-screen, or another widget is obscuring it, or the widget cannot receive pointer events.
The finder corresponds to this RenderBox: RenderClipRect#758e7 relayoutBoundary=up1
The hit test result at that offset is: HitTestResult(_RenderColoredBox#37f07@Offset(400.0, 352.0), RenderSemanticsAnnotations#ccddf@Offset(400.0, 352.0), RenderPointerListener#e5847@Offset(400.0, 352.0), RenderSemanticsGestureHandler#1b23f@Offset(400.0, 352.0), RenderExcludeSemantics#d6fc1@Offset(400.0, 352.0), RenderBlockSemantics#25a85@Offset(400.0, 352.0), RenderStack#1edcd@Offset(400.0, 352.0), RenderRepaintBoundary#0fc35@Offset(400.0, 352.0), RenderPointerListener#e5077@Offset(400.0, 352.0), RenderCustomMultiChildLayoutBox#18d28@Offset(400.0, 352.0), _RenderInkFeatures#d8a80@Offset(400.0, 352.0), RenderPhysicalModel#5f74c@Offset(400.0, 352.0), RenderSemanticsAnnotations#ef8e8@Offset(400.0, 352.0), RenderRepaintBoundary#fd4c8@Offset(400.0, 352.0), RenderIgnorePointer#8cd4e@Offset(400.0, 352.0), RenderAnimatedOpacity#dee2c@Offset(400.0, 352.0), RenderAnimatedOpacity#13e8a@Offset(400.0, 352.0), _RenderColoredBox#be826@Offset(400.0, 352.0), RenderAnimatedOpacity#cbe2b@Offset(400.0, 352.0), RenderIgnorePointer#5ffa7@Offset(400.0, 352.0), RenderAnimatedOpacity#e8fe2@Offset(400.0, 352.0), RenderRepaintBoundary#edade@Offset(400.0, 352.0), RenderSemanticsAnnotations#9de13@Offset(400.0, 352.0), RenderOffstage#51083@Offset(400.0, 352.0), RenderSemanticsAnnotations#1a018@Offset(400.0, 352.0), _RenderTheater#f0ff5@Offset(400.0, 352.0), RenderAbsorbPointer#83235@Offset(400.0, 352.0), RenderPointerListener#631de@Offset(400.0, 352.0), RenderSemanticsAnnotations#a05a7@Offset(400.0, 352.0), RenderCustomPaint#453c6@Offset(400.0, 352.0), RenderSemanticsAnnotations#b8493@Offset(400.0, 352.0), RenderSemanticsAnnotations#9609a@Offset(400.0, 352.0), RenderTapRegionSurface#2227a@Offset(400.0, 352.0), RenderSemanticsAnnotations#a351e@Offset(400.0, 352.0), RenderSemanticsAnnotations#db341@Offset(400.0, 352.0), RenderSemanticsAnnotations#f7465@Offset(400.0, 352.0), HitTestEntry<HitTestTarget>#1d88d(_ReusableRenderView#8ca5e), HitTestEntry<HitTestTarget>#5e4f1(<AutomatedTestWidgetsFlutterBinding>))
#0      WidgetController._getElementPoint (package:flutter_test/src/controller.dart:2081:25)
#1      WidgetController.getCenter (package:flutter_test/src/controller.dart:1865:12)
#2      WidgetController.fling (package:flutter_test/src/controller.dart:1257:7)
#3      MonkeyTestRunner._safeFling (file:///Users/engammar/Apps/silni_app/test/adversarial/monkey_test.dart:387:22)
#4      MonkeyTestRunner._executeAction (file:///Users/engammar/Apps/silni_app/test/adversarial/monkey_test.dart:332:15)
#5      MonkeyTestRunner.runMonkeyActions (file:///Users/engammar/Apps/silni_app/test/adversarial/monkey_test.dart:303:15)
<asynchronous suspension>
#6      main.<anonymous closure>.<anonymous closure>.<anonymous closure> (file:///Users/engammar/Apps/silni_app/test/adversarial/monkey_test.dart:1221:9)
<asynchronous suspension>
#7      testWidgets.<anonymous closure>.<anonymous closure> (package:flutter_test/src/widget_tester.dart:192:15)
<asynchronous suspension>
#8      TestWidgetsFlutterBinding._runTestBody (package:flutter_test/src/binding.dart:1059:5)
<asynchronous suspension>
#9      StackZoneSpecification._registerCallback.<anonymous closure> (package:stack_trace/src/stack_zone_specification.dart:114:42)
<asynchronous suspension>
To silence this warning, pass "warnIfMissed: false" to "fling()".
To make this warning fatal, set WidgetController.hitTestWarningShouldBeFatal to true.


Warning: A call to fling() with finder "Found 1 widget with type "Scrollable" (ignoring all but first): [
  Scrollable(axisDirection: right, physics: _ForceImplicitScrollPhysics -> PageScrollPhysics -> PageScrollPhysics -> ClampingScrollPhysics, restorationId: null, dependencies: [InheritedCupertinoTheme, MediaQuery, UnmanagedRestorationScope, _InheritedTheme, _LocalizationsScope-[GlobalKey#8524b]], state: ScrollableState#447e0(tickers: tracking 0 tickers, position: _PagePosition#5ab63(offset: 1600.0, range: 0.0..1600.0, viewport: 800.0, ScrollableState, _ForceImplicitScrollPhysics -> PageScrollPhysics -> PageScrollPhysics -> ClampingScrollPhysics -> ClampingScrollPhysics -> RangeMaintainingScrollPhysics, IdleScrollActivity#7ce13, ScrollDirection.idle), effective physics: _ForceImplicitScrollPhysics -> PageScrollPhysics -> PageScrollPhysics -> ClampingScrollPhysics -> ClampingScrollPhysics -> RangeMaintainingScrollPhysics)),
]" derived an Offset (Offset(400.0, 352.0)) that would not hit test on the specified widget.
Maybe the widget is actually off-screen, or another widget is obscuring it, or the widget cannot receive pointer events.
The finder corresponds to this RenderBox: RenderClipRect#758e7 relayoutBoundary=up1
The hit test result at that offset is: HitTestResult(_RenderColoredBox#37f07@Offset(400.0, 352.0), RenderSemanticsAnnotations#ccddf@Offset(400.0, 352.0), RenderPointerListener#e5847@Offset(400.0, 352.0), RenderSemanticsGestureHandler#1b23f@Offset(400.0, 352.0), RenderExcludeSemantics#d6fc1@Offset(400.0, 352.0), RenderBlockSemantics#25a85@Offset(400.0, 352.0), RenderStack#1edcd@Offset(400.0, 352.0), RenderRepaintBoundary#0fc35@Offset(400.0, 352.0), RenderPointerListener#e5077@Offset(400.0, 352.0), RenderCustomMultiChildLayoutBox#18d28@Offset(400.0, 352.0), _RenderInkFeatures#d8a80@Offset(400.0, 352.0), RenderPhysicalModel#5f74c@Offset(400.0, 352.0), RenderSemanticsAnnotations#ef8e8@Offset(400.0, 352.0), RenderRepaintBoundary#fd4c8@Offset(400.0, 352.0), RenderIgnorePointer#8cd4e@Offset(400.0, 352.0), RenderAnimatedOpacity#dee2c@Offset(400.0, 352.0), RenderAnimatedOpacity#13e8a@Offset(400.0, 352.0), _RenderColoredBox#be826@Offset(400.0, 352.0), RenderAnimatedOpacity#cbe2b@Offset(400.0, 352.0), RenderIgnorePointer#5ffa7@Offset(400.0, 352.0), RenderAnimatedOpacity#e8fe2@Offset(400.0, 352.0), RenderRepaintBoundary#edade@Offset(400.0, 352.0), RenderSemanticsAnnotations#9de13@Offset(400.0, 352.0), RenderOffstage#51083@Offset(400.0, 352.0), RenderSemanticsAnnotations#1a018@Offset(400.0, 352.0), _RenderTheater#f0ff5@Offset(400.0, 352.0), RenderAbsorbPointer#83235@Offset(400.0, 352.0), RenderPointerListener#631de@Offset(400.0, 352.0), RenderSemanticsAnnotations#a05a7@Offset(400.0, 352.0), RenderCustomPaint#453c6@Offset(400.0, 352.0), RenderSemanticsAnnotations#b8493@Offset(400.0, 352.0), RenderSemanticsAnnotations#9609a@Offset(400.0, 352.0), RenderTapRegionSurface#2227a@Offset(400.0, 352.0), RenderSemanticsAnnotations#a351e@Offset(400.0, 352.0), RenderSemanticsAnnotations#db341@Offset(400.0, 352.0), RenderSemanticsAnnotations#f7465@Offset(400.0, 352.0), HitTestEntry<HitTestTarget>#5f4bd(_ReusableRenderView#8ca5e), HitTestEntry<HitTestTarget>#44e6a(<AutomatedTestWidgetsFlutterBinding>))
#0      WidgetController._getElementPoint (package:flutter_test/src/controller.dart:2081:25)
#1      WidgetController.getCenter (package:flutter_test/src/controller.dart:1865:12)
#2      WidgetController.fling (package:flutter_test/src/controller.dart:1257:7)
#3      MonkeyTestRunner._safeFling (file:///Users/engammar/Apps/silni_app/test/adversarial/monkey_test.dart:387:22)
#4      MonkeyTestRunner._executeAction (file:///Users/engammar/Apps/silni_app/test/adversarial/monkey_test.dart:332:15)
#5      MonkeyTestRunner.runMonkeyActions (file:///Users/engammar/Apps/silni_app/test/adversarial/monkey_test.dart:303:15)
<asynchronous suspension>
#6      main.<anonymous closure>.<anonymous closure>.<anonymous closure> (file:///Users/engammar/Apps/silni_app/test/adversarial/monkey_test.dart:1221:9)
<asynchronous suspension>
#7      testWidgets.<anonymous closure>.<anonymous closure> (package:flutter_test/src/widget_tester.dart:192:15)
<asynchronous suspension>
#8      TestWidgetsFlutterBinding._runTestBody (package:flutter_test/src/binding.dart:1059:5)
<asynchronous suspension>
#9      StackZoneSpecification._registerCallback.<anonymous closure> (package:stack_trace/src/stack_zone_specification.dart:114:42)
<asynchronous suspension>
To silence this warning, pass "warnIfMissed: false" to "fling()".
To make this warning fatal, set WidgetController.hitTestWarningShouldBeFatal to true.


Warning: A call to fling() with finder "Found 1 widget with type "Scrollable" (ignoring all but first): [
  Scrollable(axisDirection: right, physics: _ForceImplicitScrollPhysics -> PageScrollPhysics -> PageScrollPhysics -> ClampingScrollPhysics, restorationId: null, dependencies: [InheritedCupertinoTheme, MediaQuery, UnmanagedRestorationScope, _InheritedTheme, _LocalizationsScope-[GlobalKey#8524b]], state: ScrollableState#447e0(tickers: tracking 0 tickers, position: _PagePosition#5ab63(offset: 1600.0, range: 0.0..1600.0, viewport: 800.0, ScrollableState, _ForceImplicitScrollPhysics -> PageScrollPhysics -> PageScrollPhysics -> ClampingScrollPhysics -> ClampingScrollPhysics -> RangeMaintainingScrollPhysics, IdleScrollActivity#7ce13, ScrollDirection.idle), effective physics: _ForceImplicitScrollPhysics -> PageScrollPhysics -> PageScrollPhysics -> ClampingScrollPhysics -> ClampingScrollPhysics -> RangeMaintainingScrollPhysics)),
]" derived an Offset (Offset(400.0, 352.0)) that would not hit test on the specified widget.
Maybe the widget is actually off-screen, or another widget is obscuring it, or the widget cannot receive pointer events.
The finder corresponds to this RenderBox: RenderClipRect#758e7 relayoutBoundary=up1
The hit test result at that offset is: HitTestResult(_RenderColoredBox#37f07@Offset(400.0, 352.0), RenderSemanticsAnnotations#ccddf@Offset(400.0, 352.0), RenderPointerListener#e5847@Offset(400.0, 352.0), RenderSemanticsGestureHandler#1b23f@Offset(400.0, 352.0), RenderExcludeSemantics#d6fc1@Offset(400.0, 352.0), RenderBlockSemantics#25a85@Offset(400.0, 352.0), RenderStack#1edcd@Offset(400.0, 352.0), RenderRepaintBoundary#0fc35@Offset(400.0, 352.0), RenderPointerListener#e5077@Offset(400.0, 352.0), RenderCustomMultiChildLayoutBox#18d28@Offset(400.0, 352.0), _RenderInkFeatures#d8a80@Offset(400.0, 352.0), RenderPhysicalModel#5f74c@Offset(400.0, 352.0), RenderSemanticsAnnotations#ef8e8@Offset(400.0, 352.0), RenderRepaintBoundary#fd4c8@Offset(400.0, 352.0), RenderIgnorePointer#8cd4e@Offset(400.0, 352.0), RenderAnimatedOpacity#dee2c@Offset(400.0, 352.0), RenderAnimatedOpacity#13e8a@Offset(400.0, 352.0), _RenderColoredBox#be826@Offset(400.0, 352.0), RenderAnimatedOpacity#cbe2b@Offset(400.0, 352.0), RenderIgnorePointer#5ffa7@Offset(400.0, 352.0), RenderAnimatedOpacity#e8fe2@Offset(400.0, 352.0), RenderRepaintBoundary#edade@Offset(400.0, 352.0), RenderSemanticsAnnotations#9de13@Offset(400.0, 352.0), RenderOffstage#51083@Offset(400.0, 352.0), RenderSemanticsAnnotations#1a018@Offset(400.0, 352.0), _RenderTheater#f0ff5@Offset(400.0, 352.0), RenderAbsorbPointer#83235@Offset(400.0, 352.0), RenderPointerListener#631de@Offset(400.0, 352.0), RenderSemanticsAnnotations#a05a7@Offset(400.0, 352.0), RenderCustomPaint#453c6@Offset(400.0, 352.0), RenderSemanticsAnnotations#b8493@Offset(400.0, 352.0), RenderSemanticsAnnotations#9609a@Offset(400.0, 352.0), RenderTapRegionSurface#2227a@Offset(400.0, 352.0), RenderSemanticsAnnotations#a351e@Offset(400.0, 352.0), RenderSemanticsAnnotations#db341@Offset(400.0, 352.0), RenderSemanticsAnnotations#f7465@Offset(400.0, 352.0), HitTestEntry<HitTestTarget>#d2231(_ReusableRenderView#8ca5e), HitTestEntry<HitTestTarget>#86f95(<AutomatedTestWidgetsFlutterBinding>))
#0      WidgetController._getElementPoint (package:flutter_test/src/controller.dart:2081:25)
#1      WidgetController.getCenter (package:flutter_test/src/controller.dart:1865:12)
#2      WidgetController.fling (package:flutter_test/src/controller.dart:1257:7)
#3      MonkeyTestRunner._safeFling (file:///Users/engammar/Apps/silni_app/test/adversarial/monkey_test.dart:387:22)
#4      MonkeyTestRunner._executeAction (file:///Users/engammar/Apps/silni_app/test/adversarial/monkey_test.dart:332:15)
#5      MonkeyTestRunner.runMonkeyActions (file:///Users/engammar/Apps/silni_app/test/adversarial/monkey_test.dart:303:15)
<asynchronous suspension>
#6      main.<anonymous closure>.<anonymous closure>.<anonymous closure> (file:///Users/engammar/Apps/silni_app/test/adversarial/monkey_test.dart:1221:9)
<asynchronous suspension>
#7      testWidgets.<anonymous closure>.<anonymous closure> (package:flutter_test/src/widget_tester.dart:192:15)
<asynchronous suspension>
#8      TestWidgetsFlutterBinding._runTestBody (package:flutter_test/src/binding.dart:1059:5)
<asynchronous suspension>
#9      StackZoneSpecification._registerCallback.<anonymous closure> (package:stack_trace/src/stack_zone_specification.dart:114:42)
<asynchronous suspension>
To silence this warning, pass "warnIfMissed: false" to "fling()".
To make this warning fatal, set WidgetController.hitTestWarningShouldBeFatal to true.


Warning: A call to drag() with finder "Found 1 widget with type "Scrollable" (ignoring all but first): [
  Scrollable(axisDirection: right, physics: _ForceImplicitScrollPhysics -> PageScrollPhysics -> PageScrollPhysics -> ClampingScrollPhysics, restorationId: null, dependencies: [InheritedCupertinoTheme, MediaQuery, UnmanagedRestorationScope, _InheritedTheme, _LocalizationsScope-[GlobalKey#8524b]], state: ScrollableState#447e0(tickers: tracking 0 tickers, position: _PagePosition#5ab63(offset: 1600.0, range: 0.0..1600.0, viewport: 800.0, ScrollableState, _ForceImplicitScrollPhysics -> PageScrollPhysics -> PageScrollPhysics -> ClampingScrollPhysics -> ClampingScrollPhysics -> RangeMaintainingScrollPhysics, IdleScrollActivity#7ce13, ScrollDirection.idle), effective physics: _ForceImplicitScrollPhysics -> PageScrollPhysics -> PageScrollPhysics -> ClampingScrollPhysics -> ClampingScrollPhysics -> RangeMaintainingScrollPhysics)),
]" derived an Offset (Offset(400.0, 352.0)) that would not hit test on the specified widget.
Maybe the widget is actually off-screen, or another widget is obscuring it, or the widget cannot receive pointer events.
The finder corresponds to this RenderBox: RenderClipRect#758e7 relayoutBoundary=up1
The hit test result at that offset is: HitTestResult(_RenderColoredBox#37f07@Offset(400.0, 352.0), RenderSemanticsAnnotations#ccddf@Offset(400.0, 352.0), RenderPointerListener#e5847@Offset(400.0, 352.0), RenderSemanticsGestureHandler#1b23f@Offset(400.0, 352.0), RenderExcludeSemantics#d6fc1@Offset(400.0, 352.0), RenderBlockSemantics#25a85@Offset(400.0, 352.0), RenderStack#1edcd@Offset(400.0, 352.0), RenderRepaintBoundary#0fc35@Offset(400.0, 352.0), RenderPointerListener#e5077@Offset(400.0, 352.0), RenderCustomMultiChildLayoutBox#18d28@Offset(400.0, 352.0), _RenderInkFeatures#d8a80@Offset(400.0, 352.0), RenderPhysicalModel#5f74c@Offset(400.0, 352.0), RenderSemanticsAnnotations#ef8e8@Offset(400.0, 352.0), RenderRepaintBoundary#fd4c8@Offset(400.0, 352.0), RenderIgnorePointer#8cd4e@Offset(400.0, 352.0), RenderAnimatedOpacity#dee2c@Offset(400.0, 352.0), RenderAnimatedOpacity#13e8a@Offset(400.0, 352.0), _RenderColoredBox#be826@Offset(400.0, 352.0), RenderAnimatedOpacity#cbe2b@Offset(400.0, 352.0), RenderIgnorePointer#5ffa7@Offset(400.0, 352.0), RenderAnimatedOpacity#e8fe2@Offset(400.0, 352.0), RenderRepaintBoundary#edade@Offset(400.0, 352.0), RenderSemanticsAnnotations#9de13@Offset(400.0, 352.0), RenderOffstage#51083@Offset(400.0, 352.0), RenderSemanticsAnnotations#1a018@Offset(400.0, 352.0), _RenderTheater#f0ff5@Offset(400.0, 352.0), RenderAbsorbPointer#83235@Offset(400.0, 352.0), RenderPointerListener#631de@Offset(400.0, 352.0), RenderSemanticsAnnotations#a05a7@Offset(400.0, 352.0), RenderCustomPaint#453c6@Offset(400.0, 352.0), RenderSemanticsAnnotations#b8493@Offset(400.0, 352.0), RenderSemanticsAnnotations#9609a@Offset(400.0, 352.0), RenderTapRegionSurface#2227a@Offset(400.0, 352.0), RenderSemanticsAnnotations#a351e@Offset(400.0, 352.0), RenderSemanticsAnnotations#db341@Offset(400.0, 352.0), RenderSemanticsAnnotations#f7465@Offset(400.0, 352.0), HitTestEntry<HitTestTarget>#975fc(_ReusableRenderView#8ca5e), HitTestEntry<HitTestTarget>#6b875(<AutomatedTestWidgetsFlutterBinding>))
#0      WidgetController._getElementPoint (package:flutter_test/src/controller.dart:2081:25)
#1      WidgetController.getCenter (package:flutter_test/src/controller.dart:1865:12)
#2      WidgetController.drag (package:flutter_test/src/controller.dart:1541:7)
#3      MonkeyTestRunner._safeScroll (file:///Users/engammar/Apps/silni_app/test/adversarial/monkey_test.dart:399:22)
#4      MonkeyTestRunner._executeAction (file:///Users/engammar/Apps/silni_app/test/adversarial/monkey_test.dart:335:15)
#5      MonkeyTestRunner.runMonkeyActions (file:///Users/engammar/Apps/silni_app/test/adversarial/monkey_test.dart:303:15)
<asynchronous suspension>
#6      main.<anonymous closure>.<anonymous closure>.<anonymous closure> (file:///Users/engammar/Apps/silni_app/test/adversarial/monkey_test.dart:1221:9)
<asynchronous suspension>
#7      testWidgets.<anonymous closure>.<anonymous closure> (package:flutter_test/src/widget_tester.dart:192:15)
<asynchronous suspension>
#8      TestWidgetsFlutterBinding._runTestBody (package:flutter_test/src/binding.dart:1059:5)
<asynchronous suspension>
#9      StackZoneSpecification._registerCallback.<anonymous closure> (package:stack_trace/src/stack_zone_specification.dart:114:42)
<asynchronous suspension>
To silence this warning, pass "warnIfMissed: false" to "drag()".
To make this warning fatal, set WidgetController.hitTestWarningShouldBeFatal to true.


Warning: A call to drag() with finder "Found 1 widget with type "Scrollable" (ignoring all but first): [
  Scrollable(axisDirection: right, physics: _ForceImplicitScrollPhysics -> PageScrollPhysics -> PageScrollPhysics -> ClampingScrollPhysics, restorationId: null, dependencies: [InheritedCupertinoTheme, MediaQuery, UnmanagedRestorationScope, _InheritedTheme, _LocalizationsScope-[GlobalKey#8524b]], state: ScrollableState#447e0(tickers: tracking 0 tickers, position: _PagePosition#5ab63(offset: 1600.0, range: 0.0..1600.0, viewport: 800.0, ScrollableState, _ForceImplicitScrollPhysics -> PageScrollPhysics -> PageScrollPhysics -> ClampingScrollPhysics -> ClampingScrollPhysics -> RangeMaintainingScrollPhysics, IdleScrollActivity#7ce13, ScrollDirection.idle), effective physics: _ForceImplicitScrollPhysics -> PageScrollPhysics -> PageScrollPhysics -> ClampingScrollPhysics -> ClampingScrollPhysics -> RangeMaintainingScrollPhysics)),
]" derived an Offset (Offset(400.0, 352.0)) that would not hit test on the specified widget.
Maybe the widget is actually off-screen, or another widget is obscuring it, or the widget cannot receive pointer events.
The finder corresponds to this RenderBox: RenderClipRect#758e7 relayoutBoundary=up1
The hit test result at that offset is: HitTestResult(_RenderColoredBox#37f07@Offset(400.0, 352.0), RenderSemanticsAnnotations#ccddf@Offset(400.0, 352.0), RenderPointerListener#e5847@Offset(400.0, 352.0), RenderSemanticsGestureHandler#1b23f@Offset(400.0, 352.0), RenderExcludeSemantics#d6fc1@Offset(400.0, 352.0), RenderBlockSemantics#25a85@Offset(400.0, 352.0), RenderStack#1edcd@Offset(400.0, 352.0), RenderRepaintBoundary#0fc35@Offset(400.0, 352.0), RenderPointerListener#e5077@Offset(400.0, 352.0), RenderCustomMultiChildLayoutBox#18d28@Offset(400.0, 352.0), _RenderInkFeatures#d8a80@Offset(400.0, 352.0), RenderPhysicalModel#5f74c@Offset(400.0, 352.0), RenderSemanticsAnnotations#ef8e8@Offset(400.0, 352.0), RenderRepaintBoundary#fd4c8@Offset(400.0, 352.0), RenderIgnorePointer#8cd4e@Offset(400.0, 352.0), RenderAnimatedOpacity#dee2c@Offset(400.0, 352.0), RenderAnimatedOpacity#13e8a@Offset(400.0, 352.0), _RenderColoredBox#be826@Offset(400.0, 352.0), RenderAnimatedOpacity#cbe2b@Offset(400.0, 352.0), RenderIgnorePointer#5ffa7@Offset(400.0, 352.0), RenderAnimatedOpacity#e8fe2@Offset(400.0, 352.0), RenderRepaintBoundary#edade@Offset(400.0, 352.0), RenderSemanticsAnnotations#9de13@Offset(400.0, 352.0), RenderOffstage#51083@Offset(400.0, 352.0), RenderSemanticsAnnotations#1a018@Offset(400.0, 352.0), _RenderTheater#f0ff5@Offset(400.0, 352.0), RenderAbsorbPointer#83235@Offset(400.0, 352.0), RenderPointerListener#631de@Offset(400.0, 352.0), RenderSemanticsAnnotations#a05a7@Offset(400.0, 352.0), RenderCustomPaint#453c6@Offset(400.0, 352.0), RenderSemanticsAnnotations#b8493@Offset(400.0, 352.0), RenderSemanticsAnnotations#9609a@Offset(400.0, 352.0), RenderTapRegionSurface#2227a@Offset(400.0, 352.0), RenderSemanticsAnnotations#a351e@Offset(400.0, 352.0), RenderSemanticsAnnotations#db341@Offset(400.0, 352.0), RenderSemanticsAnnotations#f7465@Offset(400.0, 352.0), HitTestEntry<HitTestTarget>#a5832(_ReusableRenderView#8ca5e), HitTestEntry<HitTestTarget>#c23ac(<AutomatedTestWidgetsFlutterBinding>))
#0      WidgetController._getElementPoint (package:flutter_test/src/controller.dart:2081:25)
#1      WidgetController.getCenter (package:flutter_test/src/controller.dart:1865:12)
#2      WidgetController.drag (package:flutter_test/src/controller.dart:1541:7)
#3      MonkeyTestRunner._safeScroll (file:///Users/engammar/Apps/silni_app/test/adversarial/monkey_test.dart:399:22)
#4      MonkeyTestRunner._executeAction (file:///Users/engammar/Apps/silni_app/test/adversarial/monkey_test.dart:335:15)
#5      MonkeyTestRunner.runMonkeyActions (file:///Users/engammar/Apps/silni_app/test/adversarial/monkey_test.dart:303:15)
<asynchronous suspension>
#6      main.<anonymous closure>.<anonymous closure>.<anonymous closure> (file:///Users/engammar/Apps/silni_app/test/adversarial/monkey_test.dart:1221:9)
<asynchronous suspension>
#7      testWidgets.<anonymous closure>.<anonymous closure> (package:flutter_test/src/widget_tester.dart:192:15)
<asynchronous suspension>
#8      TestWidgetsFlutterBinding._runTestBody (package:flutter_test/src/binding.dart:1059:5)
<asynchronous suspension>
#9      StackZoneSpecification._registerCallback.<anonymous closure> (package:stack_trace/src/stack_zone_specification.dart:114:42)
<asynchronous suspension>
To silence this warning, pass "warnIfMissed: false" to "drag()".
To make this warning fatal, set WidgetController.hitTestWarningShouldBeFatal to true.


Warning: A call to drag() with finder "Found 1 widget with type "Scrollable" (ignoring all but first): [
  Scrollable(axisDirection: right, physics: _ForceImplicitScrollPhysics -> PageScrollPhysics -> PageScrollPhysics -> ClampingScrollPhysics, restorationId: null, dependencies: [InheritedCupertinoTheme, MediaQuery, UnmanagedRestorationScope, _InheritedTheme, _LocalizationsScope-[GlobalKey#8524b]], state: ScrollableState#447e0(tickers: tracking 0 tickers, position: _PagePosition#5ab63(offset: 1600.0, range: 0.0..1600.0, viewport: 800.0, ScrollableState, _ForceImplicitScrollPhysics -> PageScrollPhysics -> PageScrollPhysics -> ClampingScrollPhysics -> ClampingScrollPhysics -> RangeMaintainingScrollPhysics, IdleScrollActivity#7ce13, ScrollDirection.idle), effective physics: _ForceImplicitScrollPhysics -> PageScrollPhysics -> PageScrollPhysics -> ClampingScrollPhysics -> ClampingScrollPhysics -> RangeMaintainingScrollPhysics)),
]" derived an Offset (Offset(400.0, 352.0)) that would not hit test on the specified widget.
Maybe the widget is actually off-screen, or another widget is obscuring it, or the widget cannot receive pointer events.
The finder corresponds to this RenderBox: RenderClipRect#758e7 relayoutBoundary=up1
The hit test result at that offset is: HitTestResult(_RenderColoredBox#37f07@Offset(400.0, 352.0), RenderSemanticsAnnotations#ccddf@Offset(400.0, 352.0), RenderPointerListener#e5847@Offset(400.0, 352.0), RenderSemanticsGestureHandler#1b23f@Offset(400.0, 352.0), RenderExcludeSemantics#d6fc1@Offset(400.0, 352.0), RenderBlockSemantics#25a85@Offset(400.0, 352.0), RenderStack#1edcd@Offset(400.0, 352.0), RenderRepaintBoundary#0fc35@Offset(400.0, 352.0), RenderPointerListener#e5077@Offset(400.0, 352.0), RenderCustomMultiChildLayoutBox#18d28@Offset(400.0, 352.0), _RenderInkFeatures#d8a80@Offset(400.0, 352.0), RenderPhysicalModel#5f74c@Offset(400.0, 352.0), RenderSemanticsAnnotations#ef8e8@Offset(400.0, 352.0), RenderRepaintBoundary#fd4c8@Offset(400.0, 352.0), RenderIgnorePointer#8cd4e@Offset(400.0, 352.0), RenderAnimatedOpacity#dee2c@Offset(400.0, 352.0), RenderAnimatedOpacity#13e8a@Offset(400.0, 352.0), _RenderColoredBox#be826@Offset(400.0, 352.0), RenderAnimatedOpacity#cbe2b@Offset(400.0, 352.0), RenderIgnorePointer#5ffa7@Offset(400.0, 352.0), RenderAnimatedOpacity#e8fe2@Offset(400.0, 352.0), RenderRepaintBoundary#edade@Offset(400.0, 352.0), RenderSemanticsAnnotations#9de13@Offset(400.0, 352.0), RenderOffstage#51083@Offset(400.0, 352.0), RenderSemanticsAnnotations#1a018@Offset(400.0, 352.0), _RenderTheater#f0ff5@Offset(400.0, 352.0), RenderAbsorbPointer#83235@Offset(400.0, 352.0), RenderPointerListener#631de@Offset(400.0, 352.0), RenderSemanticsAnnotations#a05a7@Offset(400.0, 352.0), RenderCustomPaint#453c6@Offset(400.0, 352.0), RenderSemanticsAnnotations#b8493@Offset(400.0, 352.0), RenderSemanticsAnnotations#9609a@Offset(400.0, 352.0), RenderTapRegionSurface#2227a@Offset(400.0, 352.0), RenderSemanticsAnnotations#a351e@Offset(400.0, 352.0), RenderSemanticsAnnotations#db341@Offset(400.0, 352.0), RenderSemanticsAnnotations#f7465@Offset(400.0, 352.0), HitTestEntry<HitTestTarget>#60c3a(_ReusableRenderView#8ca5e), HitTestEntry<HitTestTarget>#d9361(<AutomatedTestWidgetsFlutterBinding>))
#0      WidgetController._getElementPoint (package:flutter_test/src/controller.dart:2081:25)
#1      WidgetController.getCenter (package:flutter_test/src/controller.dart:1865:12)
#2      WidgetController.drag (package:flutter_test/src/controller.dart:1541:7)
#3      MonkeyTestRunner._safeScroll (file:///Users/engammar/Apps/silni_app/test/adversarial/monkey_test.dart:399:22)
#4      MonkeyTestRunner._executeAction (file:///Users/engammar/Apps/silni_app/test/adversarial/monkey_test.dart:335:15)
#5      MonkeyTestRunner.runMonkeyActions (file:///Users/engammar/Apps/silni_app/test/adversarial/monkey_test.dart:303:15)
<asynchronous suspension>
#6      main.<anonymous closure>.<anonymous closure>.<anonymous closure> (file:///Users/engammar/Apps/silni_app/test/adversarial/monkey_test.dart:1221:9)
<asynchronous suspension>
#7      testWidgets.<anonymous closure>.<anonymous closure> (package:flutter_test/src/widget_tester.dart:192:15)
<asynchronous suspension>
#8      TestWidgetsFlutterBinding._runTestBody (package:flutter_test/src/binding.dart:1059:5)
<asynchronous suspension>
#9      StackZoneSpecification._registerCallback.<anonymous closure> (package:stack_trace/src/stack_zone_specification.dart:114:42)
<asynchronous suspension>
To silence this warning, pass "warnIfMissed: false" to "drag()".
To make this warning fatal, set WidgetController.hitTestWarningShouldBeFatal to true.


Warning: A call to fling() with finder "Found 1 widget with type "Scrollable" (ignoring all but first): [
  Scrollable(axisDirection: right, physics: _ForceImplicitScrollPhysics -> PageScrollPhysics -> PageScrollPhysics -> ClampingScrollPhysics, restorationId: null, dependencies: [InheritedCupertinoTheme, MediaQuery, UnmanagedRestorationScope, _InheritedTheme, _LocalizationsScope-[GlobalKey#8524b]], state: ScrollableState#447e0(tickers: tracking 0 tickers, position: _PagePosition#5ab63(offset: 1600.0, range: 0.0..1600.0, viewport: 800.0, ScrollableState, _ForceImplicitScrollPhysics -> PageScrollPhysics -> PageScrollPhysics -> ClampingScrollPhysics -> ClampingScrollPhysics -> RangeMaintainingScrollPhysics, IdleScrollActivity#7ce13, ScrollDirection.idle), effective physics: _ForceImplicitScrollPhysics -> PageScrollPhysics -> PageScrollPhysics -> ClampingScrollPhysics -> ClampingScrollPhysics -> RangeMaintainingScrollPhysics)),
]" derived an Offset (Offset(400.0, 352.0)) that would not hit test on the specified widget.
Maybe the widget is actually off-screen, or another widget is obscuring it, or the widget cannot receive pointer events.
The finder corresponds to this RenderBox: RenderClipRect#758e7 relayoutBoundary=up1
The hit test result at that offset is: HitTestResult(_RenderColoredBox#37f07@Offset(400.0, 352.0), RenderSemanticsAnnotations#ccddf@Offset(400.0, 352.0), RenderPointerListener#e5847@Offset(400.0, 352.0), RenderSemanticsGestureHandler#1b23f@Offset(400.0, 352.0), RenderExcludeSemantics#d6fc1@Offset(400.0, 352.0), RenderBlockSemantics#25a85@Offset(400.0, 352.0), RenderStack#1edcd@Offset(400.0, 352.0), RenderRepaintBoundary#0fc35@Offset(400.0, 352.0), RenderPointerListener#e5077@Offset(400.0, 352.0), RenderCustomMultiChildLayoutBox#18d28@Offset(400.0, 352.0), _RenderInkFeatures#d8a80@Offset(400.0, 352.0), RenderPhysicalModel#5f74c@Offset(400.0, 352.0), RenderSemanticsAnnotations#ef8e8@Offset(400.0, 352.0), RenderRepaintBoundary#fd4c8@Offset(400.0, 352.0), RenderIgnorePointer#8cd4e@Offset(400.0, 352.0), RenderAnimatedOpacity#dee2c@Offset(400.0, 352.0), RenderAnimatedOpacity#13e8a@Offset(400.0, 352.0), _RenderColoredBox#be826@Offset(400.0, 352.0), RenderAnimatedOpacity#cbe2b@Offset(400.0, 352.0), RenderIgnorePointer#5ffa7@Offset(400.0, 352.0), RenderAnimatedOpacity#e8fe2@Offset(400.0, 352.0), RenderRepaintBoundary#edade@Offset(400.0, 352.0), RenderSemanticsAnnotations#9de13@Offset(400.0, 352.0), RenderOffstage#51083@Offset(400.0, 352.0), RenderSemanticsAnnotations#1a018@Offset(400.0, 352.0), _RenderTheater#f0ff5@Offset(400.0, 352.0), RenderAbsorbPointer#83235@Offset(400.0, 352.0), RenderPointerListener#631de@Offset(400.0, 352.0), RenderSemanticsAnnotations#a05a7@Offset(400.0, 352.0), RenderCustomPaint#453c6@Offset(400.0, 352.0), RenderSemanticsAnnotations#b8493@Offset(400.0, 352.0), RenderSemanticsAnnotations#9609a@Offset(400.0, 352.0), RenderTapRegionSurface#2227a@Offset(400.0, 352.0), RenderSemanticsAnnotations#a351e@Offset(400.0, 352.0), RenderSemanticsAnnotations#db341@Offset(400.0, 352.0), RenderSemanticsAnnotations#f7465@Offset(400.0, 352.0), HitTestEntry<HitTestTarget>#7dfb3(_ReusableRenderView#8ca5e), HitTestEntry<HitTestTarget>#17c44(<AutomatedTestWidgetsFlutterBinding>))
#0      WidgetController._getElementPoint (package:flutter_test/src/controller.dart:2081:25)
#1      WidgetController.getCenter (package:flutter_test/src/controller.dart:1865:12)
#2      WidgetController.fling (package:flutter_test/src/controller.dart:1257:7)
#3      MonkeyTestRunner._safeFling (file:///Users/engammar/Apps/silni_app/test/adversarial/monkey_test.dart:387:22)
#4      MonkeyTestRunner._executeAction (file:///Users/engammar/Apps/silni_app/test/adversarial/monkey_test.dart:332:15)
#5      MonkeyTestRunner.runMonkeyActions (file:///Users/engammar/Apps/silni_app/test/adversarial/monkey_test.dart:303:15)
<asynchronous suspension>
#6      main.<anonymous closure>.<anonymous closure>.<anonymous closure> (file:///Users/engammar/Apps/silni_app/test/adversarial/monkey_test.dart:1221:9)
<asynchronous suspension>
#7      testWidgets.<anonymous closure>.<anonymous closure> (package:flutter_test/src/widget_tester.dart:192:15)
<asynchronous suspension>
#8      TestWidgetsFlutterBinding._runTestBody (package:flutter_test/src/binding.dart:1059:5)
<asynchronous suspension>
#9      StackZoneSpecification._registerCallback.<anonymous closure> (package:stack_trace/src/stack_zone_specification.dart:114:42)
<asynchronous suspension>
To silence this warning, pass "warnIfMissed: false" to "fling()".
To make this warning fatal, set WidgetController.hitTestWarningShouldBeFatal to true.


Warning: A call to fling() with finder "Found 1 widget with type "Scrollable" (ignoring all but first): [
  Scrollable(axisDirection: right, physics: _ForceImplicitScrollPhysics -> PageScrollPhysics -> PageScrollPhysics -> ClampingScrollPhysics, restorationId: null, dependencies: [InheritedCupertinoTheme, MediaQuery, UnmanagedRestorationScope, _InheritedTheme, _LocalizationsScope-[GlobalKey#8524b]], state: ScrollableState#447e0(tickers: tracking 1 ticker, position: _PagePosition#5ab63(offset: 1529.0, range: 0.0..1600.0, viewport: 800.0, ScrollableState, _ForceImplicitScrollPhysics -> PageScrollPhysics -> PageScrollPhysics -> ClampingScrollPhysics -> ClampingScrollPhysics -> RangeMaintainingScrollPhysics, BallisticScrollActivity#21976(AnimationController#46907(▶ 1529.041; for BallisticScrollActivity)), ScrollDirection.idle), effective physics: _ForceImplicitScrollPhysics -> PageScrollPhysics -> PageScrollPhysics -> ClampingScrollPhysics -> ClampingScrollPhysics -> RangeMaintainingScrollPhysics)),
]" derived an Offset (Offset(400.0, 352.0)) that would not hit test on the specified widget.
Maybe the widget is actually off-screen, or another widget is obscuring it, or the widget cannot receive pointer events.
The finder corresponds to this RenderBox: RenderClipRect#758e7 relayoutBoundary=up1
The hit test result at that offset is: HitTestResult(_RenderColoredBox#f688c@Offset(400.0, 352.0), RenderSemanticsAnnotations#637c1@Offset(400.0, 352.0), RenderPointerListener#3d137@Offset(400.0, 352.0), RenderSemanticsGestureHandler#a4497@Offset(400.0, 352.0), RenderExcludeSemantics#9448c@Offset(400.0, 352.0), RenderBlockSemantics#06626@Offset(400.0, 352.0), RenderStack#6545a@Offset(400.0, 352.0), RenderRepaintBoundary#0eafa@Offset(400.0, 352.0), RenderPointerListener#e5077@Offset(400.0, 352.0), RenderCustomMultiChildLayoutBox#18d28@Offset(400.0, 352.0), _RenderInkFeatures#d8a80@Offset(400.0, 352.0), RenderPhysicalModel#5f74c@Offset(400.0, 352.0), RenderSemanticsAnnotations#ef8e8@Offset(400.0, 352.0), RenderRepaintBoundary#fd4c8@Offset(400.0, 352.0), RenderIgnorePointer#8cd4e@Offset(400.0, 352.0), RenderAnimatedOpacity#dee2c@Offset(400.0, 352.0), RenderAnimatedOpacity#13e8a@Offset(400.0, 352.0), _RenderColoredBox#be826@Offset(400.0, 352.0), RenderAnimatedOpacity#cbe2b@Offset(400.0, 352.0), RenderIgnorePointer#5ffa7@Offset(400.0, 352.0), RenderAnimatedOpacity#e8fe2@Offset(400.0, 352.0), RenderRepaintBoundary#edade@Offset(400.0, 352.0), RenderSemanticsAnnotations#9de13@Offset(400.0, 352.0), RenderOffstage#51083@Offset(400.0, 352.0), RenderSemanticsAnnotations#1a018@Offset(400.0, 352.0), _RenderTheater#f0ff5@Offset(400.0, 352.0), RenderAbsorbPointer#83235@Offset(400.0, 352.0), RenderPointerListener#631de@Offset(400.0, 352.0), RenderSemanticsAnnotations#a05a7@Offset(400.0, 352.0), RenderCustomPaint#453c6@Offset(400.0, 352.0), RenderSemanticsAnnotations#b8493@Offset(400.0, 352.0), RenderSemanticsAnnotations#9609a@Offset(400.0, 352.0), RenderTapRegionSurface#2227a@Offset(400.0, 352.0), RenderSemanticsAnnotations#a351e@Offset(400.0, 352.0), RenderSemanticsAnnotations#db341@Offset(400.0, 352.0), RenderSemanticsAnnotations#f7465@Offset(400.0, 352.0), HitTestEntry<HitTestTarget>#e35a6(_ReusableRenderView#8ca5e), HitTestEntry<HitTestTarget>#c847b(<AutomatedTestWidgetsFlutterBinding>))
#0      WidgetController._getElementPoint (package:flutter_test/src/controller.dart:2081:25)
#1      WidgetController.getCenter (package:flutter_test/src/controller.dart:1865:12)
#2      WidgetController.fling (package:flutter_test/src/controller.dart:1257:7)
#3      MonkeyTestRunner._safeFling (file:///Users/engammar/Apps/silni_app/test/adversarial/monkey_test.dart:387:22)
#4      MonkeyTestRunner._executeAction (file:///Users/engammar/Apps/silni_app/test/adversarial/monkey_test.dart:332:15)
#5      MonkeyTestRunner.runMonkeyActions (file:///Users/engammar/Apps/silni_app/test/adversarial/monkey_test.dart:303:15)
<asynchronous suspension>
#6      main.<anonymous closure>.<anonymous closure>.<anonymous closure> (file:///Users/engammar/Apps/silni_app/test/adversarial/monkey_test.dart:1221:9)
<asynchronous suspension>
#7      testWidgets.<anonymous closure>.<anonymous closure> (package:flutter_test/src/widget_tester.dart:192:15)
<asynchronous suspension>
#8      TestWidgetsFlutterBinding._runTestBody (package:flutter_test/src/binding.dart:1059:5)
<asynchronous suspension>
#9      StackZoneSpecification._registerCallback.<anonymous closure> (package:stack_trace/src/stack_zone_specification.dart:114:42)
<asynchronous suspension>
To silence this warning, pass "warnIfMissed: false" to "fling()".
To make this warning fatal, set WidgetController.hitTestWarningShouldBeFatal to true.

Monkey test completed: 1000 actions, 0 errors
00:28 +1603 ~26: /Users/engammar/Apps/silni_app/test/adversarial/memory_leak_test.dart: ... Leak Tests - PROSECUTOR MODE Widget Creation/Destruction Leaks create and destroy 1000 dialogs without leak00:28 +1604 ~26: /Users/engammar/Apps/silni_app/test/adversarial/monkey_test.dart: Monkey Tests - PROSECUTOR MODE Stress Monkey Tests survive extended monkey session with garbage input               00:28 +1605 ~26: /Users/engammar/Apps/silni_app/test/adversarial/memory_leak_test.dart: ... Leak Tests - PROSECUTOR MODE Widget Creation/Destruction Leaks create and destroy 1000 images without leak 00:29 +1605 ~26: /Users/engammar/Apps/silni_app/test/adversarial/memory_leak_test.dart: ... Leak Tests - PROSECUTOR MODE Widget Creation/Destruction Leaks create and destroy 1000 images without leak 00:30 +1605 ~26: /Users/engammar/Apps/silni_app/test/adversarial/memory_leak_test.dart: ... Leak Tests - PROSECUTOR MODE Widget Creation/Destruction Leaks create and destroy 1000 images without leak 00:31 +1605 ~26: /Users/engammar/Apps/silni_app/test/adversarial/memory_leak_test.dart: ... Leak Tests - PROSECUTOR MODE Widget Creation/Destruction Leaks create and destroy 1000 images without leak 00:31 +1606 ~26: /Users/engammar/Apps/silni_app/test/adversarial/memory_leak_test.dart: ... Leak Tests - PROSECUTOR MODE Widget Creation/Destruction Leaks create and destroy 1000 images without leak 00:31 +1606 ~26: /Users/engammar/Apps/silni_app/test/adversarial/memory_leak_test.dart: ... Leak Tests - PROSECUTOR MODE Widget Creation/Destruction Leaks GlassCard rapid create/destroy without leak 00:31 +1607 ~26: /Users/engammar/Apps/silni_app/test/adversarial/memory_leak_test.dart: ... Leak Tests - PROSECUTOR MODE Widget Creation/Destruction Leaks GlassCard rapid create/destroy without leak 00:31 +1607 ~26: /Users/engammar/Apps/silni_app/test/adversarial/memory_leak_test.dart: ... - PROSECUTOR MODE Widget Creation/Destruction Leaks SimpleDialogCard rapid create/destroy without leak     00:32 +1607 ~26: /Users/engammar/Apps/silni_app/test/adversarial/memory_leak_test.dart: ... - PROSECUTOR MODE Widget Creation/Destruction Leaks SimpleDialogCard rapid create/destroy without leak     00:32 +1608 ~26: /Users/engammar/Apps/silni_app/test/adversarial/memory_leak_test.dart: ... - PROSECUTOR MODE Widget Creation/Destruction Leaks SimpleDialogCard rapid create/destroy without leak     00:32 +1608 ~26: /Users/engammar/Apps/silni_app/test/adversarial/memory_leak_test.dart: Memory Leak Tests - PROSECUTOR MODE Stream/Controller Leaks StreamController disposal                          00:32 +1609 ~26: /Users/engammar/Apps/silni_app/test/adversarial/memory_leak_test.dart: Memory Leak Tests - PROSECUTOR MODE Stream/Controller Leaks StreamController disposal                          00:32 +1609 ~26: /Users/engammar/Apps/silni_app/test/adversarial/memory_leak_test.dart: Memory Leak Tests - PROSECUTOR MODE Stream/Controller Leaks rapid StreamController create/destroy              00:32 +1610 ~26: /Users/engammar/Apps/silni_app/test/adversarial/memory_leak_test.dart: Memory Leak Tests - PROSECUTOR MODE Stream/Controller Leaks rapid StreamController create/destroy              00:32 +1610 ~26: /Users/engammar/Apps/silni_app/test/adversarial/memory_leak_test.dart: Memory Leak Tests - PROSECUTOR MODE Stream/Controller Leaks AnimationController disposal                       00:32 +1611 ~26: /Users/engammar/Apps/silni_app/test/adversarial/memory_leak_test.dart: Memory Leak Tests - PROSECUTOR MODE Stream/Controller Leaks AnimationController disposal                       00:32 +1611 ~26: /Users/engammar/Apps/silni_app/test/adversarial/memory_leak_test.dart: ... Tests - PROSECUTOR MODE Stream/Controller Leaks rapid AnimationController create/destroy during animation  00:32 +1612 ~26: /Users/engammar/Apps/silni_app/test/adversarial/memory_leak_test.dart: ... Tests - PROSECUTOR MODE Stream/Controller Leaks rapid AnimationController create/destroy during animation  00:32 +1612 ~26: /Users/engammar/Apps/silni_app/test/adversarial/memory_leak_test.dart: Memory Leak Tests - PROSECUTOR MODE Stream/Controller Leaks Timer cancellation                                 00:32 +1613 ~26: /Users/engammar/Apps/silni_app/test/adversarial/memory_leak_test.dart: Memory Leak Tests - PROSECUTOR MODE Stream/Controller Leaks Timer cancellation                                 00:32 +1613 ~26: /Users/engammar/Apps/silni_app/test/adversarial/memory_leak_test.dart: Memory Leak Tests - PROSECUTOR MODE Stream/Controller Leaks rapid Timer create/destroy                         00:32 +1614 ~26: /Users/engammar/Apps/silni_app/test/adversarial/memory_leak_test.dart: Memory Leak Tests - PROSECUTOR MODE Stream/Controller Leaks rapid Timer create/destroy                         00:32 +1614 ~26: /Users/engammar/Apps/silni_app/test/adversarial/memory_leak_test.dart: Memory Leak Tests - PROSECUTOR MODE Listener Leaks ScrollController listener cleanup                           00:33 +1614 ~26: /Users/engammar/Apps/silni_app/test/adversarial/memory_leak_test.dart: Memory Leak Tests - PROSECUTOR MODE Listener Leaks ScrollController listener cleanup                           00:33 +1615 ~26: /Users/engammar/Apps/silni_app/test/adversarial/memory_leak_test.dart: Memory Leak Tests - PROSECUTOR MODE Listener Leaks ScrollController listener cleanup                           00:33 +1615 ~26: /Users/engammar/Apps/silni_app/test/adversarial/memory_leak_test.dart: Memory Leak Tests - PROSECUTOR MODE Listener Leaks rapid ScrollController create/destroy with scrolling        00:34 +1615 ~26: /Users/engammar/Apps/silni_app/test/adversarial/memory_leak_test.dart: Memory Leak Tests - PROSECUTOR MODE Listener Leaks rapid ScrollController create/destroy with scrolling        00:34 +1616 ~26: /Users/engammar/Apps/silni_app/test/adversarial/memory_leak_test.dart: Memory Leak Tests - PROSECUTOR MODE Listener Leaks rapid ScrollController create/destroy with scrolling        00:34 +1616 ~26: /Users/engammar/Apps/silni_app/test/adversarial/memory_leak_test.dart: Memory Leak Tests - PROSECUTOR MODE Listener Leaks TextEditingController disposal                              00:34 +1617 ~26: /Users/engammar/Apps/silni_app/test/adversarial/memory_leak_test.dart: Memory Leak Tests - PROSECUTOR MODE Listener Leaks TextEditingController disposal                              00:34 +1617 ~26: /Users/engammar/Apps/silni_app/test/adversarial/memory_leak_test.dart: Memory Leak Tests - PROSECUTOR MODE Listener Leaks FocusNode disposal                                          00:34 +1618 ~26: /Users/engammar/Apps/silni_app/test/adversarial/memory_leak_test.dart: Memory Leak Tests - PROSECUTOR MODE Listener Leaks FocusNode disposal                                          00:34 +1618 ~26: /Users/engammar/Apps/silni_app/test/adversarial/memory_leak_test.dart: Memory Leak Tests - PROSECUTOR MODE Listener Leaks rapid FocusNode create/destroy with focus changes           00:35 +1618 ~26: /Users/engammar/Apps/silni_app/test/adversarial/memory_leak_test.dart: Memory Leak Tests - PROSECUTOR MODE Listener Leaks rapid FocusNode create/destroy with focus changes           00:35 +1619 ~26: /Users/engammar/Apps/silni_app/test/adversarial/memory_leak_test.dart: Memory Leak Tests - PROSECUTOR MODE Listener Leaks rapid FocusNode create/destroy with focus changes           00:35 +1619 ~26: /Users/engammar/Apps/silni_app/test/adversarial/memory_leak_test.dart: Memory Leak Tests - PROSECUTOR MODE Provider/State Leaks Provider disposal on widget removal                   00:35 +1620 ~26: /Users/engammar/Apps/silni_app/test/adversarial/memory_leak_test.dart: Memory Leak Tests - PROSECUTOR MODE Provider/State Leaks Provider disposal on widget removal                   00:35 +1620 ~26: /Users/engammar/Apps/silni_app/test/adversarial/memory_leak_test.dart: Memory Leak Tests - PROSECUTOR MODE Provider/State Leaks nested providers disposal                             00:35 +1621 ~26: /Users/engammar/Apps/silni_app/test/adversarial/memory_leak_test.dart: Memory Leak Tests - PROSECUTOR MODE Provider/State Leaks nested providers disposal                             00:35 +1621 ~26: /Users/engammar/Apps/silni_app/test/adversarial/memory_leak_test.dart: Memory Leak Tests - PROSECUTOR MODE Provider/State Leaks cached data clearance simulation                      00:35 +1622 ~26: /Users/engammar/Apps/silni_app/test/adversarial/memory_leak_test.dart: Memory Leak Tests - PROSECUTOR MODE Provider/State Leaks cached data clearance simulation                      00:35 +1622 ~26: /Users/engammar/Apps/silni_app/test/adversarial/memory_leak_test.dart: Memory Leak Tests - PROSECUTOR MODE Provider/State Leaks rapid provider scope create/destroy                   00:35 +1623 ~26: /Users/engammar/Apps/silni_app/test/adversarial/memory_leak_test.dart: Memory Leak Tests - PROSECUTOR MODE Provider/State Leaks rapid provider scope create/destroy                   00:35 +1623 ~26: /Users/engammar/Apps/silni_app/test/adversarial/memory_leak_test.dart: Memory Leak Tests - PROSECUTOR MODE Combined Leak Tests complex widget with multiple resources                 00:35 +1624 ~26: /Users/engammar/Apps/silni_app/test/adversarial/memory_leak_test.dart: Memory Leak Tests - PROSECUTOR MODE Combined Leak Tests complex widget with multiple resources                 00:35 +1624 ~26: /Users/engammar/Apps/silni_app/test/adversarial/memory_leak_test.dart: Memory Leak Tests - PROSECUTOR MODE Combined Leak Tests stress test: 500 widgets with mixed resources          00:35 +1625 ~26: /Users/engammar/Apps/silni_app/test/adversarial/memory_leak_test.dart: Memory Leak Tests - PROSECUTOR MODE Combined Leak Tests stress test: 500 widgets with mixed resources          00:35 +1625 ~26: /Users/engammar/Apps/silni_app/test/adversarial/memory_leak_test.dart: Memory Leak Tests - PROSECUTOR MODE Combined Leak Tests dialog with multiple controllers - leak check          00:36 +1625 ~26: /Users/engammar/Apps/silni_app/test/adversarial/memory_leak_test.dart: Memory Leak Tests - PROSECUTOR MODE Combined Leak Tests dialog with multiple controllers - leak check          00:36 +1626 ~26: /Users/engammar/Apps/silni_app/test/adversarial/memory_leak_test.dart: Memory Leak Tests - PROSECUTOR MODE Combined Leak Tests dialog with multiple controllers - leak check          00:36 +1626 ~26: /Users/engammar/Apps/silni_app/test/adversarial/memory_leak_test.dart: Memory Leak Tests - PROSECUTOR MODE Combined Leak Tests navigation simulation - no leaks between routes        00:36 +1627 ~26: /Users/engammar/Apps/silni_app/test/adversarial/memory_leak_test.dart: Memory Leak Tests - PROSECUTOR MODE Combined Leak Tests navigation simulation - no leaks between routes        00:36 +1627 ~26: /Users/engammar/Apps/silni_app/test/adversarial/memory_leak_test.dart: Memory Leak Tests - PROSECUTOR MODE Edge Case Leak Tests widget disposed during animation callback             00:36 +1628 ~26: /Users/engammar/Apps/silni_app/test/adversarial/memory_leak_test.dart: Memory Leak Tests - PROSECUTOR MODE Edge Case Leak Tests widget disposed during animation callback             00:36 +1628 ~26: /Users/engammar/Apps/silni_app/test/adversarial/memory_leak_test.dart: Memory Leak Tests - PROSECUTOR MODE Edge Case Leak Tests stream controller disposed during emission            00:36 +1629 ~26: /Users/engammar/Apps/silni_app/test/adversarial/memory_leak_test.dart: Memory Leak Tests - PROSECUTOR MODE Edge Case Leak Tests stream controller disposed during emission            00:36 +1629 ~26: /Users/engammar/Apps/silni_app/test/adversarial/memory_leak_test.dart: Memory Leak Tests - PROSECUTOR MODE Edge Case Leak Tests timer disposed during callback                        00:36 +1630 ~26: /Users/engammar/Apps/silni_app/test/adversarial/memory_leak_test.dart: Memory Leak Tests - PROSECUTOR MODE Edge Case Leak Tests timer disposed during callback                        00:36 +1630 ~26: /Users/engammar/Apps/silni_app/test/adversarial/memory_leak_test.dart: Memory Leak Tests - PROSECUTOR MODE Edge Case Leak Tests scroll controller disposed during scroll animation    00:36 +1631 ~26: /Users/engammar/Apps/silni_app/test/adversarial/memory_leak_test.dart: Memory Leak Tests - PROSECUTOR MODE Edge Case Leak Tests scroll controller disposed during scroll animation    00:36 +1631 ~26: /Users/engammar/Apps/silni_app/test/adversarial/memory_leak_test.dart: Memory Leak Tests - PROSECUTOR MODE Edge Case Leak Tests focus node disposed while focused                     00:36 +1632 ~26: /Users/engammar/Apps/silni_app/test/adversarial/memory_leak_test.dart: Memory Leak Tests - PROSECUTOR MODE Edge Case Leak Tests focus node disposed while focused                     00:36 +1632 ~26: /Users/engammar/Apps/silni_app/test/adversarial/memory_leak_test.dart: Memory Leak Tests - PROSECUTOR MODE Edge Case Leak Tests text controller disposed during text composition      00:36 +1633 ~26: /Users/engammar/Apps/silni_app/test/adversarial/memory_leak_test.dart: Memory Leak Tests - PROSECUTOR MODE Edge Case Leak Tests text controller disposed during text composition      00:36 +1633 ~26: All tests passed!                                                                                                                                                                     
